Archive member included to satisfy reference by file (symbol)

c:/nxp/mcuxpressoide_10.2.0_759/ide/tools/bin/../lib/gcc/arm-none-eabi/7.2.1/../../../../arm-none-eabi/lib/thumb/v7e-m/fpv4-sp/hard\libcr_c.a(atan2.o)
                              ./source/accelerometer.o (atan2)
c:/nxp/mcuxpressoide_10.2.0_759/ide/tools/bin/../lib/gcc/arm-none-eabi/7.2.1/../../../../arm-none-eabi/lib/thumb/v7e-m/fpv4-sp/hard\libcr_c.a(errno.o)
                              c:/nxp/mcuxpressoide_10.2.0_759/ide/tools/bin/../lib/gcc/arm-none-eabi/7.2.1/../../../../arm-none-eabi/lib/thumb/v7e-m/fpv4-sp/hard\libcr_c.a(atan2.o) (errno)
c:/nxp/mcuxpressoide_10.2.0_759/ide/tools/bin/../lib/gcc/arm-none-eabi/7.2.1/../../../../arm-none-eabi/lib/thumb/v7e-m/fpv4-sp/hard\libcr_c.a(fabs.o)
                              c:/nxp/mcuxpressoide_10.2.0_759/ide/tools/bin/../lib/gcc/arm-none-eabi/7.2.1/../../../../arm-none-eabi/lib/thumb/v7e-m/fpv4-sp/hard\libcr_c.a(atan2.o) (fabs)
c:/nxp/mcuxpressoide_10.2.0_759/ide/tools/bin/../lib/gcc/arm-none-eabi/7.2.1/../../../../arm-none-eabi/lib/thumb/v7e-m/fpv4-sp/hard\libcr_c.a(sqrt.o)
                              ./source/accelerometer.o (sqrt)
c:/nxp/mcuxpressoide_10.2.0_759/ide/tools/bin/../lib/gcc/arm-none-eabi/7.2.1/../../../../arm-none-eabi/lib/thumb/v7e-m/fpv4-sp/hard\libcr_c.a(_hugeval.o)
                              c:/nxp/mcuxpressoide_10.2.0_759/ide/tools/bin/../lib/gcc/arm-none-eabi/7.2.1/../../../../arm-none-eabi/lib/thumb/v7e-m/fpv4-sp/hard\libcr_c.a(atan2.o) (__huge_val)
c:/nxp/mcuxpressoide_10.2.0_759/ide/tools/bin/../lib/gcc/arm-none-eabi/7.2.1/../../../../arm-none-eabi/lib/thumb/v7e-m/fpv4-sp/hard\libcr_c.a(atan.o)
                              c:/nxp/mcuxpressoide_10.2.0_759/ide/tools/bin/../lib/gcc/arm-none-eabi/7.2.1/../../../../arm-none-eabi/lib/thumb/v7e-m/fpv4-sp/hard\libcr_c.a(atan2.o) (atan)
c:/nxp/mcuxpressoide_10.2.0_759/ide/tools/bin/../lib/gcc/arm-none-eabi/7.2.1/thumb/v7e-m/fpv4-sp/hard\libcr_eabihelpers.a(double.o)
                              ./source/accelerometer.o (__aeabi_dmul)
c:/nxp/mcuxpressoide_10.2.0_759/ide/tools/bin/../lib/gcc/arm-none-eabi/7.2.1/thumb/v7e-m/fpv4-sp/hard\libcr_eabihelpers.a(float.o)
                              ./source/accelerometer.o (__aeabi_f2d)

Discarded input sections

 .group         0x00000000        0xc ./source/App.o
 .group         0x00000000        0xc ./source/App.o
 .group         0x00000000        0xc ./source/App.o
 .group         0x00000000        0xc ./source/App.o
 .group         0x00000000        0xc ./source/App.o
 .group         0x00000000        0xc ./source/App.o
 .text          0x00000000        0x0 ./source/App.o
 .data          0x00000000        0x0 ./source/App.o
 .bss           0x00000000        0x0 ./source/App.o
 .group         0x00000000        0xc ./source/FXOS8700CQ.o
 .group         0x00000000        0xc ./source/FXOS8700CQ.o
 .group         0x00000000        0xc ./source/FXOS8700CQ.o
 .group         0x00000000        0xc ./source/FXOS8700CQ.o
 .group         0x00000000        0xc ./source/FXOS8700CQ.o
 .group         0x00000000        0xc ./source/FXOS8700CQ.o
 .group         0x00000000        0xc ./source/FXOS8700CQ.o
 .group         0x00000000        0xc ./source/FXOS8700CQ.o
 .group         0x00000000        0xc ./source/FXOS8700CQ.o
 .group         0x00000000        0xc ./source/FXOS8700CQ.o
 .group         0x00000000        0xc ./source/FXOS8700CQ.o
 .group         0x00000000        0xc ./source/FXOS8700CQ.o
 .group         0x00000000        0xc ./source/FXOS8700CQ.o
 .group         0x00000000        0xc ./source/FXOS8700CQ.o
 .group         0x00000000        0xc ./source/FXOS8700CQ.o
 .group         0x00000000        0xc ./source/FXOS8700CQ.o
 .group         0x00000000        0xc ./source/FXOS8700CQ.o
 .group         0x00000000        0xc ./source/FXOS8700CQ.o
 .group         0x00000000        0xc ./source/FXOS8700CQ.o
 .group         0x00000000        0xc ./source/FXOS8700CQ.o
 .group         0x00000000        0xc ./source/FXOS8700CQ.o
 .group         0x00000000        0xc ./source/FXOS8700CQ.o
 .group         0x00000000        0xc ./source/FXOS8700CQ.o
 .group         0x00000000        0xc ./source/FXOS8700CQ.o
 .group         0x00000000        0xc ./source/FXOS8700CQ.o
 .group         0x00000000        0xc ./source/FXOS8700CQ.o
 .group         0x00000000        0xc ./source/FXOS8700CQ.o
 .group         0x00000000        0xc ./source/FXOS8700CQ.o
 .group         0x00000000        0xc ./source/FXOS8700CQ.o
 .group         0x00000000        0xc ./source/FXOS8700CQ.o
 .group         0x00000000        0xc ./source/FXOS8700CQ.o
 .group         0x00000000        0xc ./source/FXOS8700CQ.o
 .text          0x00000000        0x0 ./source/FXOS8700CQ.o
 .data          0x00000000        0x0 ./source/FXOS8700CQ.o
 .bss           0x00000000        0x0 ./source/FXOS8700CQ.o
 .bss.FXOS_t    0x00000000        0x8 ./source/FXOS8700CQ.o
 .bss.newDataReady
                0x00000000        0x1 ./source/FXOS8700CQ.o
[...]
Memory Configuration

Name             Origin             Length             Attributes
PROGRAM_FLASH    0x00000000         0x00100000         xr
SRAM_UPPER       0x20000000         0x00030000         xrw
SRAM_LOWER       0x1fff0000         0x00010000         xrw
FLEX_RAM         0x14000000         0x00001000         xrw
*default*        0x00000000         0xffffffff

Linker script and memory map

LOAD ./source/App.o
LOAD ./source/FXOS8700CQ.o
LOAD ./source/SysTick.o
LOAD ./source/accelerometer.o
LOAD ./source/boardsInterface.o
LOAD ./source/can.o
LOAD ./source/comController2pc.o
LOAD ./source/coordHAL.o
LOAD ./source/i2c.o
LOAD ./source/pinsHandler.o
LOAD ./source/sphericalPos.o
LOAD ./source/spi.o
LOAD ./source/timer.o
LOAD ./source/uart.o
LOAD ./SDK/startup/hardware.o
LOAD ./SDK/startup/main.o
LOAD ./SDK/startup/semihost_hardfault.o
LOAD ./SDK/startup/startup_mk64f12.o
LOAD ./SDK/CMSIS/system_MK64F12.o
START GROUP
LOAD c:/nxp/mcuxpressoide_10.2.0_759/ide/tools/bin/../lib/gcc/arm-none-eabi/7.2.1/../../../../arm-none-eabi/lib/thumb/v7e-m/fpv4-sp/hard\libcr_c.a
LOAD c:/nxp/mcuxpressoide_10.2.0_759/ide/tools/bin/../lib/gcc/arm-none-eabi/7.2.1/thumb/v7e-m/fpv4-sp/hard\libcr_eabihelpers.a
END GROUP
                0x00000000                __base_PROGRAM_FLASH = 0x0
                0x00000000                __base_Flash = 0x0
                0x00100000                __top_PROGRAM_FLASH = 0x100000
                0x00100000                __top_Flash = 0x100000
                0x20000000                __base_SRAM_UPPER = 0x20000000
                0x20000000                __base_RAM = 0x20000000
                0x20030000                __top_SRAM_UPPER = 0x20030000
                0x20030000                __top_RAM = 0x20030000
                0x1fff0000                __base_SRAM_LOWER = 0x1fff0000
                0x1fff0000                __base_RAM2 = 0x1fff0000
                0x20000000                __top_SRAM_LOWER = 0x20000000
                0x20000000                __top_RAM2 = 0x20000000
                0x14000000                __base_FLEX_RAM = 0x14000000
                0x14000000                __base_RAM3 = 0x14000000
                0x14001000                __top_FLEX_RAM = 0x14001000
                0x14001000                __top_RAM3 = 0x14001000

.text           0x00000000     0x2cd0
 FILL mask 0xff
                0x00000000                __vectors_start__ = ABSOLUTE (.)
 *(SORT_BY_ALIGNMENT(.isr_vector))
 .isr_vector    0x00000000      0x198 ./SDK/startup/startup_mk64f12.o
                0x00000000                g_pfnVectors
                0x00000000                __Vectors
                0x00000198                . = ALIGN (0x4)
                0x00000198                __section_table_start = .
                0x00000198                __data_section_table = .
                0x00000198        0x4 LONG 0x2cd0 LOADADDR (.data)
                0x0000019c        0x4 LONG 0x20000000 ADDR (.data)
                0x000001a0        0x4 LONG 0x60 SIZEOF (.data)
                0x000001a4        0x4 LONG 0x2cd0 LOADADDR (.data_RAM2)
                0x000001a8        0x4 LONG 0x1fff0000 ADDR (.data_RAM2)
                0x000001ac        0x4 LONG 0x0 SIZEOF (.data_RAM2)
                0x000001b0        0x4 LONG 0x2cd0 LOADADDR (.data_RAM3)
                0x000001b4        0x4 LONG 0x14000000 ADDR (.data_RAM3)
                0x000001b8        0x4 LONG 0x0 SIZEOF (.data_RAM3)
                0x000001bc                __data_section_table_end = .
                0x000001bc                __bss_section_table = .
                0x000001bc        0x4 LONG 0x20000060 ADDR (.bss)
                0x000001c0        0x4 LONG 0x600 SIZEOF (.bss)
                0x000001c4        0x4 LONG 0x1fff0000 ADDR (.bss_RAM2)
                0x000001c8        0x4 LONG 0x0 SIZEOF (.bss_RAM2)
                0x000001cc        0x4 LONG 0x14000000 ADDR (.bss_RAM3)
                0x000001d0        0x4 LONG 0x0 SIZEOF (.bss_RAM3)
                0x000001d4                __bss_section_table_end = .
                0x000001d4                __section_table_end = .
 *(SORT_BY_ALIGNMENT(.after_vectors*))
 .after_vectors.reset
                0x000001d4       0x4c ./SDK/startup/startup_mk64f12.o
                0x000001d4                ResetISR
 .after_vectors
                0x00000220       0x14 ./SDK/startup/startup_mk64f12.o
                0x00000220                NMI_Handler
                0x00000224                MemManage_Handler
                0x00000226                BusFault_Handler
                0x00000228                UsageFault_Handler
                0x0000022a                SVC_Handler
                0x0000022c                DebugMon_Handler
                0x0000022e                PendSV_Handler
                0x00000232                DMA_Error_DriverIRQHandler
                0x00000232                LPTMR0_DriverIRQHandler
                0x00000232                FTM1_DriverIRQHandler
                0x00000232                FTM2_DriverIRQHandler
                0x00000232                PIT2_DriverIRQHandler
                0x00000232                SDHC_DriverIRQHandler
                0x00000232                I2S0_Tx_DriverIRQHandler
                0x00000232                RTC_Seconds_DriverIRQHandler
                0x00000232                DMA6_DriverIRQHandler
                0x00000232                LLWU_DriverIRQHandler
                0x00000232                MCM_DriverIRQHandler
                0x00000232                MCG_DriverIRQHandler
                0x00000232                ENET_1588_Timer_DriverIRQHandler
                0x00000232                I2C2_DriverIRQHandler
                0x00000232                DAC1_DriverIRQHandler
                0x00000232                SPI1_DriverIRQHandler
                0x00000232                CMP1_DriverIRQHandler
                0x00000232                UART5_RX_TX_DriverIRQHandler
                0x00000232                FTM0_DriverIRQHandler
                0x00000232                IntDefaultHandler
                0x00000232                USB0_DriverIRQHandler
                0x00000232                UART5_ERR_DriverIRQHandler
                0x00000232                PORTC_DriverIRQHandler
                0x00000232                DMA11_DriverIRQHandler
                0x00000232                DAC0_DriverIRQHandler
                0x00000232                DMA10_DriverIRQHandler
                0x00000232                CMP2_DriverIRQHandler
                0x00000232                UART2_ERR_DriverIRQHandler
                0x00000232                SPI2_DriverIRQHandler
                0x00000232                LVD_LVW_DriverIRQHandler
                0x00000232                PIT0_DriverIRQHandler
                0x00000232                RNG_DriverIRQHandler
                0x00000232                DMA5_DriverIRQHandler
                0x00000232                DMA12_DriverIRQHandler
                0x00000232                UART2_RX_TX_DriverIRQHandler
                0x00000232                USBDCD_DriverIRQHandler
                0x00000232                UART3_ERR_DriverIRQHandler
                0x00000232                DMA3_DriverIRQHandler
                0x00000232                DMA8_DriverIRQHandler
                0x00000232                DMA9_DriverIRQHandler
                0x00000232                UART0_ERR_DriverIRQHandler
                0x00000232                CMT_DriverIRQHandler
                0x00000232                Reserved71_DriverIRQHandler
                0x00000232                ADC1_DriverIRQHandler
                0x00000232                PORTA_DriverIRQHandler
                0x00000232                DMA14_DriverIRQHandler
                0x00000232                PIT3_DriverIRQHandler
                0x00000232                PIT1_DriverIRQHandler
                0x00000232                WDOG_EWM_DriverIRQHandler
                0x00000232                PDB0_DriverIRQHandler
                0x00000232                RTC_DriverIRQHandler
                0x00000232                I2S0_Rx_DriverIRQHandler
                0x00000232                Read_Collision_DriverIRQHandler
                0x00000232                SWI_DriverIRQHandler
                0x00000232                UART4_RX_TX_DriverIRQHandler
                0x00000232                UART4_ERR_DriverIRQHandler
                0x00000232                PORTB_DriverIRQHandler
                0x00000232                UART0_LON_DriverIRQHandler
                0x00000232                DMA0_DriverIRQHandler
                0x00000232                DMA1_DriverIRQHandler
                0x00000232                I2C1_DriverIRQHandler
                0x00000232                UART3_RX_TX_DriverIRQHandler
                0x00000232                ENET_Receive_DriverIRQHandler
                0x00000232                DMA13_DriverIRQHandler
                0x00000232                ENET_Error_DriverIRQHandler
                0x00000232                DMA15_DriverIRQHandler
                0x00000232                UART0_RX_TX_DriverIRQHandler
                0x00000232                SPI0_DriverIRQHandler
                0x00000232                ADC0_DriverIRQHandler
                0x00000232                CMP0_DriverIRQHandler
                0x00000232                CAN0_DriverIRQHandler
                0x00000232                FTM3_DriverIRQHandler
                0x00000232                DMA4_DriverIRQHandler
                0x00000232                UART1_ERR_DriverIRQHandler
                0x00000232                DMA2_DriverIRQHandler
                0x00000232                ENET_Transmit_DriverIRQHandler
                0x00000232                PORTD_DriverIRQHandler
                0x00000232                PORTE_DriverIRQHandler
                0x00000232                FTFE_DriverIRQHandler
                0x00000232                I2C0_DriverIRQHandler
                0x00000232                DMA7_DriverIRQHandler
                0x00000232                UART1_RX_TX_DriverIRQHandler
 .after_vectors.init_data
                0x00000234       0x1e ./SDK/startup/startup_mk64f12.o
                0x00000234                data_init
 .after_vectors.init_bss
                0x00000252       0x12 ./SDK/startup/startup_mk64f12.o
                0x00000252                bss_init
                0x00000400                . = 0x400
 *fill*         0x00000264      0x19c ff
                0x00000400                PROVIDE (__FLASH_CONFIG_START__, .)
 *(SORT_BY_ALIGNMENT(.FlashConfig))
 .FlashConfig   0x00000400       0x10 ./SDK/startup/startup_mk64f12.o
                0x00000400                Flash_Config
                0x00000410                PROVIDE (__FLASH_CONFIG_END__, .)
                0x00000001                ASSERT (! ((__FLASH_CONFIG_START__ == __FLASH_CONFIG_END__)), Linker Flash Config Support Enabled, but no .FlashConfig section provided within application)
 *(SORT_BY_ALIGNMENT(.text*))
 .text.coordConverter
                0x00000410       0xc4 ./source/accelerometer.o
 *fill*         0x000004d4        0x4 ff
 .text.getAccelAndMagntData
                0x000004d8       0x7c ./source/accelerometer.o
                0x000004d8                getAccelAndMagntData
 *fill*         0x00000554        0x4 ff
 .text.atan2    0x00000558      0x128 c:/nxp/mcuxpressoide_10.2.0_759/ide/tools/bin/../lib/gcc/arm-none-eabi/7.2.1/../../../../arm-none-eabi/lib/thumb/v7e-m/fpv4-sp/hard\libcr_c.a(atan2.o)
                0x00000558                atan2
 .text.sqrt     0x00000680      0x11c c:/nxp/mcuxpressoide_10.2.0_759/ide/tools/bin/../lib/gcc/arm-none-eabi/7.2.1/../../../../arm-none-eabi/lib/thumb/v7e-m/fpv4-sp/hard\libcr_c.a(sqrt.o)
                0x00000680                sqrt
 *fill*         0x0000079c        0x4 ff
 .text.atan     0x000007a0      0x224 c:/nxp/mcuxpressoide_10.2.0_759/ide/tools/bin/../lib/gcc/arm-none-eabi/7.2.1/../../../../arm-none-eabi/lib/thumb/v7e-m/fpv4-sp/hard\libcr_c.a(atan.o)
                0x000007a0                atan
 .text.callbackRefreshPc
                0x000009c4       0x14 ./source/App.o
                0x000009c4                callbackRefreshPc
 .text.callbackRefreshCoord
                0x000009d8       0x84 ./source/App.o
                0x000009d8                callbackRefreshCoord
 .text.App_Init
                0x00000a5c       0x20 ./source/App.o
                0x00000a5c                App_Init
 .text.callback
                0x00000a7c        0xc ./source/FXOS8700CQ.o
                0x00000a7c                callback
 .text.FXOS8700CQConfiguration
                0x00000a88       0xf4 ./source/FXOS8700CQ.o
 .text.ReadAccelMagnData
                0x00000b7c       0xe8 ./source/FXOS8700CQ.o
                0x00000b7c                ReadAccelMagnData
 .text.SysTick_Init
                0x00000c64       0x2c ./source/SysTick.o
                0x00000c64                SysTick_Init
 .text.SysTick_Handler
                0x00000c90       0x10 ./source/SysTick.o
                0x00000c90                SysTick_Handler
 .text.refreshCounterFps
                0x00000ca0        0xc ./source/boardsInterface.o
                0x00000ca0                refreshCounterFps
 .text.getBoardCoordChared
                0x00000cac       0x48 ./source/boardsInterface.o
                0x00000cac                getBoardCoordChared
 .text.timeOutCallback
                0x00000cf4       0x54 ./source/boardsInterface.o
                0x00000cf4                timeOutCallback
 .text.initDataBase
                0x00000d48       0x2c ./source/boardsInterface.o
                0x00000d48                initDataBase
 .text.initBoardsInterface
                0x00000d74       0x40 ./source/boardsInterface.o
                0x00000d74                initBoardsInterface
 .text.updateLecture
                0x00000db4       0xec ./source/boardsInterface.o
                0x00000db4                updateLecture
 .text.FLEXCANenableClock
                0x00000ea0       0x20 ./source/can.o
 .text.FLEXCANsetBaudRate
                0x00000ec0       0x48 ./source/can.o
 .text.FLEXCANinit
                0x00000f08       0x8c ./source/can.o
 .text.FLEXCANsetRxMbConfig
                0x00000f94       0x44 ./source/can.o
 .text.FLEXCANwriteTxMb
                0x00000fd8       0xa8 ./source/can.o
 .text.FLEXCANTxHandler
                0x00001080       0x24 ./source/can.o
 .text.recursiveStore
                0x000010a4       0x44 ./source/can.o
 .text.FLEXCANRxHandler
                0x000010e8       0x44 ./source/can.o
 .text.CAN0_ORed_Message_buffer_IRQHandler
                0x0000112c       0x38 ./source/can.o
                0x0000112c                CAN0_ORed_Message_buffer_IRQHandler
 .text.canInit  0x00001164       0x90 ./source/can.o
                0x00001164                canInit
 .text.canWriteMsg
                0x000011f4       0x60 ./source/can.o
                0x000011f4                canWriteMsg
 .text.canIsTxMsgComplete
                0x00001254       0x10 ./source/can.o
                0x00001254                canIsTxMsgComplete
 .text.canIsRxMsg
                0x00001264       0x18 ./source/can.o
                0x00001264                canIsRxMsg
 .text.canGetRxMsgLength
                0x0000127c       0x1c ./source/can.o
                0x0000127c                canGetRxMsgLength
 .text.canReadMsg
                0x00001298       0x80 ./source/can.o
                0x00001298                canReadMsg
 .text.initResourcesController2pc
                0x00001318       0x48 ./source/comController2pc.o
                0x00001318                initResourcesController2pc
 .text.sendMessage2pc
                0x00001360       0x34 ./source/comController2pc.o
                0x00001360                sendMessage2pc
 .text.encodeMsg
                0x00001394       0x38 ./source/coordHAL.o
 .text.decodeMsg
                0x000013cc       0x38 ./source/coordHAL.o
 .text.coordHALinit
                0x00001404       0x34 ./source/coordHAL.o
                0x00001404                coordHALinit
 .text.sendCoordToAll
                0x00001438       0x38 ./source/coordHAL.o
                0x00001438                sendCoordToAll
 .text.readCoord
                0x00001470       0x40 ./source/coordHAL.o
                0x00001470                readCoord
 .text.sendStart
                0x000014b0       0x14 ./source/i2c.o
 .text.sendStop
                0x000014c4       0x14 ./source/i2c.o
 .text.sendRepeatStart
                0x000014d8       0x1c ./source/i2c.o
 .text.getStopFlag
                0x000014f4       0x10 ./source/i2c.o
 .text.getStartFlag
                0x00001504       0x10 ./source/i2c.o
 .text.clearInterruptFlag
                0x00001514       0x14 ./source/i2c.o
 .text.clearStopFlag
                0x00001528       0x14 ./source/i2c.o
 .text.clearStartFlag
                0x0000153c       0x14 ./source/i2c.o
 .text.getMode  0x00001550       0x10 ./source/i2c.o
 .text.setModeTX
                0x00001560       0x14 ./source/i2c.o
 .text.setModeRX
                0x00001574       0x14 ./source/i2c.o
 .text.setNack  0x00001588       0x14 ./source/i2c.o
 .text.unsetNack
                0x0000159c       0x14 ./source/i2c.o
 .text.receivedAck
                0x000015b0       0x14 ./source/i2c.o
 .text.writeByte
                0x000015c4        0xc ./source/i2c.o
 .text.readByte
                0x000015d0        0xc ./source/i2c.o
 .text.isr_routine
                0x000015dc      0x150 ./source/i2c.o
 .text.setBaudRate
                0x0000172c       0x10 ./source/i2c.o
 .text.clockGating
                0x0000173c       0x64 ./source/i2c.o
 .text.configurePins
                0x000017a0       0xb4 ./source/i2c.o
 .text.i2cInit  0x00001854       0x98 ./source/i2c.o
                0x00001854                i2cInit
 .text.i2cWriteReg
                0x000018ec       0x30 ./source/i2c.o
                0x000018ec                i2cWriteReg
 .text.i2cReadReg
                0x0000191c       0x30 ./source/i2c.o
                0x0000191c                i2cReadReg
 .text.int2charsCoord
                0x0000194c       0x68 ./source/sphericalPos.o
                0x0000194c                int2charsCoord
 .text.sysTickCallback
                0x000019b4       0x34 ./source/timer.o
                0x000019b4                sysTickCallback
 .text.InitializeTimers
                0x000019e8       0x40 ./source/timer.o
                0x000019e8                InitializeTimers
 .text.SetTimer
                0x00001a28       0x54 ./source/timer.o
                0x00001a28                SetTimer
 .text.DisableTimer
                0x00001a7c       0x10 ./source/timer.o
                0x00001a7c                DisableTimer
 .text.copyTXmsg
                0x00001a8c       0x4c ./source/uart.o
                0x00001a8c                copyTXmsg
 .text.uartWriteMsg
                0x00001ad8       0xa8 ./source/uart.o
                0x00001ad8                uartWriteMsg
 .text.UARTX_RX_TX_IRQHandler
                0x00001b80      0x114 ./source/uart.o
                0x00001b80                UARTX_RX_TX_IRQHandler
 .text.UART_setBaudRate
                0x00001c94       0x68 ./source/uart.o
                0x00001c94                UART_setBaudRate
 .text.UART_clockGating
                0x00001cfc       0x64 ./source/uart.o
                0x00001cfc                UART_clockGating
 .text.uartInit
                0x00001d60      0x1a4 ./source/uart.o
                0x00001d60                uartInit
 .text.hw_Init  0x00001f04       0xc0 ./SDK/startup/hardware.o
                0x00001f04                hw_Init
 .text.hw_EnableInterrupts
                0x00001fc4       0x18 ./SDK/startup/hardware.o
                0x00001fc4                hw_EnableInterrupts
 .text.hw_DisableInterrupts
                0x00001fdc       0x10 ./SDK/startup/hardware.o
                0x00001fdc                hw_DisableInterrupts
 .text.SystemInit
                0x00001fec       0x34 ./SDK/CMSIS/system_MK64F12.o
                0x00001fec                SystemInit
 .text.__aeabi_dmul
                0x00002020      0x11c c:/nxp/mcuxpressoide_10.2.0_759/ide/tools/bin/../lib/gcc/arm-none-eabi/7.2.1/thumb/v7e-m/fpv4-sp/hard\libcr_eabihelpers.a(double.o)
                0x00002020                __aeabi_dmul
 .text.__aeabi_ddiv
                0x0000213c      0x138 c:/nxp/mcuxpressoide_10.2.0_759/ide/tools/bin/../lib/gcc/arm-none-eabi/7.2.1/thumb/v7e-m/fpv4-sp/hard\libcr_eabihelpers.a(double.o)
                0x0000213c                __aeabi_ddiv
 .text.__aeabi_dsub
                0x00002274      0x1b4 c:/nxp/mcuxpressoide_10.2.0_759/ide/tools/bin/../lib/gcc/arm-none-eabi/7.2.1/thumb/v7e-m/fpv4-sp/hard\libcr_eabihelpers.a(double.o)
                0x00002274                __aeabi_dsub
 .text.__aeabi_dadd
                0x00002428      0x10c c:/nxp/mcuxpressoide_10.2.0_759/ide/tools/bin/../lib/gcc/arm-none-eabi/7.2.1/thumb/v7e-m/fpv4-sp/hard\libcr_eabihelpers.a(double.o)
                0x00002428                __aeabi_dadd
 .text.__aeabi_f2d
                0x00002534       0x38 c:/nxp/mcuxpressoide_10.2.0_759/ide/tools/bin/../lib/gcc/arm-none-eabi/7.2.1/thumb/v7e-m/fpv4-sp/hard\libcr_eabihelpers.a(float.o)
                0x00002534                __aeabi_f2d
 .text.App_Run  0x0000256c        0x8 ./source/App.o
                0x0000256c                App_Run
 .text.FXOS8700CQInit
                0x00002574        0xe ./source/FXOS8700CQ.o
                0x00002574                FXOS8700CQInit
 .text.accelandMagnetInit
                0x00002582        0x8 ./source/accelerometer.o
                0x00002582                accelandMagnetInit
 .text.name2numCoord
                0x0000258a       0x14 ./source/boardsInterface.o
                0x0000258a                name2numCoord
 .text.FLEXCANenable
                0x0000259e       0x16 ./source/can.o
 .text.FLEXCANresetRxMbConfig
                0x000025b4       0x1e ./source/can.o
 .text.FLEXCANsetTxMbConfig
                0x000025d2       0x38 ./source/can.o
 .text.FLEXCANresetTxMbConfig
                0x0000260a       0x1e ./source/can.o
 .text.FLEXCANreadRxMb
                0x00002628       0x42 ./source/can.o
 .text.I2C0_IRQHandler
                0x0000266a        0x8 ./source/i2c.o
                0x0000266a                I2C0_IRQHandler
 .text.I2C1_IRQHandler
                0x00002672        0x8 ./source/i2c.o
                0x00002672                I2C1_IRQHandler
 .text.I2C2_IRQHandler
                0x0000267a        0x8 ./source/i2c.o
                0x0000267a                I2C2_IRQHandler
 .text.setPCRmux
                0x00002682       0x16 ./source/pinsHandler.o
                0x00002682                setPCRmux
 .text.setPCRpullEnable
                0x00002698        0xe ./source/pinsHandler.o
                0x00002698                setPCRpullEnable
 .text.setPCRpullUp
                0x000026a6        0xe ./source/pinsHandler.o
                0x000026a6                setPCRpullUp
 .text.setPCRopenDrainEnable
                0x000026b4        0xe ./source/pinsHandler.o
                0x000026b4                setPCRopenDrainEnable
 .text.setPCRirqc
                0x000026c2       0x16 ./source/pinsHandler.o
                0x000026c2                setPCRirqc
 .text.isValidCoord
                0x000026d8       0x40 ./source/sphericalPos.o
                0x000026d8                isValidCoord
 .text.isValidPos
                0x00002718        0xc ./source/sphericalPos.o
                0x00002718                isValidPos
 .text.areCoordsEquals
                0x00002724       0x18 ./source/sphericalPos.o
                0x00002724                areCoordsEquals
 .text.anyCoordHasChanged
                0x0000273c       0x4a ./source/sphericalPos.o
                0x0000273c                anyCoordHasChanged
 .text.exp10    0x00002786       0x1c ./source/sphericalPos.o
                0x00002786                exp10
 .text.chars2intCoord
                0x000027a2       0x46 ./source/sphericalPos.o
                0x000027a2                chars2intCoord
 .text.UART0_LON_IRQHandler
                0x000027e8        0x2 ./source/uart.o
                0x000027e8                UART0_LON_IRQHandler
 .text.UART0_RX_TX_IRQHandler
                0x000027ea        0xa ./source/uart.o
                0x000027ea                UART0_RX_TX_IRQHandler
 .text.UART0_ERR_IRQHandler
                0x000027f4        0x2 ./source/uart.o
                0x000027f4                UART0_ERR_IRQHandler
 .text.UART1_RX_TX_IRQHandler
                0x000027f6        0xa ./source/uart.o
                0x000027f6                UART1_RX_TX_IRQHandler
 .text.UART1_ERR_IRQHandler
                0x00002800        0x2 ./source/uart.o
                0x00002800                UART1_ERR_IRQHandler
 .text.UART2_RX_TX_IRQHandler
                0x00002802        0xa ./source/uart.o
                0x00002802                UART2_RX_TX_IRQHandler
 .text.UART2_ERR_IRQHandler
                0x0000280c        0x2 ./source/uart.o
                0x0000280c                UART2_ERR_IRQHandler
 .text.UART3_RX_TX_IRQHandler
                0x0000280e        0xa ./source/uart.o
                0x0000280e                UART3_RX_TX_IRQHandler
 .text.UART3_ERR_IRQHandler
                0x00002818        0x2 ./source/uart.o
                0x00002818                UART3_ERR_IRQHandler
 .text.UART4_RX_TX_IRQHandler
                0x0000281a        0xa ./source/uart.o
                0x0000281a                UART4_RX_TX_IRQHandler
 .text.UART4_ERR_IRQHandler
                0x00002824        0x2 ./source/uart.o
                0x00002824                UART4_ERR_IRQHandler
 .text.main     0x00002826       0x18 ./SDK/startup/main.o
                0x00002826                main
 .text.HardFault_Handler
                0x0000283e       0x2a ./SDK/startup/semihost_hardfault.o
                0x0000283e                HardFault_Handler
 .text.DMA0_IRQHandler
                0x00002868        0x8 ./SDK/startup/startup_mk64f12.o
                0x00002868                DMA0_IRQHandler
 .text.DMA1_IRQHandler
                0x00002870        0x8 ./SDK/startup/startup_mk64f12.o
                0x00002870                DMA1_IRQHandler
 .text.DMA2_IRQHandler
                0x00002878        0x8 ./SDK/startup/startup_mk64f12.o
                0x00002878                DMA2_IRQHandler
 .text.DMA3_IRQHandler
                0x00002880        0x8 ./SDK/startup/startup_mk64f12.o
                0x00002880                DMA3_IRQHandler
 .text.DMA4_IRQHandler
                0x00002888        0x8 ./SDK/startup/startup_mk64f12.o
                0x00002888                DMA4_IRQHandler
 .text.DMA5_IRQHandler
                0x00002890        0x8 ./SDK/startup/startup_mk64f12.o
                0x00002890                DMA5_IRQHandler
 .text.DMA6_IRQHandler
                0x00002898        0x8 ./SDK/startup/startup_mk64f12.o
                0x00002898                DMA6_IRQHandler
 .text.DMA7_IRQHandler
                0x000028a0        0x8 ./SDK/startup/startup_mk64f12.o
                0x000028a0                DMA7_IRQHandler
 .text.DMA8_IRQHandler
                0x000028a8        0x8 ./SDK/startup/startup_mk64f12.o
                0x000028a8                DMA8_IRQHandler
 .text.DMA9_IRQHandler
                0x000028b0        0x8 ./SDK/startup/startup_mk64f12.o
                0x000028b0                DMA9_IRQHandler
 .text.DMA10_IRQHandler
                0x000028b8        0x8 ./SDK/startup/startup_mk64f12.o
                0x000028b8                DMA10_IRQHandler
 .text.DMA11_IRQHandler
                0x000028c0        0x8 ./SDK/startup/startup_mk64f12.o
                0x000028c0                DMA11_IRQHandler
 .text.DMA12_IRQHandler
                0x000028c8        0x8 ./SDK/startup/startup_mk64f12.o
                0x000028c8                DMA12_IRQHandler
 .text.DMA13_IRQHandler
                0x000028d0        0x8 ./SDK/startup/startup_mk64f12.o
                0x000028d0                DMA13_IRQHandler
 .text.DMA14_IRQHandler
                0x000028d8        0x8 ./SDK/startup/startup_mk64f12.o
                0x000028d8                DMA14_IRQHandler
 .text.DMA15_IRQHandler
                0x000028e0        0x8 ./SDK/startup/startup_mk64f12.o
                0x000028e0                DMA15_IRQHandler
 .text.DMA_Error_IRQHandler
                0x000028e8        0x8 ./SDK/startup/startup_mk64f12.o
                0x000028e8                DMA_Error_IRQHandler
 .text.MCM_IRQHandler
                0x000028f0        0x8 ./SDK/startup/startup_mk64f12.o
                0x000028f0                MCM_IRQHandler
 .text.FTFE_IRQHandler
                0x000028f8        0x8 ./SDK/startup/startup_mk64f12.o
                0x000028f8                FTFE_IRQHandler
 .text.Read_Collision_IRQHandler
                0x00002900        0x8 ./SDK/startup/startup_mk64f12.o
                0x00002900                Read_Collision_IRQHandler
 .text.LVD_LVW_IRQHandler
                0x00002908        0x8 ./SDK/startup/startup_mk64f12.o
                0x00002908                LVD_LVW_IRQHandler
 .text.LLWU_IRQHandler
                0x00002910        0x8 ./SDK/startup/startup_mk64f12.o
                0x00002910                LLWU_IRQHandler
 .text.WDOG_EWM_IRQHandler
                0x00002918        0x8 ./SDK/startup/startup_mk64f12.o
                0x00002918                WDOG_EWM_IRQHandler
 .text.RNG_IRQHandler
                0x00002920        0x8 ./SDK/startup/startup_mk64f12.o
                0x00002920                RNG_IRQHandler
 .text.SPI0_IRQHandler
                0x00002928        0x8 ./SDK/startup/startup_mk64f12.o
                0x00002928                SPI0_IRQHandler
 .text.SPI1_IRQHandler
                0x00002930        0x8 ./SDK/startup/startup_mk64f12.o
                0x00002930                SPI1_IRQHandler
 .text.I2S0_Tx_IRQHandler
                0x00002938        0x8 ./SDK/startup/startup_mk64f12.o
                0x00002938                I2S0_Tx_IRQHandler
 .text.I2S0_Rx_IRQHandler
                0x00002940        0x8 ./SDK/startup/startup_mk64f12.o
                0x00002940                I2S0_Rx_IRQHandler
 .text.ADC0_IRQHandler
                0x00002948        0x8 ./SDK/startup/startup_mk64f12.o
                0x00002948                ADC0_IRQHandler
 .text.CMP0_IRQHandler
                0x00002950        0x8 ./SDK/startup/startup_mk64f12.o
                0x00002950                CMP0_IRQHandler
 .text.CMP1_IRQHandler
                0x00002958        0x8 ./SDK/startup/startup_mk64f12.o
                0x00002958                CMP1_IRQHandler
 .text.FTM0_IRQHandler
                0x00002960        0x8 ./SDK/startup/startup_mk64f12.o
                0x00002960                FTM0_IRQHandler
 .text.FTM1_IRQHandler
                0x00002968        0x8 ./SDK/startup/startup_mk64f12.o
                0x00002968                FTM1_IRQHandler
 .text.FTM2_IRQHandler
                0x00002970        0x8 ./SDK/startup/startup_mk64f12.o
                0x00002970                FTM2_IRQHandler
 .text.CMT_IRQHandler
                0x00002978        0x8 ./SDK/startup/startup_mk64f12.o
                0x00002978                CMT_IRQHandler
 .text.RTC_IRQHandler
                0x00002980        0x8 ./SDK/startup/startup_mk64f12.o
                0x00002980                RTC_IRQHandler
 .text.RTC_Seconds_IRQHandler
                0x00002988        0x8 ./SDK/startup/startup_mk64f12.o
                0x00002988                RTC_Seconds_IRQHandler
 .text.PIT0_IRQHandler
                0x00002990        0x8 ./SDK/startup/startup_mk64f12.o
                0x00002990                PIT0_IRQHandler
 .text.PIT1_IRQHandler
                0x00002998        0x8 ./SDK/startup/startup_mk64f12.o
                0x00002998                PIT1_IRQHandler
 .text.PIT2_IRQHandler
                0x000029a0        0x8 ./SDK/startup/startup_mk64f12.o
                0x000029a0                PIT2_IRQHandler
 .text.PIT3_IRQHandler
                0x000029a8        0x8 ./SDK/startup/startup_mk64f12.o
                0x000029a8                PIT3_IRQHandler
 .text.PDB0_IRQHandler
                0x000029b0        0x8 ./SDK/startup/startup_mk64f12.o
                0x000029b0                PDB0_IRQHandler
 .text.USB0_IRQHandler
                0x000029b8        0x8 ./SDK/startup/startup_mk64f12.o
                0x000029b8                USB0_IRQHandler
 .text.USBDCD_IRQHandler
                0x000029c0        0x8 ./SDK/startup/startup_mk64f12.o
                0x000029c0                USBDCD_IRQHandler
 .text.Reserved71_IRQHandler
                0x000029c8        0x8 ./SDK/startup/startup_mk64f12.o
                0x000029c8                Reserved71_IRQHandler
 .text.DAC0_IRQHandler
                0x000029d0        0x8 ./SDK/startup/startup_mk64f12.o
                0x000029d0                DAC0_IRQHandler
 .text.MCG_IRQHandler
                0x000029d8        0x8 ./SDK/startup/startup_mk64f12.o
                0x000029d8                MCG_IRQHandler
 .text.LPTMR0_IRQHandler
                0x000029e0        0x8 ./SDK/startup/startup_mk64f12.o
                0x000029e0                LPTMR0_IRQHandler
 .text.PORTA_IRQHandler
                0x000029e8        0x8 ./SDK/startup/startup_mk64f12.o
                0x000029e8                PORTA_IRQHandler
 .text.PORTB_IRQHandler
                0x000029f0        0x8 ./SDK/startup/startup_mk64f12.o
                0x000029f0                PORTB_IRQHandler
 .text.PORTC_IRQHandler
                0x000029f8        0x8 ./SDK/startup/startup_mk64f12.o
                0x000029f8                PORTC_IRQHandler
 .text.PORTD_IRQHandler
                0x00002a00        0x8 ./SDK/startup/startup_mk64f12.o
                0x00002a00                PORTD_IRQHandler
 .text.PORTE_IRQHandler
                0x00002a08        0x8 ./SDK/startup/startup_mk64f12.o
                0x00002a08                PORTE_IRQHandler
 .text.SWI_IRQHandler
                0x00002a10        0x8 ./SDK/startup/startup_mk64f12.o
                0x00002a10                SWI_IRQHandler
 .text.SPI2_IRQHandler
                0x00002a18        0x8 ./SDK/startup/startup_mk64f12.o
                0x00002a18                SPI2_IRQHandler
 .text.UART5_RX_TX_IRQHandler
                0x00002a20        0x8 ./SDK/startup/startup_mk64f12.o
                0x00002a20                UART5_RX_TX_IRQHandler
 .text.UART5_ERR_IRQHandler
                0x00002a28        0x8 ./SDK/startup/startup_mk64f12.o
                0x00002a28                UART5_ERR_IRQHandler
 .text.CMP2_IRQHandler
                0x00002a30        0x8 ./SDK/startup/startup_mk64f12.o
                0x00002a30                CMP2_IRQHandler
 .text.FTM3_IRQHandler
                0x00002a38        0x8 ./SDK/startup/startup_mk64f12.o
                0x00002a38                FTM3_IRQHandler
 .text.DAC1_IRQHandler
                0x00002a40        0x8 ./SDK/startup/startup_mk64f12.o
                0x00002a40                DAC1_IRQHandler
 .text.ADC1_IRQHandler
                0x00002a48        0x8 ./SDK/startup/startup_mk64f12.o
                0x00002a48                ADC1_IRQHandler
 .text.CAN0_Bus_Off_IRQHandler
                0x00002a50        0x8 ./SDK/startup/startup_mk64f12.o
                0x00002a50                CAN0_Bus_Off_IRQHandler
 .text.CAN0_Error_IRQHandler
                0x00002a58        0x8 ./SDK/startup/startup_mk64f12.o
                0x00002a58                CAN0_Error_IRQHandler
 .text.CAN0_Tx_Warning_IRQHandler
                0x00002a60        0x8 ./SDK/startup/startup_mk64f12.o
                0x00002a60                CAN0_Tx_Warning_IRQHandler
 .text.CAN0_Rx_Warning_IRQHandler
                0x00002a68        0x8 ./SDK/startup/startup_mk64f12.o
                0x00002a68                CAN0_Rx_Warning_IRQHandler
 .text.CAN0_Wake_Up_IRQHandler
                0x00002a70        0x8 ./SDK/startup/startup_mk64f12.o
                0x00002a70                CAN0_Wake_Up_IRQHandler
 .text.SDHC_IRQHandler
                0x00002a78        0x8 ./SDK/startup/startup_mk64f12.o
                0x00002a78                SDHC_IRQHandler
 .text.ENET_1588_Timer_IRQHandler
                0x00002a80        0x8 ./SDK/startup/startup_mk64f12.o
                0x00002a80                ENET_1588_Timer_IRQHandler
 .text.ENET_Transmit_IRQHandler
                0x00002a88        0x8 ./SDK/startup/startup_mk64f12.o
                0x00002a88                ENET_Transmit_IRQHandler
 .text.ENET_Receive_IRQHandler
                0x00002a90        0x8 ./SDK/startup/startup_mk64f12.o
                0x00002a90                ENET_Receive_IRQHandler
 .text.ENET_Error_IRQHandler
                0x00002a98        0x8 ./SDK/startup/startup_mk64f12.o
                0x00002a98                ENET_Error_IRQHandler
 .text.SystemInitHook
                0x00002aa0        0x2 ./SDK/CMSIS/system_MK64F12.o
                0x00002aa0                SystemInitHook
 .text.fabs     0x00002aa2       0x22 c:/nxp/mcuxpressoide_10.2.0_759/ide/tools/bin/../lib/gcc/arm-none-eabi/7.2.1/../../../../arm-none-eabi/lib/thumb/v7e-m/fpv4-sp/hard\libcr_c.a(fabs.o)
                0x00002aa2                fabs
 .text.__aeabi_d2iz
                0x00002ac4       0x40 c:/nxp/mcuxpressoide_10.2.0_759/ide/tools/bin/../lib/gcc/arm-none-eabi/7.2.1/thumb/v7e-m/fpv4-sp/hard\libcr_eabihelpers.a(double.o)
                0x00002ac4                __aeabi_d2iz
 .text.__aeabi_dcmpeq
                0x00002b04       0x30 c:/nxp/mcuxpressoide_10.2.0_759/ide/tools/bin/../lib/gcc/arm-none-eabi/7.2.1/thumb/v7e-m/fpv4-sp/hard\libcr_eabihelpers.a(double.o)
                0x00002b04                __aeabi_dcmpeq
 .text.__aeabi_dcmplt
                0x00002b34       0x58 c:/nxp/mcuxpressoide_10.2.0_759/ide/tools/bin/../lib/gcc/arm-none-eabi/7.2.1/thumb/v7e-m/fpv4-sp/hard\libcr_eabihelpers.a(double.o)
                0x00002b34                __aeabi_dcmplt
 .text.__aeabi_dcmpgt
                0x00002b8c       0x58 c:/nxp/mcuxpressoide_10.2.0_759/ide/tools/bin/../lib/gcc/arm-none-eabi/7.2.1/thumb/v7e-m/fpv4-sp/hard\libcr_eabihelpers.a(double.o)
                0x00002b8c                __aeabi_dcmpgt
 .text.__aeabi_dcmple
                0x00002be4       0x5a c:/nxp/mcuxpressoide_10.2.0_759/ide/tools/bin/../lib/gcc/arm-none-eabi/7.2.1/thumb/v7e-m/fpv4-sp/hard\libcr_eabihelpers.a(double.o)
                0x00002be4                __aeabi_dcmple
 *(SORT_BY_ALIGNMENT(.rodata) SORT_BY_ALIGNMENT(.rodata.*) SORT_BY_ALIGNMENT(.constdata) SORT_BY_ALIGNMENT(.constdata.*))
 *fill*         0x00002c3e        0x2 ff
 .rodata.__huge_val
                0x00002c40        0x8 c:/nxp/mcuxpressoide_10.2.0_759/ide/tools/bin/../lib/gcc/arm-none-eabi/7.2.1/../../../../arm-none-eabi/lib/thumb/v7e-m/fpv4-sp/hard\libcr_c.a(_hugeval.o)
                0x00002c40                __huge_val
 .rodata.a.5195
                0x00002c48       0x20 c:/nxp/mcuxpressoide_10.2.0_759/ide/tools/bin/../lib/gcc/arm-none-eabi/7.2.1/../../../../arm-none-eabi/lib/thumb/v7e-m/fpv4-sp/hard\libcr_c.a(atan.o)
 .rodata        0x00002c68        0x3 ./source/App.o
 *fill*         0x00002c6b        0x1 ff
 .rodata        0x00002c6c        0x3 ./source/boardsInterface.o
 *fill*         0x00002c6f        0x1 ff
 .rodata        0x00002c70       0x20 ./source/i2c.o
 .rodata        0x00002c90       0x2c ./source/uart.o
 .rodata.uartRXpins
                0x00002cbc        0x5 ./source/uart.o
 *fill*         0x00002cc1        0x3 ff
 .rodata.uartTXpins
                0x00002cc4        0x5 ./source/uart.o
                0x00002cd0                . = ALIGN (0x8)
 *fill*         0x00002cc9        0x7 ff

.glue_7         0x00002cd0        0x0
 .glue_7        0x00002cd0        0x0 linker stubs

.glue_7t        0x00002cd0        0x0
 .glue_7t       0x00002cd0        0x0 linker stubs

.vfp11_veneer   0x00002cd0        0x0
 .vfp11_veneer  0x00002cd0        0x0 linker stubs

.v4_bx          0x00002cd0        0x0
 .v4_bx         0x00002cd0        0x0 linker stubs

.iplt           0x00002cd0        0x0
 .iplt          0x00002cd0        0x0 ./source/App.o

.rel.dyn        0x00002cd0        0x0
 .rel.iplt      0x00002cd0        0x0 ./source/App.o

.ARM.extab
 *(SORT_BY_ALIGNMENT(.ARM.extab*) SORT_BY_ALIGNMENT(.gnu.linkonce.armextab.*))
                0x00002cd0                __exidx_start = .

.ARM.exidx
 *(SORT_BY_ALIGNMENT(.ARM.exidx*) SORT_BY_ALIGNMENT(.gnu.linkonce.armexidx.*))
                0x00002cd0                __exidx_end = .
                0x00002cd0                _etext = .

.m_usb_data
 *(SORT_BY_ALIGNMENT(m_usb_bdt))

.data_RAM2      0x1fff0000        0x0 load address 0x00002cd0
 FILL mask 0xff
                [!provide]                PROVIDE (__start_data_RAM2, .)
 *(SORT_BY_ALIGNMENT(.ramfunc.$RAM2))
 *(SORT_BY_ALIGNMENT(.ramfunc.$SRAM_LOWER))
 *(SORT_BY_ALIGNMENT(.data.$RAM2*))
 *(SORT_BY_ALIGNMENT(.data.$SRAM_LOWER*))
                0x1fff0000                . = ALIGN (0x8)
                [!provide]                PROVIDE (__end_data_RAM2, .)

.data_RAM3      0x14000000        0x0 load address 0x00002cd0
 FILL mask 0xff
                [!provide]                PROVIDE (__start_data_RAM3, .)
 *(SORT_BY_ALIGNMENT(.ramfunc.$RAM3))
 *(SORT_BY_ALIGNMENT(.ramfunc.$FLEX_RAM))
 *(SORT_BY_ALIGNMENT(.data.$RAM3*))
 *(SORT_BY_ALIGNMENT(.data.$FLEX_RAM*))
                0x14000000                . = ALIGN (0x8)
                [!provide]                PROVIDE (__end_data_RAM3, .)

.uninit_RESERVED
                0x20000000        0x0
 *(SORT_BY_ALIGNMENT(.bss.$RESERVED*))
                0x20000000                . = ALIGN (0x4)
                0x20000000                _end_uninit_RESERVED = .

.data           0x20000000       0x60 load address 0x00002cd0
 FILL mask 0xff
                0x20000000                _data = .
 *(SORT_BY_ALIGNMENT(vtable))
 *(SORT_BY_ALIGNMENT(.ramfunc*))
 *(SORT_BY_ALIGNMENT(.data*))
 .data.coordNumber2refresh.5006
                0x20000000        0x4 ./source/App.o
 .data.msgAux   0x20000004        0x8 ./source/can.o
 .data.idsArray
                0x2000000c       0x1c ./source/coordHAL.o
 .data.i2cIRQs  0x20000028        0x3 ./source/i2c.o
                0x20000028                i2cIRQs
 *fill*         0x2000002b        0x1 ff
 .data.i2cSCLpins
                0x2000002c        0x3 ./source/i2c.o
                0x2000002c                i2cSCLpins
 *fill*         0x2000002f        0x1 ff
 .data.i2cSDApins
                0x20000030        0x3 ./source/i2c.o
                0x20000030                i2cSDApins
 *fill*         0x20000033        0x1 ff
 .data.markersRXbuffer
                0x20000034       0x14 ./source/uart.o
 .data.uartIRQs_ERR
                0x20000048        0x6 ./source/uart.o
                0x20000048                uartIRQs_ERR
 *fill*         0x2000004e        0x2 ff
 .data.uartIRQs_LON
                0x20000050        0x6 ./source/uart.o
                0x20000050                uartIRQs_LON
 *fill*         0x20000056        0x2 ff
 .data.uartIRQs_TX_RX
                0x20000058        0x6 ./source/uart.o
                0x20000058                uartIRQs_TX_RX
                0x20000060                . = ALIGN (0x8)
 *fill*         0x2000005e        0x2 ff
                0x20000060                _edata = .

.igot.plt       0x20000060        0x0 load address 0x00002d30
 .igot.plt      0x20000060        0x0 ./source/App.o

.bss_RAM2       0x1fff0000        0x0
                [!provide]                PROVIDE (__start_bss_RAM2, .)
 *(SORT_BY_ALIGNMENT(.bss.$RAM2*))
 *(SORT_BY_ALIGNMENT(.bss.$SRAM_LOWER*))
                0x1fff0000                . = ALIGN ((. != 0x0)?0x8:0x1)
                [!provide]                PROVIDE (__end_bss_RAM2, .)

.bss_RAM3       0x14000000        0x0
                [!provide]                PROVIDE (__start_bss_RAM3, .)
 *(SORT_BY_ALIGNMENT(.bss.$RAM3*))
 *(SORT_BY_ALIGNMENT(.bss.$FLEX_RAM*))
                0x14000000                . = ALIGN ((. != 0x0)?0x8:0x1)
                [!provide]                PROVIDE (__end_bss_RAM3, .)

.bss            0x20000060      0x600
                0x20000060                _bss = .
 *(SORT_BY_ALIGNMENT(.bss*))
 .bss.idBoard2refresh.5005
                0x20000060        0x4 ./source/App.o
 .bss.buffer    0x20000064        0xd ./source/FXOS8700CQ.o
                0x20000064                buffer
 *fill*         0x20000071        0x3 
 .bss.sysTickFun
                0x20000074        0x4 ./source/SysTick.o
                0x20000074                sysTickFun
 .bss.pAccelData
                0x20000078        0xc ./source/accelerometer.o
 .bss.pMagnData
                0x20000084        0xc ./source/accelerometer.o
 .bss.changesCounter
                0x20000090        0x4 ./source/boardsInterface.o
                0x20000090                changesCounter
 .bss.flagsOurBoardChanged
                0x20000094        0x3 ./source/boardsInterface.o
                0x20000094                flagsOurBoardChanged
 *fill*         0x20000097        0x1 
 .bss.posDataBase
                0x20000098       0x54 ./source/boardsInterface.o
                0x20000098                posDataBase
 .bss.rxBuffer  0x200000ec      0x1e4 ./source/can.o
 .bss.rxFrame   0x200002d0       0x10 ./source/can.o
 .bss.srcClockHz
                0x200002e0        0x4 ./source/can.o
 .bss.txFrame   0x200002e4       0x10 ./source/can.o
 .bss.cantCharsInPackage
                0x200002f4        0x4 ./source/comController2pc.o
                0x200002f4                cantCharsInPackage
 .bss.errorsCounter
                0x200002f8        0x4 ./source/comController2pc.o
                0x200002f8                errorsCounter
 .bss.package2pc
                0x200002fc        0x6 ./source/comController2pc.o
                0x200002fc                package2pc
 *fill*         0x20000302        0x2 
 .bss.msg       0x20000304        0x8 ./source/coordHAL.o
 .bss.buffer    0x2000030c       0x10 ./source/i2c.o
 .bss.callback2Fun
                0x2000031c        0x4 ./source/i2c.o
                0x2000031c                callback2Fun
 .bss.i2c       0x20000320        0x4 ./source/i2c.o
 .bss.timers    0x20000324       0x50 ./source/timer.o
 .bss.RXbuffers
                0x20000374       0x28 ./source/uart.o
 .bss.TXbuffers
                0x2000039c      0x280 ./source/uart.o
 .bss.countersRXfailed
                0x2000061c        0x5 ./source/uart.o
 *fill*         0x20000621        0x3 
 .bss.flagsReading
                0x20000624        0x5 ./source/uart.o
 *fill*         0x20000629        0x3 
 .bss.inMarkersTXbuffer
                0x2000062c        0x5 ./source/uart.o
 *fill*         0x20000631        0x3 
 .bss.lensTXbuffer
                0x20000634        0x5 ./source/uart.o
 *fill*         0x20000639        0x3 
 .bss.outMarkersTXbuffer
                0x2000063c        0x5 ./source/uart.o
 *fill*         0x20000641        0x3 
 .bss.uartMode  0x20000644        0x5 ./source/uart.o
 *fill*         0x20000649        0x3 
 .bss.__LDM_interruptDisableCount
                0x2000064c        0x4 ./SDK/startup/hardware.o
 .bss.errno     0x20000650        0x4 c:/nxp/mcuxpressoide_10.2.0_759/ide/tools/bin/../lib/gcc/arm-none-eabi/7.2.1/../../../../arm-none-eabi/lib/thumb/v7e-m/fpv4-sp/hard\libcr_c.a(errno.o)
                0x20000650                errno
 .bss.finished  0x20000654        0x1 ./source/FXOS8700CQ.o
                0x20000654                finished
 .bss.MbNum     0x20000655        0x1 ./source/can.o
 .bss.sendingTx
                0x20000656        0x1 ./source/can.o
 .bss.cant      0x20000657        0x1 ./source/coordHAL.o
 .bss.init      0x20000658        0x1 ./source/i2c.o
 .bss.initialized
                0x20000659        0x1 ./source/timer.o
 *(SORT_BY_ALIGNMENT(COMMON))
                0x20000660                . = ALIGN (0x8)
 *fill*         0x2000065a        0x6 
                0x20000660                _ebss = .
                [!provide]                PROVIDE (end, .)

.noinit_RAM2    0x1fff0000        0x0
 *(SORT_BY_ALIGNMENT(.noinit.$RAM2*))
 *(SORT_BY_ALIGNMENT(.noinit.$SRAM_LOWER*))
                0x1fff0000                . = ALIGN (0x8)

.noinit_RAM3    0x14000000        0x0
 *(SORT_BY_ALIGNMENT(.noinit.$RAM3*))
 *(SORT_BY_ALIGNMENT(.noinit.$FLEX_RAM*))
                0x14000000                . = ALIGN (0x8)

.noinit         0x20000660        0x0
                0x20000660                _noinit = .
 *(SORT_BY_ALIGNMENT(.noinit*))
                0x20000660                . = ALIGN (0x8)
                0x20000660                _end_noinit = .
                0x00001000                _HeapSize = 0x1000

.heap           0x20000660     0x1000
                0x20000660                _pvHeapStart = .
                0x20001660                . = (. + _HeapSize)
 *fill*         0x20000660     0x1000 
                0x20001660                . = ALIGN (0x8)
                0x20001660                _pvHeapLimit = .
                0x00001000                _StackSize = 0x1000

.heap2stackfill
                0x20001660     0x1000
                0x20002660                . = (. + _StackSize)
 *fill*         0x20001660     0x1000 

.stack          0x2002f000        0x0
                0x2002f000                _vStackBase = .
                0x2002f000                . = ALIGN (0x8)
                0x20030000                _vStackTop = (. + _StackSize)
                0x00000000                _image_start = LOADADDR (.text)
                0x00002d30                _image_end = (LOADADDR (.data) + SIZEOF (.data))
                0x00002d30                _image_size = (_image_end - _image_start)
OUTPUT(uartSPI.axf elf32-littlearm)

.debug_info     0x00000000     0x89fb
 .debug_info    0x00000000      0x273 ./source/App.o
 .debug_info    0x00000273      0xbb7 ./source/FXOS8700CQ.o
 .debug_info    0x00000e2a      0x518 ./source/SysTick.o
 .debug_info    0x00001342      0xab5 ./source/accelerometer.o
 .debug_info    0x00001df7      0x5af ./source/boardsInterface.o
 .debug_info    0x000023a6     0x1178 ./source/can.o
 .debug_info    0x0000351e      0x3a4 ./source/comController2pc.o
 .debug_info    0x000038c2      0x3ad ./source/coordHAL.o
 .debug_info    0x00003c6f     0x1812 ./source/i2c.o
 .debug_info    0x00005481      0x369 ./source/pinsHandler.o
 .debug_info    0x000057ea      0x2e8 ./source/sphericalPos.o
 .debug_info    0x00005ad2      0x27a ./source/timer.o
 .debug_info    0x00005d4c     0x1266 ./source/uart.o
 .debug_info    0x00006fb2      0x675 ./SDK/startup/hardware.o
 .debug_info    0x00007627      0x120 ./SDK/startup/main.o
 .debug_info    0x00007747       0x3b ./SDK/startup/semihost_hardfault.o
 .debug_info    0x00007782      0xc71 ./SDK/startup/startup_mk64f12.o
 .debug_info    0x000083f3      0x608 ./SDK/CMSIS/system_MK64F12.o

.debug_abbrev   0x00000000     0x1e74
 .debug_abbrev  0x00000000       0xd1 ./source/App.o
 .debug_abbrev  0x000000d1      0x249 ./source/FXOS8700CQ.o
 .debug_abbrev  0x0000031a      0x19c ./source/SysTick.o
 .debug_abbrev  0x000004b6      0x25f ./source/accelerometer.o
 .debug_abbrev  0x00000715      0x18f ./source/boardsInterface.o
 .debug_abbrev  0x000008a4      0x340 ./source/can.o
 .debug_abbrev  0x00000be4      0x166 ./source/comController2pc.o
 .debug_abbrev  0x00000d4a      0x17e ./source/coordHAL.o
 .debug_abbrev  0x00000ec8      0x422 ./source/i2c.o
 .debug_abbrev  0x000012ea      0x160 ./source/pinsHandler.o
 .debug_abbrev  0x0000144a      0x111 ./source/sphericalPos.o
 .debug_abbrev  0x0000155b      0x140 ./source/timer.o
 .debug_abbrev  0x0000169b      0x352 ./source/uart.o
 .debug_abbrev  0x000019ed      0x138 ./SDK/startup/hardware.o
 .debug_abbrev  0x00001b25       0x9b ./SDK/startup/main.o
 .debug_abbrev  0x00001bc0       0x2f ./SDK/startup/semihost_hardfault.o
 .debug_abbrev  0x00001bef      0x13b ./SDK/startup/startup_mk64f12.o
 .debug_abbrev  0x00001d2a      0x14a ./SDK/CMSIS/system_MK64F12.o

.debug_loc      0x00000000     0x217f
 .debug_loc     0x00000000       0x53 ./source/App.o
 .debug_loc     0x00000053      0x103 ./source/FXOS8700CQ.o
 .debug_loc     0x00000156       0x6b ./source/SysTick.o
 .debug_loc     0x000001c1      0x16c ./source/accelerometer.o
 .debug_loc     0x0000032d      0x290 ./source/boardsInterface.o
 .debug_loc     0x000005bd      0x602 ./source/can.o
 .debug_loc     0x00000bbf      0x11c ./source/comController2pc.o
 .debug_loc     0x00000cdb      0x250 ./source/coordHAL.o
 .debug_loc     0x00000f2b      0x29a ./source/i2c.o
 .debug_loc     0x000011c5       0xe3 ./source/pinsHandler.o
 .debug_loc     0x000012a8      0x495 ./source/sphericalPos.o
 .debug_loc     0x0000173d      0x13b ./source/timer.o
 .debug_loc     0x00001878      0x677 ./source/uart.o
 .debug_loc     0x00001eef      0x1e7 ./SDK/startup/startup_mk64f12.o
 .debug_loc     0x000020d6       0xa9 ./SDK/CMSIS/system_MK64F12.o

.debug_aranges  0x00000000      0x8e0
 .debug_aranges
                0x00000000       0x38 ./source/App.o
 .debug_aranges
                0x00000038       0x38 ./source/FXOS8700CQ.o
 .debug_aranges
                0x00000070       0x28 ./source/SysTick.o
 .debug_aranges
                0x00000098       0x30 ./source/accelerometer.o
 .debug_aranges
                0x000000c8       0x50 ./source/boardsInterface.o
 .debug_aranges
                0x00000118       0xb8 ./source/can.o
 .debug_aranges
                0x000001d0       0x38 ./source/comController2pc.o
 .debug_aranges
                0x00000208       0x40 ./source/coordHAL.o
 .debug_aranges
                0x00000248       0xe8 ./source/i2c.o
 .debug_aranges
                0x00000330       0x50 ./source/pinsHandler.o
 .debug_aranges
                0x00000380       0x50 ./source/sphericalPos.o
 .debug_aranges
                0x000003d0       0x50 ./source/timer.o
 .debug_aranges
                0x00000420       0xf0 ./source/uart.o
 .debug_aranges
                0x00000510       0x30 ./SDK/startup/hardware.o
 .debug_aranges
                0x00000540       0x20 ./SDK/startup/main.o
 .debug_aranges
                0x00000560       0x20 ./SDK/startup/semihost_hardfault.o
 .debug_aranges
                0x00000580      0x330 ./SDK/startup/startup_mk64f12.o
 .debug_aranges
                0x000008b0       0x30 ./SDK/CMSIS/system_MK64F12.o

.debug_ranges   0x00000000      0x7f0
 .debug_ranges  0x00000000       0x28 ./source/App.o
 .debug_ranges  0x00000028       0x28 ./source/FXOS8700CQ.o
 .debug_ranges  0x00000050       0x18 ./source/SysTick.o
 .debug_ranges  0x00000068       0x20 ./source/accelerometer.o
 .debug_ranges  0x00000088       0x40 ./source/boardsInterface.o
 .debug_ranges  0x000000c8       0xa8 ./source/can.o
 .debug_ranges  0x00000170       0x28 ./source/comController2pc.o
 .debug_ranges  0x00000198       0x60 ./source/coordHAL.o
 .debug_ranges  0x000001f8       0xd8 ./source/i2c.o
 .debug_ranges  0x000002d0       0x40 ./source/pinsHandler.o
 .debug_ranges  0x00000310       0x40 ./source/sphericalPos.o
 .debug_ranges  0x00000350       0x40 ./source/timer.o
 .debug_ranges  0x00000390       0xe0 ./source/uart.o
 .debug_ranges  0x00000470       0x20 ./SDK/startup/hardware.o
 .debug_ranges  0x00000490       0x10 ./SDK/startup/main.o
 .debug_ranges  0x000004a0       0x10 ./SDK/startup/semihost_hardfault.o
 .debug_ranges  0x000004b0      0x320 ./SDK/startup/startup_mk64f12.o
 .debug_ranges  0x000007d0       0x20 ./SDK/CMSIS/system_MK64F12.o

.debug_macro    0x00000000    0x13584
 .debug_macro   0x00000000       0x86 ./source/App.o
 .debug_macro   0x00000086      0xa5a ./source/App.o
 .debug_macro   0x00000ae0       0x1c ./source/App.o
 .debug_macro   0x00000afc       0x10 ./source/App.o
 .debug_macro   0x00000b0c       0x3a ./source/App.o
 .debug_macro   0x00000b46       0x22 ./source/App.o
 .debug_macro   0x00000b68      0x34e ./source/App.o
 .debug_macro   0x00000eb6      0x20e ./source/FXOS8700CQ.o
 .debug_macro   0x000010c4       0x22 ./source/FXOS8700CQ.o
 .debug_macro   0x000010e6       0x52 ./source/FXOS8700CQ.o
 .debug_macro   0x00001138       0x17 ./source/FXOS8700CQ.o
 .debug_macro   0x0000114f       0x8d ./source/FXOS8700CQ.o
 .debug_macro   0x000011dc       0x35 ./source/FXOS8700CQ.o
 .debug_macro   0x00001211       0x9c ./source/FXOS8700CQ.o
 .debug_macro   0x000012ad       0x16 ./source/FXOS8700CQ.o
 .debug_macro   0x000012c3       0x57 ./source/FXOS8700CQ.o
 .debug_macro   0x0000131a       0x97 ./source/FXOS8700CQ.o
 .debug_macro   0x000013b1      0x330 ./source/FXOS8700CQ.o
 .debug_macro   0x000016e1       0xfd ./source/FXOS8700CQ.o
 .debug_macro   0x000017de       0x10 ./source/FXOS8700CQ.o
 .debug_macro   0x000017ee       0x58 ./source/FXOS8700CQ.o
 .debug_macro   0x00001846       0x1f ./source/FXOS8700CQ.o
 .debug_macro   0x00001865       0x43 ./source/FXOS8700CQ.o
 .debug_macro   0x000018a8       0x20 ./source/FXOS8700CQ.o
 .debug_macro   0x000018c8      0x18e ./source/FXOS8700CQ.o
 .debug_macro   0x00001a56       0x10 ./source/FXOS8700CQ.o
 .debug_macro   0x00001a66       0x6a ./source/FXOS8700CQ.o
 .debug_macro   0x00001ad0       0x1c ./source/FXOS8700CQ.o
 .debug_macro   0x00001aec       0x52 ./source/FXOS8700CQ.o
 .debug_macro   0x00001b3e       0x40 ./source/FXOS8700CQ.o
 .debug_macro   0x00001b7e       0x10 ./source/FXOS8700CQ.o
 .debug_macro   0x00001b8e       0x40 ./source/FXOS8700CQ.o
 .debug_macro   0x00001bce       0xd7 ./source/FXOS8700CQ.o
 .debug_macro   0x00001ca5       0x1c ./source/FXOS8700CQ.o
 .debug_macro   0x00001cc1       0x3d ./source/FXOS8700CQ.o
 .debug_macro   0x00001cfe       0x16 ./source/FXOS8700CQ.o
 .debug_macro   0x00001d14      0x16f ./source/FXOS8700CQ.o
 .debug_macro   0x00001e83       0x96 ./source/SysTick.o
 .debug_macro   0x00001f19       0x5c ./source/SysTick.o
 .debug_macro   0x00001f75       0x1c ./source/SysTick.o
 .debug_macro   0x00001f91       0x22 ./source/SysTick.o
 .debug_macro   0x00001fb3       0xdf ./source/SysTick.o
 .debug_macro   0x00002092      0xecf ./source/SysTick.o
 .debug_macro   0x00002f61       0x48 ./source/SysTick.o
 .debug_macro   0x00002fa9     0xe07b ./source/SysTick.o
 .debug_macro   0x00011024      0x174 ./source/SysTick.o
 .debug_macro   0x00011198       0xfb ./source/accelerometer.o
 .debug_macro   0x00011293      0x1e1 ./source/accelerometer.o
 .debug_macro   0x00011474      0x118 ./source/boardsInterface.o
 .debug_macro   0x0001158c       0x10 ./source/boardsInterface.o
 .debug_macro   0x0001159c     0x122b ./source/boardsInterface.o
 .debug_macro   0x000127c7       0x16 ./source/boardsInterface.o
 .debug_macro   0x000127dd      0x119 ./source/can.o
 .debug_macro   0x000128f6       0x28 ./source/can.o
 .debug_macro   0x0001291e       0x61 ./source/comController2pc.o
 .debug_macro   0x0001297f       0x46 ./source/comController2pc.o
 .debug_macro   0x000129c5       0x77 ./source/coordHAL.o
 .debug_macro   0x00012a3c      0x175 ./source/i2c.o
 .debug_macro   0x00012bb1       0x22 ./source/i2c.o
 .debug_macro   0x00012bd3       0x16 ./source/i2c.o
 .debug_macro   0x00012be9      0x10e ./source/i2c.o
 .debug_macro   0x00012cf7       0x8d ./source/i2c.o
 .debug_macro   0x00012d84      0x32a ./source/i2c.o
 .debug_macro   0x000130ae       0x16 ./source/i2c.o
 .debug_macro   0x000130c4       0x29 ./source/i2c.o
 .debug_macro   0x000130ed       0x92 ./source/pinsHandler.o
 .debug_macro   0x0001317f       0x59 ./source/sphericalPos.o
 .debug_macro   0x000131d8       0x58 ./source/timer.o
 .debug_macro   0x00013230       0x10 ./source/timer.o
 .debug_macro   0x00013240      0x118 ./source/uart.o
 .debug_macro   0x00013358       0x40 ./source/uart.o
 .debug_macro   0x00013398       0x9c ./SDK/startup/hardware.o
 .debug_macro   0x00013434       0x9c ./SDK/startup/main.o
 .debug_macro   0x000134d0       0x11 ./SDK/startup/semihost_hardfault.o
 .debug_macro   0x000134e1       0x23 ./SDK/startup/startup_mk64f12.o
 .debug_macro   0x00013504       0x80 ./SDK/CMSIS/system_MK64F12.o

.debug_line     0x00000000     0x2d7a
 .debug_line    0x00000000      0x151 ./source/App.o
 .debug_line    0x00000151      0x387 ./source/FXOS8700CQ.o
 .debug_line    0x000004d8      0x163 ./source/SysTick.o
 .debug_line    0x0000063b      0x27b ./source/accelerometer.o
 .debug_line    0x000008b6      0x2b2 ./source/boardsInterface.o
 .debug_line    0x00000b68      0x3e0 ./source/can.o
 .debug_line    0x00000f48      0x16f ./source/comController2pc.o
 .debug_line    0x000010b7      0x148 ./source/coordHAL.o
 .debug_line    0x000011ff      0x545 ./source/i2c.o
 .debug_line    0x00001744      0x1b3 ./source/pinsHandler.o
 .debug_line    0x000018f7      0x1ba ./source/sphericalPos.o
 .debug_line    0x00001ab1      0x178 ./source/timer.o
 .debug_line    0x00001c29      0x512 ./source/uart.o
 .debug_line    0x0000213b      0x1cb ./SDK/startup/hardware.o
 .debug_line    0x00002306      0x175 ./SDK/startup/main.o
 .debug_line    0x0000247b       0x55 ./SDK/startup/semihost_hardfault.o
 .debug_line    0x000024d0      0x6d8 ./SDK/startup/startup_mk64f12.o
 .debug_line    0x00002ba8      0x1d2 ./SDK/CMSIS/system_MK64F12.o

.debug_str      0x00000000    0x7ea01
 .debug_str     0x00000000     0x39ec ./source/App.o
                               0x3b60 (size before relaxing)
 .debug_str     0x000039ec     0x47ea ./source/FXOS8700CQ.o
                               0x8141 (size before relaxing)
 .debug_str     0x000081d6    0x6d238 ./source/SysTick.o
                              0x70dc2 (size before relaxing)
 .debug_str     0x0007540e      0x8df ./source/accelerometer.o
                               0x74be (size before relaxing)
 .debug_str     0x00075ced     0x6e18 ./source/boardsInterface.o
                              0x774b3 (size before relaxing)
 .debug_str     0x0007cb05      0x671 ./source/can.o
                              0x77bbb (size before relaxing)
 .debug_str     0x0007d176      0x279 ./source/comController2pc.o
                               0x3b5d (size before relaxing)
 .debug_str     0x0007d3ef       0xe6 ./source/coordHAL.o
                               0x39e2 (size before relaxing)
 .debug_str     0x0007d4d5      0x3d2 ./source/i2c.o
                              0x742f0 (size before relaxing)
 .debug_str     0x0007d8a7       0x78 ./source/pinsHandler.o
                              0x7062b (size before relaxing)
 .debug_str     0x0007d91f      0x27d ./source/sphericalPos.o
                               0x312f (size before relaxing)
 .debug_str     0x0007db9c      0x116 ./source/timer.o
                               0x39f2 (size before relaxing)
 .debug_str     0x0007dcb2      0x480 ./source/uart.o
                              0x77d10 (size before relaxing)
 .debug_str     0x0007e132      0x146 ./SDK/startup/hardware.o
                              0x7720b (size before relaxing)
 .debug_str     0x0007e278       0x1b ./SDK/startup/main.o
                              0x77021 (size before relaxing)
 .debug_str     0x0007e293       0x36 ./SDK/startup/semihost_hardfault.o
                               0x2d45 (size before relaxing)
 .debug_str     0x0007e2c9      0x6e1 ./SDK/startup/startup_mk64f12.o
                               0x35b4 (size before relaxing)
 .debug_str     0x0007e9aa       0x57 ./SDK/CMSIS/system_MK64F12.o
                              0x7711a (size before relaxing)

.comment        0x00000000       0x7e
 .comment       0x00000000       0x7e ./source/App.o
                                 0x7f (size before relaxing)
 .comment       0x0000007e       0x7f ./source/FXOS8700CQ.o
 .comment       0x0000007e       0x7f ./source/SysTick.o
 .comment       0x0000007e       0x7f ./source/accelerometer.o
 .comment       0x0000007e       0x7f ./source/boardsInterface.o
 .comment       0x0000007e       0x7f ./source/can.o
 .comment       0x0000007e       0x7f ./source/comController2pc.o
 .comment       0x0000007e       0x7f ./source/coordHAL.o
 .comment       0x0000007e       0x7f ./source/i2c.o
 .comment       0x0000007e       0x7f ./source/pinsHandler.o
 .comment       0x0000007e       0x7f ./source/sphericalPos.o
 .comment       0x0000007e       0x7f ./source/timer.o
 .comment       0x0000007e       0x7f ./source/uart.o
 .comment       0x0000007e       0x7f ./SDK/startup/hardware.o
 .comment       0x0000007e       0x7f ./SDK/startup/main.o
 .comment       0x0000007e       0x7f ./SDK/startup/semihost_hardfault.o
 .comment       0x0000007e       0x7f ./SDK/startup/startup_mk64f12.o
 .comment       0x0000007e       0x7f ./SDK/CMSIS/system_MK64F12.o
 .comment       0x0000007e       0x7f c:/nxp/mcuxpressoide_10.2.0_759/ide/tools/bin/../lib/gcc/arm-none-eabi/7.2.1/../../../../arm-none-eabi/lib/thumb/v7e-m/fpv4-sp/hard\libcr_c.a(atan2.o)
 .comment       0x0000007e       0x7f c:/nxp/mcuxpressoide_10.2.0_759/ide/tools/bin/../lib/gcc/arm-none-eabi/7.2.1/../../../../arm-none-eabi/lib/thumb/v7e-m/fpv4-sp/hard\libcr_c.a(errno.o)
 .comment       0x0000007e       0x7f c:/nxp/mcuxpressoide_10.2.0_759/ide/tools/bin/../lib/gcc/arm-none-eabi/7.2.1/../../../../arm-none-eabi/lib/thumb/v7e-m/fpv4-sp/hard\libcr_c.a(fabs.o)
 .comment       0x0000007e       0x7f c:/nxp/mcuxpressoide_10.2.0_759/ide/tools/bin/../lib/gcc/arm-none-eabi/7.2.1/../../../../arm-none-eabi/lib/thumb/v7e-m/fpv4-sp/hard\libcr_c.a(sqrt.o)
 .comment       0x0000007e       0x7f c:/nxp/mcuxpressoide_10.2.0_759/ide/tools/bin/../lib/gcc/arm-none-eabi/7.2.1/../../../../arm-none-eabi/lib/thumb/v7e-m/fpv4-sp/hard\libcr_c.a(_hugeval.o)
 .comment       0x0000007e       0x7f c:/nxp/mcuxpressoide_10.2.0_759/ide/tools/bin/../lib/gcc/arm-none-eabi/7.2.1/../../../../arm-none-eabi/lib/thumb/v7e-m/fpv4-sp/hard\libcr_c.a(atan.o)
 .comment       0x0000007e       0x7f c:/nxp/mcuxpressoide_10.2.0_759/ide/tools/bin/../lib/gcc/arm-none-eabi/7.2.1/thumb/v7e-m/fpv4-sp/hard\libcr_eabihelpers.a(double.o)
 .comment       0x0000007e       0x7f c:/nxp/mcuxpressoide_10.2.0_759/ide/tools/bin/../lib/gcc/arm-none-eabi/7.2.1/thumb/v7e-m/fpv4-sp/hard\libcr_eabihelpers.a(float.o)

.ARM.attributes
                0x00000000       0x39
 .ARM.attributes
                0x00000000       0x39 ./source/App.o
 .ARM.attributes
                0x00000039       0x39 ./source/FXOS8700CQ.o
 .ARM.attributes
                0x00000072       0x39 ./source/SysTick.o
 .ARM.attributes
                0x000000ab       0x39 ./source/accelerometer.o
 .ARM.attributes
                0x000000e4       0x39 ./source/boardsInterface.o
 .ARM.attributes
                0x0000011d       0x39 ./source/can.o
 .ARM.attributes
                0x00000156       0x39 ./source/comController2pc.o
 .ARM.attributes
                0x0000018f       0x39 ./source/coordHAL.o
 .ARM.attributes
                0x000001c8       0x39 ./source/i2c.o
 .ARM.attributes
                0x00000201       0x39 ./source/pinsHandler.o
 .ARM.attributes
                0x0000023a       0x39 ./source/sphericalPos.o
 .ARM.attributes
                0x00000273       0x39 ./source/timer.o
 .ARM.attributes
                0x000002ac       0x39 ./source/uart.o
 .ARM.attributes
                0x000002e5       0x39 ./SDK/startup/hardware.o
 .ARM.attributes
                0x0000031e       0x39 ./SDK/startup/main.o
 .ARM.attributes
                0x00000357       0x39 ./SDK/startup/semihost_hardfault.o
 .ARM.attributes
                0x00000390       0x39 ./SDK/startup/startup_mk64f12.o
 .ARM.attributes
                0x000003c9       0x39 ./SDK/CMSIS/system_MK64F12.o
 .ARM.attributes
                0x00000402       0x39 c:/nxp/mcuxpressoide_10.2.0_759/ide/tools/bin/../lib/gcc/arm-none-eabi/7.2.1/../../../../arm-none-eabi/lib/thumb/v7e-m/fpv4-sp/hard\libcr_c.a(atan2.o)
 .ARM.attributes
                0x0000043b       0x39 c:/nxp/mcuxpressoide_10.2.0_759/ide/tools/bin/../lib/gcc/arm-none-eabi/7.2.1/../../../../arm-none-eabi/lib/thumb/v7e-m/fpv4-sp/hard\libcr_c.a(errno.o)
 .ARM.attributes
                0x00000474       0x39 c:/nxp/mcuxpressoide_10.2.0_759/ide/tools/bin/../lib/gcc/arm-none-eabi/7.2.1/../../../../arm-none-eabi/lib/thumb/v7e-m/fpv4-sp/hard\libcr_c.a(fabs.o)
 .ARM.attributes
                0x000004ad       0x39 c:/nxp/mcuxpressoide_10.2.0_759/ide/tools/bin/../lib/gcc/arm-none-eabi/7.2.1/../../../../arm-none-eabi/lib/thumb/v7e-m/fpv4-sp/hard\libcr_c.a(sqrt.o)
 .ARM.attributes
                0x000004e6       0x39 c:/nxp/mcuxpressoide_10.2.0_759/ide/tools/bin/../lib/gcc/arm-none-eabi/7.2.1/../../../../arm-none-eabi/lib/thumb/v7e-m/fpv4-sp/hard\libcr_c.a(_hugeval.o)
 .ARM.attributes
                0x0000051f       0x39 c:/nxp/mcuxpressoide_10.2.0_759/ide/tools/bin/../lib/gcc/arm-none-eabi/7.2.1/../../../../arm-none-eabi/lib/thumb/v7e-m/fpv4-sp/hard\libcr_c.a(atan.o)
 .ARM.attributes
                0x00000558       0x39 c:/nxp/mcuxpressoide_10.2.0_759/ide/tools/bin/../lib/gcc/arm-none-eabi/7.2.1/thumb/v7e-m/fpv4-sp/hard\libcr_eabihelpers.a(double.o)
 .ARM.attributes
                0x00000591       0x39 c:/nxp/mcuxpressoide_10.2.0_759/ide/tools/bin/../lib/gcc/arm-none-eabi/7.2.1/thumb/v7e-m/fpv4-sp/hard\libcr_eabihelpers.a(float.o)

.debug_frame    0x00000000     0x161c
 .debug_frame   0x00000000       0x7c ./source/App.o
 .debug_frame   0x0000007c       0x7c ./source/FXOS8700CQ.o
 .debug_frame   0x000000f8       0x38 ./source/SysTick.o
 .debug_frame   0x00000130       0x84 ./source/accelerometer.o
 .debug_frame   0x000001b4       0xbc ./source/boardsInterface.o
 .debug_frame   0x00000270      0x204 ./source/can.o
 .debug_frame   0x00000474       0x88 ./source/comController2pc.o
 .debug_frame   0x000004fc       0xa4 ./source/coordHAL.o
 .debug_frame   0x000005a0      0x218 ./source/i2c.o
 .debug_frame   0x000007b8       0x80 ./source/pinsHandler.o
 .debug_frame   0x00000838       0xbc ./source/sphericalPos.o
 .debug_frame   0x000008f4       0xa4 ./source/timer.o
 .debug_frame   0x00000998      0x2b0 ./source/uart.o
 .debug_frame   0x00000c48       0x40 ./SDK/startup/hardware.o
 .debug_frame   0x00000c88       0x28 ./SDK/startup/main.o
 .debug_frame   0x00000cb0       0x20 ./SDK/startup/semihost_hardfault.o
 .debug_frame   0x00000cd0      0x904 ./SDK/startup/startup_mk64f12.o
 .debug_frame   0x000015d4       0x48 ./SDK/CMSIS/system_MK64F12.o
