Archive member included to satisfy reference by file (symbol)

c:/nxp/mcuxpressoide_10.2.0_759/ide/tools/bin/../lib/gcc/arm-none-eabi/7.2.1/../../../../arm-none-eabi/lib/thumb/v7e-m/fpv4-sp/hard\libcr_c.a(atan2.o)
                              ./source/accelerometer.o (atan2)
c:/nxp/mcuxpressoide_10.2.0_759/ide/tools/bin/../lib/gcc/arm-none-eabi/7.2.1/../../../../arm-none-eabi/lib/thumb/v7e-m/fpv4-sp/hard\libcr_c.a(errno.o)
                              c:/nxp/mcuxpressoide_10.2.0_759/ide/tools/bin/../lib/gcc/arm-none-eabi/7.2.1/../../../../arm-none-eabi/lib/thumb/v7e-m/fpv4-sp/hard\libcr_c.a(atan2.o) (errno)
c:/nxp/mcuxpressoide_10.2.0_759/ide/tools/bin/../lib/gcc/arm-none-eabi/7.2.1/../../../../arm-none-eabi/lib/thumb/v7e-m/fpv4-sp/hard\libcr_c.a(fabs.o)
                              c:/nxp/mcuxpressoide_10.2.0_759/ide/tools/bin/../lib/gcc/arm-none-eabi/7.2.1/../../../../arm-none-eabi/lib/thumb/v7e-m/fpv4-sp/hard\libcr_c.a(atan2.o) (fabs)
c:/nxp/mcuxpressoide_10.2.0_759/ide/tools/bin/../lib/gcc/arm-none-eabi/7.2.1/../../../../arm-none-eabi/lib/thumb/v7e-m/fpv4-sp/hard\libcr_c.a(sqrt.o)
                              ./source/accelerometer.o (sqrt)
c:/nxp/mcuxpressoide_10.2.0_759/ide/tools/bin/../lib/gcc/arm-none-eabi/7.2.1/../../../../arm-none-eabi/lib/thumb/v7e-m/fpv4-sp/hard\libcr_c.a(_hugeval.o)
                              c:/nxp/mcuxpressoide_10.2.0_759/ide/tools/bin/../lib/gcc/arm-none-eabi/7.2.1/../../../../arm-none-eabi/lib/thumb/v7e-m/fpv4-sp/hard\libcr_c.a(atan2.o) (__huge_val)
c:/nxp/mcuxpressoide_10.2.0_759/ide/tools/bin/../lib/gcc/arm-none-eabi/7.2.1/../../../../arm-none-eabi/lib/thumb/v7e-m/fpv4-sp/hard\libcr_c.a(atan.o)
                              c:/nxp/mcuxpressoide_10.2.0_759/ide/tools/bin/../lib/gcc/arm-none-eabi/7.2.1/../../../../arm-none-eabi/lib/thumb/v7e-m/fpv4-sp/hard\libcr_c.a(atan2.o) (atan)
c:/nxp/mcuxpressoide_10.2.0_759/ide/tools/bin/../lib/gcc/arm-none-eabi/7.2.1/thumb/v7e-m/fpv4-sp/hard\libcr_eabihelpers.a(double.o)
                              ./source/accelerometer.o (__aeabi_dmul)
c:/nxp/mcuxpressoide_10.2.0_759/ide/tools/bin/../lib/gcc/arm-none-eabi/7.2.1/thumb/v7e-m/fpv4-sp/hard\libcr_eabihelpers.a(float.o)
                              ./source/accelerometer.o (__aeabi_f2d)

Discarded input sections

 .group         0x00000000        0xc ./source/App.o
 .group         0x00000000        0xc ./source/App.o
 .group         0x00000000        0xc ./source/App.o
 .group         0x00000000        0xc ./source/App.o
 .group         0x00000000        0xc ./source/App.o
 .group         0x00000000        0xc ./source/App.o
 .text          0x00000000        0x0 ./source/App.o
 .data          0x00000000        0x0 ./source/App.o
 .bss           0x00000000        0x0 ./source/App.o
 .group         0x00000000        0xc ./source/FXOS8700CQ.o
 .group         0x00000000        0xc ./source/FXOS8700CQ.o
 .group         0x00000000        0xc ./source/FXOS8700CQ.o
 .group         0x00000000        0xc ./source/FXOS8700CQ.o
 .group         0x00000000        0xc ./source/FXOS8700CQ.o
 .group         0x00000000        0xc ./source/FXOS8700CQ.o
 .group         0x00000000        0xc ./source/FXOS8700CQ.o
 .group         0x00000000        0xc ./source/FXOS8700CQ.o
 .group         0x00000000        0xc ./source/FXOS8700CQ.o
 .group         0x00000000        0xc ./source/FXOS8700CQ.o
 .group         0x00000000        0xc ./source/FXOS8700CQ.o
 .group         0x00000000        0xc ./source/FXOS8700CQ.o
 .group         0x00000000        0xc ./source/FXOS8700CQ.o
 .group         0x00000000        0xc ./source/FXOS8700CQ.o
 .group         0x00000000        0xc ./source/FXOS8700CQ.o
 .group         0x00000000        0xc ./source/FXOS8700CQ.o
 .group         0x00000000        0xc ./source/FXOS8700CQ.o
 .group         0x00000000        0xc ./source/FXOS8700CQ.o
 .group         0x00000000        0xc ./source/FXOS8700CQ.o
 .group         0x00000000        0xc ./source/FXOS8700CQ.o
 .group         0x00000000        0xc ./source/FXOS8700CQ.o
 .group         0x00000000        0xc ./source/FXOS8700CQ.o
 .group         0x00000000        0xc ./source/FXOS8700CQ.o
 .group         0x00000000        0xc ./source/FXOS8700CQ.o
 .group         0x00000000        0xc ./source/FXOS8700CQ.o
 .group         0x00000000        0xc ./source/FXOS8700CQ.o
 .group         0x00000000        0xc ./source/FXOS8700CQ.o
 .group         0x00000000        0xc ./source/FXOS8700CQ.o
 .group         0x00000000        0xc ./source/FXOS8700CQ.o
 .group         0x00000000        0xc ./source/FXOS8700CQ.o
 .group         0x00000000        0xc ./source/FXOS8700CQ.o
 .group         0x00000000        0xc ./source/FXOS8700CQ.o
 .text          0x00000000        0x0 ./source/FXOS8700CQ.o
 .data          0x00000000        0x0 ./source/FXOS8700CQ.o
 .bss           0x00000000        0x0 ./source/FXOS8700CQ.o
 .text.ReadAccelMagnData
                0x00000000       0xf0 ./source/FXOS8700CQ.o
[...]
Memory Configuration

Name             Origin             Length             Attributes
PROGRAM_FLASH    0x00000000         0x00100000         xr
SRAM_UPPER       0x20000000         0x00030000         xrw
SRAM_LOWER       0x1fff0000         0x00010000         xrw
FLEX_RAM         0x14000000         0x00001000         xrw
*default*        0x00000000         0xffffffff

Linker script and memory map

LOAD ./source/App.o
LOAD ./source/FXOS8700CQ.o
LOAD ./source/SysTick.o
LOAD ./source/accelerometer.o
LOAD ./source/boardsInterface.o
LOAD ./source/can.o
LOAD ./source/comController2pc.o
LOAD ./source/coordHAL.o
LOAD ./source/i2c.o
LOAD ./source/pinsHandler.o
LOAD ./source/sphericalPos.o
LOAD ./source/spi.o
LOAD ./source/timer.o
LOAD ./source/uart.o
LOAD ./SDK/startup/hardware.o
LOAD ./SDK/startup/main.o
LOAD ./SDK/startup/semihost_hardfault.o
LOAD ./SDK/startup/startup_mk64f12.o
LOAD ./SDK/CMSIS/system_MK64F12.o
START GROUP
LOAD c:/nxp/mcuxpressoide_10.2.0_759/ide/tools/bin/../lib/gcc/arm-none-eabi/7.2.1/../../../../arm-none-eabi/lib/thumb/v7e-m/fpv4-sp/hard\libcr_c.a
LOAD c:/nxp/mcuxpressoide_10.2.0_759/ide/tools/bin/../lib/gcc/arm-none-eabi/7.2.1/thumb/v7e-m/fpv4-sp/hard\libcr_eabihelpers.a
END GROUP
                0x00000000                __base_PROGRAM_FLASH = 0x0
                0x00000000                __base_Flash = 0x0
                0x00100000                __top_PROGRAM_FLASH = 0x100000
                0x00100000                __top_Flash = 0x100000
                0x20000000                __base_SRAM_UPPER = 0x20000000
                0x20000000                __base_RAM = 0x20000000
                0x20030000                __top_SRAM_UPPER = 0x20030000
                0x20030000                __top_RAM = 0x20030000
                0x1fff0000                __base_SRAM_LOWER = 0x1fff0000
                0x1fff0000                __base_RAM2 = 0x1fff0000
                0x20000000                __top_SRAM_LOWER = 0x20000000
                0x20000000                __top_RAM2 = 0x20000000
                0x14000000                __base_FLEX_RAM = 0x14000000
                0x14000000                __base_RAM3 = 0x14000000
                0x14001000                __top_FLEX_RAM = 0x14001000
                0x14001000                __top_RAM3 = 0x14001000

.text           0x00000000     0x20e8
 FILL mask 0xff
                0x00000000                __vectors_start__ = ABSOLUTE (.)
 *(SORT_BY_ALIGNMENT(.isr_vector))
 .isr_vector    0x00000000      0x198 ./SDK/startup/startup_mk64f12.o
                0x00000000                g_pfnVectors
                0x00000000                __Vectors
                0x00000198                . = ALIGN (0x4)
                0x00000198                __section_table_start = .
                0x00000198                __data_section_table = .
                0x00000198        0x4 LONG 0x20e8 LOADADDR (.data)
                0x0000019c        0x4 LONG 0x20000000 ADDR (.data)
                0x000001a0        0x4 LONG 0x70 SIZEOF (.data)
                0x000001a4        0x4 LONG 0x20e8 LOADADDR (.data_RAM2)
                0x000001a8        0x4 LONG 0x1fff0000 ADDR (.data_RAM2)
                0x000001ac        0x4 LONG 0x0 SIZEOF (.data_RAM2)
                0x000001b0        0x4 LONG 0x20e8 LOADADDR (.data_RAM3)
                0x000001b4        0x4 LONG 0x14000000 ADDR (.data_RAM3)
                0x000001b8        0x4 LONG 0x0 SIZEOF (.data_RAM3)
                0x000001bc                __data_section_table_end = .
                0x000001bc                __bss_section_table = .
                0x000001bc        0x4 LONG 0x20000070 ADDR (.bss)
                0x000001c0        0x4 LONG 0x380 SIZEOF (.bss)
                0x000001c4        0x4 LONG 0x1fff0000 ADDR (.bss_RAM2)
                0x000001c8        0x4 LONG 0x0 SIZEOF (.bss_RAM2)
                0x000001cc        0x4 LONG 0x14000000 ADDR (.bss_RAM3)
                0x000001d0        0x4 LONG 0x0 SIZEOF (.bss_RAM3)
                0x000001d4                __bss_section_table_end = .
                0x000001d4                __section_table_end = .
 *(SORT_BY_ALIGNMENT(.after_vectors*))
 .after_vectors.reset
                0x000001d4       0x4c ./SDK/startup/startup_mk64f12.o
                0x000001d4                ResetISR
 .after_vectors
                0x00000220       0x14 ./SDK/startup/startup_mk64f12.o
                0x00000220                NMI_Handler
                0x00000224                MemManage_Handler
                0x00000226                BusFault_Handler
                0x00000228                UsageFault_Handler
                0x0000022a                SVC_Handler
                0x0000022c                DebugMon_Handler
                0x0000022e                PendSV_Handler
                0x00000232                DMA_Error_DriverIRQHandler
                0x00000232                LPTMR0_DriverIRQHandler
                0x00000232                FTM1_DriverIRQHandler
                0x00000232                FTM2_DriverIRQHandler
                0x00000232                PIT2_DriverIRQHandler
                0x00000232                SDHC_DriverIRQHandler
                0x00000232                I2S0_Tx_DriverIRQHandler
                0x00000232                RTC_Seconds_DriverIRQHandler
                0x00000232                DMA6_DriverIRQHandler
                0x00000232                LLWU_DriverIRQHandler
                0x00000232                MCM_DriverIRQHandler
                0x00000232                MCG_DriverIRQHandler
                0x00000232                ENET_1588_Timer_DriverIRQHandler
                0x00000232                I2C2_DriverIRQHandler
                0x00000232                DAC1_DriverIRQHandler
                0x00000232                SPI1_DriverIRQHandler
                0x00000232                CMP1_DriverIRQHandler
                0x00000232                UART5_RX_TX_DriverIRQHandler
                0x00000232                FTM0_DriverIRQHandler
                0x00000232                IntDefaultHandler
                0x00000232                USB0_DriverIRQHandler
                0x00000232                UART5_ERR_DriverIRQHandler
                0x00000232                PORTC_DriverIRQHandler
                0x00000232                DMA11_DriverIRQHandler
                0x00000232                DAC0_DriverIRQHandler
                0x00000232                DMA10_DriverIRQHandler
                0x00000232                CMP2_DriverIRQHandler
                0x00000232                UART2_ERR_DriverIRQHandler
                0x00000232                SPI2_DriverIRQHandler
                0x00000232                LVD_LVW_DriverIRQHandler
                0x00000232                PIT0_DriverIRQHandler
                0x00000232                RNG_DriverIRQHandler
                0x00000232                DMA5_DriverIRQHandler
                0x00000232                DMA12_DriverIRQHandler
                0x00000232                UART2_RX_TX_DriverIRQHandler
                0x00000232                USBDCD_DriverIRQHandler
                0x00000232                UART3_ERR_DriverIRQHandler
                0x00000232                DMA3_DriverIRQHandler
                0x00000232                DMA8_DriverIRQHandler
                0x00000232                DMA9_DriverIRQHandler
                0x00000232                UART0_ERR_DriverIRQHandler
                0x00000232                CMT_DriverIRQHandler
                0x00000232                Reserved71_DriverIRQHandler
                0x00000232                ADC1_DriverIRQHandler
                0x00000232                PORTA_DriverIRQHandler
                0x00000232                DMA14_DriverIRQHandler
                0x00000232                PIT3_DriverIRQHandler
                0x00000232                PIT1_DriverIRQHandler
                0x00000232                WDOG_EWM_DriverIRQHandler
                0x00000232                PDB0_DriverIRQHandler
                0x00000232                RTC_DriverIRQHandler
                0x00000232                I2S0_Rx_DriverIRQHandler
                0x00000232                Read_Collision_DriverIRQHandler
                0x00000232                SWI_DriverIRQHandler
                0x00000232                UART4_RX_TX_DriverIRQHandler
                0x00000232                UART4_ERR_DriverIRQHandler
                0x00000232                PORTB_DriverIRQHandler
                0x00000232                UART0_LON_DriverIRQHandler
                0x00000232                DMA0_DriverIRQHandler
                0x00000232                DMA1_DriverIRQHandler
                0x00000232                I2C1_DriverIRQHandler
                0x00000232                UART3_RX_TX_DriverIRQHandler
                0x00000232                ENET_Receive_DriverIRQHandler
                0x00000232                DMA13_DriverIRQHandler
                0x00000232                ENET_Error_DriverIRQHandler
                0x00000232                DMA15_DriverIRQHandler
                0x00000232                UART0_RX_TX_DriverIRQHandler
                0x00000232                SPI0_DriverIRQHandler
                0x00000232                ADC0_DriverIRQHandler
                0x00000232                CMP0_DriverIRQHandler
                0x00000232                CAN0_DriverIRQHandler
                0x00000232                FTM3_DriverIRQHandler
                0x00000232                DMA4_DriverIRQHandler
                0x00000232                UART1_ERR_DriverIRQHandler
                0x00000232                DMA2_DriverIRQHandler
                0x00000232                ENET_Transmit_DriverIRQHandler
                0x00000232                PORTD_DriverIRQHandler
                0x00000232                PORTE_DriverIRQHandler
                0x00000232                FTFE_DriverIRQHandler
                0x00000232                I2C0_DriverIRQHandler
                0x00000232                DMA7_DriverIRQHandler
                0x00000232                UART1_RX_TX_DriverIRQHandler
 .after_vectors.init_data
                0x00000234       0x1e ./SDK/startup/startup_mk64f12.o
                0x00000234                data_init
 .after_vectors.init_bss
                0x00000252       0x12 ./SDK/startup/startup_mk64f12.o
                0x00000252                bss_init
                0x00000400                . = 0x400
 *fill*         0x00000264      0x19c ff
                0x00000400                PROVIDE (__FLASH_CONFIG_START__, .)
 *(SORT_BY_ALIGNMENT(.FlashConfig))
 .FlashConfig   0x00000400       0x10 ./SDK/startup/startup_mk64f12.o
                0x00000400                Flash_Config
                0x00000410                PROVIDE (__FLASH_CONFIG_END__, .)
                0x00000001                ASSERT (! ((__FLASH_CONFIG_START__ == __FLASH_CONFIG_END__)), Linker Flash Config Support Enabled, but no .FlashConfig section provided within application)
 *(SORT_BY_ALIGNMENT(.text*))
 .text.callbackRefreshPc
                0x00000410       0x14 ./source/App.o
                0x00000410                callbackRefreshPc
 .text.callbackRefreshCoord
                0x00000424       0x84 ./source/App.o
                0x00000424                callbackRefreshCoord
 .text.App_Init
                0x000004a8       0x20 ./source/App.o
                0x000004a8                App_Init
 .text.callback
                0x000004c8        0xc ./source/FXOS8700CQ.o
                0x000004c8                callback
 .text.FXOS8700CQConfiguration
                0x000004d4       0xf4 ./source/FXOS8700CQ.o
 .text.SysTick_Init
                0x000005c8       0x2c ./source/SysTick.o
                0x000005c8                SysTick_Init
 .text.SysTick_Handler
                0x000005f4       0x10 ./source/SysTick.o
                0x000005f4                SysTick_Handler
 .text.refreshCounterFps
                0x00000604        0xc ./source/boardsInterface.o
                0x00000604                refreshCounterFps
 .text.getBoardCoordChared
                0x00000610       0x48 ./source/boardsInterface.o
                0x00000610                getBoardCoordChared
 .text.timeOutCallback
                0x00000658       0x54 ./source/boardsInterface.o
                0x00000658                timeOutCallback
 .text.initDataBase
                0x000006ac       0x2c ./source/boardsInterface.o
                0x000006ac                initDataBase
 .text.initBoardsInterface
                0x000006d8       0x40 ./source/boardsInterface.o
                0x000006d8                initBoardsInterface
 .text.updateLecture
                0x00000718       0xcc ./source/boardsInterface.o
                0x00000718                updateLecture
 .text.FLEXCANenableClock
                0x000007e4       0x20 ./source/can.o
 .text.FLEXCANsetBaudRate
                0x00000804       0x48 ./source/can.o
 .text.FLEXCANinit
                0x0000084c       0x8c ./source/can.o
 .text.FLEXCANsetRxMbConfig
                0x000008d8       0x44 ./source/can.o
 .text.FLEXCANwriteTxMb
                0x0000091c       0xa8 ./source/can.o
 .text.FLEXCANTxHandler
                0x000009c4       0x24 ./source/can.o
 .text.recursiveStore
                0x000009e8       0x44 ./source/can.o
 .text.FLEXCANRxHandler
                0x00000a2c       0x44 ./source/can.o
 .text.CAN0_ORed_Message_buffer_IRQHandler
                0x00000a70       0x38 ./source/can.o
                0x00000a70                CAN0_ORed_Message_buffer_IRQHandler
 .text.canInit  0x00000aa8       0x90 ./source/can.o
                0x00000aa8                canInit
 .text.canWriteMsg
                0x00000b38       0x60 ./source/can.o
                0x00000b38                canWriteMsg
 .text.canIsTxMsgComplete
                0x00000b98       0x10 ./source/can.o
                0x00000b98                canIsTxMsgComplete
 .text.canIsRxMsg
                0x00000ba8       0x18 ./source/can.o
                0x00000ba8                canIsRxMsg
 .text.canGetRxMsgLength
                0x00000bc0       0x1c ./source/can.o
                0x00000bc0                canGetRxMsgLength
 .text.canReadMsg
                0x00000bdc       0x80 ./source/can.o
                0x00000bdc                canReadMsg
 .text.initResourcesController2pc
                0x00000c5c       0x48 ./source/comController2pc.o
                0x00000c5c                initResourcesController2pc
 .text.sendMessage2pc
                0x00000ca4       0x40 ./source/comController2pc.o
                0x00000ca4                sendMessage2pc
 .text.rxCallback
                0x00000ce4       0x74 ./source/comController2pc.o
                0x00000ce4                rxCallback
 .text.encodeMsg
                0x00000d58       0x38 ./source/coordHAL.o
 .text.decodeMsg
                0x00000d90       0x38 ./source/coordHAL.o
 .text.coordHALinit
                0x00000dc8       0x34 ./source/coordHAL.o
                0x00000dc8                coordHALinit
 .text.sendCoordToAll
                0x00000dfc       0x38 ./source/coordHAL.o
                0x00000dfc                sendCoordToAll
 .text.readCoord
                0x00000e34       0x40 ./source/coordHAL.o
                0x00000e34                readCoord
 .text.sendStart
                0x00000e74       0x14 ./source/i2c.o
 .text.sendStop
                0x00000e88       0x14 ./source/i2c.o
 .text.sendRepeatStart
                0x00000e9c       0x1c ./source/i2c.o
 .text.getStopFlag
                0x00000eb8       0x10 ./source/i2c.o
 .text.getStartFlag
                0x00000ec8       0x10 ./source/i2c.o
 .text.clearInterruptFlag
                0x00000ed8       0x14 ./source/i2c.o
 .text.clearStopFlag
                0x00000eec       0x14 ./source/i2c.o
 .text.clearStartFlag
                0x00000f00       0x14 ./source/i2c.o
 .text.getMode  0x00000f14       0x10 ./source/i2c.o
 .text.setModeTX
                0x00000f24       0x14 ./source/i2c.o
 .text.setModeRX
                0x00000f38       0x14 ./source/i2c.o
 .text.setNack  0x00000f4c       0x14 ./source/i2c.o
 .text.unsetNack
                0x00000f60       0x14 ./source/i2c.o
 .text.receivedAck
                0x00000f74       0x14 ./source/i2c.o
 .text.writeByte
                0x00000f88        0xc ./source/i2c.o
 .text.readByte
                0x00000f94        0xc ./source/i2c.o
 .text.isr_routine
                0x00000fa0      0x150 ./source/i2c.o
 .text.setBaudRate
                0x000010f0       0x10 ./source/i2c.o
 .text.clockGating
                0x00001100       0x64 ./source/i2c.o
 .text.configurePins
                0x00001164       0xb4 ./source/i2c.o
 .text.i2cInit  0x00001218       0x98 ./source/i2c.o
                0x00001218                i2cInit
 .text.i2cWriteReg
                0x000012b0       0x30 ./source/i2c.o
                0x000012b0                i2cWriteReg
 .text.i2cReadReg
                0x000012e0       0x30 ./source/i2c.o
                0x000012e0                i2cReadReg
 .text.int2charsCoord
                0x00001310       0x5c ./source/sphericalPos.o
                0x00001310                int2charsCoord
 .text.sysTickCallback
                0x0000136c       0x34 ./source/timer.o
                0x0000136c                sysTickCallback
 .text.InitializeTimers
                0x000013a0       0x40 ./source/timer.o
                0x000013a0                InitializeTimers
 .text.SetTimer
                0x000013e0       0x54 ./source/timer.o
                0x000013e0                SetTimer
 .text.DisableTimer
                0x00001434       0x10 ./source/timer.o
                0x00001434                DisableTimer
 .text.RestartTimer
                0x00001444       0x10 ./source/timer.o
                0x00001444                RestartTimer
 .text.uartIsRxMsg
                0x00001454       0x64 ./source/uart.o
                0x00001454                uartIsRxMsg
 .text.uartGetRxMsgLength
                0x000014b8       0x10 ./source/uart.o
                0x000014b8                uartGetRxMsgLength
 .text.uartReadMsg
                0x000014c8       0xec ./source/uart.o
                0x000014c8                uartReadMsg
 .text.copyTXmsg
                0x000015b4       0x4c ./source/uart.o
                0x000015b4                copyTXmsg
 .text.uartWriteMsg
                0x00001600       0xa0 ./source/uart.o
                0x00001600                uartWriteMsg
 .text.UARTX_RX_TX_IRQHandler
                0x000016a0      0x114 ./source/uart.o
                0x000016a0                UARTX_RX_TX_IRQHandler
 .text.UART_setBaudRate
                0x000017b4       0x68 ./source/uart.o
                0x000017b4                UART_setBaudRate
 .text.UART_clockGating
                0x0000181c       0x64 ./source/uart.o
                0x0000181c                UART_clockGating
 .text.uartInit
                0x00001880      0x1a4 ./source/uart.o
                0x00001880                uartInit
 .text.hw_Init  0x00001a24       0xc0 ./SDK/startup/hardware.o
                0x00001a24                hw_Init
 .text.hw_EnableInterrupts
                0x00001ae4       0x18 ./SDK/startup/hardware.o
                0x00001ae4                hw_EnableInterrupts
 .text.hw_DisableInterrupts
                0x00001afc       0x10 ./SDK/startup/hardware.o
                0x00001afc                hw_DisableInterrupts
 .text.SystemInit
                0x00001b0c       0x34 ./SDK/CMSIS/system_MK64F12.o
                0x00001b0c                SystemInit
 .text.App_Run  0x00001b40        0x8 ./source/App.o
                0x00001b40                App_Run
 .text.FXOS8700CQInit
                0x00001b48        0xe ./source/FXOS8700CQ.o
                0x00001b48                FXOS8700CQInit
 .text.accelandMagnetInit
                0x00001b56        0x8 ./source/accelerometer.o
                0x00001b56                accelandMagnetInit
 .text.name2numCoord
                0x00001b5e       0x14 ./source/boardsInterface.o
                0x00001b5e                name2numCoord
 .text.FLEXCANenable
                0x00001b72       0x16 ./source/can.o
 .text.FLEXCANresetRxMbConfig
                0x00001b88       0x1e ./source/can.o
 .text.FLEXCANsetTxMbConfig
                0x00001ba6       0x38 ./source/can.o
 .text.FLEXCANresetTxMbConfig
                0x00001bde       0x1e ./source/can.o
 .text.FLEXCANreadRxMb
                0x00001bfc       0x42 ./source/can.o
 .text.areStringsEqual
                0x00001c3e       0x24 ./source/comController2pc.o
                0x00001c3e                areStringsEqual
 .text.I2C0_IRQHandler
                0x00001c62        0x8 ./source/i2c.o
                0x00001c62                I2C0_IRQHandler
 .text.setPCRmux
                0x00001c6a       0x16 ./source/pinsHandler.o
                0x00001c6a                setPCRmux
 .text.setPCRpullEnable
                0x00001c80        0xe ./source/pinsHandler.o
                0x00001c80                setPCRpullEnable
 .text.setPCRpullUp
                0x00001c8e        0xe ./source/pinsHandler.o
                0x00001c8e                setPCRpullUp
 .text.setPCRopenDrainEnable
                0x00001c9c        0xe ./source/pinsHandler.o
                0x00001c9c                setPCRopenDrainEnable
 .text.setPCRirqc
                0x00001caa       0x16 ./source/pinsHandler.o
                0x00001caa                setPCRirqc
 .text.isValidCoord
                0x00001cc0       0x40 ./source/sphericalPos.o
                0x00001cc0                isValidCoord
 .text.areCoordsEquals
                0x00001d00       0x18 ./source/sphericalPos.o
                0x00001d00                areCoordsEquals
 .text.anyCoordHasChanged
                0x00001d18       0x4a ./source/sphericalPos.o
                0x00001d18                anyCoordHasChanged
 .text.exp10    0x00001d62       0x1c ./source/sphericalPos.o
                0x00001d62                exp10
 .text.chars2intCoord
                0x00001d7e       0x46 ./source/sphericalPos.o
                0x00001d7e                chars2intCoord
 .text.UART0_LON_IRQHandler
                0x00001dc4        0x2 ./source/uart.o
                0x00001dc4                UART0_LON_IRQHandler
 .text.UART0_RX_TX_IRQHandler
                0x00001dc6        0xa ./source/uart.o
                0x00001dc6                UART0_RX_TX_IRQHandler
 .text.UART0_ERR_IRQHandler
                0x00001dd0        0x2 ./source/uart.o
                0x00001dd0                UART0_ERR_IRQHandler
 .text.UART1_RX_TX_IRQHandler
                0x00001dd2        0xa ./source/uart.o
                0x00001dd2                UART1_RX_TX_IRQHandler
 .text.UART1_ERR_IRQHandler
                0x00001ddc        0x2 ./source/uart.o
                0x00001ddc                UART1_ERR_IRQHandler
 .text.UART2_RX_TX_IRQHandler
                0x00001dde        0xa ./source/uart.o
                0x00001dde                UART2_RX_TX_IRQHandler
 .text.UART2_ERR_IRQHandler
                0x00001de8        0x2 ./source/uart.o
                0x00001de8                UART2_ERR_IRQHandler
 .text.UART3_RX_TX_IRQHandler
                0x00001dea        0xa ./source/uart.o
                0x00001dea                UART3_RX_TX_IRQHandler
 .text.UART3_ERR_IRQHandler
                0x00001df4        0x2 ./source/uart.o
                0x00001df4                UART3_ERR_IRQHandler
 .text.UART4_RX_TX_IRQHandler
                0x00001df6        0xa ./source/uart.o
                0x00001df6                UART4_RX_TX_IRQHandler
 .text.UART4_ERR_IRQHandler
                0x00001e00        0x2 ./source/uart.o
                0x00001e00                UART4_ERR_IRQHandler
 .text.main     0x00001e02       0x18 ./SDK/startup/main.o
                0x00001e02                main
 .text.HardFault_Handler
                0x00001e1a       0x2a ./SDK/startup/semihost_hardfault.o
                0x00001e1a                HardFault_Handler
 .text.DMA0_IRQHandler
                0x00001e44        0x8 ./SDK/startup/startup_mk64f12.o
                0x00001e44                DMA0_IRQHandler
 .text.DMA1_IRQHandler
                0x00001e4c        0x8 ./SDK/startup/startup_mk64f12.o
                0x00001e4c                DMA1_IRQHandler
 .text.DMA2_IRQHandler
                0x00001e54        0x8 ./SDK/startup/startup_mk64f12.o
                0x00001e54                DMA2_IRQHandler
 .text.DMA3_IRQHandler
                0x00001e5c        0x8 ./SDK/startup/startup_mk64f12.o
                0x00001e5c                DMA3_IRQHandler
 .text.DMA4_IRQHandler
                0x00001e64        0x8 ./SDK/startup/startup_mk64f12.o
                0x00001e64                DMA4_IRQHandler
 .text.DMA5_IRQHandler
                0x00001e6c        0x8 ./SDK/startup/startup_mk64f12.o
                0x00001e6c                DMA5_IRQHandler
 .text.DMA6_IRQHandler
                0x00001e74        0x8 ./SDK/startup/startup_mk64f12.o
                0x00001e74                DMA6_IRQHandler
 .text.DMA7_IRQHandler
                0x00001e7c        0x8 ./SDK/startup/startup_mk64f12.o
                0x00001e7c                DMA7_IRQHandler
 .text.DMA8_IRQHandler
                0x00001e84        0x8 ./SDK/startup/startup_mk64f12.o
                0x00001e84                DMA8_IRQHandler
 .text.DMA9_IRQHandler
                0x00001e8c        0x8 ./SDK/startup/startup_mk64f12.o
                0x00001e8c                DMA9_IRQHandler
 .text.DMA10_IRQHandler
                0x00001e94        0x8 ./SDK/startup/startup_mk64f12.o
                0x00001e94                DMA10_IRQHandler
 .text.DMA11_IRQHandler
                0x00001e9c        0x8 ./SDK/startup/startup_mk64f12.o
                0x00001e9c                DMA11_IRQHandler
 .text.DMA12_IRQHandler
                0x00001ea4        0x8 ./SDK/startup/startup_mk64f12.o
                0x00001ea4                DMA12_IRQHandler
 .text.DMA13_IRQHandler
                0x00001eac        0x8 ./SDK/startup/startup_mk64f12.o
                0x00001eac                DMA13_IRQHandler
 .text.DMA14_IRQHandler
                0x00001eb4        0x8 ./SDK/startup/startup_mk64f12.o
                0x00001eb4                DMA14_IRQHandler
 .text.DMA15_IRQHandler
                0x00001ebc        0x8 ./SDK/startup/startup_mk64f12.o
                0x00001ebc                DMA15_IRQHandler
 .text.DMA_Error_IRQHandler
                0x00001ec4        0x8 ./SDK/startup/startup_mk64f12.o
                0x00001ec4                DMA_Error_IRQHandler
 .text.MCM_IRQHandler
                0x00001ecc        0x8 ./SDK/startup/startup_mk64f12.o
                0x00001ecc                MCM_IRQHandler
 .text.FTFE_IRQHandler
                0x00001ed4        0x8 ./SDK/startup/startup_mk64f12.o
                0x00001ed4                FTFE_IRQHandler
 .text.Read_Collision_IRQHandler
                0x00001edc        0x8 ./SDK/startup/startup_mk64f12.o
                0x00001edc                Read_Collision_IRQHandler
 .text.LVD_LVW_IRQHandler
                0x00001ee4        0x8 ./SDK/startup/startup_mk64f12.o
                0x00001ee4                LVD_LVW_IRQHandler
 .text.LLWU_IRQHandler
                0x00001eec        0x8 ./SDK/startup/startup_mk64f12.o
                0x00001eec                LLWU_IRQHandler
 .text.WDOG_EWM_IRQHandler
                0x00001ef4        0x8 ./SDK/startup/startup_mk64f12.o
                0x00001ef4                WDOG_EWM_IRQHandler
 .text.RNG_IRQHandler
                0x00001efc        0x8 ./SDK/startup/startup_mk64f12.o
                0x00001efc                RNG_IRQHandler
 .text.I2C1_IRQHandler
                0x00001f04        0x8 ./SDK/startup/startup_mk64f12.o
                0x00001f04                I2C1_IRQHandler
 .text.SPI0_IRQHandler
                0x00001f0c        0x8 ./SDK/startup/startup_mk64f12.o
                0x00001f0c                SPI0_IRQHandler
 .text.SPI1_IRQHandler
                0x00001f14        0x8 ./SDK/startup/startup_mk64f12.o
                0x00001f14                SPI1_IRQHandler
 .text.I2S0_Tx_IRQHandler
                0x00001f1c        0x8 ./SDK/startup/startup_mk64f12.o
                0x00001f1c                I2S0_Tx_IRQHandler
 .text.I2S0_Rx_IRQHandler
                0x00001f24        0x8 ./SDK/startup/startup_mk64f12.o
                0x00001f24                I2S0_Rx_IRQHandler
 .text.ADC0_IRQHandler
                0x00001f2c        0x8 ./SDK/startup/startup_mk64f12.o
                0x00001f2c                ADC0_IRQHandler
 .text.CMP0_IRQHandler
                0x00001f34        0x8 ./SDK/startup/startup_mk64f12.o
                0x00001f34                CMP0_IRQHandler
 .text.CMP1_IRQHandler
                0x00001f3c        0x8 ./SDK/startup/startup_mk64f12.o
                0x00001f3c                CMP1_IRQHandler
 .text.FTM0_IRQHandler
                0x00001f44        0x8 ./SDK/startup/startup_mk64f12.o
                0x00001f44                FTM0_IRQHandler
 .text.FTM1_IRQHandler
                0x00001f4c        0x8 ./SDK/startup/startup_mk64f12.o
                0x00001f4c                FTM1_IRQHandler
 .text.FTM2_IRQHandler
                0x00001f54        0x8 ./SDK/startup/startup_mk64f12.o
                0x00001f54                FTM2_IRQHandler
 .text.CMT_IRQHandler
                0x00001f5c        0x8 ./SDK/startup/startup_mk64f12.o
                0x00001f5c                CMT_IRQHandler
 .text.RTC_IRQHandler
                0x00001f64        0x8 ./SDK/startup/startup_mk64f12.o
                0x00001f64                RTC_IRQHandler
 .text.RTC_Seconds_IRQHandler
                0x00001f6c        0x8 ./SDK/startup/startup_mk64f12.o
                0x00001f6c                RTC_Seconds_IRQHandler
 .text.PIT0_IRQHandler
                0x00001f74        0x8 ./SDK/startup/startup_mk64f12.o
                0x00001f74                PIT0_IRQHandler
 .text.PIT1_IRQHandler
                0x00001f7c        0x8 ./SDK/startup/startup_mk64f12.o
                0x00001f7c                PIT1_IRQHandler
 .text.PIT2_IRQHandler
                0x00001f84        0x8 ./SDK/startup/startup_mk64f12.o
                0x00001f84                PIT2_IRQHandler
 .text.PIT3_IRQHandler
                0x00001f8c        0x8 ./SDK/startup/startup_mk64f12.o
                0x00001f8c                PIT3_IRQHandler
 .text.PDB0_IRQHandler
                0x00001f94        0x8 ./SDK/startup/startup_mk64f12.o
                0x00001f94                PDB0_IRQHandler
 .text.USB0_IRQHandler
                0x00001f9c        0x8 ./SDK/startup/startup_mk64f12.o
                0x00001f9c                USB0_IRQHandler
 .text.USBDCD_IRQHandler
                0x00001fa4        0x8 ./SDK/startup/startup_mk64f12.o
                0x00001fa4                USBDCD_IRQHandler
 .text.Reserved71_IRQHandler
                0x00001fac        0x8 ./SDK/startup/startup_mk64f12.o
                0x00001fac                Reserved71_IRQHandler
 .text.DAC0_IRQHandler
                0x00001fb4        0x8 ./SDK/startup/startup_mk64f12.o
                0x00001fb4                DAC0_IRQHandler
 .text.MCG_IRQHandler
                0x00001fbc        0x8 ./SDK/startup/startup_mk64f12.o
                0x00001fbc                MCG_IRQHandler
 .text.LPTMR0_IRQHandler
                0x00001fc4        0x8 ./SDK/startup/startup_mk64f12.o
                0x00001fc4                LPTMR0_IRQHandler
 .text.PORTA_IRQHandler
                0x00001fcc        0x8 ./SDK/startup/startup_mk64f12.o
                0x00001fcc                PORTA_IRQHandler
 .text.PORTB_IRQHandler
                0x00001fd4        0x8 ./SDK/startup/startup_mk64f12.o
                0x00001fd4                PORTB_IRQHandler
 .text.PORTC_IRQHandler
                0x00001fdc        0x8 ./SDK/startup/startup_mk64f12.o
                0x00001fdc                PORTC_IRQHandler
 .text.PORTD_IRQHandler
                0x00001fe4        0x8 ./SDK/startup/startup_mk64f12.o
                0x00001fe4                PORTD_IRQHandler
 .text.PORTE_IRQHandler
                0x00001fec        0x8 ./SDK/startup/startup_mk64f12.o
                0x00001fec                PORTE_IRQHandler
 .text.SWI_IRQHandler
                0x00001ff4        0x8 ./SDK/startup/startup_mk64f12.o
                0x00001ff4                SWI_IRQHandler
 .text.SPI2_IRQHandler
                0x00001ffc        0x8 ./SDK/startup/startup_mk64f12.o
                0x00001ffc                SPI2_IRQHandler
 .text.UART5_RX_TX_IRQHandler
                0x00002004        0x8 ./SDK/startup/startup_mk64f12.o
                0x00002004                UART5_RX_TX_IRQHandler
 .text.UART5_ERR_IRQHandler
                0x0000200c        0x8 ./SDK/startup/startup_mk64f12.o
                0x0000200c                UART5_ERR_IRQHandler
 .text.CMP2_IRQHandler
                0x00002014        0x8 ./SDK/startup/startup_mk64f12.o
                0x00002014                CMP2_IRQHandler
 .text.FTM3_IRQHandler
                0x0000201c        0x8 ./SDK/startup/startup_mk64f12.o
                0x0000201c                FTM3_IRQHandler
 .text.DAC1_IRQHandler
                0x00002024        0x8 ./SDK/startup/startup_mk64f12.o
                0x00002024                DAC1_IRQHandler
 .text.ADC1_IRQHandler
                0x0000202c        0x8 ./SDK/startup/startup_mk64f12.o
                0x0000202c                ADC1_IRQHandler
 .text.I2C2_IRQHandler
                0x00002034        0x8 ./SDK/startup/startup_mk64f12.o
                0x00002034                I2C2_IRQHandler
 .text.CAN0_Bus_Off_IRQHandler
                0x0000203c        0x8 ./SDK/startup/startup_mk64f12.o
                0x0000203c                CAN0_Bus_Off_IRQHandler
 .text.CAN0_Error_IRQHandler
                0x00002044        0x8 ./SDK/startup/startup_mk64f12.o
                0x00002044                CAN0_Error_IRQHandler
 .text.CAN0_Tx_Warning_IRQHandler
                0x0000204c        0x8 ./SDK/startup/startup_mk64f12.o
                0x0000204c                CAN0_Tx_Warning_IRQHandler
 .text.CAN0_Rx_Warning_IRQHandler
                0x00002054        0x8 ./SDK/startup/startup_mk64f12.o
                0x00002054                CAN0_Rx_Warning_IRQHandler
 .text.CAN0_Wake_Up_IRQHandler
                0x0000205c        0x8 ./SDK/startup/startup_mk64f12.o
                0x0000205c                CAN0_Wake_Up_IRQHandler
 .text.SDHC_IRQHandler
                0x00002064        0x8 ./SDK/startup/startup_mk64f12.o
                0x00002064                SDHC_IRQHandler
 .text.ENET_1588_Timer_IRQHandler
                0x0000206c        0x8 ./SDK/startup/startup_mk64f12.o
                0x0000206c                ENET_1588_Timer_IRQHandler
 .text.ENET_Transmit_IRQHandler
                0x00002074        0x8 ./SDK/startup/startup_mk64f12.o
                0x00002074                ENET_Transmit_IRQHandler
 .text.ENET_Receive_IRQHandler
                0x0000207c        0x8 ./SDK/startup/startup_mk64f12.o
                0x0000207c                ENET_Receive_IRQHandler
 .text.ENET_Error_IRQHandler
                0x00002084        0x8 ./SDK/startup/startup_mk64f12.o
                0x00002084                ENET_Error_IRQHandler
 .text.SystemInitHook
                0x0000208c        0x2 ./SDK/CMSIS/system_MK64F12.o
                0x0000208c                SystemInitHook
 *(SORT_BY_ALIGNMENT(.rodata) SORT_BY_ALIGNMENT(.rodata.*) SORT_BY_ALIGNMENT(.constdata) SORT_BY_ALIGNMENT(.constdata.*))
 *fill*         0x0000208e        0x2 ff
 .rodata        0x00002090        0x3 ./source/App.o
 *fill*         0x00002093        0x1 ff
 .rodata        0x00002094        0x3 ./source/boardsInterface.o
 *fill*         0x00002097        0x1 ff
 .rodata        0x00002098       0x20 ./source/i2c.o
 .rodata        0x000020b8       0x2c ./source/uart.o
                0x000020e8                . = ALIGN (0x8)
 *fill*         0x000020e4        0x4 ff

.glue_7         0x000020e8        0x0
 .glue_7        0x000020e8        0x0 linker stubs

.glue_7t        0x000020e8        0x0
 .glue_7t       0x000020e8        0x0 linker stubs

.vfp11_veneer   0x000020e8        0x0
 .vfp11_veneer  0x000020e8        0x0 linker stubs

.v4_bx          0x000020e8        0x0
 .v4_bx         0x000020e8        0x0 linker stubs

.iplt           0x000020e8        0x0
 .iplt          0x000020e8        0x0 ./source/App.o

.rel.dyn        0x000020e8        0x0
 .rel.iplt      0x000020e8        0x0 ./source/App.o

.ARM.extab
 *(SORT_BY_ALIGNMENT(.ARM.extab*) SORT_BY_ALIGNMENT(.gnu.linkonce.armextab.*))
                0x000020e8                __exidx_start = .

.ARM.exidx
 *(SORT_BY_ALIGNMENT(.ARM.exidx*) SORT_BY_ALIGNMENT(.gnu.linkonce.armexidx.*))
                0x000020e8                __exidx_end = .
                0x000020e8                _etext = .

.m_usb_data
 *(SORT_BY_ALIGNMENT(m_usb_bdt))

.data_RAM2      0x1fff0000        0x0 load address 0x000020e8
 FILL mask 0xff
                [!provide]                PROVIDE (__start_data_RAM2, .)
 *(SORT_BY_ALIGNMENT(.ramfunc.$RAM2))
 *(SORT_BY_ALIGNMENT(.ramfunc.$SRAM_LOWER))
 *(SORT_BY_ALIGNMENT(.data.$RAM2*))
 *(SORT_BY_ALIGNMENT(.data.$SRAM_LOWER*))
                0x1fff0000                . = ALIGN (0x8)
                [!provide]                PROVIDE (__end_data_RAM2, .)

.data_RAM3      0x14000000        0x0 load address 0x000020e8
 FILL mask 0xff
                [!provide]                PROVIDE (__start_data_RAM3, .)
 *(SORT_BY_ALIGNMENT(.ramfunc.$RAM3))
 *(SORT_BY_ALIGNMENT(.ramfunc.$FLEX_RAM))
 *(SORT_BY_ALIGNMENT(.data.$RAM3*))
 *(SORT_BY_ALIGNMENT(.data.$FLEX_RAM*))
                0x14000000                . = ALIGN (0x8)
                [!provide]                PROVIDE (__end_data_RAM3, .)

.uninit_RESERVED
                0x20000000        0x0
 *(SORT_BY_ALIGNMENT(.bss.$RESERVED*))
                0x20000000                . = ALIGN (0x4)
                0x20000000                _end_uninit_RESERVED = .

.data           0x20000000       0x70 load address 0x000020e8
 FILL mask 0xff
                0x20000000                _data = .
 *(SORT_BY_ALIGNMENT(vtable))
 *(SORT_BY_ALIGNMENT(.ramfunc*))
 *(SORT_BY_ALIGNMENT(.data*))
 .data.coordNumber2refresh.5004
                0x20000000        0x4 ./source/App.o
 .data.msgAux   0x20000004        0x8 ./source/can.o
 .data.idsArray
                0x2000000c       0x1c ./source/coordHAL.o
 .data.i2cIRQs  0x20000028        0x3 ./source/i2c.o
                0x20000028                i2cIRQs
 *fill*         0x2000002b        0x1 ff
 .data.i2cSCLpins
                0x2000002c        0x3 ./source/i2c.o
                0x2000002c                i2cSCLpins
 *fill*         0x2000002f        0x1 ff
 .data.i2cSDApins
                0x20000030        0x3 ./source/i2c.o
                0x20000030                i2cSDApins
 *fill*         0x20000033        0x1 ff
 .data.markersRXbuffer
                0x20000034       0x14 ./source/uart.o
                0x20000034                markersRXbuffer
 .data.uartIRQs_ERR
                0x20000048        0x6 ./source/uart.o
                0x20000048                uartIRQs_ERR
 *fill*         0x2000004e        0x2 ff
 .data.uartIRQs_LON
                0x20000050        0x6 ./source/uart.o
                0x20000050                uartIRQs_LON
 *fill*         0x20000056        0x2 ff
 .data.uartIRQs_TX_RX
                0x20000058        0x6 ./source/uart.o
                0x20000058                uartIRQs_TX_RX
 *fill*         0x2000005e        0x2 ff
 .data.uartRXpins
                0x20000060        0x5 ./source/uart.o
                0x20000060                uartRXpins
 *fill*         0x20000065        0x3 ff
 .data.uartTXpins
                0x20000068        0x5 ./source/uart.o
                0x20000068                uartTXpins
                0x20000070                . = ALIGN (0x8)
 *fill*         0x2000006d        0x3 ff
                0x20000070                _edata = .

.igot.plt       0x20000070        0x0 load address 0x00002158
 .igot.plt      0x20000070        0x0 ./source/App.o

.bss_RAM2       0x1fff0000        0x0
                [!provide]                PROVIDE (__start_bss_RAM2, .)
 *(SORT_BY_ALIGNMENT(.bss.$RAM2*))
 *(SORT_BY_ALIGNMENT(.bss.$SRAM_LOWER*))
                0x1fff0000                . = ALIGN ((. != 0x0)?0x8:0x1)
                [!provide]                PROVIDE (__end_bss_RAM2, .)

.bss_RAM3       0x14000000        0x0
                [!provide]                PROVIDE (__start_bss_RAM3, .)
 *(SORT_BY_ALIGNMENT(.bss.$RAM3*))
 *(SORT_BY_ALIGNMENT(.bss.$FLEX_RAM*))
                0x14000000                . = ALIGN ((. != 0x0)?0x8:0x1)
                [!provide]                PROVIDE (__end_bss_RAM3, .)

.bss            0x20000070      0x380
                0x20000070                _bss = .
 *(SORT_BY_ALIGNMENT(.bss*))
 .bss.idBoard2refresh.5003
                0x20000070        0x4 ./source/App.o
 .bss.sysTickFun
                0x20000074        0x4 ./source/SysTick.o
                0x20000074                sysTickFun
 .bss.changesCounter
                0x20000078        0x4 ./source/boardsInterface.o
                0x20000078                changesCounter
 .bss.flagsOurBoardChanged
                0x2000007c        0x3 ./source/boardsInterface.o
                0x2000007c                flagsOurBoardChanged
 *fill*         0x2000007f        0x1 
 .bss.posDataBase
                0x20000080       0x54 ./source/boardsInterface.o
                0x20000080                posDataBase
 .bss.rxBuffer  0x200000d4      0x1e4 ./source/can.o
 .bss.rxFrame   0x200002b8       0x10 ./source/can.o
 .bss.srcClockHz
                0x200002c8        0x4 ./source/can.o
 .bss.txFrame   0x200002cc       0x10 ./source/can.o
 .bss.answerMsg
                0x200002dc        0x1 ./source/comController2pc.o
                0x200002dc                answerMsg
 *fill*         0x200002dd        0x3 
 .bss.cantCharsInPackage
                0x200002e0        0x4 ./source/comController2pc.o
                0x200002e0                cantCharsInPackage
 .bss.errorsCounter
                0x200002e4        0x4 ./source/comController2pc.o
                0x200002e4                errorsCounter
 .bss.package2pc
                0x200002e8        0x6 ./source/comController2pc.o
                0x200002e8                package2pc
 *fill*         0x200002ee        0x2 
 .bss.msg       0x200002f0        0x8 ./source/coordHAL.o
 .bss.buffer    0x200002f8       0x10 ./source/i2c.o
 .bss.callback2Fun
                0x20000308        0x4 ./source/i2c.o
                0x20000308                callback2Fun
 .bss.i2c       0x2000030c        0x4 ./source/i2c.o
 .bss.timers    0x20000310       0x50 ./source/timer.o
 .bss.RXbuffers
                0x20000360       0x28 ./source/uart.o
                0x20000360                RXbuffers
 .bss.TXbuffers
                0x20000388       0x28 ./source/uart.o
                0x20000388                TXbuffers
 .bss.countersRXfailed
                0x200003b0        0x5 ./source/uart.o
                0x200003b0                countersRXfailed
 *fill*         0x200003b5        0x3 
 .bss.flagsReading
                0x200003b8        0x5 ./source/uart.o
                0x200003b8                flagsReading
 *fill*         0x200003bd        0x3 
 .bss.inMarkersTXbuffer
                0x200003c0        0x5 ./source/uart.o
                0x200003c0                inMarkersTXbuffer
 *fill*         0x200003c5        0x3 
 .bss.lensTXbuffer
                0x200003c8        0x5 ./source/uart.o
                0x200003c8                lensTXbuffer
 *fill*         0x200003cd        0x3 
 .bss.outMarkersTXbuffer
                0x200003d0        0x5 ./source/uart.o
                0x200003d0                outMarkersTXbuffer
 *fill*         0x200003d5        0x3 
 .bss.uartMode  0x200003d8        0x5 ./source/uart.o
                0x200003d8                uartMode
 *fill*         0x200003dd        0x3 
 .bss.__LDM_interruptDisableCount
                0x200003e0        0x4 ./SDK/startup/hardware.o
 .bss.finished  0x200003e4        0x1 ./source/FXOS8700CQ.o
                0x200003e4                finished
 .bss.MbNum     0x200003e5        0x1 ./source/can.o
 .bss.sendingTx
                0x200003e6        0x1 ./source/can.o
 .bss.cant      0x200003e7        0x1 ./source/coordHAL.o
 .bss.init      0x200003e8        0x1 ./source/i2c.o
 .bss.initialized
                0x200003e9        0x1 ./source/timer.o
 *(SORT_BY_ALIGNMENT(COMMON))
                0x200003f0                . = ALIGN (0x8)
 *fill*         0x200003ea        0x6 
                0x200003f0                _ebss = .
                [!provide]                PROVIDE (end, .)

.noinit_RAM2    0x1fff0000        0x0
 *(SORT_BY_ALIGNMENT(.noinit.$RAM2*))
 *(SORT_BY_ALIGNMENT(.noinit.$SRAM_LOWER*))
                0x1fff0000                . = ALIGN (0x8)

.noinit_RAM3    0x14000000        0x0
 *(SORT_BY_ALIGNMENT(.noinit.$RAM3*))
 *(SORT_BY_ALIGNMENT(.noinit.$FLEX_RAM*))
                0x14000000                . = ALIGN (0x8)

.noinit         0x200003f0        0x0
                0x200003f0                _noinit = .
 *(SORT_BY_ALIGNMENT(.noinit*))
                0x200003f0                . = ALIGN (0x8)
                0x200003f0                _end_noinit = .
                0x00001000                _HeapSize = 0x1000

.heap           0x200003f0     0x1000
                0x200003f0                _pvHeapStart = .
                0x200013f0                . = (. + _HeapSize)
 *fill*         0x200003f0     0x1000 
                0x200013f0                . = ALIGN (0x8)
                0x200013f0                _pvHeapLimit = .
                0x00001000                _StackSize = 0x1000

.heap2stackfill
                0x200013f0     0x1000
                0x200023f0                . = (. + _StackSize)
 *fill*         0x200013f0     0x1000 

.stack          0x2002f000        0x0
                0x2002f000                _vStackBase = .
                0x2002f000                . = ALIGN (0x8)
                0x20030000                _vStackTop = (. + _StackSize)
                0x00000000                _image_start = LOADADDR (.text)
                0x00002158                _image_end = (LOADADDR (.data) + SIZEOF (.data))
                0x00002158                _image_size = (_image_end - _image_start)
OUTPUT(uartSPI.axf elf32-littlearm)

.debug_info     0x00000000     0x899c
 .debug_info    0x00000000      0x271 ./source/App.o
 .debug_info    0x00000271      0xbba ./source/FXOS8700CQ.o
 .debug_info    0x00000e2b      0x518 ./source/SysTick.o
 .debug_info    0x00001343      0xab5 ./source/accelerometer.o
 .debug_info    0x00001df8      0x54f ./source/boardsInterface.o
 .debug_info    0x00002347     0x1178 ./source/can.o
 .debug_info    0x000034bf      0x441 ./source/comController2pc.o
 .debug_info    0x00003900      0x3ad ./source/coordHAL.o
 .debug_info    0x00003cad     0x17d2 ./source/i2c.o
 .debug_info    0x0000547f      0x369 ./source/pinsHandler.o
 .debug_info    0x000057e8      0x2a1 ./source/sphericalPos.o
 .debug_info    0x00005a89      0x27a ./source/timer.o
 .debug_info    0x00005d03     0x1250 ./source/uart.o
 .debug_info    0x00006f53      0x675 ./SDK/startup/hardware.o
 .debug_info    0x000075c8      0x120 ./SDK/startup/main.o
 .debug_info    0x000076e8       0x3b ./SDK/startup/semihost_hardfault.o
 .debug_info    0x00007723      0xc71 ./SDK/startup/startup_mk64f12.o
 .debug_info    0x00008394      0x608 ./SDK/CMSIS/system_MK64F12.o

.debug_abbrev   0x00000000     0x1e56
 .debug_abbrev  0x00000000       0xd1 ./source/App.o
 .debug_abbrev  0x000000d1      0x249 ./source/FXOS8700CQ.o
 .debug_abbrev  0x0000031a      0x19c ./source/SysTick.o
 .debug_abbrev  0x000004b6      0x25f ./source/accelerometer.o
 .debug_abbrev  0x00000715      0x18f ./source/boardsInterface.o
 .debug_abbrev  0x000008a4      0x340 ./source/can.o
 .debug_abbrev  0x00000be4      0x166 ./source/comController2pc.o
 .debug_abbrev  0x00000d4a      0x17e ./source/coordHAL.o
 .debug_abbrev  0x00000ec8      0x422 ./source/i2c.o
 .debug_abbrev  0x000012ea      0x160 ./source/pinsHandler.o
 .debug_abbrev  0x0000144a      0x102 ./source/sphericalPos.o
 .debug_abbrev  0x0000154c      0x140 ./source/timer.o
 .debug_abbrev  0x0000168c      0x343 ./source/uart.o
 .debug_abbrev  0x000019cf      0x138 ./SDK/startup/hardware.o
 .debug_abbrev  0x00001b07       0x9b ./SDK/startup/main.o
 .debug_abbrev  0x00001ba2       0x2f ./SDK/startup/semihost_hardfault.o
 .debug_abbrev  0x00001bd1      0x13b ./SDK/startup/startup_mk64f12.o
 .debug_abbrev  0x00001d0c      0x14a ./SDK/CMSIS/system_MK64F12.o

.debug_loc      0x00000000     0x20db
 .debug_loc     0x00000000       0x53 ./source/App.o
 .debug_loc     0x00000053      0x103 ./source/FXOS8700CQ.o
 .debug_loc     0x00000156       0x6b ./source/SysTick.o
 .debug_loc     0x000001c1      0x16c ./source/accelerometer.o
 .debug_loc     0x0000032d      0x290 ./source/boardsInterface.o
 .debug_loc     0x000005bd      0x602 ./source/can.o
 .debug_loc     0x00000bbf      0x11c ./source/comController2pc.o
 .debug_loc     0x00000cdb      0x250 ./source/coordHAL.o
 .debug_loc     0x00000f2b      0x29a ./source/i2c.o
 .debug_loc     0x000011c5       0xe3 ./source/pinsHandler.o
 .debug_loc     0x000012a8      0x42a ./source/sphericalPos.o
 .debug_loc     0x000016d2      0x13b ./source/timer.o
 .debug_loc     0x0000180d      0x63e ./source/uart.o
 .debug_loc     0x00001e4b      0x1e7 ./SDK/startup/startup_mk64f12.o
 .debug_loc     0x00002032       0xa9 ./SDK/CMSIS/system_MK64F12.o

.debug_aranges  0x00000000      0x8c8
 .debug_aranges
                0x00000000       0x38 ./source/App.o
 .debug_aranges
                0x00000038       0x38 ./source/FXOS8700CQ.o
 .debug_aranges
                0x00000070       0x28 ./source/SysTick.o
 .debug_aranges
                0x00000098       0x30 ./source/accelerometer.o
 .debug_aranges
                0x000000c8       0x50 ./source/boardsInterface.o
 .debug_aranges
                0x00000118       0xb8 ./source/can.o
 .debug_aranges
                0x000001d0       0x38 ./source/comController2pc.o
 .debug_aranges
                0x00000208       0x40 ./source/coordHAL.o
 .debug_aranges
                0x00000248       0xd8 ./source/i2c.o
 .debug_aranges
                0x00000320       0x50 ./source/pinsHandler.o
 .debug_aranges
                0x00000370       0x48 ./source/sphericalPos.o
 .debug_aranges
                0x000003b8       0x50 ./source/timer.o
 .debug_aranges
                0x00000408       0xf0 ./source/uart.o
 .debug_aranges
                0x000004f8       0x30 ./SDK/startup/hardware.o
 .debug_aranges
                0x00000528       0x20 ./SDK/startup/main.o
 .debug_aranges
                0x00000548       0x20 ./SDK/startup/semihost_hardfault.o
 .debug_aranges
                0x00000568      0x330 ./SDK/startup/startup_mk64f12.o
 .debug_aranges
                0x00000898       0x30 ./SDK/CMSIS/system_MK64F12.o

.debug_ranges   0x00000000      0x7d8
 .debug_ranges  0x00000000       0x28 ./source/App.o
 .debug_ranges  0x00000028       0x28 ./source/FXOS8700CQ.o
 .debug_ranges  0x00000050       0x18 ./source/SysTick.o
 .debug_ranges  0x00000068       0x20 ./source/accelerometer.o
 .debug_ranges  0x00000088       0x40 ./source/boardsInterface.o
 .debug_ranges  0x000000c8       0xa8 ./source/can.o
 .debug_ranges  0x00000170       0x28 ./source/comController2pc.o
 .debug_ranges  0x00000198       0x60 ./source/coordHAL.o
 .debug_ranges  0x000001f8       0xc8 ./source/i2c.o
 .debug_ranges  0x000002c0       0x40 ./source/pinsHandler.o
 .debug_ranges  0x00000300       0x38 ./source/sphericalPos.o
 .debug_ranges  0x00000338       0x40 ./source/timer.o
 .debug_ranges  0x00000378       0xe0 ./source/uart.o
 .debug_ranges  0x00000458       0x20 ./SDK/startup/hardware.o
 .debug_ranges  0x00000478       0x10 ./SDK/startup/main.o
 .debug_ranges  0x00000488       0x10 ./SDK/startup/semihost_hardfault.o
 .debug_ranges  0x00000498      0x320 ./SDK/startup/startup_mk64f12.o
 .debug_ranges  0x000007b8       0x20 ./SDK/CMSIS/system_MK64F12.o

.debug_macro    0x00000000    0x135ad
 .debug_macro   0x00000000       0x86 ./source/App.o
 .debug_macro   0x00000086      0xa5a ./source/App.o
 .debug_macro   0x00000ae0       0x1c ./source/App.o
 .debug_macro   0x00000afc       0x10 ./source/App.o
 .debug_macro   0x00000b0c       0x3a ./source/App.o
 .debug_macro   0x00000b46       0x22 ./source/App.o
 .debug_macro   0x00000b68      0x34e ./source/App.o
 .debug_macro   0x00000eb6      0x20e ./source/FXOS8700CQ.o
 .debug_macro   0x000010c4       0x22 ./source/FXOS8700CQ.o
 .debug_macro   0x000010e6       0x52 ./source/FXOS8700CQ.o
 .debug_macro   0x00001138       0x17 ./source/FXOS8700CQ.o
 .debug_macro   0x0000114f       0x8d ./source/FXOS8700CQ.o
 .debug_macro   0x000011dc       0x35 ./source/FXOS8700CQ.o
 .debug_macro   0x00001211       0x9c ./source/FXOS8700CQ.o
 .debug_macro   0x000012ad       0x16 ./source/FXOS8700CQ.o
 .debug_macro   0x000012c3       0x57 ./source/FXOS8700CQ.o
 .debug_macro   0x0000131a       0x97 ./source/FXOS8700CQ.o
 .debug_macro   0x000013b1      0x330 ./source/FXOS8700CQ.o
 .debug_macro   0x000016e1       0xfd ./source/FXOS8700CQ.o
 .debug_macro   0x000017de       0x10 ./source/FXOS8700CQ.o
 .debug_macro   0x000017ee       0x58 ./source/FXOS8700CQ.o
 .debug_macro   0x00001846       0x1f ./source/FXOS8700CQ.o
 .debug_macro   0x00001865       0x43 ./source/FXOS8700CQ.o
 .debug_macro   0x000018a8       0x20 ./source/FXOS8700CQ.o
 .debug_macro   0x000018c8      0x18e ./source/FXOS8700CQ.o
 .debug_macro   0x00001a56       0x10 ./source/FXOS8700CQ.o
 .debug_macro   0x00001a66       0x6a ./source/FXOS8700CQ.o
 .debug_macro   0x00001ad0       0x1c ./source/FXOS8700CQ.o
 .debug_macro   0x00001aec       0x52 ./source/FXOS8700CQ.o
 .debug_macro   0x00001b3e       0x40 ./source/FXOS8700CQ.o
 .debug_macro   0x00001b7e       0x10 ./source/FXOS8700CQ.o
 .debug_macro   0x00001b8e       0x40 ./source/FXOS8700CQ.o
 .debug_macro   0x00001bce       0xd7 ./source/FXOS8700CQ.o
 .debug_macro   0x00001ca5       0x1c ./source/FXOS8700CQ.o
 .debug_macro   0x00001cc1       0x3d ./source/FXOS8700CQ.o
 .debug_macro   0x00001cfe       0x16 ./source/FXOS8700CQ.o
 .debug_macro   0x00001d14      0x16f ./source/FXOS8700CQ.o
 .debug_macro   0x00001e83       0x96 ./source/SysTick.o
 .debug_macro   0x00001f19       0x5c ./source/SysTick.o
 .debug_macro   0x00001f75       0x1c ./source/SysTick.o
 .debug_macro   0x00001f91       0x22 ./source/SysTick.o
 .debug_macro   0x00001fb3       0xdf ./source/SysTick.o
 .debug_macro   0x00002092      0xecf ./source/SysTick.o
 .debug_macro   0x00002f61       0x48 ./source/SysTick.o
 .debug_macro   0x00002fa9     0xe07b ./source/SysTick.o
 .debug_macro   0x00011024      0x174 ./source/SysTick.o
 .debug_macro   0x00011198       0xfb ./source/accelerometer.o
 .debug_macro   0x00011293      0x1e1 ./source/accelerometer.o
 .debug_macro   0x00011474      0x118 ./source/boardsInterface.o
 .debug_macro   0x0001158c       0x10 ./source/boardsInterface.o
 .debug_macro   0x0001159c     0x122b ./source/boardsInterface.o
 .debug_macro   0x000127c7       0x16 ./source/boardsInterface.o
 .debug_macro   0x000127dd      0x119 ./source/can.o
 .debug_macro   0x000128f6       0x28 ./source/can.o
 .debug_macro   0x0001291e       0x61 ./source/comController2pc.o
 .debug_macro   0x0001297f       0x46 ./source/comController2pc.o
 .debug_macro   0x000129c5       0x77 ./source/coordHAL.o
 .debug_macro   0x00012a3c      0x19e ./source/i2c.o
 .debug_macro   0x00012bda       0x22 ./source/i2c.o
 .debug_macro   0x00012bfc       0x16 ./source/i2c.o
 .debug_macro   0x00012c12      0x10e ./source/i2c.o
 .debug_macro   0x00012d20       0x8d ./source/i2c.o
 .debug_macro   0x00012dad      0x32a ./source/i2c.o
 .debug_macro   0x000130d7       0x16 ./source/i2c.o
 .debug_macro   0x000130ed       0x29 ./source/i2c.o
 .debug_macro   0x00013116       0x92 ./source/pinsHandler.o
 .debug_macro   0x000131a8       0x59 ./source/sphericalPos.o
 .debug_macro   0x00013201       0x58 ./source/timer.o
 .debug_macro   0x00013259       0x10 ./source/timer.o
 .debug_macro   0x00013269      0x118 ./source/uart.o
 .debug_macro   0x00013381       0x40 ./source/uart.o
 .debug_macro   0x000133c1       0x9c ./SDK/startup/hardware.o
 .debug_macro   0x0001345d       0x9c ./SDK/startup/main.o
 .debug_macro   0x000134f9       0x11 ./SDK/startup/semihost_hardfault.o
 .debug_macro   0x0001350a       0x23 ./SDK/startup/startup_mk64f12.o
 .debug_macro   0x0001352d       0x80 ./SDK/CMSIS/system_MK64F12.o

.debug_line     0x00000000     0x2d93
 .debug_line    0x00000000      0x151 ./source/App.o
 .debug_line    0x00000151      0x38c ./source/FXOS8700CQ.o
 .debug_line    0x000004dd      0x163 ./source/SysTick.o
 .debug_line    0x00000640      0x27b ./source/accelerometer.o
 .debug_line    0x000008bb      0x2a9 ./source/boardsInterface.o
 .debug_line    0x00000b64      0x3e0 ./source/can.o
 .debug_line    0x00000f44      0x176 ./source/comController2pc.o
 .debug_line    0x000010ba      0x148 ./source/coordHAL.o
 .debug_line    0x00001202      0x56e ./source/i2c.o
 .debug_line    0x00001770      0x1b3 ./source/pinsHandler.o
 .debug_line    0x00001923      0x1a8 ./source/sphericalPos.o
 .debug_line    0x00001acb      0x178 ./source/timer.o
 .debug_line    0x00001c43      0x511 ./source/uart.o
 .debug_line    0x00002154      0x1cb ./SDK/startup/hardware.o
 .debug_line    0x0000231f      0x175 ./SDK/startup/main.o
 .debug_line    0x00002494       0x55 ./SDK/startup/semihost_hardfault.o
 .debug_line    0x000024e9      0x6d8 ./SDK/startup/startup_mk64f12.o
 .debug_line    0x00002bc1      0x1d2 ./SDK/CMSIS/system_MK64F12.o

.debug_str      0x00000000    0x7ea2b
 .debug_str     0x00000000     0x39e7 ./source/App.o
                               0x3b5b (size before relaxing)
 .debug_str     0x000039e7     0x47ea ./source/FXOS8700CQ.o
                               0x8141 (size before relaxing)
 .debug_str     0x000081d1    0x6d238 ./source/SysTick.o
                              0x70dc2 (size before relaxing)
 .debug_str     0x00075409      0x937 ./source/accelerometer.o
                               0x74ba (size before relaxing)
 .debug_str     0x00075d40     0x6e03 ./source/boardsInterface.o
                              0x77481 (size before relaxing)
 .debug_str     0x0007cb43      0x671 ./source/can.o
                              0x77bbb (size before relaxing)
 .debug_str     0x0007d1b4      0x286 ./source/comController2pc.o
                               0x3bce (size before relaxing)
 .debug_str     0x0007d43a       0xe6 ./source/coordHAL.o
                               0x39e2 (size before relaxing)
 .debug_str     0x0007d520      0x3b2 ./source/i2c.o
                              0x7ae09 (size before relaxing)
 .debug_str     0x0007d8d2       0x78 ./source/pinsHandler.o
                              0x7062b (size before relaxing)
 .debug_str     0x0007d94a      0x26b ./source/sphericalPos.o
                               0x3136 (size before relaxing)
 .debug_str     0x0007dbb5      0x109 ./source/timer.o
                               0x39f2 (size before relaxing)
 .debug_str     0x0007dcbe      0x47e ./source/uart.o
                              0x77d0e (size before relaxing)
 .debug_str     0x0007e13c      0x146 ./SDK/startup/hardware.o
                              0x7720b (size before relaxing)
 .debug_str     0x0007e282       0x1b ./SDK/startup/main.o
                              0x77021 (size before relaxing)
 .debug_str     0x0007e29d       0x36 ./SDK/startup/semihost_hardfault.o
                               0x2d45 (size before relaxing)
 .debug_str     0x0007e2d3      0x701 ./SDK/startup/startup_mk64f12.o
                               0x35b4 (size before relaxing)
 .debug_str     0x0007e9d4       0x57 ./SDK/CMSIS/system_MK64F12.o
                              0x7711a (size before relaxing)

.comment        0x00000000       0x7e
 .comment       0x00000000       0x7e ./source/App.o
                                 0x7f (size before relaxing)
 .comment       0x0000007e       0x7f ./source/FXOS8700CQ.o
 .comment       0x0000007e       0x7f ./source/SysTick.o
 .comment       0x0000007e       0x7f ./source/accelerometer.o
 .comment       0x0000007e       0x7f ./source/boardsInterface.o
 .comment       0x0000007e       0x7f ./source/can.o
 .comment       0x0000007e       0x7f ./source/comController2pc.o
 .comment       0x0000007e       0x7f ./source/coordHAL.o
 .comment       0x0000007e       0x7f ./source/i2c.o
 .comment       0x0000007e       0x7f ./source/pinsHandler.o
 .comment       0x0000007e       0x7f ./source/sphericalPos.o
 .comment       0x0000007e       0x7f ./source/timer.o
 .comment       0x0000007e       0x7f ./source/uart.o
 .comment       0x0000007e       0x7f ./SDK/startup/hardware.o
 .comment       0x0000007e       0x7f ./SDK/startup/main.o
 .comment       0x0000007e       0x7f ./SDK/startup/semihost_hardfault.o
 .comment       0x0000007e       0x7f ./SDK/startup/startup_mk64f12.o
 .comment       0x0000007e       0x7f ./SDK/CMSIS/system_MK64F12.o

.ARM.attributes
                0x00000000       0x39
 .ARM.attributes
                0x00000000       0x39 ./source/App.o
 .ARM.attributes
                0x00000039       0x39 ./source/FXOS8700CQ.o
 .ARM.attributes
                0x00000072       0x39 ./source/SysTick.o
 .ARM.attributes
                0x000000ab       0x39 ./source/accelerometer.o
 .ARM.attributes
                0x000000e4       0x39 ./source/boardsInterface.o
 .ARM.attributes
                0x0000011d       0x39 ./source/can.o
 .ARM.attributes
                0x00000156       0x39 ./source/comController2pc.o
 .ARM.attributes
                0x0000018f       0x39 ./source/coordHAL.o
 .ARM.attributes
                0x000001c8       0x39 ./source/i2c.o
 .ARM.attributes
                0x00000201       0x39 ./source/pinsHandler.o
 .ARM.attributes
                0x0000023a       0x39 ./source/sphericalPos.o
 .ARM.attributes
                0x00000273       0x39 ./source/timer.o
 .ARM.attributes
                0x000002ac       0x39 ./source/uart.o
 .ARM.attributes
                0x000002e5       0x39 ./SDK/startup/hardware.o
 .ARM.attributes
                0x0000031e       0x39 ./SDK/startup/main.o
 .ARM.attributes
                0x00000357       0x39 ./SDK/startup/semihost_hardfault.o
 .ARM.attributes
                0x00000390       0x39 ./SDK/startup/startup_mk64f12.o
 .ARM.attributes
                0x000003c9       0x39 ./SDK/CMSIS/system_MK64F12.o

.debug_frame    0x00000000     0x15c4
 .debug_frame   0x00000000       0x7c ./source/App.o
 .debug_frame   0x0000007c       0x78 ./source/FXOS8700CQ.o
 .debug_frame   0x000000f4       0x38 ./source/SysTick.o
 .debug_frame   0x0000012c       0x84 ./source/accelerometer.o
 .debug_frame   0x000001b0       0xbc ./source/boardsInterface.o
 .debug_frame   0x0000026c      0x204 ./source/can.o
 .debug_frame   0x00000470       0x84 ./source/comController2pc.o
 .debug_frame   0x000004f4       0xa4 ./source/coordHAL.o
 .debug_frame   0x00000598      0x1e8 ./source/i2c.o
 .debug_frame   0x00000780       0x80 ./source/pinsHandler.o
 .debug_frame   0x00000800       0xa0 ./source/sphericalPos.o
 .debug_frame   0x000008a0       0xa4 ./source/timer.o
 .debug_frame   0x00000944      0x2ac ./source/uart.o
 .debug_frame   0x00000bf0       0x40 ./SDK/startup/hardware.o
 .debug_frame   0x00000c30       0x28 ./SDK/startup/main.o
 .debug_frame   0x00000c58       0x20 ./SDK/startup/semihost_hardfault.o
 .debug_frame   0x00000c78      0x904 ./SDK/startup/startup_mk64f12.o
 .debug_frame   0x0000157c       0x48 ./SDK/CMSIS/system_MK64F12.o
