Archive member included to satisfy reference by file (symbol)

c:/nxp/mcuxpressoide_10.2.0_759/ide/tools/bin/../lib/gcc/arm-none-eabi/7.2.1/../../../../arm-none-eabi/lib/thumb/v7e-m/fpv4-sp/hard\libcr_c.a(atan2.o)
                              ./source/accelerometer.o (atan2)
c:/nxp/mcuxpressoide_10.2.0_759/ide/tools/bin/../lib/gcc/arm-none-eabi/7.2.1/../../../../arm-none-eabi/lib/thumb/v7e-m/fpv4-sp/hard\libcr_c.a(errno.o)
                              c:/nxp/mcuxpressoide_10.2.0_759/ide/tools/bin/../lib/gcc/arm-none-eabi/7.2.1/../../../../arm-none-eabi/lib/thumb/v7e-m/fpv4-sp/hard\libcr_c.a(atan2.o) (errno)
c:/nxp/mcuxpressoide_10.2.0_759/ide/tools/bin/../lib/gcc/arm-none-eabi/7.2.1/../../../../arm-none-eabi/lib/thumb/v7e-m/fpv4-sp/hard\libcr_c.a(fabs.o)
                              c:/nxp/mcuxpressoide_10.2.0_759/ide/tools/bin/../lib/gcc/arm-none-eabi/7.2.1/../../../../arm-none-eabi/lib/thumb/v7e-m/fpv4-sp/hard\libcr_c.a(atan2.o) (fabs)
c:/nxp/mcuxpressoide_10.2.0_759/ide/tools/bin/../lib/gcc/arm-none-eabi/7.2.1/../../../../arm-none-eabi/lib/thumb/v7e-m/fpv4-sp/hard\libcr_c.a(sqrt.o)
                              ./source/accelerometer.o (sqrt)
c:/nxp/mcuxpressoide_10.2.0_759/ide/tools/bin/../lib/gcc/arm-none-eabi/7.2.1/../../../../arm-none-eabi/lib/thumb/v7e-m/fpv4-sp/hard\libcr_c.a(_hugeval.o)
                              c:/nxp/mcuxpressoide_10.2.0_759/ide/tools/bin/../lib/gcc/arm-none-eabi/7.2.1/../../../../arm-none-eabi/lib/thumb/v7e-m/fpv4-sp/hard\libcr_c.a(atan2.o) (__huge_val)
c:/nxp/mcuxpressoide_10.2.0_759/ide/tools/bin/../lib/gcc/arm-none-eabi/7.2.1/../../../../arm-none-eabi/lib/thumb/v7e-m/fpv4-sp/hard\libcr_c.a(atan.o)
                              c:/nxp/mcuxpressoide_10.2.0_759/ide/tools/bin/../lib/gcc/arm-none-eabi/7.2.1/../../../../arm-none-eabi/lib/thumb/v7e-m/fpv4-sp/hard\libcr_c.a(atan2.o) (atan)
c:/nxp/mcuxpressoide_10.2.0_759/ide/tools/bin/../lib/gcc/arm-none-eabi/7.2.1/thumb/v7e-m/fpv4-sp/hard\libcr_eabihelpers.a(double.o)
                              ./source/accelerometer.o (__aeabi_dmul)
c:/nxp/mcuxpressoide_10.2.0_759/ide/tools/bin/../lib/gcc/arm-none-eabi/7.2.1/thumb/v7e-m/fpv4-sp/hard\libcr_eabihelpers.a(float.o)
                              ./source/accelerometer.o (__aeabi_f2d)

Discarded input sections

 .group         0x00000000        0xc ./source/App.o
 .group         0x00000000        0xc ./source/App.o
 .group         0x00000000        0xc ./source/App.o
 .group         0x00000000        0xc ./source/App.o
 .group         0x00000000        0xc ./source/App.o
 .group         0x00000000        0xc ./source/App.o
 .text          0x00000000        0x0 ./source/App.o
 .data          0x00000000        0x0 ./source/App.o
 .bss           0x00000000        0x0 ./source/App.o
 .group         0x00000000        0xc ./source/FXOS8700CQ.o
 .group         0x00000000        0xc ./source/FXOS8700CQ.o
 .group         0x00000000        0xc ./source/FXOS8700CQ.o
 .group         0x00000000        0xc ./source/FXOS8700CQ.o
 .group         0x00000000        0xc ./source/FXOS8700CQ.o
 .group         0x00000000        0xc ./source/FXOS8700CQ.o
 .group         0x00000000        0xc ./source/FXOS8700CQ.o
 .group         0x00000000        0xc ./source/FXOS8700CQ.o
 .group         0x00000000        0xc ./source/FXOS8700CQ.o
 .group         0x00000000        0xc ./source/FXOS8700CQ.o
 .group         0x00000000        0xc ./source/FXOS8700CQ.o
 .group         0x00000000        0xc ./source/FXOS8700CQ.o
 .group         0x00000000        0xc ./source/FXOS8700CQ.o
 .group         0x00000000        0xc ./source/FXOS8700CQ.o
 .group         0x00000000        0xc ./source/FXOS8700CQ.o
 .group         0x00000000        0xc ./source/FXOS8700CQ.o
 .group         0x00000000        0xc ./source/FXOS8700CQ.o
 .group         0x00000000        0xc ./source/FXOS8700CQ.o
 .group         0x00000000        0xc ./source/FXOS8700CQ.o
 .group         0x00000000        0xc ./source/FXOS8700CQ.o
 .group         0x00000000        0xc ./source/FXOS8700CQ.o
 .group         0x00000000        0xc ./source/FXOS8700CQ.o
 .group         0x00000000        0xc ./source/FXOS8700CQ.o
 .group         0x00000000        0xc ./source/FXOS8700CQ.o
 .group         0x00000000        0xc ./source/FXOS8700CQ.o
 .group         0x00000000        0xc ./source/FXOS8700CQ.o
 .group         0x00000000        0xc ./source/FXOS8700CQ.o
 .group         0x00000000        0xc ./source/FXOS8700CQ.o
 .group         0x00000000        0xc ./source/FXOS8700CQ.o
 .group         0x00000000        0xc ./source/FXOS8700CQ.o
 .group         0x00000000        0xc ./source/FXOS8700CQ.o
 .group         0x00000000        0xc ./source/FXOS8700CQ.o
 .text          0x00000000        0x0 ./source/FXOS8700CQ.o
 .data          0x00000000        0x0 ./source/FXOS8700CQ.o
 .bss           0x00000000        0x0 ./source/FXOS8700CQ.o
 .text.callback
                0x00000000        0xc ./source/FXOS8700CQ.o
 .text.FXOS8700CQConfiguration
[...]
Memory Configuration

Name             Origin             Length             Attributes
PROGRAM_FLASH    0x00000000         0x00100000         xr
SRAM_UPPER       0x20000000         0x00030000         xrw
SRAM_LOWER       0x1fff0000         0x00010000         xrw
FLEX_RAM         0x14000000         0x00001000         xrw
*default*        0x00000000         0xffffffff

Linker script and memory map

LOAD ./source/App.o
LOAD ./source/FXOS8700CQ.o
LOAD ./source/SysTick.o
LOAD ./source/accelerometer.o
LOAD ./source/boardsInterface.o
LOAD ./source/can.o
LOAD ./source/comController2pc.o
LOAD ./source/coordHAL.o
LOAD ./source/i2c.o
LOAD ./source/pinsHandler.o
LOAD ./source/sphericalPos.o
LOAD ./source/spi.o
LOAD ./source/timer.o
LOAD ./source/uart.o
LOAD ./SDK/startup/hardware.o
LOAD ./SDK/startup/main.o
LOAD ./SDK/startup/semihost_hardfault.o
LOAD ./SDK/startup/startup_mk64f12.o
LOAD ./SDK/CMSIS/system_MK64F12.o
START GROUP
LOAD c:/nxp/mcuxpressoide_10.2.0_759/ide/tools/bin/../lib/gcc/arm-none-eabi/7.2.1/../../../../arm-none-eabi/lib/thumb/v7e-m/fpv4-sp/hard\libcr_c.a
LOAD c:/nxp/mcuxpressoide_10.2.0_759/ide/tools/bin/../lib/gcc/arm-none-eabi/7.2.1/thumb/v7e-m/fpv4-sp/hard\libcr_eabihelpers.a
END GROUP
                0x00000000                __base_PROGRAM_FLASH = 0x0
                0x00000000                __base_Flash = 0x0
                0x00100000                __top_PROGRAM_FLASH = 0x100000
                0x00100000                __top_Flash = 0x100000
                0x20000000                __base_SRAM_UPPER = 0x20000000
                0x20000000                __base_RAM = 0x20000000
                0x20030000                __top_SRAM_UPPER = 0x20030000
                0x20030000                __top_RAM = 0x20030000
                0x1fff0000                __base_SRAM_LOWER = 0x1fff0000
                0x1fff0000                __base_RAM2 = 0x1fff0000
                0x20000000                __top_SRAM_LOWER = 0x20000000
                0x20000000                __top_RAM2 = 0x20000000
                0x14000000                __base_FLEX_RAM = 0x14000000
                0x14000000                __base_RAM3 = 0x14000000
                0x14001000                __top_FLEX_RAM = 0x14001000
                0x14001000                __top_RAM3 = 0x14001000

.text           0x00000000     0x1558
 FILL mask 0xff
                0x00000000                __vectors_start__ = ABSOLUTE (.)
 *(SORT_BY_ALIGNMENT(.isr_vector))
 .isr_vector    0x00000000      0x198 ./SDK/startup/startup_mk64f12.o
                0x00000000                g_pfnVectors
                0x00000000                __Vectors
                0x00000198                . = ALIGN (0x4)
                0x00000198                __section_table_start = .
                0x00000198                __data_section_table = .
                0x00000198        0x4 LONG 0x1558 LOADADDR (.data)
                0x0000019c        0x4 LONG 0x20000000 ADDR (.data)
                0x000001a0        0x4 LONG 0x30 SIZEOF (.data)
                0x000001a4        0x4 LONG 0x1558 LOADADDR (.data_RAM2)
                0x000001a8        0x4 LONG 0x1fff0000 ADDR (.data_RAM2)
                0x000001ac        0x4 LONG 0x0 SIZEOF (.data_RAM2)
                0x000001b0        0x4 LONG 0x1558 LOADADDR (.data_RAM3)
                0x000001b4        0x4 LONG 0x14000000 ADDR (.data_RAM3)
                0x000001b8        0x4 LONG 0x0 SIZEOF (.data_RAM3)
                0x000001bc                __data_section_table_end = .
                0x000001bc                __bss_section_table = .
                0x000001bc        0x4 LONG 0x20000030 ADDR (.bss)
                0x000001c0        0x4 LONG 0x718 SIZEOF (.bss)
                0x000001c4        0x4 LONG 0x1fff0000 ADDR (.bss_RAM2)
                0x000001c8        0x4 LONG 0x0 SIZEOF (.bss_RAM2)
                0x000001cc        0x4 LONG 0x14000000 ADDR (.bss_RAM3)
                0x000001d0        0x4 LONG 0x0 SIZEOF (.bss_RAM3)
                0x000001d4                __bss_section_table_end = .
                0x000001d4                __section_table_end = .
 *(SORT_BY_ALIGNMENT(.after_vectors*))
 .after_vectors.reset
                0x000001d4       0x4c ./SDK/startup/startup_mk64f12.o
                0x000001d4                ResetISR
 .after_vectors
                0x00000220       0x14 ./SDK/startup/startup_mk64f12.o
                0x00000220                NMI_Handler
                0x00000224                MemManage_Handler
                0x00000226                BusFault_Handler
                0x00000228                UsageFault_Handler
                0x0000022a                SVC_Handler
                0x0000022c                DebugMon_Handler
                0x0000022e                PendSV_Handler
                0x00000232                DMA_Error_DriverIRQHandler
                0x00000232                LPTMR0_DriverIRQHandler
                0x00000232                FTM1_DriverIRQHandler
                0x00000232                FTM2_DriverIRQHandler
                0x00000232                PIT2_DriverIRQHandler
                0x00000232                SDHC_DriverIRQHandler
                0x00000232                I2S0_Tx_DriverIRQHandler
                0x00000232                RTC_Seconds_DriverIRQHandler
                0x00000232                DMA6_DriverIRQHandler
                0x00000232                LLWU_DriverIRQHandler
                0x00000232                MCM_DriverIRQHandler
                0x00000232                MCG_DriverIRQHandler
                0x00000232                ENET_1588_Timer_DriverIRQHandler
                0x00000232                I2C2_DriverIRQHandler
                0x00000232                DAC1_DriverIRQHandler
                0x00000232                SPI1_DriverIRQHandler
                0x00000232                CMP1_DriverIRQHandler
                0x00000232                UART5_RX_TX_DriverIRQHandler
                0x00000232                FTM0_DriverIRQHandler
                0x00000232                IntDefaultHandler
                0x00000232                USB0_DriverIRQHandler
                0x00000232                UART5_ERR_DriverIRQHandler
                0x00000232                PORTC_DriverIRQHandler
                0x00000232                DMA11_DriverIRQHandler
                0x00000232                DAC0_DriverIRQHandler
                0x00000232                DMA10_DriverIRQHandler
                0x00000232                CMP2_DriverIRQHandler
                0x00000232                UART2_ERR_DriverIRQHandler
                0x00000232                SPI2_DriverIRQHandler
                0x00000232                LVD_LVW_DriverIRQHandler
                0x00000232                PIT0_DriverIRQHandler
                0x00000232                RNG_DriverIRQHandler
                0x00000232                DMA5_DriverIRQHandler
                0x00000232                DMA12_DriverIRQHandler
                0x00000232                UART2_RX_TX_DriverIRQHandler
                0x00000232                USBDCD_DriverIRQHandler
                0x00000232                UART3_ERR_DriverIRQHandler
                0x00000232                DMA3_DriverIRQHandler
                0x00000232                DMA8_DriverIRQHandler
                0x00000232                DMA9_DriverIRQHandler
                0x00000232                UART0_ERR_DriverIRQHandler
                0x00000232                CMT_DriverIRQHandler
                0x00000232                Reserved71_DriverIRQHandler
                0x00000232                ADC1_DriverIRQHandler
                0x00000232                PORTA_DriverIRQHandler
                0x00000232                DMA14_DriverIRQHandler
                0x00000232                PIT3_DriverIRQHandler
                0x00000232                PIT1_DriverIRQHandler
                0x00000232                WDOG_EWM_DriverIRQHandler
                0x00000232                PDB0_DriverIRQHandler
                0x00000232                RTC_DriverIRQHandler
                0x00000232                I2S0_Rx_DriverIRQHandler
                0x00000232                Read_Collision_DriverIRQHandler
                0x00000232                SWI_DriverIRQHandler
                0x00000232                UART4_RX_TX_DriverIRQHandler
                0x00000232                UART4_ERR_DriverIRQHandler
                0x00000232                PORTB_DriverIRQHandler
                0x00000232                UART0_LON_DriverIRQHandler
                0x00000232                DMA0_DriverIRQHandler
                0x00000232                DMA1_DriverIRQHandler
                0x00000232                I2C1_DriverIRQHandler
                0x00000232                UART3_RX_TX_DriverIRQHandler
                0x00000232                ENET_Receive_DriverIRQHandler
                0x00000232                DMA13_DriverIRQHandler
                0x00000232                ENET_Error_DriverIRQHandler
                0x00000232                DMA15_DriverIRQHandler
                0x00000232                UART0_RX_TX_DriverIRQHandler
                0x00000232                SPI0_DriverIRQHandler
                0x00000232                ADC0_DriverIRQHandler
                0x00000232                CMP0_DriverIRQHandler
                0x00000232                CAN0_DriverIRQHandler
                0x00000232                FTM3_DriverIRQHandler
                0x00000232                DMA4_DriverIRQHandler
                0x00000232                UART1_ERR_DriverIRQHandler
                0x00000232                DMA2_DriverIRQHandler
                0x00000232                ENET_Transmit_DriverIRQHandler
                0x00000232                PORTD_DriverIRQHandler
                0x00000232                PORTE_DriverIRQHandler
                0x00000232                FTFE_DriverIRQHandler
                0x00000232                I2C0_DriverIRQHandler
                0x00000232                DMA7_DriverIRQHandler
                0x00000232                UART1_RX_TX_DriverIRQHandler
 .after_vectors.init_data
                0x00000234       0x1e ./SDK/startup/startup_mk64f12.o
                0x00000234                data_init
 .after_vectors.init_bss
                0x00000252       0x12 ./SDK/startup/startup_mk64f12.o
                0x00000252                bss_init
                0x00000400                . = 0x400
 *fill*         0x00000264      0x19c ff
                0x00000400                PROVIDE (__FLASH_CONFIG_START__, .)
 *(SORT_BY_ALIGNMENT(.FlashConfig))
 .FlashConfig   0x00000400       0x10 ./SDK/startup/startup_mk64f12.o
                0x00000400                Flash_Config
                0x00000410                PROVIDE (__FLASH_CONFIG_END__, .)
                0x00000001                ASSERT (! ((__FLASH_CONFIG_START__ == __FLASH_CONFIG_END__)), Linker Flash Config Support Enabled, but no .FlashConfig section provided within application)
 *(SORT_BY_ALIGNMENT(.text*))
 .text.callbackRefreshPc
                0x00000410       0x14 ./source/App.o
                0x00000410                callbackRefreshPc
 .text.callbackRefreshCoord
                0x00000424       0x84 ./source/App.o
                0x00000424                callbackRefreshCoord
 .text.App_Init
                0x000004a8       0x20 ./source/App.o
                0x000004a8                App_Init
 .text.SysTick_Init
                0x000004c8       0x2c ./source/SysTick.o
                0x000004c8                SysTick_Init
 .text.SysTick_Handler
                0x000004f4       0x10 ./source/SysTick.o
                0x000004f4                SysTick_Handler
 .text.refreshCounterFps
                0x00000504        0xc ./source/boardsInterface.o
                0x00000504                refreshCounterFps
 .text.initBoardsInterface
                0x00000510       0x2c ./source/boardsInterface.o
                0x00000510                initBoardsInterface
 .text.getBoardCoordChared
                0x0000053c       0x48 ./source/boardsInterface.o
                0x0000053c                getBoardCoordChared
 .text.timeOutCallback
                0x00000584       0x48 ./source/boardsInterface.o
                0x00000584                timeOutCallback
 .text.updateLecture
                0x000005cc       0x54 ./source/boardsInterface.o
                0x000005cc                updateLecture
 .text.FLEXCANTxHandler
                0x00000620       0x24 ./source/can.o
 .text.recursiveStore
                0x00000644       0x44 ./source/can.o
 .text.FLEXCANRxHandler
                0x00000688       0x44 ./source/can.o
 .text.CAN0_ORed_Message_buffer_IRQHandler
                0x000006cc       0x38 ./source/can.o
                0x000006cc                CAN0_ORed_Message_buffer_IRQHandler
 .text.initResourcesController2pc
                0x00000704       0x48 ./source/comController2pc.o
                0x00000704                initResourcesController2pc
 .text.sendMessage2pc
                0x0000074c       0x3c ./source/comController2pc.o
                0x0000074c                sendMessage2pc
 .text.sendStop
                0x00000788       0x14 ./source/i2c.o
 .text.sendRepeatStart
                0x0000079c       0x1c ./source/i2c.o
 .text.getStopFlag
                0x000007b8       0x10 ./source/i2c.o
 .text.getStartFlag
                0x000007c8       0x10 ./source/i2c.o
 .text.clearInterruptFlag
                0x000007d8       0x14 ./source/i2c.o
 .text.clearStopFlag
                0x000007ec       0x14 ./source/i2c.o
 .text.clearStartFlag
                0x00000800       0x14 ./source/i2c.o
 .text.getMode  0x00000814       0x10 ./source/i2c.o
 .text.setModeRX
                0x00000824       0x14 ./source/i2c.o
 .text.setNack  0x00000838       0x14 ./source/i2c.o
 .text.unsetNack
                0x0000084c       0x14 ./source/i2c.o
 .text.receivedAck
                0x00000860       0x14 ./source/i2c.o
 .text.writeByte
                0x00000874        0xc ./source/i2c.o
 .text.readByte
                0x00000880        0xc ./source/i2c.o
 .text.isr_routine
                0x0000088c      0x150 ./source/i2c.o
 .text.int2charsCoord
                0x000009dc       0x68 ./source/sphericalPos.o
                0x000009dc                int2charsCoord
 .text.sysTickCallback
                0x00000a44       0x34 ./source/timer.o
                0x00000a44                sysTickCallback
 .text.InitializeTimers
                0x00000a78       0x40 ./source/timer.o
                0x00000a78                InitializeTimers
 .text.SetTimer
                0x00000ab8       0x54 ./source/timer.o
                0x00000ab8                SetTimer
 .text.DisableTimer
                0x00000b0c       0x10 ./source/timer.o
                0x00000b0c                DisableTimer
 .text.copyTXmsg
                0x00000b1c       0x50 ./source/uart.o
                0x00000b1c                copyTXmsg
 .text.uartWriteMsg
                0x00000b6c       0xbc ./source/uart.o
                0x00000b6c                uartWriteMsg
 .text.UARTX_RX_TX_IRQHandler
                0x00000c28      0x118 ./source/uart.o
                0x00000c28                UARTX_RX_TX_IRQHandler
 .text.UART_setBaudRate
                0x00000d40       0x68 ./source/uart.o
                0x00000d40                UART_setBaudRate
 .text.UART_clockGating
                0x00000da8       0x64 ./source/uart.o
                0x00000da8                UART_clockGating
 .text.uartInit
                0x00000e0c      0x1a4 ./source/uart.o
                0x00000e0c                uartInit
 .text.hw_Init  0x00000fb0       0xc0 ./SDK/startup/hardware.o
                0x00000fb0                hw_Init
 .text.hw_EnableInterrupts
                0x00001070       0x18 ./SDK/startup/hardware.o
                0x00001070                hw_EnableInterrupts
 .text.hw_DisableInterrupts
                0x00001088       0x10 ./SDK/startup/hardware.o
                0x00001088                hw_DisableInterrupts
 .text.SystemInit
                0x00001098       0x34 ./SDK/CMSIS/system_MK64F12.o
                0x00001098                SystemInit
 .text.App_Run  0x000010cc        0x8 ./source/App.o
                0x000010cc                App_Run
 .text.name2numCoord
                0x000010d4       0x14 ./source/boardsInterface.o
                0x000010d4                name2numCoord
 .text.FLEXCANresetRxMbConfig
                0x000010e8       0x1e ./source/can.o
 .text.FLEXCANresetTxMbConfig
                0x00001106       0x1e ./source/can.o
 .text.FLEXCANreadRxMb
                0x00001124       0x42 ./source/can.o
 .text.I2C0_IRQHandler
                0x00001166        0x8 ./source/i2c.o
                0x00001166                I2C0_IRQHandler
 .text.I2C1_IRQHandler
                0x0000116e        0x8 ./source/i2c.o
                0x0000116e                I2C1_IRQHandler
 .text.I2C2_IRQHandler
                0x00001176        0x8 ./source/i2c.o
                0x00001176                I2C2_IRQHandler
 .text.setPCRmux
                0x0000117e       0x16 ./source/pinsHandler.o
                0x0000117e                setPCRmux
 .text.setPCRirqc
                0x00001194       0x16 ./source/pinsHandler.o
                0x00001194                setPCRirqc
 .text.isValidCoord
                0x000011aa       0x40 ./source/sphericalPos.o
                0x000011aa                isValidCoord
 .text.isValidPos
                0x000011ea        0xc ./source/sphericalPos.o
                0x000011ea                isValidPos
 .text.areCoordsEquals
                0x000011f6       0x18 ./source/sphericalPos.o
                0x000011f6                areCoordsEquals
 .text.anyCoordHasChanged
                0x0000120e       0x4a ./source/sphericalPos.o
                0x0000120e                anyCoordHasChanged
 .text.UART0_LON_IRQHandler
                0x00001258        0x2 ./source/uart.o
                0x00001258                UART0_LON_IRQHandler
 .text.UART0_RX_TX_IRQHandler
                0x0000125a        0xa ./source/uart.o
                0x0000125a                UART0_RX_TX_IRQHandler
 .text.UART0_ERR_IRQHandler
                0x00001264        0x2 ./source/uart.o
                0x00001264                UART0_ERR_IRQHandler
 .text.UART1_RX_TX_IRQHandler
                0x00001266        0xa ./source/uart.o
                0x00001266                UART1_RX_TX_IRQHandler
 .text.UART1_ERR_IRQHandler
                0x00001270        0x2 ./source/uart.o
                0x00001270                UART1_ERR_IRQHandler
 .text.UART2_RX_TX_IRQHandler
                0x00001272        0xa ./source/uart.o
                0x00001272                UART2_RX_TX_IRQHandler
 .text.UART2_ERR_IRQHandler
                0x0000127c        0x2 ./source/uart.o
                0x0000127c                UART2_ERR_IRQHandler
 .text.UART3_RX_TX_IRQHandler
                0x0000127e        0xa ./source/uart.o
                0x0000127e                UART3_RX_TX_IRQHandler
 .text.UART3_ERR_IRQHandler
                0x00001288        0x2 ./source/uart.o
                0x00001288                UART3_ERR_IRQHandler
 .text.UART4_RX_TX_IRQHandler
                0x0000128a        0xa ./source/uart.o
                0x0000128a                UART4_RX_TX_IRQHandler
 .text.UART4_ERR_IRQHandler
                0x00001294        0x2 ./source/uart.o
                0x00001294                UART4_ERR_IRQHandler
 .text.main     0x00001296       0x18 ./SDK/startup/main.o
                0x00001296                main
 .text.HardFault_Handler
                0x000012ae       0x2a ./SDK/startup/semihost_hardfault.o
                0x000012ae                HardFault_Handler
 .text.DMA0_IRQHandler
                0x000012d8        0x8 ./SDK/startup/startup_mk64f12.o
                0x000012d8                DMA0_IRQHandler
 .text.DMA1_IRQHandler
                0x000012e0        0x8 ./SDK/startup/startup_mk64f12.o
                0x000012e0                DMA1_IRQHandler
 .text.DMA2_IRQHandler
                0x000012e8        0x8 ./SDK/startup/startup_mk64f12.o
                0x000012e8                DMA2_IRQHandler
 .text.DMA3_IRQHandler
                0x000012f0        0x8 ./SDK/startup/startup_mk64f12.o
                0x000012f0                DMA3_IRQHandler
 .text.DMA4_IRQHandler
                0x000012f8        0x8 ./SDK/startup/startup_mk64f12.o
                0x000012f8                DMA4_IRQHandler
 .text.DMA5_IRQHandler
                0x00001300        0x8 ./SDK/startup/startup_mk64f12.o
                0x00001300                DMA5_IRQHandler
 .text.DMA6_IRQHandler
                0x00001308        0x8 ./SDK/startup/startup_mk64f12.o
                0x00001308                DMA6_IRQHandler
 .text.DMA7_IRQHandler
                0x00001310        0x8 ./SDK/startup/startup_mk64f12.o
                0x00001310                DMA7_IRQHandler
 .text.DMA8_IRQHandler
                0x00001318        0x8 ./SDK/startup/startup_mk64f12.o
                0x00001318                DMA8_IRQHandler
 .text.DMA9_IRQHandler
                0x00001320        0x8 ./SDK/startup/startup_mk64f12.o
                0x00001320                DMA9_IRQHandler
 .text.DMA10_IRQHandler
                0x00001328        0x8 ./SDK/startup/startup_mk64f12.o
                0x00001328                DMA10_IRQHandler
 .text.DMA11_IRQHandler
                0x00001330        0x8 ./SDK/startup/startup_mk64f12.o
                0x00001330                DMA11_IRQHandler
 .text.DMA12_IRQHandler
                0x00001338        0x8 ./SDK/startup/startup_mk64f12.o
                0x00001338                DMA12_IRQHandler
 .text.DMA13_IRQHandler
                0x00001340        0x8 ./SDK/startup/startup_mk64f12.o
                0x00001340                DMA13_IRQHandler
 .text.DMA14_IRQHandler
                0x00001348        0x8 ./SDK/startup/startup_mk64f12.o
                0x00001348                DMA14_IRQHandler
 .text.DMA15_IRQHandler
                0x00001350        0x8 ./SDK/startup/startup_mk64f12.o
                0x00001350                DMA15_IRQHandler
 .text.DMA_Error_IRQHandler
                0x00001358        0x8 ./SDK/startup/startup_mk64f12.o
                0x00001358                DMA_Error_IRQHandler
 .text.MCM_IRQHandler
                0x00001360        0x8 ./SDK/startup/startup_mk64f12.o
                0x00001360                MCM_IRQHandler
 .text.FTFE_IRQHandler
                0x00001368        0x8 ./SDK/startup/startup_mk64f12.o
                0x00001368                FTFE_IRQHandler
 .text.Read_Collision_IRQHandler
                0x00001370        0x8 ./SDK/startup/startup_mk64f12.o
                0x00001370                Read_Collision_IRQHandler
 .text.LVD_LVW_IRQHandler
                0x00001378        0x8 ./SDK/startup/startup_mk64f12.o
                0x00001378                LVD_LVW_IRQHandler
 .text.LLWU_IRQHandler
                0x00001380        0x8 ./SDK/startup/startup_mk64f12.o
                0x00001380                LLWU_IRQHandler
 .text.WDOG_EWM_IRQHandler
                0x00001388        0x8 ./SDK/startup/startup_mk64f12.o
                0x00001388                WDOG_EWM_IRQHandler
 .text.RNG_IRQHandler
                0x00001390        0x8 ./SDK/startup/startup_mk64f12.o
                0x00001390                RNG_IRQHandler
 .text.SPI0_IRQHandler
                0x00001398        0x8 ./SDK/startup/startup_mk64f12.o
                0x00001398                SPI0_IRQHandler
 .text.SPI1_IRQHandler
                0x000013a0        0x8 ./SDK/startup/startup_mk64f12.o
                0x000013a0                SPI1_IRQHandler
 .text.I2S0_Tx_IRQHandler
                0x000013a8        0x8 ./SDK/startup/startup_mk64f12.o
                0x000013a8                I2S0_Tx_IRQHandler
 .text.I2S0_Rx_IRQHandler
                0x000013b0        0x8 ./SDK/startup/startup_mk64f12.o
                0x000013b0                I2S0_Rx_IRQHandler
 .text.ADC0_IRQHandler
                0x000013b8        0x8 ./SDK/startup/startup_mk64f12.o
                0x000013b8                ADC0_IRQHandler
 .text.CMP0_IRQHandler
                0x000013c0        0x8 ./SDK/startup/startup_mk64f12.o
                0x000013c0                CMP0_IRQHandler
 .text.CMP1_IRQHandler
                0x000013c8        0x8 ./SDK/startup/startup_mk64f12.o
                0x000013c8                CMP1_IRQHandler
 .text.FTM0_IRQHandler
                0x000013d0        0x8 ./SDK/startup/startup_mk64f12.o
                0x000013d0                FTM0_IRQHandler
 .text.FTM1_IRQHandler
                0x000013d8        0x8 ./SDK/startup/startup_mk64f12.o
                0x000013d8                FTM1_IRQHandler
 .text.FTM2_IRQHandler
                0x000013e0        0x8 ./SDK/startup/startup_mk64f12.o
                0x000013e0                FTM2_IRQHandler
 .text.CMT_IRQHandler
                0x000013e8        0x8 ./SDK/startup/startup_mk64f12.o
                0x000013e8                CMT_IRQHandler
 .text.RTC_IRQHandler
                0x000013f0        0x8 ./SDK/startup/startup_mk64f12.o
                0x000013f0                RTC_IRQHandler
 .text.RTC_Seconds_IRQHandler
                0x000013f8        0x8 ./SDK/startup/startup_mk64f12.o
                0x000013f8                RTC_Seconds_IRQHandler
 .text.PIT0_IRQHandler
                0x00001400        0x8 ./SDK/startup/startup_mk64f12.o
                0x00001400                PIT0_IRQHandler
 .text.PIT1_IRQHandler
                0x00001408        0x8 ./SDK/startup/startup_mk64f12.o
                0x00001408                PIT1_IRQHandler
 .text.PIT2_IRQHandler
                0x00001410        0x8 ./SDK/startup/startup_mk64f12.o
                0x00001410                PIT2_IRQHandler
 .text.PIT3_IRQHandler
                0x00001418        0x8 ./SDK/startup/startup_mk64f12.o
                0x00001418                PIT3_IRQHandler
 .text.PDB0_IRQHandler
                0x00001420        0x8 ./SDK/startup/startup_mk64f12.o
                0x00001420                PDB0_IRQHandler
 .text.USB0_IRQHandler
                0x00001428        0x8 ./SDK/startup/startup_mk64f12.o
                0x00001428                USB0_IRQHandler
 .text.USBDCD_IRQHandler
                0x00001430        0x8 ./SDK/startup/startup_mk64f12.o
                0x00001430                USBDCD_IRQHandler
 .text.Reserved71_IRQHandler
                0x00001438        0x8 ./SDK/startup/startup_mk64f12.o
                0x00001438                Reserved71_IRQHandler
 .text.DAC0_IRQHandler
                0x00001440        0x8 ./SDK/startup/startup_mk64f12.o
                0x00001440                DAC0_IRQHandler
 .text.MCG_IRQHandler
                0x00001448        0x8 ./SDK/startup/startup_mk64f12.o
                0x00001448                MCG_IRQHandler
 .text.LPTMR0_IRQHandler
                0x00001450        0x8 ./SDK/startup/startup_mk64f12.o
                0x00001450                LPTMR0_IRQHandler
 .text.PORTA_IRQHandler
                0x00001458        0x8 ./SDK/startup/startup_mk64f12.o
                0x00001458                PORTA_IRQHandler
 .text.PORTB_IRQHandler
                0x00001460        0x8 ./SDK/startup/startup_mk64f12.o
                0x00001460                PORTB_IRQHandler
 .text.PORTC_IRQHandler
                0x00001468        0x8 ./SDK/startup/startup_mk64f12.o
                0x00001468                PORTC_IRQHandler
 .text.PORTD_IRQHandler
                0x00001470        0x8 ./SDK/startup/startup_mk64f12.o
                0x00001470                PORTD_IRQHandler
 .text.PORTE_IRQHandler
                0x00001478        0x8 ./SDK/startup/startup_mk64f12.o
                0x00001478                PORTE_IRQHandler
 .text.SWI_IRQHandler
                0x00001480        0x8 ./SDK/startup/startup_mk64f12.o
                0x00001480                SWI_IRQHandler
 .text.SPI2_IRQHandler
                0x00001488        0x8 ./SDK/startup/startup_mk64f12.o
                0x00001488                SPI2_IRQHandler
 .text.UART5_RX_TX_IRQHandler
                0x00001490        0x8 ./SDK/startup/startup_mk64f12.o
                0x00001490                UART5_RX_TX_IRQHandler
 .text.UART5_ERR_IRQHandler
                0x00001498        0x8 ./SDK/startup/startup_mk64f12.o
                0x00001498                UART5_ERR_IRQHandler
 .text.CMP2_IRQHandler
                0x000014a0        0x8 ./SDK/startup/startup_mk64f12.o
                0x000014a0                CMP2_IRQHandler
 .text.FTM3_IRQHandler
                0x000014a8        0x8 ./SDK/startup/startup_mk64f12.o
                0x000014a8                FTM3_IRQHandler
 .text.DAC1_IRQHandler
                0x000014b0        0x8 ./SDK/startup/startup_mk64f12.o
                0x000014b0                DAC1_IRQHandler
 .text.ADC1_IRQHandler
                0x000014b8        0x8 ./SDK/startup/startup_mk64f12.o
                0x000014b8                ADC1_IRQHandler
 .text.CAN0_Bus_Off_IRQHandler
                0x000014c0        0x8 ./SDK/startup/startup_mk64f12.o
                0x000014c0                CAN0_Bus_Off_IRQHandler
 .text.CAN0_Error_IRQHandler
                0x000014c8        0x8 ./SDK/startup/startup_mk64f12.o
                0x000014c8                CAN0_Error_IRQHandler
 .text.CAN0_Tx_Warning_IRQHandler
                0x000014d0        0x8 ./SDK/startup/startup_mk64f12.o
                0x000014d0                CAN0_Tx_Warning_IRQHandler
 .text.CAN0_Rx_Warning_IRQHandler
                0x000014d8        0x8 ./SDK/startup/startup_mk64f12.o
                0x000014d8                CAN0_Rx_Warning_IRQHandler
 .text.CAN0_Wake_Up_IRQHandler
                0x000014e0        0x8 ./SDK/startup/startup_mk64f12.o
                0x000014e0                CAN0_Wake_Up_IRQHandler
 .text.SDHC_IRQHandler
                0x000014e8        0x8 ./SDK/startup/startup_mk64f12.o
                0x000014e8                SDHC_IRQHandler
 .text.ENET_1588_Timer_IRQHandler
                0x000014f0        0x8 ./SDK/startup/startup_mk64f12.o
                0x000014f0                ENET_1588_Timer_IRQHandler
 .text.ENET_Transmit_IRQHandler
                0x000014f8        0x8 ./SDK/startup/startup_mk64f12.o
                0x000014f8                ENET_Transmit_IRQHandler
 .text.ENET_Receive_IRQHandler
                0x00001500        0x8 ./SDK/startup/startup_mk64f12.o
                0x00001500                ENET_Receive_IRQHandler
 .text.ENET_Error_IRQHandler
                0x00001508        0x8 ./SDK/startup/startup_mk64f12.o
                0x00001508                ENET_Error_IRQHandler
 .text.SystemInitHook
                0x00001510        0x2 ./SDK/CMSIS/system_MK64F12.o
                0x00001510                SystemInitHook
 *(SORT_BY_ALIGNMENT(.rodata) SORT_BY_ALIGNMENT(.rodata.*) SORT_BY_ALIGNMENT(.constdata) SORT_BY_ALIGNMENT(.constdata.*))
 *fill*         0x00001512        0x2 ff
 .rodata        0x00001514        0x3 ./source/App.o
 *fill*         0x00001517        0x1 ff
 .rodata        0x00001518        0x3 ./source/boardsInterface.o
 *fill*         0x0000151b        0x1 ff
 .rodata        0x0000151c       0x2c ./source/uart.o
 .rodata.uartRXpins
                0x00001548        0x5 ./source/uart.o
 *fill*         0x0000154d        0x3 ff
 .rodata.uartTXpins
                0x00001550        0x5 ./source/uart.o
                0x00001558                . = ALIGN (0x8)
 *fill*         0x00001555        0x3 ff

.glue_7         0x00001558        0x0
 .glue_7        0x00001558        0x0 linker stubs

.glue_7t        0x00001558        0x0
 .glue_7t       0x00001558        0x0 linker stubs

.vfp11_veneer   0x00001558        0x0
 .vfp11_veneer  0x00001558        0x0 linker stubs

.v4_bx          0x00001558        0x0
 .v4_bx         0x00001558        0x0 linker stubs

.iplt           0x00001558        0x0
 .iplt          0x00001558        0x0 ./source/App.o

.rel.dyn        0x00001558        0x0
 .rel.iplt      0x00001558        0x0 ./source/App.o

.ARM.extab
 *(SORT_BY_ALIGNMENT(.ARM.extab*) SORT_BY_ALIGNMENT(.gnu.linkonce.armextab.*))
                0x00001558                __exidx_start = .

.ARM.exidx
 *(SORT_BY_ALIGNMENT(.ARM.exidx*) SORT_BY_ALIGNMENT(.gnu.linkonce.armexidx.*))
                0x00001558                __exidx_end = .
                0x00001558                _etext = .

.m_usb_data
 *(SORT_BY_ALIGNMENT(m_usb_bdt))

.data_RAM2      0x1fff0000        0x0 load address 0x00001558
 FILL mask 0xff
                [!provide]                PROVIDE (__start_data_RAM2, .)
 *(SORT_BY_ALIGNMENT(.ramfunc.$RAM2))
 *(SORT_BY_ALIGNMENT(.ramfunc.$SRAM_LOWER))
 *(SORT_BY_ALIGNMENT(.data.$RAM2*))
 *(SORT_BY_ALIGNMENT(.data.$SRAM_LOWER*))
                0x1fff0000                . = ALIGN (0x8)
                [!provide]                PROVIDE (__end_data_RAM2, .)

.data_RAM3      0x14000000        0x0 load address 0x00001558
 FILL mask 0xff
                [!provide]                PROVIDE (__start_data_RAM3, .)
 *(SORT_BY_ALIGNMENT(.ramfunc.$RAM3))
 *(SORT_BY_ALIGNMENT(.ramfunc.$FLEX_RAM))
 *(SORT_BY_ALIGNMENT(.data.$RAM3*))
 *(SORT_BY_ALIGNMENT(.data.$FLEX_RAM*))
                0x14000000                . = ALIGN (0x8)
                [!provide]                PROVIDE (__end_data_RAM3, .)

.uninit_RESERVED
                0x20000000        0x0
 *(SORT_BY_ALIGNMENT(.bss.$RESERVED*))
                0x20000000                . = ALIGN (0x4)
                0x20000000                _end_uninit_RESERVED = .

.data           0x20000000       0x30 load address 0x00001558
 FILL mask 0xff
                0x20000000                _data = .
 *(SORT_BY_ALIGNMENT(vtable))
 *(SORT_BY_ALIGNMENT(.ramfunc*))
 *(SORT_BY_ALIGNMENT(.data*))
 .data.coordNumber2refresh.5006
                0x20000000        0x4 ./source/App.o
 .data.markersRXbuffer
                0x20000004       0x14 ./source/uart.o
 .data.uartIRQs_ERR
                0x20000018        0x6 ./source/uart.o
                0x20000018                uartIRQs_ERR
 *fill*         0x2000001e        0x2 ff
 .data.uartIRQs_LON
                0x20000020        0x6 ./source/uart.o
                0x20000020                uartIRQs_LON
 *fill*         0x20000026        0x2 ff
 .data.uartIRQs_TX_RX
                0x20000028        0x6 ./source/uart.o
                0x20000028                uartIRQs_TX_RX
                0x20000030                . = ALIGN (0x8)
 *fill*         0x2000002e        0x2 ff
                0x20000030                _edata = .

.igot.plt       0x20000030        0x0 load address 0x00001588
 .igot.plt      0x20000030        0x0 ./source/App.o

.bss_RAM2       0x1fff0000        0x0
                [!provide]                PROVIDE (__start_bss_RAM2, .)
 *(SORT_BY_ALIGNMENT(.bss.$RAM2*))
 *(SORT_BY_ALIGNMENT(.bss.$SRAM_LOWER*))
                0x1fff0000                . = ALIGN ((. != 0x0)?0x8:0x1)
                [!provide]                PROVIDE (__end_bss_RAM2, .)

.bss_RAM3       0x14000000        0x0
                [!provide]                PROVIDE (__start_bss_RAM3, .)
 *(SORT_BY_ALIGNMENT(.bss.$RAM3*))
 *(SORT_BY_ALIGNMENT(.bss.$FLEX_RAM*))
                0x14000000                . = ALIGN ((. != 0x0)?0x8:0x1)
                [!provide]                PROVIDE (__end_bss_RAM3, .)

.bss            0x20000030      0x718
                0x20000030                _bss = .
 *(SORT_BY_ALIGNMENT(.bss*))
 .bss.idBoard2refresh.5005
                0x20000030        0x4 ./source/App.o
 .bss.sysTickFun
                0x20000034        0x4 ./source/SysTick.o
                0x20000034                sysTickFun
 .bss.changesCounter
                0x20000038        0x4 ./source/boardsInterface.o
                0x20000038                changesCounter
 .bss.flagsOurBoardChanged
                0x2000003c        0x3 ./source/boardsInterface.o
                0x2000003c                flagsOurBoardChanged
 *fill*         0x2000003f        0x1 
 .bss.posDataBase
                0x20000040       0x54 ./source/boardsInterface.o
 .bss.rxBuffer  0x20000094      0x1e4 ./source/can.o
 .bss.rxFrame   0x20000278       0x10 ./source/can.o
 .bss.cantCharsInPackage
                0x20000288        0x4 ./source/comController2pc.o
                0x20000288                cantCharsInPackage
 .bss.errorsCounter
                0x2000028c        0x4 ./source/comController2pc.o
                0x2000028c                errorsCounter
 .bss.package2pc
                0x20000290        0x6 ./source/comController2pc.o
                0x20000290                package2pc
 *fill*         0x20000296        0x2 
 .bss.buffer    0x20000298       0x10 ./source/i2c.o
 .bss.callback2Fun
                0x200002a8        0x4 ./source/i2c.o
                0x200002a8                callback2Fun
 .bss.i2c       0x200002ac        0x4 ./source/i2c.o
 .bss.timers    0x200002b0       0x50 ./source/timer.o
 .bss.RXbuffers
                0x20000300       0x28 ./source/uart.o
 .bss.TXbuffers
                0x20000328      0x3e8 ./source/uart.o
 .bss.countersRXfailed
                0x20000710        0x5 ./source/uart.o
 *fill*         0x20000715        0x3 
 .bss.flagsReading
                0x20000718        0x5 ./source/uart.o
 *fill*         0x2000071d        0x3 
 .bss.inMarkersTXbuffer
                0x20000720        0x5 ./source/uart.o
 *fill*         0x20000725        0x3 
 .bss.lensTXbuffer
                0x20000728        0x5 ./source/uart.o
 *fill*         0x2000072d        0x3 
 .bss.outMarkersTXbuffer
                0x20000730        0x5 ./source/uart.o
 *fill*         0x20000735        0x3 
 .bss.uartMode  0x20000738        0x5 ./source/uart.o
 *fill*         0x2000073d        0x3 
 .bss.__LDM_interruptDisableCount
                0x20000740        0x4 ./SDK/startup/hardware.o
 .bss.MbNum     0x20000744        0x1 ./source/can.o
 .bss.sendingTx
                0x20000745        0x1 ./source/can.o
 .bss.initialized
                0x20000746        0x1 ./source/timer.o
 *(SORT_BY_ALIGNMENT(COMMON))
                0x20000748                . = ALIGN (0x8)
 *fill*         0x20000747        0x1 
                0x20000748                _ebss = .
                [!provide]                PROVIDE (end, .)

.noinit_RAM2    0x1fff0000        0x0
 *(SORT_BY_ALIGNMENT(.noinit.$RAM2*))
 *(SORT_BY_ALIGNMENT(.noinit.$SRAM_LOWER*))
                0x1fff0000                . = ALIGN (0x8)

.noinit_RAM3    0x14000000        0x0
 *(SORT_BY_ALIGNMENT(.noinit.$RAM3*))
 *(SORT_BY_ALIGNMENT(.noinit.$FLEX_RAM*))
                0x14000000                . = ALIGN (0x8)

.noinit         0x20000748        0x0
                0x20000748                _noinit = .
 *(SORT_BY_ALIGNMENT(.noinit*))
                0x20000748                . = ALIGN (0x8)
                0x20000748                _end_noinit = .
                0x00001000                _HeapSize = 0x1000

.heap           0x20000748     0x1000
                0x20000748                _pvHeapStart = .
                0x20001748                . = (. + _HeapSize)
 *fill*         0x20000748     0x1000 
                0x20001748                . = ALIGN (0x8)
                0x20001748                _pvHeapLimit = .
                0x00001000                _StackSize = 0x1000

.heap2stackfill
                0x20001748     0x1000
                0x20002748                . = (. + _StackSize)
 *fill*         0x20001748     0x1000 

.stack          0x2002f000        0x0
                0x2002f000                _vStackBase = .
                0x2002f000                . = ALIGN (0x8)
                0x20030000                _vStackTop = (. + _StackSize)
                0x00000000                _image_start = LOADADDR (.text)
                0x00001588                _image_end = (LOADADDR (.data) + SIZEOF (.data))
                0x00001588                _image_size = (_image_end - _image_start)
OUTPUT(uartSPI.axf elf32-littlearm)

.debug_info     0x00000000     0x669a
 .debug_info    0x00000000      0x272 ./source/App.o
 .debug_info    0x00000272      0x518 ./source/SysTick.o
 .debug_info    0x0000078a      0x47a ./source/boardsInterface.o
 .debug_info    0x00000c04     0x1178 ./source/can.o
 .debug_info    0x00001d7c      0x3a4 ./source/comController2pc.o
 .debug_info    0x00002120     0x1000 ./source/i2c.o
 .debug_info    0x00003120      0x369 ./source/pinsHandler.o
 .debug_info    0x00003489      0x2e8 ./source/sphericalPos.o
 .debug_info    0x00003771      0x27a ./source/timer.o
 .debug_info    0x000039eb     0x1266 ./source/uart.o
 .debug_info    0x00004c51      0x675 ./SDK/startup/hardware.o
 .debug_info    0x000052c6      0x120 ./SDK/startup/main.o
 .debug_info    0x000053e6       0x3b ./SDK/startup/semihost_hardfault.o
 .debug_info    0x00005421      0xc71 ./SDK/startup/startup_mk64f12.o
 .debug_info    0x00006092      0x608 ./SDK/CMSIS/system_MK64F12.o

.debug_abbrev   0x00000000     0x17c4
 .debug_abbrev  0x00000000       0xd1 ./source/App.o
 .debug_abbrev  0x000000d1      0x19c ./source/SysTick.o
 .debug_abbrev  0x0000026d      0x1a0 ./source/boardsInterface.o
 .debug_abbrev  0x0000040d      0x340 ./source/can.o
 .debug_abbrev  0x0000074d      0x166 ./source/comController2pc.o
 .debug_abbrev  0x000008b3      0x387 ./source/i2c.o
 .debug_abbrev  0x00000c3a      0x160 ./source/pinsHandler.o
 .debug_abbrev  0x00000d9a      0x111 ./source/sphericalPos.o
 .debug_abbrev  0x00000eab      0x140 ./source/timer.o
 .debug_abbrev  0x00000feb      0x352 ./source/uart.o
 .debug_abbrev  0x0000133d      0x138 ./SDK/startup/hardware.o
 .debug_abbrev  0x00001475       0x9b ./SDK/startup/main.o
 .debug_abbrev  0x00001510       0x2f ./SDK/startup/semihost_hardfault.o
 .debug_abbrev  0x0000153f      0x13b ./SDK/startup/startup_mk64f12.o
 .debug_abbrev  0x0000167a      0x14a ./SDK/CMSIS/system_MK64F12.o

.debug_loc      0x00000000     0x1c5a
 .debug_loc     0x00000000       0x53 ./source/App.o
 .debug_loc     0x00000053       0x6b ./source/SysTick.o
 .debug_loc     0x000000be      0x264 ./source/boardsInterface.o
 .debug_loc     0x00000322      0x602 ./source/can.o
 .debug_loc     0x00000924      0x118 ./source/comController2pc.o
 .debug_loc     0x00000a3c      0x258 ./source/i2c.o
 .debug_loc     0x00000c94       0xe3 ./source/pinsHandler.o
 .debug_loc     0x00000d77      0x495 ./source/sphericalPos.o
 .debug_loc     0x0000120c      0x13b ./source/timer.o
 .debug_loc     0x00001347      0x683 ./source/uart.o
 .debug_loc     0x000019ca      0x1e7 ./SDK/startup/startup_mk64f12.o
 .debug_loc     0x00001bb1       0xa9 ./SDK/CMSIS/system_MK64F12.o

.debug_aranges  0x00000000      0x840
 .debug_aranges
                0x00000000       0x38 ./source/App.o
 .debug_aranges
                0x00000038       0x28 ./source/SysTick.o
 .debug_aranges
                0x00000060       0x50 ./source/boardsInterface.o
 .debug_aranges
                0x000000b0       0xb8 ./source/can.o
 .debug_aranges
                0x00000168       0x38 ./source/comController2pc.o
 .debug_aranges
                0x000001a0       0xf0 ./source/i2c.o
 .debug_aranges
                0x00000290       0x50 ./source/pinsHandler.o
 .debug_aranges
                0x000002e0       0x50 ./source/sphericalPos.o
 .debug_aranges
                0x00000330       0x50 ./source/timer.o
 .debug_aranges
                0x00000380       0xf0 ./source/uart.o
 .debug_aranges
                0x00000470       0x30 ./SDK/startup/hardware.o
 .debug_aranges
                0x000004a0       0x20 ./SDK/startup/main.o
 .debug_aranges
                0x000004c0       0x20 ./SDK/startup/semihost_hardfault.o
 .debug_aranges
                0x000004e0      0x330 ./SDK/startup/startup_mk64f12.o
 .debug_aranges
                0x00000810       0x30 ./SDK/CMSIS/system_MK64F12.o

.debug_ranges   0x00000000      0x750
 .debug_ranges  0x00000000       0x28 ./source/App.o
 .debug_ranges  0x00000028       0x18 ./source/SysTick.o
 .debug_ranges  0x00000040       0x40 ./source/boardsInterface.o
 .debug_ranges  0x00000080       0xa8 ./source/can.o
 .debug_ranges  0x00000128       0x28 ./source/comController2pc.o
 .debug_ranges  0x00000150       0xe0 ./source/i2c.o
 .debug_ranges  0x00000230       0x40 ./source/pinsHandler.o
 .debug_ranges  0x00000270       0x40 ./source/sphericalPos.o
 .debug_ranges  0x000002b0       0x40 ./source/timer.o
 .debug_ranges  0x000002f0       0xe0 ./source/uart.o
 .debug_ranges  0x000003d0       0x20 ./SDK/startup/hardware.o
 .debug_ranges  0x000003f0       0x10 ./SDK/startup/main.o
 .debug_ranges  0x00000400       0x10 ./SDK/startup/semihost_hardfault.o
 .debug_ranges  0x00000410      0x320 ./SDK/startup/startup_mk64f12.o
 .debug_ranges  0x00000730       0x20 ./SDK/CMSIS/system_MK64F12.o

.debug_macro    0x00000000    0x11c65
 .debug_macro   0x00000000       0x86 ./source/App.o
 .debug_macro   0x00000086      0xa5a ./source/App.o
 .debug_macro   0x00000ae0       0x1c ./source/App.o
 .debug_macro   0x00000afc       0x10 ./source/App.o
 .debug_macro   0x00000b0c       0x3a ./source/App.o
 .debug_macro   0x00000b46       0x22 ./source/App.o
 .debug_macro   0x00000b68      0x34e ./source/App.o
 .debug_macro   0x00000eb6       0x96 ./source/SysTick.o
 .debug_macro   0x00000f4c       0x5c ./source/SysTick.o
 .debug_macro   0x00000fa8       0x1c ./source/SysTick.o
 .debug_macro   0x00000fc4       0x22 ./source/SysTick.o
 .debug_macro   0x00000fe6       0xdf ./source/SysTick.o
 .debug_macro   0x000010c5      0xecf ./source/SysTick.o
 .debug_macro   0x00001f94       0x48 ./source/SysTick.o
 .debug_macro   0x00001fdc     0xe07b ./source/SysTick.o
 .debug_macro   0x00010057      0x174 ./source/SysTick.o
 .debug_macro   0x000101cb      0x118 ./source/boardsInterface.o
 .debug_macro   0x000102e3       0x10 ./source/boardsInterface.o
 .debug_macro   0x000102f3     0x122b ./source/boardsInterface.o
 .debug_macro   0x0001151e       0x16 ./source/boardsInterface.o
 .debug_macro   0x00011534      0x119 ./source/can.o
 .debug_macro   0x0001164d       0x28 ./source/can.o
 .debug_macro   0x00011675       0x61 ./source/comController2pc.o
 .debug_macro   0x000116d6       0x46 ./source/comController2pc.o
 .debug_macro   0x0001171c       0x90 ./source/i2c.o
 .debug_macro   0x000117ac       0x22 ./source/i2c.o
 .debug_macro   0x000117ce       0x92 ./source/pinsHandler.o
 .debug_macro   0x00011860       0x59 ./source/sphericalPos.o
 .debug_macro   0x000118b9       0x58 ./source/timer.o
 .debug_macro   0x00011911       0x10 ./source/timer.o
 .debug_macro   0x00011921      0x118 ./source/uart.o
 .debug_macro   0x00011a39       0x40 ./source/uart.o
 .debug_macro   0x00011a79       0x9c ./SDK/startup/hardware.o
 .debug_macro   0x00011b15       0x9c ./SDK/startup/main.o
 .debug_macro   0x00011bb1       0x11 ./SDK/startup/semihost_hardfault.o
 .debug_macro   0x00011bc2       0x23 ./SDK/startup/startup_mk64f12.o
 .debug_macro   0x00011be5       0x80 ./SDK/CMSIS/system_MK64F12.o

.debug_line     0x00000000     0x24ad
 .debug_line    0x00000000      0x151 ./source/App.o
 .debug_line    0x00000151      0x163 ./source/SysTick.o
 .debug_line    0x000002b4      0x2a6 ./source/boardsInterface.o
 .debug_line    0x0000055a      0x3e0 ./source/can.o
 .debug_line    0x0000093a      0x173 ./source/comController2pc.o
 .debug_line    0x00000aad      0x3c5 ./source/i2c.o
 .debug_line    0x00000e72      0x1b3 ./source/pinsHandler.o
 .debug_line    0x00001025      0x1ba ./source/sphericalPos.o
 .debug_line    0x000011df      0x178 ./source/timer.o
 .debug_line    0x00001357      0x517 ./source/uart.o
 .debug_line    0x0000186e      0x1cb ./SDK/startup/hardware.o
 .debug_line    0x00001a39      0x175 ./SDK/startup/main.o
 .debug_line    0x00001bae       0x55 ./SDK/startup/semihost_hardfault.o
 .debug_line    0x00001c03      0x6d8 ./SDK/startup/startup_mk64f12.o
 .debug_line    0x000022db      0x1d2 ./SDK/CMSIS/system_MK64F12.o

.debug_str      0x00000000    0x79a4a
 .debug_str     0x00000000     0x39ec ./source/App.o
                               0x3b60 (size before relaxing)
 .debug_str     0x000039ec    0x6d4e9 ./source/SysTick.o
                              0x70dc2 (size before relaxing)
 .debug_str     0x00070ed5     0x6db9 ./source/boardsInterface.o
                              0x77418 (size before relaxing)
 .debug_str     0x00077c8e      0x676 ./source/can.o
                              0x77bbb (size before relaxing)
 .debug_str     0x00078304      0x279 ./source/comController2pc.o
                               0x3b5d (size before relaxing)
 .debug_str     0x0007857d      0x322 ./source/i2c.o
                              0x70eed (size before relaxing)
 .debug_str     0x0007889f       0x78 ./source/pinsHandler.o
                              0x7062b (size before relaxing)
 .debug_str     0x00078917      0x299 ./source/sphericalPos.o
                               0x312f (size before relaxing)
 .debug_str     0x00078bb0      0x122 ./source/timer.o
                               0x39f2 (size before relaxing)
 .debug_str     0x00078cd2      0x480 ./source/uart.o
                              0x77d10 (size before relaxing)
 .debug_str     0x00079152      0x16f ./SDK/startup/hardware.o
                              0x7720b (size before relaxing)
 .debug_str     0x000792c1       0x1b ./SDK/startup/main.o
                              0x77021 (size before relaxing)
 .debug_str     0x000792dc       0x36 ./SDK/startup/semihost_hardfault.o
                               0x2d45 (size before relaxing)
 .debug_str     0x00079312      0x6e1 ./SDK/startup/startup_mk64f12.o
                               0x35b4 (size before relaxing)
 .debug_str     0x000799f3       0x57 ./SDK/CMSIS/system_MK64F12.o
                              0x7711a (size before relaxing)

.comment        0x00000000       0x7e
 .comment       0x00000000       0x7e ./source/App.o
                                 0x7f (size before relaxing)
 .comment       0x0000007e       0x7f ./source/SysTick.o
 .comment       0x0000007e       0x7f ./source/boardsInterface.o
 .comment       0x0000007e       0x7f ./source/can.o
 .comment       0x0000007e       0x7f ./source/comController2pc.o
 .comment       0x0000007e       0x7f ./source/i2c.o
 .comment       0x0000007e       0x7f ./source/pinsHandler.o
 .comment       0x0000007e       0x7f ./source/sphericalPos.o
 .comment       0x0000007e       0x7f ./source/timer.o
 .comment       0x0000007e       0x7f ./source/uart.o
 .comment       0x0000007e       0x7f ./SDK/startup/hardware.o
 .comment       0x0000007e       0x7f ./SDK/startup/main.o
 .comment       0x0000007e       0x7f ./SDK/startup/semihost_hardfault.o
 .comment       0x0000007e       0x7f ./SDK/startup/startup_mk64f12.o
 .comment       0x0000007e       0x7f ./SDK/CMSIS/system_MK64F12.o

.ARM.attributes
                0x00000000       0x39
 .ARM.attributes
                0x00000000       0x39 ./source/App.o
 .ARM.attributes
                0x00000039       0x39 ./source/SysTick.o
 .ARM.attributes
                0x00000072       0x39 ./source/boardsInterface.o
 .ARM.attributes
                0x000000ab       0x39 ./source/can.o
 .ARM.attributes
                0x000000e4       0x39 ./source/comController2pc.o
 .ARM.attributes
                0x0000011d       0x39 ./source/i2c.o
 .ARM.attributes
                0x00000156       0x39 ./source/pinsHandler.o
 .ARM.attributes
                0x0000018f       0x39 ./source/sphericalPos.o
 .ARM.attributes
                0x000001c8       0x39 ./source/timer.o
 .ARM.attributes
                0x00000201       0x39 ./source/uart.o
 .ARM.attributes
                0x0000023a       0x39 ./SDK/startup/hardware.o
 .ARM.attributes
                0x00000273       0x39 ./SDK/startup/main.o
 .ARM.attributes
                0x000002ac       0x39 ./SDK/startup/semihost_hardfault.o
 .ARM.attributes
                0x000002e5       0x39 ./SDK/startup/startup_mk64f12.o
 .ARM.attributes
                0x0000031e       0x39 ./SDK/CMSIS/system_MK64F12.o

.debug_frame    0x00000000     0x1494
 .debug_frame   0x00000000       0x7c ./source/App.o
 .debug_frame   0x0000007c       0x38 ./source/SysTick.o
 .debug_frame   0x000000b4       0xbc ./source/boardsInterface.o
 .debug_frame   0x00000170      0x204 ./source/can.o
 .debug_frame   0x00000374       0x88 ./source/comController2pc.o
 .debug_frame   0x000003fc      0x230 ./source/i2c.o
 .debug_frame   0x0000062c       0x80 ./source/pinsHandler.o
 .debug_frame   0x000006ac       0xbc ./source/sphericalPos.o
 .debug_frame   0x00000768       0xa4 ./source/timer.o
 .debug_frame   0x0000080c      0x2b4 ./source/uart.o
 .debug_frame   0x00000ac0       0x40 ./SDK/startup/hardware.o
 .debug_frame   0x00000b00       0x28 ./SDK/startup/main.o
 .debug_frame   0x00000b28       0x20 ./SDK/startup/semihost_hardfault.o
 .debug_frame   0x00000b48      0x904 ./SDK/startup/startup_mk64f12.o
 .debug_frame   0x0000144c       0x48 ./SDK/CMSIS/system_MK64F12.o
