
Discarded input sections

 .group         0x00000000        0xc ./source/App.o
 .group         0x00000000        0xc ./source/App.o
 .group         0x00000000        0xc ./source/App.o
 .text          0x00000000        0x0 ./source/App.o
 .data          0x00000000        0x0 ./source/App.o
 .bss           0x00000000        0x0 ./source/App.o
 .group         0x00000000        0xc ./source/SysTick.o
 .group         0x00000000        0xc ./source/SysTick.o
 .group         0x00000000        0xc ./source/SysTick.o
 .group         0x00000000        0xc ./source/SysTick.o
 .group         0x00000000        0xc ./source/SysTick.o
 .group         0x00000000        0xc ./source/SysTick.o
 .group         0x00000000        0xc ./source/SysTick.o
 .group         0x00000000        0xc ./source/SysTick.o
 .group         0x00000000        0xc ./source/SysTick.o
 .group         0x00000000        0xc ./source/SysTick.o
 .group         0x00000000        0xc ./source/SysTick.o
 .text          0x00000000        0x0 ./source/SysTick.o
 .data          0x00000000        0x0 ./source/SysTick.o
 .bss           0x00000000        0x0 ./source/SysTick.o
 .text.SysTick_Init
                0x00000000       0x2c ./source/SysTick.o
 .debug_macro   0x00000000      0xa5a ./source/SysTick.o
 .debug_macro   0x00000000      0x34e ./source/SysTick.o
 .group         0x00000000        0xc ./source/pinsHandler.o
 .group         0x00000000        0xc ./source/pinsHandler.o
 .group         0x00000000        0xc ./source/pinsHandler.o
 .group         0x00000000        0xc ./source/pinsHandler.o
 .group         0x00000000        0xc ./source/pinsHandler.o
 .group         0x00000000        0xc ./source/pinsHandler.o
 .group         0x00000000        0xc ./source/pinsHandler.o
 .group         0x00000000        0xc ./source/pinsHandler.o
 .group         0x00000000        0xc ./source/pinsHandler.o
 .group         0x00000000        0xc ./source/pinsHandler.o
 .group         0x00000000        0xc ./source/pinsHandler.o
 .text          0x00000000        0x0 ./source/pinsHandler.o
 .data          0x00000000        0x0 ./source/pinsHandler.o
 .bss           0x00000000        0x0 ./source/pinsHandler.o
 .text.isPinValid
                0x00000000        0xc ./source/pinsHandler.o
 .text.setPCRpullEnable
                0x00000000        0xe ./source/pinsHandler.o
 .text.setPCRpullUp
                0x00000000        0xe ./source/pinsHandler.o
 .text.setPCRpullDown
                0x00000000        0xe ./source/pinsHandler.o
 .debug_macro   0x00000000      0xa5a ./source/pinsHandler.o
 .debug_macro   0x00000000       0x5c ./source/pinsHandler.o
 .debug_macro   0x00000000      0x34e ./source/pinsHandler.o
 .debug_macro   0x00000000       0x1c ./source/pinsHandler.o
 .debug_macro   0x00000000       0x22 ./source/pinsHandler.o
 .debug_macro   0x00000000       0xdf ./source/pinsHandler.o
 .debug_macro   0x00000000      0xecf ./source/pinsHandler.o
 .debug_macro   0x00000000       0x48 ./source/pinsHandler.o
 .debug_macro   0x00000000     0xe07b ./source/pinsHandler.o
 .debug_macro   0x00000000       0x22 ./source/pinsHandler.o
 .group         0x00000000        0xc ./source/spi.o
 .group         0x00000000        0xc ./source/spi.o
 .group         0x00000000        0xc ./source/spi.o
 .group         0x00000000        0xc ./source/spi.o
 .group         0x00000000        0xc ./source/spi.o
 .group         0x00000000        0xc ./source/spi.o
 .group         0x00000000        0xc ./source/spi.o
 .group         0x00000000        0xc ./source/spi.o
 .group         0x00000000        0xc ./source/spi.o
 .group         0x00000000        0xc ./source/spi.o
 .group         0x00000000        0xc ./source/spi.o
 .group         0x00000000        0xc ./source/spi.o
 .text          0x00000000        0x0 ./source/spi.o
 .data          0x00000000        0x0 ./source/spi.o
 .bss           0x00000000        0x0 ./source/spi.o
 .bss.SPI_MODE  0x00000000        0x1 ./source/spi.o
 .debug_info    0x00000000       0xc5 ./source/spi.o
 .debug_abbrev  0x00000000       0x8a ./source/spi.o
 .debug_aranges
                0x00000000       0x18 ./source/spi.o
 .debug_macro   0x00000000       0x8f ./source/spi.o
 .debug_macro   0x00000000      0xa5a ./source/spi.o
 .debug_macro   0x00000000       0x10 ./source/spi.o
 .debug_macro   0x00000000      0x34e ./source/spi.o
 .debug_macro   0x00000000       0x22 ./source/spi.o
 .debug_macro   0x00000000       0x5c ./source/spi.o
 .debug_macro   0x00000000       0x1c ./source/spi.o
 .debug_macro   0x00000000       0x22 ./source/spi.o
 .debug_macro   0x00000000       0xdf ./source/spi.o
 .debug_macro   0x00000000      0xecf ./source/spi.o
 .debug_macro   0x00000000       0x48 ./source/spi.o
 .debug_macro   0x00000000     0xe07b ./source/spi.o
 .debug_macro   0x00000000       0x22 ./source/spi.o
 .debug_line    0x00000000      0x133 ./source/spi.o
 .debug_str     0x00000000    0x70558 ./source/spi.o
 .comment       0x00000000       0x7f ./source/spi.o
 .ARM.attributes
                0x00000000       0x39 ./source/spi.o
 .group         0x00000000        0xc ./source/uart.o
 .group         0x00000000        0xc ./source/uart.o
 .group         0x00000000        0xc ./source/uart.o
 .group         0x00000000        0xc ./source/uart.o
 .group         0x00000000        0xc ./source/uart.o
 .group         0x00000000        0xc ./source/uart.o
 .group         0x00000000        0xc ./source/uart.o
 .group         0x00000000        0xc ./source/uart.o
 .group         0x00000000        0xc ./source/uart.o
 .group         0x00000000        0xc ./source/uart.o
 .group         0x00000000        0xc ./source/uart.o
 .group         0x00000000        0xc ./source/uart.o
 .group         0x00000000        0xc ./source/uart.o
 .group         0x00000000        0xc ./source/uart.o
 .group         0x00000000        0xc ./source/uart.o
 .text          0x00000000        0x0 ./source/uart.o
 .data          0x00000000        0x0 ./source/uart.o
 .bss           0x00000000        0x0 ./source/uart.o
 .text.uartGetRxMsgLength
                0x00000000       0x10 ./source/uart.o
 .text.uartIsTxMsgComplete
                0x00000000       0x38 ./source/uart.o
 .text.resetRXbuffer
                0x00000000       0x18 ./source/uart.o
 .text.isRXrejected
                0x00000000        0xc ./source/uart.o
 .text.UARTX_LON_IRQHandler
                0x00000000        0x2 ./source/uart.o
 .text.UARTX_ERR_IRQHandler
                0x00000000        0x2 ./source/uart.o
 .text.UART_setParity
                0x00000000       0x38 ./source/uart.o
 .text.UART_setNdataBits
                0x00000000       0x24 ./source/uart.o
 .bss.flagsWriting
                0x00000000        0x5 ./source/uart.o
 .debug_macro   0x00000000      0xa5a ./source/uart.o
 .debug_macro   0x00000000      0x34e ./source/uart.o
 .debug_macro   0x00000000       0x2e ./source/uart.o
 .debug_macro   0x00000000       0x5c ./source/uart.o
 .debug_macro   0x00000000       0x1c ./source/uart.o
 .debug_macro   0x00000000       0x22 ./source/uart.o
 .debug_macro   0x00000000       0xdf ./source/uart.o
 .debug_macro   0x00000000      0xecf ./source/uart.o
 .debug_macro   0x00000000       0x48 ./source/uart.o
 .debug_macro   0x00000000     0xe07b ./source/uart.o
 .debug_macro   0x00000000       0x22 ./source/uart.o
 .debug_macro   0x00000000       0x22 ./source/uart.o
 .group         0x00000000        0xc ./SDK/startup/hardware.o
 .group         0x00000000        0xc ./SDK/startup/hardware.o
 .group         0x00000000        0xc ./SDK/startup/hardware.o
 .group         0x00000000        0xc ./SDK/startup/hardware.o
 .group         0x00000000        0xc ./SDK/startup/hardware.o
 .group         0x00000000        0xc ./SDK/startup/hardware.o
 .group         0x00000000        0xc ./SDK/startup/hardware.o
 .group         0x00000000        0xc ./SDK/startup/hardware.o
 .group         0x00000000        0xc ./SDK/startup/hardware.o
 .group         0x00000000        0xc ./SDK/startup/hardware.o
 .group         0x00000000        0xc ./SDK/startup/hardware.o
 .group         0x00000000        0xc ./SDK/startup/hardware.o
 .group         0x00000000        0xc ./SDK/startup/hardware.o
 .text          0x00000000        0x0 ./SDK/startup/hardware.o
 .data          0x00000000        0x0 ./SDK/startup/hardware.o
 .bss           0x00000000        0x0 ./SDK/startup/hardware.o
 .debug_macro   0x00000000      0xa5a ./SDK/startup/hardware.o
 .debug_macro   0x00000000      0x34e ./SDK/startup/hardware.o
 .debug_macro   0x00000000       0x22 ./SDK/startup/hardware.o
 .debug_macro   0x00000000       0x10 ./SDK/startup/hardware.o
 .debug_macro   0x00000000       0x5c ./SDK/startup/hardware.o
 .debug_macro   0x00000000       0x1c ./SDK/startup/hardware.o
 .debug_macro   0x00000000       0x22 ./SDK/startup/hardware.o
 .debug_macro   0x00000000       0xdf ./SDK/startup/hardware.o
 .debug_macro   0x00000000      0xecf ./SDK/startup/hardware.o
 .debug_macro   0x00000000       0x48 ./SDK/startup/hardware.o
 .debug_macro   0x00000000     0xe07b ./SDK/startup/hardware.o
 .debug_macro   0x00000000     0x122b ./SDK/startup/hardware.o
 .debug_macro   0x00000000       0x16 ./SDK/startup/hardware.o
 .group         0x00000000        0xc ./SDK/startup/main.o
 .group         0x00000000        0xc ./SDK/startup/main.o
 .group         0x00000000        0xc ./SDK/startup/main.o
 .group         0x00000000        0xc ./SDK/startup/main.o
 .group         0x00000000        0xc ./SDK/startup/main.o
 .group         0x00000000        0xc ./SDK/startup/main.o
 .group         0x00000000        0xc ./SDK/startup/main.o
 .group         0x00000000        0xc ./SDK/startup/main.o
 .group         0x00000000        0xc ./SDK/startup/main.o
 .group         0x00000000        0xc ./SDK/startup/main.o
 .group         0x00000000        0xc ./SDK/startup/main.o
 .group         0x00000000        0xc ./SDK/startup/main.o
 .group         0x00000000        0xc ./SDK/startup/main.o
 .text          0x00000000        0x0 ./SDK/startup/main.o
 .data          0x00000000        0x0 ./SDK/startup/main.o
 .bss           0x00000000        0x0 ./SDK/startup/main.o
 .debug_macro   0x00000000      0xa5a ./SDK/startup/main.o
 .debug_macro   0x00000000      0x34e ./SDK/startup/main.o
 .debug_macro   0x00000000       0x22 ./SDK/startup/main.o
 .debug_macro   0x00000000       0x10 ./SDK/startup/main.o
 .debug_macro   0x00000000       0x5c ./SDK/startup/main.o
 .debug_macro   0x00000000       0x1c ./SDK/startup/main.o
 .debug_macro   0x00000000       0x22 ./SDK/startup/main.o
 .debug_macro   0x00000000       0xdf ./SDK/startup/main.o
 .debug_macro   0x00000000      0xecf ./SDK/startup/main.o
 .debug_macro   0x00000000       0x48 ./SDK/startup/main.o
 .debug_macro   0x00000000     0xe07b ./SDK/startup/main.o
 .debug_macro   0x00000000     0x122b ./SDK/startup/main.o
 .debug_macro   0x00000000       0x16 ./SDK/startup/main.o
 .group         0x00000000        0xc ./SDK/startup/semihost_hardfault.o
 .text          0x00000000        0x0 ./SDK/startup/semihost_hardfault.o
 .data          0x00000000        0x0 ./SDK/startup/semihost_hardfault.o
 .bss           0x00000000        0x0 ./SDK/startup/semihost_hardfault.o
 .debug_macro   0x00000000      0xa5a ./SDK/startup/semihost_hardfault.o
 .group         0x00000000        0xc ./SDK/startup/startup_mk64f12.o
 .text          0x00000000        0x0 ./SDK/startup/startup_mk64f12.o
 .data          0x00000000        0x0 ./SDK/startup/startup_mk64f12.o
 .bss           0x00000000        0x0 ./SDK/startup/startup_mk64f12.o
 .text.UART0_LON_IRQHandler
                0x00000000        0x8 ./SDK/startup/startup_mk64f12.o
 .text.UART0_RX_TX_IRQHandler
                0x00000000        0x8 ./SDK/startup/startup_mk64f12.o
 .text.UART0_ERR_IRQHandler
                0x00000000        0x8 ./SDK/startup/startup_mk64f12.o
 .text.UART1_RX_TX_IRQHandler
                0x00000000        0x8 ./SDK/startup/startup_mk64f12.o
 .text.UART1_ERR_IRQHandler
                0x00000000        0x8 ./SDK/startup/startup_mk64f12.o
 .text.UART2_RX_TX_IRQHandler
                0x00000000        0x8 ./SDK/startup/startup_mk64f12.o
 .text.UART2_ERR_IRQHandler
                0x00000000        0x8 ./SDK/startup/startup_mk64f12.o
 .text.UART3_RX_TX_IRQHandler
                0x00000000        0x8 ./SDK/startup/startup_mk64f12.o
 .text.UART3_ERR_IRQHandler
                0x00000000        0x8 ./SDK/startup/startup_mk64f12.o
 .text.UART4_RX_TX_IRQHandler
                0x00000000        0x8 ./SDK/startup/startup_mk64f12.o
 .text.UART4_ERR_IRQHandler
                0x00000000        0x8 ./SDK/startup/startup_mk64f12.o
 .debug_macro   0x00000000      0xa5a ./SDK/startup/startup_mk64f12.o
 .group         0x00000000        0xc ./SDK/CMSIS/system_MK64F12.o
 .group         0x00000000        0xc ./SDK/CMSIS/system_MK64F12.o
 .group         0x00000000        0xc ./SDK/CMSIS/system_MK64F12.o
 .group         0x00000000        0xc ./SDK/CMSIS/system_MK64F12.o
 .group         0x00000000        0xc ./SDK/CMSIS/system_MK64F12.o
 .group         0x00000000        0xc ./SDK/CMSIS/system_MK64F12.o
 .group         0x00000000        0xc ./SDK/CMSIS/system_MK64F12.o
 .group         0x00000000        0xc ./SDK/CMSIS/system_MK64F12.o
 .group         0x00000000        0xc ./SDK/CMSIS/system_MK64F12.o
 .group         0x00000000        0xc ./SDK/CMSIS/system_MK64F12.o
 .group         0x00000000        0xc ./SDK/CMSIS/system_MK64F12.o
 .text          0x00000000        0x0 ./SDK/CMSIS/system_MK64F12.o
 .data          0x00000000        0x0 ./SDK/CMSIS/system_MK64F12.o
 .bss           0x00000000        0x0 ./SDK/CMSIS/system_MK64F12.o
 .text.SystemCoreClockUpdate
                0x00000000      0x1ac ./SDK/CMSIS/system_MK64F12.o
 .data.SystemCoreClock
                0x00000000        0x4 ./SDK/CMSIS/system_MK64F12.o
 .debug_macro   0x00000000      0xa5a ./SDK/CMSIS/system_MK64F12.o
 .debug_macro   0x00000000      0x34e ./SDK/CMSIS/system_MK64F12.o
 .debug_macro   0x00000000       0x10 ./SDK/CMSIS/system_MK64F12.o
 .debug_macro   0x00000000       0x5c ./SDK/CMSIS/system_MK64F12.o
 .debug_macro   0x00000000       0x1c ./SDK/CMSIS/system_MK64F12.o
 .debug_macro   0x00000000       0x22 ./SDK/CMSIS/system_MK64F12.o
 .debug_macro   0x00000000       0xdf ./SDK/CMSIS/system_MK64F12.o
 .debug_macro   0x00000000      0xecf ./SDK/CMSIS/system_MK64F12.o
 .debug_macro   0x00000000       0x48 ./SDK/CMSIS/system_MK64F12.o
 .debug_macro   0x00000000     0xe07b ./SDK/CMSIS/system_MK64F12.o
 .debug_macro   0x00000000     0x122b ./SDK/CMSIS/system_MK64F12.o

Memory Configuration

Name             Origin             Length             Attributes
PROGRAM_FLASH    0x00000000         0x00100000         xr
SRAM_UPPER       0x20000000         0x00030000         xrw
SRAM_LOWER       0x1fff0000         0x00010000         xrw
FLEX_RAM         0x14000000         0x00001000         xrw
*default*        0x00000000         0xffffffff

Linker script and memory map

LOAD ./source/App.o
LOAD ./source/SysTick.o
LOAD ./source/pinsHandler.o
LOAD ./source/spi.o
LOAD ./source/uart.o
LOAD ./SDK/startup/hardware.o
LOAD ./SDK/startup/main.o
LOAD ./SDK/startup/semihost_hardfault.o
LOAD ./SDK/startup/startup_mk64f12.o
LOAD ./SDK/CMSIS/system_MK64F12.o
START GROUP
LOAD c:/nxp/mcuxpressoide_10.2.0_759/ide/tools/bin/../lib/gcc/arm-none-eabi/7.2.1/../../../../arm-none-eabi/lib/thumb/v7e-m/fpv4-sp/hard\libcr_c.a
LOAD c:/nxp/mcuxpressoide_10.2.0_759/ide/tools/bin/../lib/gcc/arm-none-eabi/7.2.1/thumb/v7e-m/fpv4-sp/hard\libcr_eabihelpers.a
END GROUP
                0x00000000                __base_PROGRAM_FLASH = 0x0
                0x00000000                __base_Flash = 0x0
                0x00100000                __top_PROGRAM_FLASH = 0x100000
                0x00100000                __top_Flash = 0x100000
                0x20000000                __base_SRAM_UPPER = 0x20000000
                0x20000000                __base_RAM = 0x20000000
                0x20030000                __top_SRAM_UPPER = 0x20030000
                0x20030000                __top_RAM = 0x20030000
                0x1fff0000                __base_SRAM_LOWER = 0x1fff0000
                0x1fff0000                __base_RAM2 = 0x1fff0000
                0x20000000                __top_SRAM_LOWER = 0x20000000
                0x20000000                __top_RAM2 = 0x20000000
                0x14000000                __base_FLEX_RAM = 0x14000000
                0x14000000                __base_RAM3 = 0x14000000
                0x14001000                __top_FLEX_RAM = 0x14001000
                0x14001000                __top_RAM3 = 0x14001000

.text           0x00000000      0xea0
 FILL mask 0xff
                0x00000000                __vectors_start__ = ABSOLUTE (.)
 *(SORT_BY_ALIGNMENT(.isr_vector))
 .isr_vector    0x00000000      0x198 ./SDK/startup/startup_mk64f12.o
                0x00000000                g_pfnVectors
                0x00000000                __Vectors
                0x00000198                . = ALIGN (0x4)
                0x00000198                __section_table_start = .
                0x00000198                __data_section_table = .
                0x00000198        0x4 LONG 0xea0 LOADADDR (.data)
                0x0000019c        0x4 LONG 0x20000000 ADDR (.data)
                0x000001a0        0x4 LONG 0x40 SIZEOF (.data)
                0x000001a4        0x4 LONG 0xea0 LOADADDR (.data_RAM2)
                0x000001a8        0x4 LONG 0x1fff0000 ADDR (.data_RAM2)
                0x000001ac        0x4 LONG 0x0 SIZEOF (.data_RAM2)
                0x000001b0        0x4 LONG 0xea0 LOADADDR (.data_RAM3)
                0x000001b4        0x4 LONG 0x14000000 ADDR (.data_RAM3)
                0x000001b8        0x4 LONG 0x0 SIZEOF (.data_RAM3)
                0x000001bc                __data_section_table_end = .
                0x000001bc                __bss_section_table = .
                0x000001bc        0x4 LONG 0x20000040 ADDR (.bss)
                0x000001c0        0x4 LONG 0x98 SIZEOF (.bss)
                0x000001c4        0x4 LONG 0x1fff0000 ADDR (.bss_RAM2)
                0x000001c8        0x4 LONG 0x0 SIZEOF (.bss_RAM2)
                0x000001cc        0x4 LONG 0x14000000 ADDR (.bss_RAM3)
                0x000001d0        0x4 LONG 0x0 SIZEOF (.bss_RAM3)
                0x000001d4                __bss_section_table_end = .
                0x000001d4                __section_table_end = .
 *(SORT_BY_ALIGNMENT(.after_vectors*))
 .after_vectors.reset
                0x000001d4       0x4c ./SDK/startup/startup_mk64f12.o
                0x000001d4                ResetISR
 .after_vectors
                0x00000220       0x14 ./SDK/startup/startup_mk64f12.o
                0x00000220                NMI_Handler
                0x00000224                MemManage_Handler
                0x00000226                BusFault_Handler
                0x00000228                UsageFault_Handler
                0x0000022a                SVC_Handler
                0x0000022c                DebugMon_Handler
                0x0000022e                PendSV_Handler
                0x00000232                DMA_Error_DriverIRQHandler
                0x00000232                LPTMR0_DriverIRQHandler
                0x00000232                FTM1_DriverIRQHandler
                0x00000232                FTM2_DriverIRQHandler
                0x00000232                PIT2_DriverIRQHandler
                0x00000232                SDHC_DriverIRQHandler
                0x00000232                I2S0_Tx_DriverIRQHandler
                0x00000232                RTC_Seconds_DriverIRQHandler
                0x00000232                DMA6_DriverIRQHandler
                0x00000232                LLWU_DriverIRQHandler
                0x00000232                MCM_DriverIRQHandler
                0x00000232                MCG_DriverIRQHandler
                0x00000232                ENET_1588_Timer_DriverIRQHandler
                0x00000232                I2C2_DriverIRQHandler
                0x00000232                DAC1_DriverIRQHandler
                0x00000232                SPI1_DriverIRQHandler
                0x00000232                CMP1_DriverIRQHandler
                0x00000232                UART5_RX_TX_DriverIRQHandler
                0x00000232                FTM0_DriverIRQHandler
                0x00000232                IntDefaultHandler
                0x00000232                USB0_DriverIRQHandler
                0x00000232                UART5_ERR_DriverIRQHandler
                0x00000232                PORTC_DriverIRQHandler
                0x00000232                DMA11_DriverIRQHandler
                0x00000232                DAC0_DriverIRQHandler
                0x00000232                DMA10_DriverIRQHandler
                0x00000232                CMP2_DriverIRQHandler
                0x00000232                UART2_ERR_DriverIRQHandler
                0x00000232                SPI2_DriverIRQHandler
                0x00000232                LVD_LVW_DriverIRQHandler
                0x00000232                PIT0_DriverIRQHandler
                0x00000232                RNG_DriverIRQHandler
                0x00000232                DMA5_DriverIRQHandler
                0x00000232                DMA12_DriverIRQHandler
                0x00000232                UART2_RX_TX_DriverIRQHandler
                0x00000232                USBDCD_DriverIRQHandler
                0x00000232                UART3_ERR_DriverIRQHandler
                0x00000232                DMA3_DriverIRQHandler
                0x00000232                DMA8_DriverIRQHandler
                0x00000232                DMA9_DriverIRQHandler
                0x00000232                UART0_ERR_DriverIRQHandler
                0x00000232                CMT_DriverIRQHandler
                0x00000232                Reserved71_DriverIRQHandler
                0x00000232                ADC1_DriverIRQHandler
                0x00000232                PORTA_DriverIRQHandler
                0x00000232                DMA14_DriverIRQHandler
                0x00000232                PIT3_DriverIRQHandler
                0x00000232                PIT1_DriverIRQHandler
                0x00000232                WDOG_EWM_DriverIRQHandler
                0x00000232                PDB0_DriverIRQHandler
                0x00000232                RTC_DriverIRQHandler
                0x00000232                I2S0_Rx_DriverIRQHandler
                0x00000232                Read_Collision_DriverIRQHandler
                0x00000232                SWI_DriverIRQHandler
                0x00000232                UART4_RX_TX_DriverIRQHandler
                0x00000232                UART4_ERR_DriverIRQHandler
                0x00000232                PORTB_DriverIRQHandler
                0x00000232                UART0_LON_DriverIRQHandler
                0x00000232                DMA0_DriverIRQHandler
                0x00000232                DMA1_DriverIRQHandler
                0x00000232                I2C1_DriverIRQHandler
                0x00000232                UART3_RX_TX_DriverIRQHandler
                0x00000232                ENET_Receive_DriverIRQHandler
                0x00000232                DMA13_DriverIRQHandler
                0x00000232                ENET_Error_DriverIRQHandler
                0x00000232                DMA15_DriverIRQHandler
                0x00000232                UART0_RX_TX_DriverIRQHandler
                0x00000232                SPI0_DriverIRQHandler
                0x00000232                ADC0_DriverIRQHandler
                0x00000232                CMP0_DriverIRQHandler
                0x00000232                CAN0_DriverIRQHandler
                0x00000232                FTM3_DriverIRQHandler
                0x00000232                DMA4_DriverIRQHandler
                0x00000232                UART1_ERR_DriverIRQHandler
                0x00000232                DMA2_DriverIRQHandler
                0x00000232                ENET_Transmit_DriverIRQHandler
                0x00000232                PORTD_DriverIRQHandler
                0x00000232                PORTE_DriverIRQHandler
                0x00000232                FTFE_DriverIRQHandler
                0x00000232                I2C0_DriverIRQHandler
                0x00000232                DMA7_DriverIRQHandler
                0x00000232                UART1_RX_TX_DriverIRQHandler
 .after_vectors.init_data
                0x00000234       0x1e ./SDK/startup/startup_mk64f12.o
                0x00000234                data_init
 .after_vectors.init_bss
                0x00000252       0x12 ./SDK/startup/startup_mk64f12.o
                0x00000252                bss_init
                0x00000400                . = 0x400
 *fill*         0x00000264      0x19c ff
                0x00000400                PROVIDE (__FLASH_CONFIG_START__, .)
 *(SORT_BY_ALIGNMENT(.FlashConfig))
 .FlashConfig   0x00000400       0x10 ./SDK/startup/startup_mk64f12.o
                0x00000400                Flash_Config
                0x00000410                PROVIDE (__FLASH_CONFIG_END__, .)
                0x00000001                ASSERT (! ((__FLASH_CONFIG_START__ == __FLASH_CONFIG_END__)), Linker Flash Config Support Enabled, but no .FlashConfig section provided within application)
 *(SORT_BY_ALIGNMENT(.text*))
 .text.App_Init
                0x00000410       0x38 ./source/App.o
                0x00000410                App_Init
 .text.App_Run  0x00000448       0x30 ./source/App.o
                0x00000448                App_Run
 .text.SysTick_Handler
                0x00000478       0x10 ./source/SysTick.o
                0x00000478                SysTick_Handler
 .text.uartIsRxMsg
                0x00000488       0x64 ./source/uart.o
                0x00000488                uartIsRxMsg
 .text.uartReadMsg
                0x000004ec       0xec ./source/uart.o
                0x000004ec                uartReadMsg
 .text.copyTXmsg
                0x000005d8       0x4c ./source/uart.o
                0x000005d8                copyTXmsg
 .text.uartWriteMsg
                0x00000624       0xa0 ./source/uart.o
                0x00000624                uartWriteMsg
 .text.UARTX_RX_TX_IRQHandler
                0x000006c4      0x114 ./source/uart.o
                0x000006c4                UARTX_RX_TX_IRQHandler
 .text.UART_setBaudRate
                0x000007d8       0x68 ./source/uart.o
                0x000007d8                UART_setBaudRate
 .text.UART_clockGating
                0x00000840       0x64 ./source/uart.o
                0x00000840                UART_clockGating
 .text.uartInit
                0x000008a4      0x1a4 ./source/uart.o
                0x000008a4                uartInit
 .text.hw_Init  0x00000a48       0xc0 ./SDK/startup/hardware.o
                0x00000a48                hw_Init
 .text.hw_EnableInterrupts
                0x00000b08       0x18 ./SDK/startup/hardware.o
                0x00000b08                hw_EnableInterrupts
 .text.hw_DisableInterrupts
                0x00000b20       0x10 ./SDK/startup/hardware.o
                0x00000b20                hw_DisableInterrupts
 .text.SystemInit
                0x00000b30       0x34 ./SDK/CMSIS/system_MK64F12.o
                0x00000b30                SystemInit
 .text.setPCRmux
                0x00000b64       0x16 ./source/pinsHandler.o
                0x00000b64                setPCRmux
 .text.setPCRirqc
                0x00000b7a       0x16 ./source/pinsHandler.o
                0x00000b7a                setPCRirqc
 .text.UART0_LON_IRQHandler
                0x00000b90        0x2 ./source/uart.o
                0x00000b90                UART0_LON_IRQHandler
 .text.UART0_RX_TX_IRQHandler
                0x00000b92        0xa ./source/uart.o
                0x00000b92                UART0_RX_TX_IRQHandler
 .text.UART0_ERR_IRQHandler
                0x00000b9c        0x2 ./source/uart.o
                0x00000b9c                UART0_ERR_IRQHandler
 .text.UART1_RX_TX_IRQHandler
                0x00000b9e        0xa ./source/uart.o
                0x00000b9e                UART1_RX_TX_IRQHandler
 .text.UART1_ERR_IRQHandler
                0x00000ba8        0x2 ./source/uart.o
                0x00000ba8                UART1_ERR_IRQHandler
 .text.UART2_RX_TX_IRQHandler
                0x00000baa        0xa ./source/uart.o
                0x00000baa                UART2_RX_TX_IRQHandler
 .text.UART2_ERR_IRQHandler
                0x00000bb4        0x2 ./source/uart.o
                0x00000bb4                UART2_ERR_IRQHandler
 .text.UART3_RX_TX_IRQHandler
                0x00000bb6        0xa ./source/uart.o
                0x00000bb6                UART3_RX_TX_IRQHandler
 .text.UART3_ERR_IRQHandler
                0x00000bc0        0x2 ./source/uart.o
                0x00000bc0                UART3_ERR_IRQHandler
 .text.UART4_RX_TX_IRQHandler
                0x00000bc2        0xa ./source/uart.o
                0x00000bc2                UART4_RX_TX_IRQHandler
 .text.UART4_ERR_IRQHandler
                0x00000bcc        0x2 ./source/uart.o
                0x00000bcc                UART4_ERR_IRQHandler
 .text.main     0x00000bce       0x18 ./SDK/startup/main.o
                0x00000bce                main
 .text.HardFault_Handler
                0x00000be6       0x2a ./SDK/startup/semihost_hardfault.o
                0x00000be6                HardFault_Handler
 .text.DMA0_IRQHandler
                0x00000c10        0x8 ./SDK/startup/startup_mk64f12.o
                0x00000c10                DMA0_IRQHandler
 .text.DMA1_IRQHandler
                0x00000c18        0x8 ./SDK/startup/startup_mk64f12.o
                0x00000c18                DMA1_IRQHandler
 .text.DMA2_IRQHandler
                0x00000c20        0x8 ./SDK/startup/startup_mk64f12.o
                0x00000c20                DMA2_IRQHandler
 .text.DMA3_IRQHandler
                0x00000c28        0x8 ./SDK/startup/startup_mk64f12.o
                0x00000c28                DMA3_IRQHandler
 .text.DMA4_IRQHandler
                0x00000c30        0x8 ./SDK/startup/startup_mk64f12.o
                0x00000c30                DMA4_IRQHandler
 .text.DMA5_IRQHandler
                0x00000c38        0x8 ./SDK/startup/startup_mk64f12.o
                0x00000c38                DMA5_IRQHandler
 .text.DMA6_IRQHandler
                0x00000c40        0x8 ./SDK/startup/startup_mk64f12.o
                0x00000c40                DMA6_IRQHandler
 .text.DMA7_IRQHandler
                0x00000c48        0x8 ./SDK/startup/startup_mk64f12.o
                0x00000c48                DMA7_IRQHandler
 .text.DMA8_IRQHandler
                0x00000c50        0x8 ./SDK/startup/startup_mk64f12.o
                0x00000c50                DMA8_IRQHandler
 .text.DMA9_IRQHandler
                0x00000c58        0x8 ./SDK/startup/startup_mk64f12.o
                0x00000c58                DMA9_IRQHandler
 .text.DMA10_IRQHandler
                0x00000c60        0x8 ./SDK/startup/startup_mk64f12.o
                0x00000c60                DMA10_IRQHandler
 .text.DMA11_IRQHandler
                0x00000c68        0x8 ./SDK/startup/startup_mk64f12.o
                0x00000c68                DMA11_IRQHandler
 .text.DMA12_IRQHandler
                0x00000c70        0x8 ./SDK/startup/startup_mk64f12.o
                0x00000c70                DMA12_IRQHandler
 .text.DMA13_IRQHandler
                0x00000c78        0x8 ./SDK/startup/startup_mk64f12.o
                0x00000c78                DMA13_IRQHandler
 .text.DMA14_IRQHandler
                0x00000c80        0x8 ./SDK/startup/startup_mk64f12.o
                0x00000c80                DMA14_IRQHandler
 .text.DMA15_IRQHandler
                0x00000c88        0x8 ./SDK/startup/startup_mk64f12.o
                0x00000c88                DMA15_IRQHandler
 .text.DMA_Error_IRQHandler
                0x00000c90        0x8 ./SDK/startup/startup_mk64f12.o
                0x00000c90                DMA_Error_IRQHandler
 .text.MCM_IRQHandler
                0x00000c98        0x8 ./SDK/startup/startup_mk64f12.o
                0x00000c98                MCM_IRQHandler
 .text.FTFE_IRQHandler
                0x00000ca0        0x8 ./SDK/startup/startup_mk64f12.o
                0x00000ca0                FTFE_IRQHandler
 .text.Read_Collision_IRQHandler
                0x00000ca8        0x8 ./SDK/startup/startup_mk64f12.o
                0x00000ca8                Read_Collision_IRQHandler
 .text.LVD_LVW_IRQHandler
                0x00000cb0        0x8 ./SDK/startup/startup_mk64f12.o
                0x00000cb0                LVD_LVW_IRQHandler
 .text.LLWU_IRQHandler
                0x00000cb8        0x8 ./SDK/startup/startup_mk64f12.o
                0x00000cb8                LLWU_IRQHandler
 .text.WDOG_EWM_IRQHandler
                0x00000cc0        0x8 ./SDK/startup/startup_mk64f12.o
                0x00000cc0                WDOG_EWM_IRQHandler
 .text.RNG_IRQHandler
                0x00000cc8        0x8 ./SDK/startup/startup_mk64f12.o
                0x00000cc8                RNG_IRQHandler
 .text.I2C0_IRQHandler
                0x00000cd0        0x8 ./SDK/startup/startup_mk64f12.o
                0x00000cd0                I2C0_IRQHandler
 .text.I2C1_IRQHandler
                0x00000cd8        0x8 ./SDK/startup/startup_mk64f12.o
                0x00000cd8                I2C1_IRQHandler
 .text.SPI0_IRQHandler
                0x00000ce0        0x8 ./SDK/startup/startup_mk64f12.o
                0x00000ce0                SPI0_IRQHandler
 .text.SPI1_IRQHandler
                0x00000ce8        0x8 ./SDK/startup/startup_mk64f12.o
                0x00000ce8                SPI1_IRQHandler
 .text.I2S0_Tx_IRQHandler
                0x00000cf0        0x8 ./SDK/startup/startup_mk64f12.o
                0x00000cf0                I2S0_Tx_IRQHandler
 .text.I2S0_Rx_IRQHandler
                0x00000cf8        0x8 ./SDK/startup/startup_mk64f12.o
                0x00000cf8                I2S0_Rx_IRQHandler
 .text.ADC0_IRQHandler
                0x00000d00        0x8 ./SDK/startup/startup_mk64f12.o
                0x00000d00                ADC0_IRQHandler
 .text.CMP0_IRQHandler
                0x00000d08        0x8 ./SDK/startup/startup_mk64f12.o
                0x00000d08                CMP0_IRQHandler
 .text.CMP1_IRQHandler
                0x00000d10        0x8 ./SDK/startup/startup_mk64f12.o
                0x00000d10                CMP1_IRQHandler
 .text.FTM0_IRQHandler
                0x00000d18        0x8 ./SDK/startup/startup_mk64f12.o
                0x00000d18                FTM0_IRQHandler
 .text.FTM1_IRQHandler
                0x00000d20        0x8 ./SDK/startup/startup_mk64f12.o
                0x00000d20                FTM1_IRQHandler
 .text.FTM2_IRQHandler
                0x00000d28        0x8 ./SDK/startup/startup_mk64f12.o
                0x00000d28                FTM2_IRQHandler
 .text.CMT_IRQHandler
                0x00000d30        0x8 ./SDK/startup/startup_mk64f12.o
                0x00000d30                CMT_IRQHandler
 .text.RTC_IRQHandler
                0x00000d38        0x8 ./SDK/startup/startup_mk64f12.o
                0x00000d38                RTC_IRQHandler
 .text.RTC_Seconds_IRQHandler
                0x00000d40        0x8 ./SDK/startup/startup_mk64f12.o
                0x00000d40                RTC_Seconds_IRQHandler
 .text.PIT0_IRQHandler
                0x00000d48        0x8 ./SDK/startup/startup_mk64f12.o
                0x00000d48                PIT0_IRQHandler
 .text.PIT1_IRQHandler
                0x00000d50        0x8 ./SDK/startup/startup_mk64f12.o
                0x00000d50                PIT1_IRQHandler
 .text.PIT2_IRQHandler
                0x00000d58        0x8 ./SDK/startup/startup_mk64f12.o
                0x00000d58                PIT2_IRQHandler
 .text.PIT3_IRQHandler
                0x00000d60        0x8 ./SDK/startup/startup_mk64f12.o
                0x00000d60                PIT3_IRQHandler
 .text.PDB0_IRQHandler
                0x00000d68        0x8 ./SDK/startup/startup_mk64f12.o
                0x00000d68                PDB0_IRQHandler
 .text.USB0_IRQHandler
                0x00000d70        0x8 ./SDK/startup/startup_mk64f12.o
                0x00000d70                USB0_IRQHandler
 .text.USBDCD_IRQHandler
                0x00000d78        0x8 ./SDK/startup/startup_mk64f12.o
                0x00000d78                USBDCD_IRQHandler
 .text.Reserved71_IRQHandler
                0x00000d80        0x8 ./SDK/startup/startup_mk64f12.o
                0x00000d80                Reserved71_IRQHandler
 .text.DAC0_IRQHandler
                0x00000d88        0x8 ./SDK/startup/startup_mk64f12.o
                0x00000d88                DAC0_IRQHandler
 .text.MCG_IRQHandler
                0x00000d90        0x8 ./SDK/startup/startup_mk64f12.o
                0x00000d90                MCG_IRQHandler
 .text.LPTMR0_IRQHandler
                0x00000d98        0x8 ./SDK/startup/startup_mk64f12.o
                0x00000d98                LPTMR0_IRQHandler
 .text.PORTA_IRQHandler
                0x00000da0        0x8 ./SDK/startup/startup_mk64f12.o
                0x00000da0                PORTA_IRQHandler
 .text.PORTB_IRQHandler
                0x00000da8        0x8 ./SDK/startup/startup_mk64f12.o
                0x00000da8                PORTB_IRQHandler
 .text.PORTC_IRQHandler
                0x00000db0        0x8 ./SDK/startup/startup_mk64f12.o
                0x00000db0                PORTC_IRQHandler
 .text.PORTD_IRQHandler
                0x00000db8        0x8 ./SDK/startup/startup_mk64f12.o
                0x00000db8                PORTD_IRQHandler
 .text.PORTE_IRQHandler
                0x00000dc0        0x8 ./SDK/startup/startup_mk64f12.o
                0x00000dc0                PORTE_IRQHandler
 .text.SWI_IRQHandler
                0x00000dc8        0x8 ./SDK/startup/startup_mk64f12.o
                0x00000dc8                SWI_IRQHandler
 .text.SPI2_IRQHandler
                0x00000dd0        0x8 ./SDK/startup/startup_mk64f12.o
                0x00000dd0                SPI2_IRQHandler
 .text.UART5_RX_TX_IRQHandler
                0x00000dd8        0x8 ./SDK/startup/startup_mk64f12.o
                0x00000dd8                UART5_RX_TX_IRQHandler
 .text.UART5_ERR_IRQHandler
                0x00000de0        0x8 ./SDK/startup/startup_mk64f12.o
                0x00000de0                UART5_ERR_IRQHandler
 .text.CMP2_IRQHandler
                0x00000de8        0x8 ./SDK/startup/startup_mk64f12.o
                0x00000de8                CMP2_IRQHandler
 .text.FTM3_IRQHandler
                0x00000df0        0x8 ./SDK/startup/startup_mk64f12.o
                0x00000df0                FTM3_IRQHandler
 .text.DAC1_IRQHandler
                0x00000df8        0x8 ./SDK/startup/startup_mk64f12.o
                0x00000df8                DAC1_IRQHandler
 .text.ADC1_IRQHandler
                0x00000e00        0x8 ./SDK/startup/startup_mk64f12.o
                0x00000e00                ADC1_IRQHandler
 .text.I2C2_IRQHandler
                0x00000e08        0x8 ./SDK/startup/startup_mk64f12.o
                0x00000e08                I2C2_IRQHandler
 .text.CAN0_ORed_Message_buffer_IRQHandler
                0x00000e10        0x8 ./SDK/startup/startup_mk64f12.o
                0x00000e10                CAN0_ORed_Message_buffer_IRQHandler
 .text.CAN0_Bus_Off_IRQHandler
                0x00000e18        0x8 ./SDK/startup/startup_mk64f12.o
                0x00000e18                CAN0_Bus_Off_IRQHandler
 .text.CAN0_Error_IRQHandler
                0x00000e20        0x8 ./SDK/startup/startup_mk64f12.o
                0x00000e20                CAN0_Error_IRQHandler
 .text.CAN0_Tx_Warning_IRQHandler
                0x00000e28        0x8 ./SDK/startup/startup_mk64f12.o
                0x00000e28                CAN0_Tx_Warning_IRQHandler
 .text.CAN0_Rx_Warning_IRQHandler
                0x00000e30        0x8 ./SDK/startup/startup_mk64f12.o
                0x00000e30                CAN0_Rx_Warning_IRQHandler
 .text.CAN0_Wake_Up_IRQHandler
                0x00000e38        0x8 ./SDK/startup/startup_mk64f12.o
                0x00000e38                CAN0_Wake_Up_IRQHandler
 .text.SDHC_IRQHandler
                0x00000e40        0x8 ./SDK/startup/startup_mk64f12.o
                0x00000e40                SDHC_IRQHandler
 .text.ENET_1588_Timer_IRQHandler
                0x00000e48        0x8 ./SDK/startup/startup_mk64f12.o
                0x00000e48                ENET_1588_Timer_IRQHandler
 .text.ENET_Transmit_IRQHandler
                0x00000e50        0x8 ./SDK/startup/startup_mk64f12.o
                0x00000e50                ENET_Transmit_IRQHandler
 .text.ENET_Receive_IRQHandler
                0x00000e58        0x8 ./SDK/startup/startup_mk64f12.o
                0x00000e58                ENET_Receive_IRQHandler
 .text.ENET_Error_IRQHandler
                0x00000e60        0x8 ./SDK/startup/startup_mk64f12.o
                0x00000e60                ENET_Error_IRQHandler
 .text.SystemInitHook
                0x00000e68        0x2 ./SDK/CMSIS/system_MK64F12.o
                0x00000e68                SystemInitHook
 *(SORT_BY_ALIGNMENT(.rodata) SORT_BY_ALIGNMENT(.rodata.*) SORT_BY_ALIGNMENT(.constdata) SORT_BY_ALIGNMENT(.constdata.*))
 *fill*         0x00000e6a        0x2 ff
 .rodata.App_Init.str1.4
                0x00000e6c        0x8 ./source/App.o
                                  0x6 (size before relaxing)
 .rodata        0x00000e74       0x2c ./source/uart.o
                0x00000ea0                . = ALIGN (0x8)

.glue_7         0x00000ea0        0x0
 .glue_7        0x00000ea0        0x0 linker stubs

.glue_7t        0x00000ea0        0x0
 .glue_7t       0x00000ea0        0x0 linker stubs

.vfp11_veneer   0x00000ea0        0x0
 .vfp11_veneer  0x00000ea0        0x0 linker stubs

.v4_bx          0x00000ea0        0x0
 .v4_bx         0x00000ea0        0x0 linker stubs

.iplt           0x00000ea0        0x0
 .iplt          0x00000ea0        0x0 ./source/App.o

.rel.dyn        0x00000ea0        0x0
 .rel.iplt      0x00000ea0        0x0 ./source/App.o

.ARM.extab
 *(SORT_BY_ALIGNMENT(.ARM.extab*) SORT_BY_ALIGNMENT(.gnu.linkonce.armextab.*))
                0x00000ea0                __exidx_start = .

.ARM.exidx
 *(SORT_BY_ALIGNMENT(.ARM.exidx*) SORT_BY_ALIGNMENT(.gnu.linkonce.armexidx.*))
                0x00000ea0                __exidx_end = .
                0x00000ea0                _etext = .

.m_usb_data
 *(SORT_BY_ALIGNMENT(m_usb_bdt))

.data_RAM2      0x1fff0000        0x0 load address 0x00000ea0
 FILL mask 0xff
                [!provide]                PROVIDE (__start_data_RAM2, .)
 *(SORT_BY_ALIGNMENT(.ramfunc.$RAM2))
 *(SORT_BY_ALIGNMENT(.ramfunc.$SRAM_LOWER))
 *(SORT_BY_ALIGNMENT(.data.$RAM2*))
 *(SORT_BY_ALIGNMENT(.data.$SRAM_LOWER*))
                0x1fff0000                . = ALIGN (0x8)
                [!provide]                PROVIDE (__end_data_RAM2, .)

.data_RAM3      0x14000000        0x0 load address 0x00000ea0
 FILL mask 0xff
                [!provide]                PROVIDE (__start_data_RAM3, .)
 *(SORT_BY_ALIGNMENT(.ramfunc.$RAM3))
 *(SORT_BY_ALIGNMENT(.ramfunc.$FLEX_RAM))
 *(SORT_BY_ALIGNMENT(.data.$RAM3*))
 *(SORT_BY_ALIGNMENT(.data.$FLEX_RAM*))
                0x14000000                . = ALIGN (0x8)
                [!provide]                PROVIDE (__end_data_RAM3, .)

.uninit_RESERVED
                0x20000000        0x0
 *(SORT_BY_ALIGNMENT(.bss.$RESERVED*))
                0x20000000                . = ALIGN (0x4)
                0x20000000                _end_uninit_RESERVED = .

.data           0x20000000       0x40 load address 0x00000ea0
 FILL mask 0xff
                0x20000000                _data = .
 *(SORT_BY_ALIGNMENT(vtable))
 *(SORT_BY_ALIGNMENT(.ramfunc*))
 *(SORT_BY_ALIGNMENT(.data*))
 .data.markersRXbuffer
                0x20000000       0x14 ./source/uart.o
                0x20000000                markersRXbuffer
 .data.uartIRQs_ERR
                0x20000014        0x6 ./source/uart.o
                0x20000014                uartIRQs_ERR
 *fill*         0x2000001a        0x2 ff
 .data.uartIRQs_LON
                0x2000001c        0x6 ./source/uart.o
                0x2000001c                uartIRQs_LON
 *fill*         0x20000022        0x2 ff
 .data.uartIRQs_TX_RX
                0x20000024        0x6 ./source/uart.o
                0x20000024                uartIRQs_TX_RX
 *fill*         0x2000002a        0x2 ff
 .data.uartRXpins
                0x2000002c        0x5 ./source/uart.o
                0x2000002c                uartRXpins
 *fill*         0x20000031        0x3 ff
 .data.uartTXpins
                0x20000034        0x5 ./source/uart.o
                0x20000034                uartTXpins
                0x20000040                . = ALIGN (0x8)
 *fill*         0x20000039        0x7 ff
                0x20000040                _edata = .

.igot.plt       0x20000040        0x0 load address 0x00000ee0
 .igot.plt      0x20000040        0x0 ./source/App.o

.bss_RAM2       0x1fff0000        0x0
                [!provide]                PROVIDE (__start_bss_RAM2, .)
 *(SORT_BY_ALIGNMENT(.bss.$RAM2*))
 *(SORT_BY_ALIGNMENT(.bss.$SRAM_LOWER*))
                0x1fff0000                . = ALIGN ((. != 0x0)?0x8:0x1)
                [!provide]                PROVIDE (__end_bss_RAM2, .)

.bss_RAM3       0x14000000        0x0
                [!provide]                PROVIDE (__start_bss_RAM3, .)
 *(SORT_BY_ALIGNMENT(.bss.$RAM3*))
 *(SORT_BY_ALIGNMENT(.bss.$FLEX_RAM*))
                0x14000000                . = ALIGN ((. != 0x0)?0x8:0x1)
                [!provide]                PROVIDE (__end_bss_RAM3, .)

.bss            0x20000040       0x98
                0x20000040                _bss = .
 *(SORT_BY_ALIGNMENT(.bss*))
 .bss.messageReceived
                0x20000040        0x9 ./source/App.o
                0x20000040                messageReceived
 *fill*         0x20000049        0x3 
 .bss.sysTickFun
                0x2000004c        0x4 ./source/SysTick.o
                0x2000004c                sysTickFun
 .bss.RXbuffers
                0x20000050       0x28 ./source/uart.o
                0x20000050                RXbuffers
 .bss.TXbuffers
                0x20000078       0x28 ./source/uart.o
                0x20000078                TXbuffers
 .bss.countersRXfailed
                0x200000a0        0x5 ./source/uart.o
                0x200000a0                countersRXfailed
 *fill*         0x200000a5        0x3 
 .bss.flagsReading
                0x200000a8        0x5 ./source/uart.o
                0x200000a8                flagsReading
 *fill*         0x200000ad        0x3 
 .bss.inMarkersTXbuffer
                0x200000b0        0x5 ./source/uart.o
                0x200000b0                inMarkersTXbuffer
 *fill*         0x200000b5        0x3 
 .bss.lensTXbuffer
                0x200000b8        0x5 ./source/uart.o
                0x200000b8                lensTXbuffer
 *fill*         0x200000bd        0x3 
 .bss.outMarkersTXbuffer
                0x200000c0        0x5 ./source/uart.o
                0x200000c0                outMarkersTXbuffer
 *fill*         0x200000c5        0x3 
 .bss.uartMode  0x200000c8        0x5 ./source/uart.o
                0x200000c8                uartMode
 *fill*         0x200000cd        0x3 
 .bss.__LDM_interruptDisableCount
                0x200000d0        0x4 ./SDK/startup/hardware.o
 .bss.aux       0x200000d4        0x1 ./source/App.o
                0x200000d4                aux
 *(SORT_BY_ALIGNMENT(COMMON))
                0x200000d8                . = ALIGN (0x8)
 *fill*         0x200000d5        0x3 
                0x200000d8                _ebss = .
                [!provide]                PROVIDE (end, .)

.noinit_RAM2    0x1fff0000        0x0
 *(SORT_BY_ALIGNMENT(.noinit.$RAM2*))
 *(SORT_BY_ALIGNMENT(.noinit.$SRAM_LOWER*))
                0x1fff0000                . = ALIGN (0x8)

.noinit_RAM3    0x14000000        0x0
 *(SORT_BY_ALIGNMENT(.noinit.$RAM3*))
 *(SORT_BY_ALIGNMENT(.noinit.$FLEX_RAM*))
                0x14000000                . = ALIGN (0x8)

.noinit         0x200000d8        0x0
                0x200000d8                _noinit = .
 *(SORT_BY_ALIGNMENT(.noinit*))
                0x200000d8                . = ALIGN (0x8)
                0x200000d8                _end_noinit = .
                0x00001000                _HeapSize = 0x1000

.heap           0x200000d8     0x1000
                0x200000d8                _pvHeapStart = .
                0x200010d8                . = (. + _HeapSize)
 *fill*         0x200000d8     0x1000 
                0x200010d8                . = ALIGN (0x8)
                0x200010d8                _pvHeapLimit = .
                0x00001000                _StackSize = 0x1000

.heap2stackfill
                0x200010d8     0x1000
                0x200020d8                . = (. + _StackSize)
 *fill*         0x200010d8     0x1000 

.stack          0x2002f000        0x0
                0x2002f000                _vStackBase = .
                0x2002f000                . = ALIGN (0x8)
                0x20030000                _vStackTop = (. + _StackSize)
                0x00000000                _image_start = LOADADDR (.text)
                0x00000ee0                _image_end = (LOADADDR (.data) + SIZEOF (.data))
                0x00000ee0                _image_size = (_image_end - _image_start)
OUTPUT(uartSPI.axf elf32-littlearm)

.debug_info     0x00000000     0x372b
 .debug_info    0x00000000      0x241 ./source/App.o
 .debug_info    0x00000241      0x518 ./source/SysTick.o
 .debug_info    0x00000759      0x339 ./source/pinsHandler.o
 .debug_info    0x00000a92     0x1250 ./source/uart.o
 .debug_info    0x00001ce2      0x675 ./SDK/startup/hardware.o
 .debug_info    0x00002357      0x120 ./SDK/startup/main.o
 .debug_info    0x00002477       0x3b ./SDK/startup/semihost_hardfault.o
 .debug_info    0x000024b2      0xc71 ./SDK/startup/startup_mk64f12.o
 .debug_info    0x00003123      0x608 ./SDK/CMSIS/system_MK64F12.o

.debug_abbrev   0x00000000      0xbd1
 .debug_abbrev  0x00000000      0x10b ./source/App.o
 .debug_abbrev  0x0000010b      0x19c ./source/SysTick.o
 .debug_abbrev  0x000002a7      0x160 ./source/pinsHandler.o
 .debug_abbrev  0x00000407      0x343 ./source/uart.o
 .debug_abbrev  0x0000074a      0x138 ./SDK/startup/hardware.o
 .debug_abbrev  0x00000882       0x9b ./SDK/startup/main.o
 .debug_abbrev  0x0000091d       0x2f ./SDK/startup/semihost_hardfault.o
 .debug_abbrev  0x0000094c      0x13b ./SDK/startup/startup_mk64f12.o
 .debug_abbrev  0x00000a87      0x14a ./SDK/CMSIS/system_MK64F12.o

.debug_aranges  0x00000000      0x558
 .debug_aranges
                0x00000000       0x28 ./source/App.o
 .debug_aranges
                0x00000028       0x28 ./source/SysTick.o
 .debug_aranges
                0x00000050       0x48 ./source/pinsHandler.o
 .debug_aranges
                0x00000098       0xf0 ./source/uart.o
 .debug_aranges
                0x00000188       0x30 ./SDK/startup/hardware.o
 .debug_aranges
                0x000001b8       0x20 ./SDK/startup/main.o
 .debug_aranges
                0x000001d8       0x20 ./SDK/startup/semihost_hardfault.o
 .debug_aranges
                0x000001f8      0x330 ./SDK/startup/startup_mk64f12.o
 .debug_aranges
                0x00000528       0x30 ./SDK/CMSIS/system_MK64F12.o

.debug_ranges   0x00000000      0x4c8
 .debug_ranges  0x00000000       0x18 ./source/App.o
 .debug_ranges  0x00000018       0x18 ./source/SysTick.o
 .debug_ranges  0x00000030       0x38 ./source/pinsHandler.o
 .debug_ranges  0x00000068       0xe0 ./source/uart.o
 .debug_ranges  0x00000148       0x20 ./SDK/startup/hardware.o
 .debug_ranges  0x00000168       0x10 ./SDK/startup/main.o
 .debug_ranges  0x00000178       0x10 ./SDK/startup/semihost_hardfault.o
 .debug_ranges  0x00000188      0x320 ./SDK/startup/startup_mk64f12.o
 .debug_ranges  0x000004a8       0x20 ./SDK/CMSIS/system_MK64F12.o

.debug_macro    0x00000000    0x11749
 .debug_macro   0x00000000       0x33 ./source/App.o
 .debug_macro   0x00000033      0xa5a ./source/App.o
 .debug_macro   0x00000a8d      0x34e ./source/App.o
 .debug_macro   0x00000ddb       0x2e ./source/App.o
 .debug_macro   0x00000e09       0x96 ./source/SysTick.o
 .debug_macro   0x00000e9f       0x22 ./source/SysTick.o
 .debug_macro   0x00000ec1       0x5c ./source/SysTick.o
 .debug_macro   0x00000f1d       0x1c ./source/SysTick.o
 .debug_macro   0x00000f39       0x22 ./source/SysTick.o
 .debug_macro   0x00000f5b       0xdf ./source/SysTick.o
 .debug_macro   0x0000103a      0xecf ./source/SysTick.o
 .debug_macro   0x00001f09       0x48 ./source/SysTick.o
 .debug_macro   0x00001f51     0xe07b ./source/SysTick.o
 .debug_macro   0x0000ffcc      0x174 ./source/SysTick.o
 .debug_macro   0x00010140       0x92 ./source/pinsHandler.o
 .debug_macro   0x000101d2       0x22 ./source/pinsHandler.o
 .debug_macro   0x000101f4      0x118 ./source/uart.o
 .debug_macro   0x0001030c       0x10 ./source/uart.o
 .debug_macro   0x0001031c     0x122b ./source/uart.o
 .debug_macro   0x00011547       0x16 ./source/uart.o
 .debug_macro   0x0001155d       0x9c ./SDK/startup/hardware.o
 .debug_macro   0x000115f9       0x9c ./SDK/startup/main.o
 .debug_macro   0x00011695       0x11 ./SDK/startup/semihost_hardfault.o
 .debug_macro   0x000116a6       0x23 ./SDK/startup/startup_mk64f12.o
 .debug_macro   0x000116c9       0x80 ./SDK/CMSIS/system_MK64F12.o

.debug_line     0x00000000     0x1524
 .debug_line    0x00000000       0xcf ./source/App.o
 .debug_line    0x000000cf      0x163 ./source/SysTick.o
 .debug_line    0x00000232      0x1a2 ./source/pinsHandler.o
 .debug_line    0x000003d4      0x511 ./source/uart.o
 .debug_line    0x000008e5      0x1cb ./SDK/startup/hardware.o
 .debug_line    0x00000ab0      0x175 ./SDK/startup/main.o
 .debug_line    0x00000c25       0x55 ./SDK/startup/semihost_hardfault.o
 .debug_line    0x00000c7a      0x6d8 ./SDK/startup/startup_mk64f12.o
 .debug_line    0x00001352      0x1d2 ./SDK/CMSIS/system_MK64F12.o

.debug_str      0x00000000    0x7882e
 .debug_str     0x00000000     0x37af ./source/App.o
                               0x3917 (size before relaxing)
 .debug_str     0x000037af    0x6d51e ./source/SysTick.o
                              0x70dc2 (size before relaxing)
 .debug_str     0x00070ccd      0x17c ./source/pinsHandler.o
                              0x70615 (size before relaxing)
 .debug_str     0x00070e49     0x7099 ./source/uart.o
                              0x77c7d (size before relaxing)
 .debug_str     0x00077ee2      0x16f ./SDK/startup/hardware.o
                              0x7720b (size before relaxing)
 .debug_str     0x00078051       0x1b ./SDK/startup/main.o
                              0x77021 (size before relaxing)
 .debug_str     0x0007806c       0x36 ./SDK/startup/semihost_hardfault.o
                               0x2d45 (size before relaxing)
 .debug_str     0x000780a2      0x735 ./SDK/startup/startup_mk64f12.o
                               0x35b4 (size before relaxing)
 .debug_str     0x000787d7       0x57 ./SDK/CMSIS/system_MK64F12.o
                              0x7711a (size before relaxing)

.comment        0x00000000       0x7e
 .comment       0x00000000       0x7e ./source/App.o
                                 0x7f (size before relaxing)
 .comment       0x0000007e       0x7f ./source/SysTick.o
 .comment       0x0000007e       0x7f ./source/pinsHandler.o
 .comment       0x0000007e       0x7f ./source/uart.o
 .comment       0x0000007e       0x7f ./SDK/startup/hardware.o
 .comment       0x0000007e       0x7f ./SDK/startup/main.o
 .comment       0x0000007e       0x7f ./SDK/startup/semihost_hardfault.o
 .comment       0x0000007e       0x7f ./SDK/startup/startup_mk64f12.o
 .comment       0x0000007e       0x7f ./SDK/CMSIS/system_MK64F12.o

.ARM.attributes
                0x00000000       0x39
 .ARM.attributes
                0x00000000       0x39 ./source/App.o
 .ARM.attributes
                0x00000039       0x39 ./source/SysTick.o
 .ARM.attributes
                0x00000072       0x39 ./source/pinsHandler.o
 .ARM.attributes
                0x000000ab       0x39 ./source/uart.o
 .ARM.attributes
                0x000000e4       0x39 ./SDK/startup/hardware.o
 .ARM.attributes
                0x0000011d       0x39 ./SDK/startup/main.o
 .ARM.attributes
                0x00000156       0x39 ./SDK/startup/semihost_hardfault.o
 .ARM.attributes
                0x0000018f       0x39 ./SDK/startup/startup_mk64f12.o
 .ARM.attributes
                0x000001c8       0x39 ./SDK/CMSIS/system_MK64F12.o

.debug_frame    0x00000000      0xd70
 .debug_frame   0x00000000       0x48 ./source/App.o
 .debug_frame   0x00000048       0x38 ./source/SysTick.o
 .debug_frame   0x00000080       0x70 ./source/pinsHandler.o
 .debug_frame   0x000000f0      0x2ac ./source/uart.o
 .debug_frame   0x0000039c       0x40 ./SDK/startup/hardware.o
 .debug_frame   0x000003dc       0x28 ./SDK/startup/main.o
 .debug_frame   0x00000404       0x20 ./SDK/startup/semihost_hardfault.o
 .debug_frame   0x00000424      0x904 ./SDK/startup/startup_mk64f12.o
 .debug_frame   0x00000d28       0x48 ./SDK/CMSIS/system_MK64F12.o

.debug_loc      0x00000000      0xa1c
 .debug_loc     0x00000000       0x6b ./source/SysTick.o
 .debug_loc     0x0000006b       0xe3 ./source/pinsHandler.o
 .debug_loc     0x0000014e      0x63e ./source/uart.o
 .debug_loc     0x0000078c      0x1e7 ./SDK/startup/startup_mk64f12.o
 .debug_loc     0x00000973       0xa9 ./SDK/CMSIS/system_MK64F12.o
