Archive member included to satisfy reference by file (symbol)

c:/nxp/mcuxpressoide_10.2.0_759/ide/tools/bin/../lib/gcc/arm-none-eabi/7.2.1/../../../../arm-none-eabi/lib/thumb/v7e-m/fpv4-sp/hard\libcr_c.a(atan2.o)
                              ./source/FXOS8700CQ.o (atan2)
c:/nxp/mcuxpressoide_10.2.0_759/ide/tools/bin/../lib/gcc/arm-none-eabi/7.2.1/../../../../arm-none-eabi/lib/thumb/v7e-m/fpv4-sp/hard\libcr_c.a(errno.o)
                              c:/nxp/mcuxpressoide_10.2.0_759/ide/tools/bin/../lib/gcc/arm-none-eabi/7.2.1/../../../../arm-none-eabi/lib/thumb/v7e-m/fpv4-sp/hard\libcr_c.a(atan2.o) (errno)
c:/nxp/mcuxpressoide_10.2.0_759/ide/tools/bin/../lib/gcc/arm-none-eabi/7.2.1/../../../../arm-none-eabi/lib/thumb/v7e-m/fpv4-sp/hard\libcr_c.a(fabs.o)
                              c:/nxp/mcuxpressoide_10.2.0_759/ide/tools/bin/../lib/gcc/arm-none-eabi/7.2.1/../../../../arm-none-eabi/lib/thumb/v7e-m/fpv4-sp/hard\libcr_c.a(atan2.o) (fabs)
c:/nxp/mcuxpressoide_10.2.0_759/ide/tools/bin/../lib/gcc/arm-none-eabi/7.2.1/../../../../arm-none-eabi/lib/thumb/v7e-m/fpv4-sp/hard\libcr_c.a(pow.o)
                              ./source/sphericalPos.o (pow)
c:/nxp/mcuxpressoide_10.2.0_759/ide/tools/bin/../lib/gcc/arm-none-eabi/7.2.1/../../../../arm-none-eabi/lib/thumb/v7e-m/fpv4-sp/hard\libcr_c.a(sqrt.o)
                              ./source/FXOS8700CQ.o (sqrt)
c:/nxp/mcuxpressoide_10.2.0_759/ide/tools/bin/../lib/gcc/arm-none-eabi/7.2.1/../../../../arm-none-eabi/lib/thumb/v7e-m/fpv4-sp/hard\libcr_c.a(stdlib.o)
                              ./source/sphericalPos.o (abs)
c:/nxp/mcuxpressoide_10.2.0_759/ide/tools/bin/../lib/gcc/arm-none-eabi/7.2.1/../../../../arm-none-eabi/lib/thumb/v7e-m/fpv4-sp/hard\libcr_c.a(_hugeval.o)
                              c:/nxp/mcuxpressoide_10.2.0_759/ide/tools/bin/../lib/gcc/arm-none-eabi/7.2.1/../../../../arm-none-eabi/lib/thumb/v7e-m/fpv4-sp/hard\libcr_c.a(atan2.o) (__huge_val)
c:/nxp/mcuxpressoide_10.2.0_759/ide/tools/bin/../lib/gcc/arm-none-eabi/7.2.1/../../../../arm-none-eabi/lib/thumb/v7e-m/fpv4-sp/hard\libcr_c.a(atan.o)
                              c:/nxp/mcuxpressoide_10.2.0_759/ide/tools/bin/../lib/gcc/arm-none-eabi/7.2.1/../../../../arm-none-eabi/lib/thumb/v7e-m/fpv4-sp/hard\libcr_c.a(atan2.o) (atan)
c:/nxp/mcuxpressoide_10.2.0_759/ide/tools/bin/../lib/gcc/arm-none-eabi/7.2.1/../../../../arm-none-eabi/lib/thumb/v7e-m/fpv4-sp/hard\libcr_c.a(frexp.o)
                              c:/nxp/mcuxpressoide_10.2.0_759/ide/tools/bin/../lib/gcc/arm-none-eabi/7.2.1/../../../../arm-none-eabi/lib/thumb/v7e-m/fpv4-sp/hard\libcr_c.a(pow.o) (frexp)
c:/nxp/mcuxpressoide_10.2.0_759/ide/tools/bin/../lib/gcc/arm-none-eabi/7.2.1/../../../../arm-none-eabi/lib/thumb/v7e-m/fpv4-sp/hard\libcr_c.a(initio.o)
                              c:/nxp/mcuxpressoide_10.2.0_759/ide/tools/bin/../lib/gcc/arm-none-eabi/7.2.1/../../../../arm-none-eabi/lib/thumb/v7e-m/fpv4-sp/hard\libcr_c.a(stdlib.o) (_terminateio)
c:/nxp/mcuxpressoide_10.2.0_759/ide/tools/bin/../lib/gcc/arm-none-eabi/7.2.1/../../../../arm-none-eabi/lib/thumb/v7e-m/fpv4-sp/hard\libcr_c.a(ldexp.o)
                              c:/nxp/mcuxpressoide_10.2.0_759/ide/tools/bin/../lib/gcc/arm-none-eabi/7.2.1/../../../../arm-none-eabi/lib/thumb/v7e-m/fpv4-sp/hard\libcr_c.a(pow.o) (ldexp)
c:/nxp/mcuxpressoide_10.2.0_759/ide/tools/bin/../lib/gcc/arm-none-eabi/7.2.1/../../../../arm-none-eabi/lib/thumb/v7e-m/fpv4-sp/hard\libcr_c.a(raise.o)
                              c:/nxp/mcuxpressoide_10.2.0_759/ide/tools/bin/../lib/gcc/arm-none-eabi/7.2.1/../../../../arm-none-eabi/lib/thumb/v7e-m/fpv4-sp/hard\libcr_c.a(stdlib.o) (raise)
c:/nxp/mcuxpressoide_10.2.0_759/ide/tools/bin/../lib/gcc/arm-none-eabi/7.2.1/../../../../arm-none-eabi/lib/thumb/v7e-m/fpv4-sp/hard\libcr_c.a(setvbuf.o)
                              c:/nxp/mcuxpressoide_10.2.0_759/ide/tools/bin/../lib/gcc/arm-none-eabi/7.2.1/../../../../arm-none-eabi/lib/thumb/v7e-m/fpv4-sp/hard\libcr_c.a(initio.o) (setvbuf)
c:/nxp/mcuxpressoide_10.2.0_759/ide/tools/bin/../lib/gcc/arm-none-eabi/7.2.1/../../../../arm-none-eabi/lib/thumb/v7e-m/fpv4-sp/hard\libcr_c.a(_fdopen.o)
                              c:/nxp/mcuxpressoide_10.2.0_759/ide/tools/bin/../lib/gcc/arm-none-eabi/7.2.1/../../../../arm-none-eabi/lib/thumb/v7e-m/fpv4-sp/hard\libcr_c.a(initio.o) (_fdopen)
c:/nxp/mcuxpressoide_10.2.0_759/ide/tools/bin/../lib/gcc/arm-none-eabi/7.2.1/../../../../arm-none-eabi/lib/thumb/v7e-m/fpv4-sp/hard\libcr_c.a(fclose.o)
                              c:/nxp/mcuxpressoide_10.2.0_759/ide/tools/bin/../lib/gcc/arm-none-eabi/7.2.1/../../../../arm-none-eabi/lib/thumb/v7e-m/fpv4-sp/hard\libcr_c.a(initio.o) (fclose)
c:/nxp/mcuxpressoide_10.2.0_759/ide/tools/bin/../lib/gcc/arm-none-eabi/7.2.1/../../../../arm-none-eabi/lib/thumb/v7e-m/fpv4-sp/hard\libcr_c.a(fflush.o)
[...]
Memory Configuration

Name             Origin             Length             Attributes
PROGRAM_FLASH    0x00000000         0x00100000         xr
SRAM_UPPER       0x20000000         0x00030000         xrw
SRAM_LOWER       0x1fff0000         0x00010000         xrw
FLEX_RAM         0x14000000         0x00001000         xrw
*default*        0x00000000         0xffffffff

Linker script and memory map

LOAD ./source/App.o
LOAD ./source/FXOS8700CQ.o
LOAD ./source/SysTick.o
LOAD ./source/accelerometer.o
LOAD ./source/boardsInterface.o
LOAD ./source/can.o
LOAD ./source/comController2pc.o
LOAD ./source/coordHAL.o
LOAD ./source/i2c.o
LOAD ./source/pinsHandler.o
LOAD ./source/sphericalPos.o
LOAD ./source/spi.o
LOAD ./source/timer.o
LOAD ./source/uart.o
LOAD ./SDK/startup/hardware.o
LOAD ./SDK/startup/main.o
LOAD ./SDK/startup/semihost_hardfault.o
LOAD ./SDK/startup/startup_mk64f12.o
LOAD ./SDK/CMSIS/system_MK64F12.o
START GROUP
LOAD c:/nxp/mcuxpressoide_10.2.0_759/ide/tools/bin/../lib/gcc/arm-none-eabi/7.2.1/../../../../arm-none-eabi/lib/thumb/v7e-m/fpv4-sp/hard\libcr_c.a
LOAD c:/nxp/mcuxpressoide_10.2.0_759/ide/tools/bin/../lib/gcc/arm-none-eabi/7.2.1/thumb/v7e-m/fpv4-sp/hard\libcr_eabihelpers.a
END GROUP
                0x00000000                __base_PROGRAM_FLASH = 0x0
                0x00000000                __base_Flash = 0x0
                0x00100000                __top_PROGRAM_FLASH = 0x100000
                0x00100000                __top_Flash = 0x100000
                0x20000000                __base_SRAM_UPPER = 0x20000000
                0x20000000                __base_RAM = 0x20000000
                0x20030000                __top_SRAM_UPPER = 0x20030000
                0x20030000                __top_RAM = 0x20030000
                0x1fff0000                __base_SRAM_LOWER = 0x1fff0000
                0x1fff0000                __base_RAM2 = 0x1fff0000
                0x20000000                __top_SRAM_LOWER = 0x20000000
                0x20000000                __top_RAM2 = 0x20000000
                0x14000000                __base_FLEX_RAM = 0x14000000
                0x14000000                __base_RAM3 = 0x14000000
                0x14001000                __top_FLEX_RAM = 0x14001000
                0x14001000                __top_RAM3 = 0x14001000

.text           0x00000000     0x3528
 FILL mask 0xff
                0x00000000                __vectors_start__ = ABSOLUTE (.)
 *(SORT_BY_ALIGNMENT(.isr_vector))
 .isr_vector    0x00000000      0x198 ./SDK/startup/startup_mk64f12.o
                0x00000000                g_pfnVectors
                0x00000000                __Vectors
                0x00000198                . = ALIGN (0x4)
                0x00000198                __section_table_start = .
                0x00000198                __data_section_table = .
                0x00000198        0x4 LONG 0x3528 LOADADDR (.data)
                0x0000019c        0x4 LONG 0x20000000 ADDR (.data)
                0x000001a0        0x4 LONG 0x60 SIZEOF (.data)
                0x000001a4        0x4 LONG 0x3528 LOADADDR (.data_RAM2)
                0x000001a8        0x4 LONG 0x1fff0000 ADDR (.data_RAM2)
                0x000001ac        0x4 LONG 0x0 SIZEOF (.data_RAM2)
                0x000001b0        0x4 LONG 0x3528 LOADADDR (.data_RAM3)
                0x000001b4        0x4 LONG 0x14000000 ADDR (.data_RAM3)
                0x000001b8        0x4 LONG 0x0 SIZEOF (.data_RAM3)
                0x000001bc                __data_section_table_end = .
                0x000001bc                __bss_section_table = .
                0x000001bc        0x4 LONG 0x20000060 ADDR (.bss)
                0x000001c0        0x4 LONG 0x758 SIZEOF (.bss)
                0x000001c4        0x4 LONG 0x1fff0000 ADDR (.bss_RAM2)
                0x000001c8        0x4 LONG 0x0 SIZEOF (.bss_RAM2)
                0x000001cc        0x4 LONG 0x14000000 ADDR (.bss_RAM3)
                0x000001d0        0x4 LONG 0x0 SIZEOF (.bss_RAM3)
                0x000001d4                __bss_section_table_end = .
                0x000001d4                __section_table_end = .
 *(SORT_BY_ALIGNMENT(.after_vectors*))
 .after_vectors.reset
                0x000001d4       0x4c ./SDK/startup/startup_mk64f12.o
                0x000001d4                ResetISR
 .after_vectors
                0x00000220       0x14 ./SDK/startup/startup_mk64f12.o
                0x00000220                NMI_Handler
                0x00000224                MemManage_Handler
                0x00000226                BusFault_Handler
                0x00000228                UsageFault_Handler
                0x0000022a                SVC_Handler
                0x0000022c                DebugMon_Handler
                0x0000022e                PendSV_Handler
                0x00000232                DMA_Error_DriverIRQHandler
                0x00000232                LPTMR0_DriverIRQHandler
                0x00000232                FTM1_DriverIRQHandler
                0x00000232                FTM2_DriverIRQHandler
                0x00000232                PIT2_DriverIRQHandler
                0x00000232                SDHC_DriverIRQHandler
                0x00000232                I2S0_Tx_DriverIRQHandler
                0x00000232                RTC_Seconds_DriverIRQHandler
                0x00000232                DMA6_DriverIRQHandler
                0x00000232                LLWU_DriverIRQHandler
                0x00000232                MCM_DriverIRQHandler
                0x00000232                MCG_DriverIRQHandler
                0x00000232                ENET_1588_Timer_DriverIRQHandler
                0x00000232                I2C2_DriverIRQHandler
                0x00000232                DAC1_DriverIRQHandler
                0x00000232                SPI1_DriverIRQHandler
                0x00000232                CMP1_DriverIRQHandler
                0x00000232                UART5_RX_TX_DriverIRQHandler
                0x00000232                FTM0_DriverIRQHandler
                0x00000232                IntDefaultHandler
                0x00000232                USB0_DriverIRQHandler
                0x00000232                UART5_ERR_DriverIRQHandler
                0x00000232                PORTC_DriverIRQHandler
                0x00000232                DMA11_DriverIRQHandler
                0x00000232                DAC0_DriverIRQHandler
                0x00000232                DMA10_DriverIRQHandler
                0x00000232                CMP2_DriverIRQHandler
                0x00000232                UART2_ERR_DriverIRQHandler
                0x00000232                SPI2_DriverIRQHandler
                0x00000232                LVD_LVW_DriverIRQHandler
                0x00000232                PIT0_DriverIRQHandler
                0x00000232                RNG_DriverIRQHandler
                0x00000232                DMA5_DriverIRQHandler
                0x00000232                DMA12_DriverIRQHandler
                0x00000232                UART2_RX_TX_DriverIRQHandler
                0x00000232                USBDCD_DriverIRQHandler
                0x00000232                UART3_ERR_DriverIRQHandler
                0x00000232                DMA3_DriverIRQHandler
                0x00000232                DMA8_DriverIRQHandler
                0x00000232                DMA9_DriverIRQHandler
                0x00000232                UART0_ERR_DriverIRQHandler
                0x00000232                CMT_DriverIRQHandler
                0x00000232                Reserved71_DriverIRQHandler
                0x00000232                ADC1_DriverIRQHandler
                0x00000232                PORTA_DriverIRQHandler
                0x00000232                DMA14_DriverIRQHandler
                0x00000232                PIT3_DriverIRQHandler
                0x00000232                PIT1_DriverIRQHandler
                0x00000232                WDOG_EWM_DriverIRQHandler
                0x00000232                PDB0_DriverIRQHandler
                0x00000232                RTC_DriverIRQHandler
                0x00000232                I2S0_Rx_DriverIRQHandler
                0x00000232                Read_Collision_DriverIRQHandler
                0x00000232                SWI_DriverIRQHandler
                0x00000232                UART4_RX_TX_DriverIRQHandler
                0x00000232                UART4_ERR_DriverIRQHandler
                0x00000232                PORTB_DriverIRQHandler
                0x00000232                UART0_LON_DriverIRQHandler
                0x00000232                DMA0_DriverIRQHandler
                0x00000232                DMA1_DriverIRQHandler
                0x00000232                I2C1_DriverIRQHandler
                0x00000232                UART3_RX_TX_DriverIRQHandler
                0x00000232                ENET_Receive_DriverIRQHandler
                0x00000232                DMA13_DriverIRQHandler
                0x00000232                ENET_Error_DriverIRQHandler
                0x00000232                DMA15_DriverIRQHandler
                0x00000232                UART0_RX_TX_DriverIRQHandler
                0x00000232                SPI0_DriverIRQHandler
                0x00000232                ADC0_DriverIRQHandler
                0x00000232                CMP0_DriverIRQHandler
                0x00000232                CAN0_DriverIRQHandler
                0x00000232                FTM3_DriverIRQHandler
                0x00000232                DMA4_DriverIRQHandler
                0x00000232                UART1_ERR_DriverIRQHandler
                0x00000232                DMA2_DriverIRQHandler
                0x00000232                ENET_Transmit_DriverIRQHandler
                0x00000232                PORTD_DriverIRQHandler
                0x00000232                PORTE_DriverIRQHandler
                0x00000232                FTFE_DriverIRQHandler
                0x00000232                I2C0_DriverIRQHandler
                0x00000232                DMA7_DriverIRQHandler
                0x00000232                UART1_RX_TX_DriverIRQHandler
 .after_vectors.init_data
                0x00000234       0x1e ./SDK/startup/startup_mk64f12.o
                0x00000234                data_init
 .after_vectors.init_bss
                0x00000252       0x12 ./SDK/startup/startup_mk64f12.o
                0x00000252                bss_init
                0x00000400                . = 0x400
 *fill*         0x00000264      0x19c ff
                0x00000400                PROVIDE (__FLASH_CONFIG_START__, .)
 *(SORT_BY_ALIGNMENT(.FlashConfig))
 .FlashConfig   0x00000400       0x10 ./SDK/startup/startup_mk64f12.o
                0x00000400                Flash_Config
                0x00000410                PROVIDE (__FLASH_CONFIG_END__, .)
                0x00000001                ASSERT (! ((__FLASH_CONFIG_START__ == __FLASH_CONFIG_END__)), Linker Flash Config Support Enabled, but no .FlashConfig section provided within application)
 *(SORT_BY_ALIGNMENT(.text*))
 .text.coordConverter
                0x00000410       0xcc ./source/FXOS8700CQ.o
 *fill*         0x000004dc        0x4 ff
 .text.parseData
                0x000004e0       0xf8 ./source/FXOS8700CQ.o
                0x000004e0                parseData
 .text.chars2intCoord
                0x000005d8       0x90 ./source/sphericalPos.o
                0x000005d8                chars2intCoord
 .text.atan2    0x00000668      0x128 c:/nxp/mcuxpressoide_10.2.0_759/ide/tools/bin/../lib/gcc/arm-none-eabi/7.2.1/../../../../arm-none-eabi/lib/thumb/v7e-m/fpv4-sp/hard\libcr_c.a(atan2.o)
                0x00000668                atan2
 .text.pow      0x00000790      0x55c c:/nxp/mcuxpressoide_10.2.0_759/ide/tools/bin/../lib/gcc/arm-none-eabi/7.2.1/../../../../arm-none-eabi/lib/thumb/v7e-m/fpv4-sp/hard\libcr_c.a(pow.o)
                0x00000790                pow
 *fill*         0x00000cec        0x4 ff
 .text.sqrt     0x00000cf0      0x11c c:/nxp/mcuxpressoide_10.2.0_759/ide/tools/bin/../lib/gcc/arm-none-eabi/7.2.1/../../../../arm-none-eabi/lib/thumb/v7e-m/fpv4-sp/hard\libcr_c.a(sqrt.o)
                0x00000cf0                sqrt
 *fill*         0x00000e0c        0x4 ff
 .text.atan     0x00000e10      0x224 c:/nxp/mcuxpressoide_10.2.0_759/ide/tools/bin/../lib/gcc/arm-none-eabi/7.2.1/../../../../arm-none-eabi/lib/thumb/v7e-m/fpv4-sp/hard\libcr_c.a(atan.o)
                0x00000e10                atan
 *fill*         0x00001034        0x4 ff
 .text.frexp    0x00001038       0x68 c:/nxp/mcuxpressoide_10.2.0_759/ide/tools/bin/../lib/gcc/arm-none-eabi/7.2.1/../../../../arm-none-eabi/lib/thumb/v7e-m/fpv4-sp/hard\libcr_c.a(frexp.o)
                0x00001038                frexp
 .text.ldexp    0x000010a0       0x58 c:/nxp/mcuxpressoide_10.2.0_759/ide/tools/bin/../lib/gcc/arm-none-eabi/7.2.1/../../../../arm-none-eabi/lib/thumb/v7e-m/fpv4-sp/hard\libcr_c.a(ldexp.o)
                0x000010a0                ldexp
 .text.callbackRefreshPc
                0x000010f8       0x14 ./source/App.o
                0x000010f8                callbackRefreshPc
 .text.callbackRefreshCoord
                0x0000110c       0x84 ./source/App.o
                0x0000110c                callbackRefreshCoord
 .text.App_Init
                0x00001190       0x20 ./source/App.o
                0x00001190                App_Init
 .text.callback
                0x000011b0        0xc ./source/FXOS8700CQ.o
                0x000011b0                callback
 .text.FXOS8700CQConfiguration
                0x000011bc       0xf4 ./source/FXOS8700CQ.o
 .text.ReadAccelMagnData
                0x000012b0       0x2c ./source/FXOS8700CQ.o
                0x000012b0                ReadAccelMagnData
 .text.GetRollAngle
                0x000012dc        0xc ./source/FXOS8700CQ.o
                0x000012dc                GetRollAngle
 .text.GetPitchAngle
                0x000012e8        0xc ./source/FXOS8700CQ.o
                0x000012e8                GetPitchAngle
 .text.GetOrientation
                0x000012f4        0xc ./source/FXOS8700CQ.o
                0x000012f4                GetOrientation
 .text.GetDataReady
                0x00001300        0xc ./source/FXOS8700CQ.o
                0x00001300                GetDataReady
 .text.SysTick_Init
                0x0000130c       0x2c ./source/SysTick.o
                0x0000130c                SysTick_Init
 .text.SysTick_Handler
                0x00001338       0x10 ./source/SysTick.o
                0x00001338                SysTick_Handler
 .text.refreshCounterFps
                0x00001348        0xc ./source/boardsInterface.o
                0x00001348                refreshCounterFps
 .text.initBoardsInterface
                0x00001354       0x3c ./source/boardsInterface.o
                0x00001354                initBoardsInterface
 .text.getBoardCoordChared
                0x00001390       0x48 ./source/boardsInterface.o
                0x00001390                getBoardCoordChared
 .text.timeOutCallback
                0x000013d8       0x5c ./source/boardsInterface.o
                0x000013d8                timeOutCallback
 .text.updateLecture
                0x00001434      0x10c ./source/boardsInterface.o
                0x00001434                updateLecture
 .text.FLEXCANenableClock
                0x00001540       0x20 ./source/can.o
 .text.FLEXCANsetBaudRate
                0x00001560       0x48 ./source/can.o
 .text.FLEXCANinit
                0x000015a8       0x8c ./source/can.o
 .text.FLEXCANsetRxMbConfig
                0x00001634       0x44 ./source/can.o
 .text.FLEXCANwriteTxMb
                0x00001678       0xa8 ./source/can.o
 .text.FLEXCANTxHandler
                0x00001720       0x24 ./source/can.o
 .text.recursiveStore
                0x00001744       0x44 ./source/can.o
 .text.FLEXCANRxHandler
                0x00001788       0x44 ./source/can.o
 .text.CAN0_ORed_Message_buffer_IRQHandler
                0x000017cc       0x38 ./source/can.o
                0x000017cc                CAN0_ORed_Message_buffer_IRQHandler
 .text.canInit  0x00001804       0x90 ./source/can.o
                0x00001804                canInit
 .text.canWriteMsg
                0x00001894       0x60 ./source/can.o
                0x00001894                canWriteMsg
 .text.canIsTxMsgComplete
                0x000018f4       0x10 ./source/can.o
                0x000018f4                canIsTxMsgComplete
 .text.canIsRxMsg
                0x00001904       0x18 ./source/can.o
                0x00001904                canIsRxMsg
 .text.canGetRxMsgLength
                0x0000191c       0x1c ./source/can.o
                0x0000191c                canGetRxMsgLength
 .text.canReadMsg
                0x00001938       0x80 ./source/can.o
                0x00001938                canReadMsg
 .text.initResourcesController2pc
                0x000019b8       0x48 ./source/comController2pc.o
                0x000019b8                initResourcesController2pc
 .text.sendMessage2pc
                0x00001a00       0x3c ./source/comController2pc.o
                0x00001a00                sendMessage2pc
 .text.encodeMsg
                0x00001a3c       0x38 ./source/coordHAL.o
 .text.decodeMsg
                0x00001a74       0x38 ./source/coordHAL.o
 .text.coordHALinit
                0x00001aac       0x34 ./source/coordHAL.o
                0x00001aac                coordHALinit
 .text.sendCoordToAll
                0x00001ae0       0x38 ./source/coordHAL.o
                0x00001ae0                sendCoordToAll
 .text.readCoord
                0x00001b18       0x40 ./source/coordHAL.o
                0x00001b18                readCoord
 .text.sendStart
                0x00001b58       0x14 ./source/i2c.o
 .text.sendStop
                0x00001b6c       0x14 ./source/i2c.o
 .text.sendRepeatStart
                0x00001b80       0x1c ./source/i2c.o
 .text.getStopFlag
                0x00001b9c       0x10 ./source/i2c.o
 .text.getStartFlag
                0x00001bac       0x10 ./source/i2c.o
 .text.clearInterruptFlag
                0x00001bbc       0x14 ./source/i2c.o
 .text.clearStopFlag
                0x00001bd0       0x14 ./source/i2c.o
 .text.clearStartFlag
                0x00001be4       0x14 ./source/i2c.o
 .text.getMode  0x00001bf8       0x10 ./source/i2c.o
 .text.setModeTX
                0x00001c08       0x14 ./source/i2c.o
 .text.setModeRX
                0x00001c1c       0x14 ./source/i2c.o
 .text.isBusBusy
                0x00001c30       0x10 ./source/i2c.o
 .text.setNack  0x00001c40       0x14 ./source/i2c.o
 .text.unsetNack
                0x00001c54       0x14 ./source/i2c.o
 .text.receivedAck
                0x00001c68       0x14 ./source/i2c.o
 .text.writeByte
                0x00001c7c        0xc ./source/i2c.o
 .text.readByte
                0x00001c88        0xc ./source/i2c.o
 .text.isr_routine
                0x00001c94      0x150 ./source/i2c.o
 .text.setBaudRate
                0x00001de4       0x10 ./source/i2c.o
 .text.clockGating
                0x00001df4       0x64 ./source/i2c.o
 .text.configurePins
                0x00001e58       0xb4 ./source/i2c.o
 .text.i2cInit  0x00001f0c       0x98 ./source/i2c.o
                0x00001f0c                i2cInit
 .text.i2cWriteReg
                0x00001fa4       0x40 ./source/i2c.o
                0x00001fa4                i2cWriteReg
 .text.i2cReadReg
                0x00001fe4       0x40 ./source/i2c.o
                0x00001fe4                i2cReadReg
 .text.int2charsCoord
                0x00002024       0x6c ./source/sphericalPos.o
                0x00002024                int2charsCoord
 .text.sysTickCallback
                0x00002090       0x34 ./source/timer.o
                0x00002090                sysTickCallback
 .text.InitializeTimers
                0x000020c4       0x40 ./source/timer.o
                0x000020c4                InitializeTimers
 .text.SetTimer
                0x00002104       0x54 ./source/timer.o
                0x00002104                SetTimer
 .text.DisableTimer
                0x00002158       0x10 ./source/timer.o
                0x00002158                DisableTimer
 .text.copyTXmsg
                0x00002168       0x50 ./source/uart.o
                0x00002168                copyTXmsg
 .text.uartWriteMsg
                0x000021b8       0xbc ./source/uart.o
                0x000021b8                uartWriteMsg
 .text.UARTX_RX_TX_IRQHandler
                0x00002274      0x118 ./source/uart.o
                0x00002274                UARTX_RX_TX_IRQHandler
 .text.UART_setBaudRate
                0x0000238c       0x68 ./source/uart.o
                0x0000238c                UART_setBaudRate
 .text.UART_clockGating
                0x000023f4       0x64 ./source/uart.o
                0x000023f4                UART_clockGating
 .text.uartInit
                0x00002458      0x1a4 ./source/uart.o
                0x00002458                uartInit
 .text.hw_Init  0x000025fc       0xc0 ./SDK/startup/hardware.o
                0x000025fc                hw_Init
 .text.hw_EnableInterrupts
                0x000026bc       0x18 ./SDK/startup/hardware.o
                0x000026bc                hw_EnableInterrupts
 .text.hw_DisableInterrupts
                0x000026d4       0x10 ./SDK/startup/hardware.o
                0x000026d4                hw_DisableInterrupts
 .text.SystemInit
                0x000026e4       0x34 ./SDK/CMSIS/system_MK64F12.o
                0x000026e4                SystemInit
 .text.__aeabi_dmul
                0x00002718      0x11c c:/nxp/mcuxpressoide_10.2.0_759/ide/tools/bin/../lib/gcc/arm-none-eabi/7.2.1/thumb/v7e-m/fpv4-sp/hard\libcr_eabihelpers.a(double.o)
                0x00002718                __aeabi_dmul
 .text.__aeabi_ddiv
                0x00002834      0x138 c:/nxp/mcuxpressoide_10.2.0_759/ide/tools/bin/../lib/gcc/arm-none-eabi/7.2.1/thumb/v7e-m/fpv4-sp/hard\libcr_eabihelpers.a(double.o)
                0x00002834                __aeabi_ddiv
 .text.__aeabi_dsub
                0x0000296c      0x1b4 c:/nxp/mcuxpressoide_10.2.0_759/ide/tools/bin/../lib/gcc/arm-none-eabi/7.2.1/thumb/v7e-m/fpv4-sp/hard\libcr_eabihelpers.a(double.o)
                0x0000296c                __aeabi_dsub
 .text.__aeabi_dadd
                0x00002b20      0x10c c:/nxp/mcuxpressoide_10.2.0_759/ide/tools/bin/../lib/gcc/arm-none-eabi/7.2.1/thumb/v7e-m/fpv4-sp/hard\libcr_eabihelpers.a(double.o)
                0x00002b20                __aeabi_dadd
 .text.__aeabi_f2d
                0x00002c2c       0x38 c:/nxp/mcuxpressoide_10.2.0_759/ide/tools/bin/../lib/gcc/arm-none-eabi/7.2.1/thumb/v7e-m/fpv4-sp/hard\libcr_eabihelpers.a(float.o)
                0x00002c2c                __aeabi_f2d
 .text.App_Run  0x00002c64        0x8 ./source/App.o
                0x00002c64                App_Run
 .text.FXOS8700CQInit
                0x00002c6c        0xe ./source/FXOS8700CQ.o
                0x00002c6c                FXOS8700CQInit
 .text.accelandMagnetInit
                0x00002c7a        0x8 ./source/accelerometer.o
                0x00002c7a                accelandMagnetInit
 .text.getAccelAndMagntData
                0x00002c82        0x8 ./source/accelerometer.o
                0x00002c82                getAccelAndMagntData
 .text.IsDataReady
                0x00002c8a        0x8 ./source/accelerometer.o
                0x00002c8a                IsDataReady
 .text.GetMeasuredAngles
                0x00002c92       0x1a ./source/accelerometer.o
                0x00002c92                GetMeasuredAngles
 .text.name2numCoord
                0x00002cac       0x14 ./source/boardsInterface.o
                0x00002cac                name2numCoord
 .text.FLEXCANenable
                0x00002cc0       0x16 ./source/can.o
 .text.FLEXCANresetRxMbConfig
                0x00002cd6       0x1e ./source/can.o
 .text.FLEXCANsetTxMbConfig
                0x00002cf4       0x38 ./source/can.o
 .text.FLEXCANresetTxMbConfig
                0x00002d2c       0x1e ./source/can.o
 .text.FLEXCANreadRxMb
                0x00002d4a       0x42 ./source/can.o
 .text.I2C0_IRQHandler
                0x00002d8c        0x8 ./source/i2c.o
                0x00002d8c                I2C0_IRQHandler
 .text.I2C1_IRQHandler
                0x00002d94        0x8 ./source/i2c.o
                0x00002d94                I2C1_IRQHandler
 .text.I2C2_IRQHandler
                0x00002d9c        0x8 ./source/i2c.o
                0x00002d9c                I2C2_IRQHandler
 .text.setPCRmux
                0x00002da4       0x16 ./source/pinsHandler.o
                0x00002da4                setPCRmux
 .text.setPCRpullEnable
                0x00002dba        0xe ./source/pinsHandler.o
                0x00002dba                setPCRpullEnable
 .text.setPCRpullUp
                0x00002dc8        0xe ./source/pinsHandler.o
                0x00002dc8                setPCRpullUp
 .text.setPCRopenDrainEnable
                0x00002dd6        0xe ./source/pinsHandler.o
                0x00002dd6                setPCRopenDrainEnable
 .text.setPCRirqc
                0x00002de4       0x16 ./source/pinsHandler.o
                0x00002de4                setPCRirqc
 .text.isValidCoord
                0x00002dfa       0x40 ./source/sphericalPos.o
                0x00002dfa                isValidCoord
 .text.isValidPos
                0x00002e3a       0x2a ./source/sphericalPos.o
                0x00002e3a                isValidPos
 .text.areCoordsEquals
                0x00002e64       0x14 ./source/sphericalPos.o
                0x00002e64                areCoordsEquals
 .text.anyCoordHasChanged
                0x00002e78       0x4a ./source/sphericalPos.o
                0x00002e78                anyCoordHasChanged
 .text.UART0_LON_IRQHandler
                0x00002ec2        0x2 ./source/uart.o
                0x00002ec2                UART0_LON_IRQHandler
 .text.UART0_RX_TX_IRQHandler
                0x00002ec4        0xa ./source/uart.o
                0x00002ec4                UART0_RX_TX_IRQHandler
 .text.UART0_ERR_IRQHandler
                0x00002ece        0x2 ./source/uart.o
                0x00002ece                UART0_ERR_IRQHandler
 .text.UART1_RX_TX_IRQHandler
                0x00002ed0        0xa ./source/uart.o
                0x00002ed0                UART1_RX_TX_IRQHandler
 .text.UART1_ERR_IRQHandler
                0x00002eda        0x2 ./source/uart.o
                0x00002eda                UART1_ERR_IRQHandler
 .text.UART2_RX_TX_IRQHandler
                0x00002edc        0xa ./source/uart.o
                0x00002edc                UART2_RX_TX_IRQHandler
 .text.UART2_ERR_IRQHandler
                0x00002ee6        0x2 ./source/uart.o
                0x00002ee6                UART2_ERR_IRQHandler
 .text.UART3_RX_TX_IRQHandler
                0x00002ee8        0xa ./source/uart.o
                0x00002ee8                UART3_RX_TX_IRQHandler
 .text.UART3_ERR_IRQHandler
                0x00002ef2        0x2 ./source/uart.o
                0x00002ef2                UART3_ERR_IRQHandler
 .text.UART4_RX_TX_IRQHandler
                0x00002ef4        0xa ./source/uart.o
                0x00002ef4                UART4_RX_TX_IRQHandler
 .text.UART4_ERR_IRQHandler
                0x00002efe        0x2 ./source/uart.o
                0x00002efe                UART4_ERR_IRQHandler
 .text.main     0x00002f00       0x18 ./SDK/startup/main.o
                0x00002f00                main
 .text.HardFault_Handler
                0x00002f18       0x2a ./SDK/startup/semihost_hardfault.o
                0x00002f18                HardFault_Handler
 .text.DMA0_IRQHandler
                0x00002f42        0x8 ./SDK/startup/startup_mk64f12.o
                0x00002f42                DMA0_IRQHandler
 .text.DMA1_IRQHandler
                0x00002f4a        0x8 ./SDK/startup/startup_mk64f12.o
                0x00002f4a                DMA1_IRQHandler
 .text.DMA2_IRQHandler
                0x00002f52        0x8 ./SDK/startup/startup_mk64f12.o
                0x00002f52                DMA2_IRQHandler
 .text.DMA3_IRQHandler
                0x00002f5a        0x8 ./SDK/startup/startup_mk64f12.o
                0x00002f5a                DMA3_IRQHandler
 .text.DMA4_IRQHandler
                0x00002f62        0x8 ./SDK/startup/startup_mk64f12.o
                0x00002f62                DMA4_IRQHandler
 .text.DMA5_IRQHandler
                0x00002f6a        0x8 ./SDK/startup/startup_mk64f12.o
                0x00002f6a                DMA5_IRQHandler
 .text.DMA6_IRQHandler
                0x00002f72        0x8 ./SDK/startup/startup_mk64f12.o
                0x00002f72                DMA6_IRQHandler
 .text.DMA7_IRQHandler
                0x00002f7a        0x8 ./SDK/startup/startup_mk64f12.o
                0x00002f7a                DMA7_IRQHandler
 .text.DMA8_IRQHandler
                0x00002f82        0x8 ./SDK/startup/startup_mk64f12.o
                0x00002f82                DMA8_IRQHandler
 .text.DMA9_IRQHandler
                0x00002f8a        0x8 ./SDK/startup/startup_mk64f12.o
                0x00002f8a                DMA9_IRQHandler
 .text.DMA10_IRQHandler
                0x00002f92        0x8 ./SDK/startup/startup_mk64f12.o
                0x00002f92                DMA10_IRQHandler
 .text.DMA11_IRQHandler
                0x00002f9a        0x8 ./SDK/startup/startup_mk64f12.o
                0x00002f9a                DMA11_IRQHandler
 .text.DMA12_IRQHandler
                0x00002fa2        0x8 ./SDK/startup/startup_mk64f12.o
                0x00002fa2                DMA12_IRQHandler
 .text.DMA13_IRQHandler
                0x00002faa        0x8 ./SDK/startup/startup_mk64f12.o
                0x00002faa                DMA13_IRQHandler
 .text.DMA14_IRQHandler
                0x00002fb2        0x8 ./SDK/startup/startup_mk64f12.o
                0x00002fb2                DMA14_IRQHandler
 .text.DMA15_IRQHandler
                0x00002fba        0x8 ./SDK/startup/startup_mk64f12.o
                0x00002fba                DMA15_IRQHandler
 .text.DMA_Error_IRQHandler
                0x00002fc2        0x8 ./SDK/startup/startup_mk64f12.o
                0x00002fc2                DMA_Error_IRQHandler
 .text.MCM_IRQHandler
                0x00002fca        0x8 ./SDK/startup/startup_mk64f12.o
                0x00002fca                MCM_IRQHandler
 .text.FTFE_IRQHandler
                0x00002fd2        0x8 ./SDK/startup/startup_mk64f12.o
                0x00002fd2                FTFE_IRQHandler
 .text.Read_Collision_IRQHandler
                0x00002fda        0x8 ./SDK/startup/startup_mk64f12.o
                0x00002fda                Read_Collision_IRQHandler
 .text.LVD_LVW_IRQHandler
                0x00002fe2        0x8 ./SDK/startup/startup_mk64f12.o
                0x00002fe2                LVD_LVW_IRQHandler
 .text.LLWU_IRQHandler
                0x00002fea        0x8 ./SDK/startup/startup_mk64f12.o
                0x00002fea                LLWU_IRQHandler
 .text.WDOG_EWM_IRQHandler
                0x00002ff2        0x8 ./SDK/startup/startup_mk64f12.o
                0x00002ff2                WDOG_EWM_IRQHandler
 .text.RNG_IRQHandler
                0x00002ffa        0x8 ./SDK/startup/startup_mk64f12.o
                0x00002ffa                RNG_IRQHandler
 .text.SPI0_IRQHandler
                0x00003002        0x8 ./SDK/startup/startup_mk64f12.o
                0x00003002                SPI0_IRQHandler
 .text.SPI1_IRQHandler
                0x0000300a        0x8 ./SDK/startup/startup_mk64f12.o
                0x0000300a                SPI1_IRQHandler
 .text.I2S0_Tx_IRQHandler
                0x00003012        0x8 ./SDK/startup/startup_mk64f12.o
                0x00003012                I2S0_Tx_IRQHandler
 .text.I2S0_Rx_IRQHandler
                0x0000301a        0x8 ./SDK/startup/startup_mk64f12.o
                0x0000301a                I2S0_Rx_IRQHandler
 .text.ADC0_IRQHandler
                0x00003022        0x8 ./SDK/startup/startup_mk64f12.o
                0x00003022                ADC0_IRQHandler
 .text.CMP0_IRQHandler
                0x0000302a        0x8 ./SDK/startup/startup_mk64f12.o
                0x0000302a                CMP0_IRQHandler
 .text.CMP1_IRQHandler
                0x00003032        0x8 ./SDK/startup/startup_mk64f12.o
                0x00003032                CMP1_IRQHandler
 .text.FTM0_IRQHandler
                0x0000303a        0x8 ./SDK/startup/startup_mk64f12.o
                0x0000303a                FTM0_IRQHandler
 .text.FTM1_IRQHandler
                0x00003042        0x8 ./SDK/startup/startup_mk64f12.o
                0x00003042                FTM1_IRQHandler
 .text.FTM2_IRQHandler
                0x0000304a        0x8 ./SDK/startup/startup_mk64f12.o
                0x0000304a                FTM2_IRQHandler
 .text.CMT_IRQHandler
                0x00003052        0x8 ./SDK/startup/startup_mk64f12.o
                0x00003052                CMT_IRQHandler
 .text.RTC_IRQHandler
                0x0000305a        0x8 ./SDK/startup/startup_mk64f12.o
                0x0000305a                RTC_IRQHandler
 .text.RTC_Seconds_IRQHandler
                0x00003062        0x8 ./SDK/startup/startup_mk64f12.o
                0x00003062                RTC_Seconds_IRQHandler
 .text.PIT0_IRQHandler
                0x0000306a        0x8 ./SDK/startup/startup_mk64f12.o
                0x0000306a                PIT0_IRQHandler
 .text.PIT1_IRQHandler
                0x00003072        0x8 ./SDK/startup/startup_mk64f12.o
                0x00003072                PIT1_IRQHandler
 .text.PIT2_IRQHandler
                0x0000307a        0x8 ./SDK/startup/startup_mk64f12.o
                0x0000307a                PIT2_IRQHandler
 .text.PIT3_IRQHandler
                0x00003082        0x8 ./SDK/startup/startup_mk64f12.o
                0x00003082                PIT3_IRQHandler
 .text.PDB0_IRQHandler
                0x0000308a        0x8 ./SDK/startup/startup_mk64f12.o
                0x0000308a                PDB0_IRQHandler
 .text.USB0_IRQHandler
                0x00003092        0x8 ./SDK/startup/startup_mk64f12.o
                0x00003092                USB0_IRQHandler
 .text.USBDCD_IRQHandler
                0x0000309a        0x8 ./SDK/startup/startup_mk64f12.o
                0x0000309a                USBDCD_IRQHandler
 .text.Reserved71_IRQHandler
                0x000030a2        0x8 ./SDK/startup/startup_mk64f12.o
                0x000030a2                Reserved71_IRQHandler
 .text.DAC0_IRQHandler
                0x000030aa        0x8 ./SDK/startup/startup_mk64f12.o
                0x000030aa                DAC0_IRQHandler
 .text.MCG_IRQHandler
                0x000030b2        0x8 ./SDK/startup/startup_mk64f12.o
                0x000030b2                MCG_IRQHandler
 .text.LPTMR0_IRQHandler
                0x000030ba        0x8 ./SDK/startup/startup_mk64f12.o
                0x000030ba                LPTMR0_IRQHandler
 .text.PORTA_IRQHandler
                0x000030c2        0x8 ./SDK/startup/startup_mk64f12.o
                0x000030c2                PORTA_IRQHandler
 .text.PORTB_IRQHandler
                0x000030ca        0x8 ./SDK/startup/startup_mk64f12.o
                0x000030ca                PORTB_IRQHandler
 .text.PORTC_IRQHandler
                0x000030d2        0x8 ./SDK/startup/startup_mk64f12.o
                0x000030d2                PORTC_IRQHandler
 .text.PORTD_IRQHandler
                0x000030da        0x8 ./SDK/startup/startup_mk64f12.o
                0x000030da                PORTD_IRQHandler
 .text.PORTE_IRQHandler
                0x000030e2        0x8 ./SDK/startup/startup_mk64f12.o
                0x000030e2                PORTE_IRQHandler
 .text.SWI_IRQHandler
                0x000030ea        0x8 ./SDK/startup/startup_mk64f12.o
                0x000030ea                SWI_IRQHandler
 .text.SPI2_IRQHandler
                0x000030f2        0x8 ./SDK/startup/startup_mk64f12.o
                0x000030f2                SPI2_IRQHandler
 .text.UART5_RX_TX_IRQHandler
                0x000030fa        0x8 ./SDK/startup/startup_mk64f12.o
                0x000030fa                UART5_RX_TX_IRQHandler
 .text.UART5_ERR_IRQHandler
                0x00003102        0x8 ./SDK/startup/startup_mk64f12.o
                0x00003102                UART5_ERR_IRQHandler
 .text.CMP2_IRQHandler
                0x0000310a        0x8 ./SDK/startup/startup_mk64f12.o
                0x0000310a                CMP2_IRQHandler
 .text.FTM3_IRQHandler
                0x00003112        0x8 ./SDK/startup/startup_mk64f12.o
                0x00003112                FTM3_IRQHandler
 .text.DAC1_IRQHandler
                0x0000311a        0x8 ./SDK/startup/startup_mk64f12.o
                0x0000311a                DAC1_IRQHandler
 .text.ADC1_IRQHandler
                0x00003122        0x8 ./SDK/startup/startup_mk64f12.o
                0x00003122                ADC1_IRQHandler
 .text.CAN0_Bus_Off_IRQHandler
                0x0000312a        0x8 ./SDK/startup/startup_mk64f12.o
                0x0000312a                CAN0_Bus_Off_IRQHandler
 .text.CAN0_Error_IRQHandler
                0x00003132        0x8 ./SDK/startup/startup_mk64f12.o
                0x00003132                CAN0_Error_IRQHandler
 .text.CAN0_Tx_Warning_IRQHandler
                0x0000313a        0x8 ./SDK/startup/startup_mk64f12.o
                0x0000313a                CAN0_Tx_Warning_IRQHandler
 .text.CAN0_Rx_Warning_IRQHandler
                0x00003142        0x8 ./SDK/startup/startup_mk64f12.o
                0x00003142                CAN0_Rx_Warning_IRQHandler
 .text.CAN0_Wake_Up_IRQHandler
                0x0000314a        0x8 ./SDK/startup/startup_mk64f12.o
                0x0000314a                CAN0_Wake_Up_IRQHandler
 .text.SDHC_IRQHandler
                0x00003152        0x8 ./SDK/startup/startup_mk64f12.o
                0x00003152                SDHC_IRQHandler
 .text.ENET_1588_Timer_IRQHandler
                0x0000315a        0x8 ./SDK/startup/startup_mk64f12.o
                0x0000315a                ENET_1588_Timer_IRQHandler
 .text.ENET_Transmit_IRQHandler
                0x00003162        0x8 ./SDK/startup/startup_mk64f12.o
                0x00003162                ENET_Transmit_IRQHandler
 .text.ENET_Receive_IRQHandler
                0x0000316a        0x8 ./SDK/startup/startup_mk64f12.o
                0x0000316a                ENET_Receive_IRQHandler
 .text.ENET_Error_IRQHandler
                0x00003172        0x8 ./SDK/startup/startup_mk64f12.o
                0x00003172                ENET_Error_IRQHandler
 .text.SystemInitHook
                0x0000317a        0x2 ./SDK/CMSIS/system_MK64F12.o
                0x0000317a                SystemInitHook
 .text.fabs     0x0000317c       0x22 c:/nxp/mcuxpressoide_10.2.0_759/ide/tools/bin/../lib/gcc/arm-none-eabi/7.2.1/../../../../arm-none-eabi/lib/thumb/v7e-m/fpv4-sp/hard\libcr_c.a(fabs.o)
                0x0000317c                fabs
 .text.abs      0x0000319e        0x8 c:/nxp/mcuxpressoide_10.2.0_759/ide/tools/bin/../lib/gcc/arm-none-eabi/7.2.1/../../../../arm-none-eabi/lib/thumb/v7e-m/fpv4-sp/hard\libcr_c.a(stdlib.o)
                0x0000319e                abs
 .text.__aeabi_d2iz
                0x000031a6       0x40 c:/nxp/mcuxpressoide_10.2.0_759/ide/tools/bin/../lib/gcc/arm-none-eabi/7.2.1/thumb/v7e-m/fpv4-sp/hard\libcr_eabihelpers.a(double.o)
                0x000031a6                __aeabi_d2iz
 .text.__bhs_ui2d
                0x000031e6       0x46 c:/nxp/mcuxpressoide_10.2.0_759/ide/tools/bin/../lib/gcc/arm-none-eabi/7.2.1/thumb/v7e-m/fpv4-sp/hard\libcr_eabihelpers.a(double.o)
                0x000031e6                __bhs_ui2d
 .text.__aeabi_i2d
                0x0000322c       0x12 c:/nxp/mcuxpressoide_10.2.0_759/ide/tools/bin/../lib/gcc/arm-none-eabi/7.2.1/thumb/v7e-m/fpv4-sp/hard\libcr_eabihelpers.a(double.o)
                0x0000322c                __aeabi_i2d
 .text.__aeabi_dcmpeq
                0x0000323e       0x30 c:/nxp/mcuxpressoide_10.2.0_759/ide/tools/bin/../lib/gcc/arm-none-eabi/7.2.1/thumb/v7e-m/fpv4-sp/hard\libcr_eabihelpers.a(double.o)
                0x0000323e                __aeabi_dcmpeq
 .text.__aeabi_dcmplt
                0x0000326e       0x58 c:/nxp/mcuxpressoide_10.2.0_759/ide/tools/bin/../lib/gcc/arm-none-eabi/7.2.1/thumb/v7e-m/fpv4-sp/hard\libcr_eabihelpers.a(double.o)
                0x0000326e                __aeabi_dcmplt
 .text.__aeabi_dcmpgt
                0x000032c6       0x58 c:/nxp/mcuxpressoide_10.2.0_759/ide/tools/bin/../lib/gcc/arm-none-eabi/7.2.1/thumb/v7e-m/fpv4-sp/hard\libcr_eabihelpers.a(double.o)
                0x000032c6                __aeabi_dcmpgt
 .text.__aeabi_dcmple
                0x0000331e       0x5a c:/nxp/mcuxpressoide_10.2.0_759/ide/tools/bin/../lib/gcc/arm-none-eabi/7.2.1/thumb/v7e-m/fpv4-sp/hard\libcr_eabihelpers.a(double.o)
                0x0000331e                __aeabi_dcmple
 .text.__aeabi_dcmpge
                0x00003378       0x58 c:/nxp/mcuxpressoide_10.2.0_759/ide/tools/bin/../lib/gcc/arm-none-eabi/7.2.1/thumb/v7e-m/fpv4-sp/hard\libcr_eabihelpers.a(double.o)
                0x00003378                __aeabi_dcmpge
 *(SORT_BY_ALIGNMENT(.rodata) SORT_BY_ALIGNMENT(.rodata.*) SORT_BY_ALIGNMENT(.constdata) SORT_BY_ALIGNMENT(.constdata.*))
 .rodata.a1.5205
                0x000033d0       0x88 c:/nxp/mcuxpressoide_10.2.0_759/ide/tools/bin/../lib/gcc/arm-none-eabi/7.2.1/../../../../arm-none-eabi/lib/thumb/v7e-m/fpv4-sp/hard\libcr_c.a(pow.o)
 .rodata.a2.5206
                0x00003458       0x40 c:/nxp/mcuxpressoide_10.2.0_759/ide/tools/bin/../lib/gcc/arm-none-eabi/7.2.1/../../../../arm-none-eabi/lib/thumb/v7e-m/fpv4-sp/hard\libcr_c.a(pow.o)
 .rodata.__huge_val
                0x00003498        0x8 c:/nxp/mcuxpressoide_10.2.0_759/ide/tools/bin/../lib/gcc/arm-none-eabi/7.2.1/../../../../arm-none-eabi/lib/thumb/v7e-m/fpv4-sp/hard\libcr_c.a(_hugeval.o)
                0x00003498                __huge_val
 .rodata.a.5195
                0x000034a0       0x20 c:/nxp/mcuxpressoide_10.2.0_759/ide/tools/bin/../lib/gcc/arm-none-eabi/7.2.1/../../../../arm-none-eabi/lib/thumb/v7e-m/fpv4-sp/hard\libcr_c.a(atan.o)
 .rodata        0x000034c0        0x3 ./source/App.o
 *fill*         0x000034c3        0x1 ff
 .rodata        0x000034c4        0x3 ./source/boardsInterface.o
 *fill*         0x000034c7        0x1 ff
 .rodata        0x000034c8       0x20 ./source/i2c.o
 .rodata        0x000034e8       0x2c ./source/uart.o
 .rodata.uartRXpins
                0x00003514        0x5 ./source/uart.o
 *fill*         0x00003519        0x3 ff
 .rodata.uartTXpins
                0x0000351c        0x5 ./source/uart.o
                0x00003528                . = ALIGN (0x8)
 *fill*         0x00003521        0x7 ff

.glue_7         0x00003528        0x0
 .glue_7        0x00003528        0x0 linker stubs

.glue_7t        0x00003528        0x0
 .glue_7t       0x00003528        0x0 linker stubs

.vfp11_veneer   0x00003528        0x0
 .vfp11_veneer  0x00003528        0x0 linker stubs

.v4_bx          0x00003528        0x0
 .v4_bx         0x00003528        0x0 linker stubs

.iplt           0x00003528        0x0
 .iplt          0x00003528        0x0 ./source/App.o

.rel.dyn        0x00003528        0x0
 .rel.iplt      0x00003528        0x0 ./source/App.o

.ARM.extab
 *(SORT_BY_ALIGNMENT(.ARM.extab*) SORT_BY_ALIGNMENT(.gnu.linkonce.armextab.*))
                0x00003528                __exidx_start = .

.ARM.exidx
 *(SORT_BY_ALIGNMENT(.ARM.exidx*) SORT_BY_ALIGNMENT(.gnu.linkonce.armexidx.*))
                0x00003528                __exidx_end = .
                0x00003528                _etext = .

.m_usb_data
 *(SORT_BY_ALIGNMENT(m_usb_bdt))

.data_RAM2      0x1fff0000        0x0 load address 0x00003528
 FILL mask 0xff
                [!provide]                PROVIDE (__start_data_RAM2, .)
 *(SORT_BY_ALIGNMENT(.ramfunc.$RAM2))
 *(SORT_BY_ALIGNMENT(.ramfunc.$SRAM_LOWER))
 *(SORT_BY_ALIGNMENT(.data.$RAM2*))
 *(SORT_BY_ALIGNMENT(.data.$SRAM_LOWER*))
                0x1fff0000                . = ALIGN (0x8)
                [!provide]                PROVIDE (__end_data_RAM2, .)

.data_RAM3      0x14000000        0x0 load address 0x00003528
 FILL mask 0xff
                [!provide]                PROVIDE (__start_data_RAM3, .)
 *(SORT_BY_ALIGNMENT(.ramfunc.$RAM3))
 *(SORT_BY_ALIGNMENT(.ramfunc.$FLEX_RAM))
 *(SORT_BY_ALIGNMENT(.data.$RAM3*))
 *(SORT_BY_ALIGNMENT(.data.$FLEX_RAM*))
                0x14000000                . = ALIGN (0x8)
                [!provide]                PROVIDE (__end_data_RAM3, .)

.uninit_RESERVED
                0x20000000        0x0
 *(SORT_BY_ALIGNMENT(.bss.$RESERVED*))
                0x20000000                . = ALIGN (0x4)
                0x20000000                _end_uninit_RESERVED = .

.data           0x20000000       0x60 load address 0x00003528
 FILL mask 0xff
                0x20000000                _data = .
 *(SORT_BY_ALIGNMENT(vtable))
 *(SORT_BY_ALIGNMENT(.ramfunc*))
 *(SORT_BY_ALIGNMENT(.data*))
 .data.coordNumber2refresh.5006
                0x20000000        0x4 ./source/App.o
 .data.msgAux   0x20000004        0x8 ./source/can.o
 .data.idsArray
                0x2000000c       0x1c ./source/coordHAL.o
 .data.i2cIRQs  0x20000028        0x3 ./source/i2c.o
                0x20000028                i2cIRQs
 *fill*         0x2000002b        0x1 ff
 .data.i2cSCLpins
                0x2000002c        0x3 ./source/i2c.o
                0x2000002c                i2cSCLpins
 *fill*         0x2000002f        0x1 ff
 .data.i2cSDApins
                0x20000030        0x3 ./source/i2c.o
                0x20000030                i2cSDApins
 *fill*         0x20000033        0x1 ff
 .data.markersRXbuffer
                0x20000034       0x14 ./source/uart.o
 .data.uartIRQs_ERR
                0x20000048        0x6 ./source/uart.o
                0x20000048                uartIRQs_ERR
 *fill*         0x2000004e        0x2 ff
 .data.uartIRQs_LON
                0x20000050        0x6 ./source/uart.o
                0x20000050                uartIRQs_LON
 *fill*         0x20000056        0x2 ff
 .data.uartIRQs_TX_RX
                0x20000058        0x6 ./source/uart.o
                0x20000058                uartIRQs_TX_RX
                0x20000060                . = ALIGN (0x8)
 *fill*         0x2000005e        0x2 ff
                0x20000060                _edata = .

.igot.plt       0x20000060        0x0 load address 0x00003588
 .igot.plt      0x20000060        0x0 ./source/App.o

.bss_RAM2       0x1fff0000        0x0
                [!provide]                PROVIDE (__start_bss_RAM2, .)
 *(SORT_BY_ALIGNMENT(.bss.$RAM2*))
 *(SORT_BY_ALIGNMENT(.bss.$SRAM_LOWER*))
                0x1fff0000                . = ALIGN ((. != 0x0)?0x8:0x1)
                [!provide]                PROVIDE (__end_bss_RAM2, .)

.bss_RAM3       0x14000000        0x0
                [!provide]                PROVIDE (__start_bss_RAM3, .)
 *(SORT_BY_ALIGNMENT(.bss.$RAM3*))
 *(SORT_BY_ALIGNMENT(.bss.$FLEX_RAM*))
                0x14000000                . = ALIGN ((. != 0x0)?0x8:0x1)
                [!provide]                PROVIDE (__end_bss_RAM3, .)

.bss            0x20000060      0x758
                0x20000060                _bss = .
 *(SORT_BY_ALIGNMENT(.bss*))
 .bss.idBoard2refresh.5005
                0x20000060        0x4 ./source/App.o
 .bss.buffer    0x20000064        0xd ./source/FXOS8700CQ.o
                0x20000064                buffer
 *fill*         0x20000071        0x3 
 .bss.sysTickFun
                0x20000074        0x4 ./source/SysTick.o
                0x20000074                sysTickFun
 .bss.changesCounter
                0x20000078        0x4 ./source/boardsInterface.o
                0x20000078                changesCounter
 .bss.flagsOurBoardChanged
                0x2000007c        0x3 ./source/boardsInterface.o
                0x2000007c                flagsOurBoardChanged
 *fill*         0x2000007f        0x1 
 .bss.posDataBase
                0x20000080       0x54 ./source/boardsInterface.o
 .bss.rxBuffer  0x200000d4      0x1e4 ./source/can.o
 .bss.rxFrame   0x200002b8       0x10 ./source/can.o
 .bss.srcClockHz
                0x200002c8        0x4 ./source/can.o
 .bss.txFrame   0x200002cc       0x10 ./source/can.o
 .bss.cantCharsInPackage
                0x200002dc        0x4 ./source/comController2pc.o
                0x200002dc                cantCharsInPackage
 .bss.errorsCounter
                0x200002e0        0x4 ./source/comController2pc.o
                0x200002e0                errorsCounter
 .bss.package2pc
                0x200002e4        0x6 ./source/comController2pc.o
                0x200002e4                package2pc
 *fill*         0x200002ea        0x2 
 .bss.msg       0x200002ec        0x8 ./source/coordHAL.o
 .bss.buffer    0x200002f4       0x10 ./source/i2c.o
 .bss.callback2Fun
                0x20000304        0x4 ./source/i2c.o
                0x20000304                callback2Fun
 .bss.i2c       0x20000308        0x4 ./source/i2c.o
 .bss.timers    0x2000030c       0x50 ./source/timer.o
 .bss.RXbuffers
                0x2000035c       0x28 ./source/uart.o
 .bss.TXbuffers
                0x20000384      0x3e8 ./source/uart.o
 .bss.countersRXfailed
                0x2000076c        0x5 ./source/uart.o
 *fill*         0x20000771        0x3 
 .bss.flagsReading
                0x20000774        0x5 ./source/uart.o
 *fill*         0x20000779        0x3 
 .bss.inMarkersTXbuffer
                0x2000077c        0x5 ./source/uart.o
 *fill*         0x20000781        0x3 
 .bss.lensTXbuffer
                0x20000784        0x5 ./source/uart.o
 *fill*         0x20000789        0x3 
 .bss.outMarkersTXbuffer
                0x2000078c        0x5 ./source/uart.o
 *fill*         0x20000791        0x3 
 .bss.uartMode  0x20000794        0x5 ./source/uart.o
 *fill*         0x20000799        0x3 
 .bss.__LDM_interruptDisableCount
                0x2000079c        0x4 ./SDK/startup/hardware.o
 .bss.errno     0x200007a0        0x4 c:/nxp/mcuxpressoide_10.2.0_759/ide/tools/bin/../lib/gcc/arm-none-eabi/7.2.1/../../../../arm-none-eabi/lib/thumb/v7e-m/fpv4-sp/hard\libcr_c.a(errno.o)
                0x200007a0                errno
 .bss.orientation
                0x200007a4        0x2 ./source/FXOS8700CQ.o
                0x200007a4                orientation
 .bss.pitch     0x200007a6        0x2 ./source/FXOS8700CQ.o
                0x200007a6                pitch
 .bss.roll      0x200007a8        0x2 ./source/FXOS8700CQ.o
                0x200007a8                roll
 .bss.data_ready
                0x200007aa        0x1 ./source/FXOS8700CQ.o
 .bss.finished  0x200007ab        0x1 ./source/FXOS8700CQ.o
                0x200007ab                finished
 .bss.MbNum     0x200007ac        0x1 ./source/can.o
 .bss.sendingTx
                0x200007ad        0x1 ./source/can.o
 .bss.cant      0x200007ae        0x1 ./source/coordHAL.o
 .bss.init      0x200007af        0x1 ./source/i2c.o
 .bss.initialized
                0x200007b0        0x1 ./source/timer.o
 *(SORT_BY_ALIGNMENT(COMMON))
                0x200007b8                . = ALIGN (0x8)
 *fill*         0x200007b1        0x7 
                0x200007b8                _ebss = .
                [!provide]                PROVIDE (end, .)

.noinit_RAM2    0x1fff0000        0x0
 *(SORT_BY_ALIGNMENT(.noinit.$RAM2*))
 *(SORT_BY_ALIGNMENT(.noinit.$SRAM_LOWER*))
                0x1fff0000                . = ALIGN (0x8)

.noinit_RAM3    0x14000000        0x0
 *(SORT_BY_ALIGNMENT(.noinit.$RAM3*))
 *(SORT_BY_ALIGNMENT(.noinit.$FLEX_RAM*))
                0x14000000                . = ALIGN (0x8)

.noinit         0x200007b8        0x0
                0x200007b8                _noinit = .
 *(SORT_BY_ALIGNMENT(.noinit*))
                0x200007b8                . = ALIGN (0x8)
                0x200007b8                _end_noinit = .
                0x00001000                _HeapSize = 0x1000

.heap           0x200007b8     0x1000
                0x200007b8                _pvHeapStart = .
                0x200017b8                . = (. + _HeapSize)
 *fill*         0x200007b8     0x1000 
                0x200017b8                . = ALIGN (0x8)
                0x200017b8                _pvHeapLimit = .
                0x00001000                _StackSize = 0x1000

.heap2stackfill
                0x200017b8     0x1000
                0x200027b8                . = (. + _StackSize)
 *fill*         0x200017b8     0x1000 

.stack          0x2002f000        0x0
                0x2002f000                _vStackBase = .
                0x2002f000                . = ALIGN (0x8)
                0x20030000                _vStackTop = (. + _StackSize)
                0x00000000                _image_start = LOADADDR (.text)
                0x00003588                _image_end = (LOADADDR (.data) + SIZEOF (.data))
                0x00003588                _image_size = (_image_end - _image_start)
OUTPUT(uartSPI.axf elf32-littlearm)

.debug_info     0x00000000     0x8431
 .debug_info    0x00000000      0x271 ./source/App.o
 .debug_info    0x00000271      0xd8c ./source/FXOS8700CQ.o
 .debug_info    0x00000ffd      0x518 ./source/SysTick.o
 .debug_info    0x00001515      0x1a8 ./source/accelerometer.o
 .debug_info    0x000016bd      0x60e ./source/boardsInterface.o
 .debug_info    0x00001ccb     0x1178 ./source/can.o
 .debug_info    0x00002e43      0x3a4 ./source/comController2pc.o
 .debug_info    0x000031e7      0x3ad ./source/coordHAL.o
 .debug_info    0x00003594     0x1000 ./source/i2c.o
 .debug_info    0x00004594      0x369 ./source/pinsHandler.o
 .debug_info    0x000048fd      0xc0b ./source/sphericalPos.o
 .debug_info    0x00005508      0x27a ./source/timer.o
 .debug_info    0x00005782     0x1266 ./source/uart.o
 .debug_info    0x000069e8      0x675 ./SDK/startup/hardware.o
 .debug_info    0x0000705d      0x120 ./SDK/startup/main.o
 .debug_info    0x0000717d       0x3b ./SDK/startup/semihost_hardfault.o
 .debug_info    0x000071b8      0xc71 ./SDK/startup/startup_mk64f12.o
 .debug_info    0x00007e29      0x608 ./SDK/CMSIS/system_MK64F12.o

.debug_abbrev   0x00000000     0x1e36
 .debug_abbrev  0x00000000       0xd1 ./source/App.o
 .debug_abbrev  0x000000d1      0x2d6 ./source/FXOS8700CQ.o
 .debug_abbrev  0x000003a7      0x19c ./source/SysTick.o
 .debug_abbrev  0x00000543       0xb7 ./source/accelerometer.o
 .debug_abbrev  0x000005fa      0x19e ./source/boardsInterface.o
 .debug_abbrev  0x00000798      0x340 ./source/can.o
 .debug_abbrev  0x00000ad8      0x166 ./source/comController2pc.o
 .debug_abbrev  0x00000c3e      0x17e ./source/coordHAL.o
 .debug_abbrev  0x00000dbc      0x387 ./source/i2c.o
 .debug_abbrev  0x00001143      0x160 ./source/pinsHandler.o
 .debug_abbrev  0x000012a3      0x27a ./source/sphericalPos.o
 .debug_abbrev  0x0000151d      0x140 ./source/timer.o
 .debug_abbrev  0x0000165d      0x352 ./source/uart.o
 .debug_abbrev  0x000019af      0x138 ./SDK/startup/hardware.o
 .debug_abbrev  0x00001ae7       0x9b ./SDK/startup/main.o
 .debug_abbrev  0x00001b82       0x2f ./SDK/startup/semihost_hardfault.o
 .debug_abbrev  0x00001bb1      0x13b ./SDK/startup/startup_mk64f12.o
 .debug_abbrev  0x00001cec      0x14a ./SDK/CMSIS/system_MK64F12.o

.debug_loc      0x00000000     0x21b6
 .debug_loc     0x00000000       0x53 ./source/App.o
 .debug_loc     0x00000053      0x27b ./source/FXOS8700CQ.o
 .debug_loc     0x000002ce       0x6b ./source/SysTick.o
 .debug_loc     0x00000339       0x20 ./source/accelerometer.o
 .debug_loc     0x00000359      0x290 ./source/boardsInterface.o
 .debug_loc     0x000005e9      0x602 ./source/can.o
 .debug_loc     0x00000beb      0x118 ./source/comController2pc.o
 .debug_loc     0x00000d03      0x250 ./source/coordHAL.o
 .debug_loc     0x00000f53      0x258 ./source/i2c.o
 .debug_loc     0x000011ab       0xe3 ./source/pinsHandler.o
 .debug_loc     0x0000128e      0x4da ./source/sphericalPos.o
 .debug_loc     0x00001768      0x13b ./source/timer.o
 .debug_loc     0x000018a3      0x683 ./source/uart.o
 .debug_loc     0x00001f26      0x1e7 ./SDK/startup/startup_mk64f12.o
 .debug_loc     0x0000210d       0xa9 ./SDK/CMSIS/system_MK64F12.o

.debug_aranges  0x00000000      0x920
 .debug_aranges
                0x00000000       0x38 ./source/App.o
 .debug_aranges
                0x00000038       0x68 ./source/FXOS8700CQ.o
 .debug_aranges
                0x000000a0       0x28 ./source/SysTick.o
 .debug_aranges
                0x000000c8       0x38 ./source/accelerometer.o
 .debug_aranges
                0x00000100       0x50 ./source/boardsInterface.o
 .debug_aranges
                0x00000150       0xb8 ./source/can.o
 .debug_aranges
                0x00000208       0x38 ./source/comController2pc.o
 .debug_aranges
                0x00000240       0x40 ./source/coordHAL.o
 .debug_aranges
                0x00000280       0xf0 ./source/i2c.o
 .debug_aranges
                0x00000370       0x50 ./source/pinsHandler.o
 .debug_aranges
                0x000003c0       0x50 ./source/sphericalPos.o
 .debug_aranges
                0x00000410       0x50 ./source/timer.o
 .debug_aranges
                0x00000460       0xf0 ./source/uart.o
 .debug_aranges
                0x00000550       0x30 ./SDK/startup/hardware.o
 .debug_aranges
                0x00000580       0x20 ./SDK/startup/main.o
 .debug_aranges
                0x000005a0       0x20 ./SDK/startup/semihost_hardfault.o
 .debug_aranges
                0x000005c0      0x330 ./SDK/startup/startup_mk64f12.o
 .debug_aranges
                0x000008f0       0x30 ./SDK/CMSIS/system_MK64F12.o

.debug_ranges   0x00000000      0x830
 .debug_ranges  0x00000000       0x28 ./source/App.o
 .debug_ranges  0x00000028       0x58 ./source/FXOS8700CQ.o
 .debug_ranges  0x00000080       0x18 ./source/SysTick.o
 .debug_ranges  0x00000098       0x28 ./source/accelerometer.o
 .debug_ranges  0x000000c0       0x40 ./source/boardsInterface.o
 .debug_ranges  0x00000100       0xa8 ./source/can.o
 .debug_ranges  0x000001a8       0x28 ./source/comController2pc.o
 .debug_ranges  0x000001d0       0x60 ./source/coordHAL.o
 .debug_ranges  0x00000230       0xe0 ./source/i2c.o
 .debug_ranges  0x00000310       0x40 ./source/pinsHandler.o
 .debug_ranges  0x00000350       0x40 ./source/sphericalPos.o
 .debug_ranges  0x00000390       0x40 ./source/timer.o
 .debug_ranges  0x000003d0       0xe0 ./source/uart.o
 .debug_ranges  0x000004b0       0x20 ./SDK/startup/hardware.o
 .debug_ranges  0x000004d0       0x10 ./SDK/startup/main.o
 .debug_ranges  0x000004e0       0x10 ./SDK/startup/semihost_hardfault.o
 .debug_ranges  0x000004f0      0x320 ./SDK/startup/startup_mk64f12.o
 .debug_ranges  0x00000810       0x20 ./SDK/CMSIS/system_MK64F12.o

.debug_macro    0x00000000    0x131c6
 .debug_macro   0x00000000       0x86 ./source/App.o
 .debug_macro   0x00000086      0xa5a ./source/App.o
 .debug_macro   0x00000ae0       0x1c ./source/App.o
 .debug_macro   0x00000afc       0x10 ./source/App.o
 .debug_macro   0x00000b0c       0x3a ./source/App.o
 .debug_macro   0x00000b46       0x22 ./source/App.o
 .debug_macro   0x00000b68      0x34e ./source/App.o
 .debug_macro   0x00000eb6      0x221 ./source/FXOS8700CQ.o
 .debug_macro   0x000010d7       0x22 ./source/FXOS8700CQ.o
 .debug_macro   0x000010f9       0x52 ./source/FXOS8700CQ.o
 .debug_macro   0x0000114b       0x17 ./source/FXOS8700CQ.o
 .debug_macro   0x00001162       0x8d ./source/FXOS8700CQ.o
 .debug_macro   0x000011ef       0x35 ./source/FXOS8700CQ.o
 .debug_macro   0x00001224       0x9c ./source/FXOS8700CQ.o
 .debug_macro   0x000012c0       0x16 ./source/FXOS8700CQ.o
 .debug_macro   0x000012d6       0x57 ./source/FXOS8700CQ.o
 .debug_macro   0x0000132d       0x97 ./source/FXOS8700CQ.o
 .debug_macro   0x000013c4      0x330 ./source/FXOS8700CQ.o
 .debug_macro   0x000016f4       0xfd ./source/FXOS8700CQ.o
 .debug_macro   0x000017f1       0x10 ./source/FXOS8700CQ.o
 .debug_macro   0x00001801       0x58 ./source/FXOS8700CQ.o
 .debug_macro   0x00001859       0x1f ./source/FXOS8700CQ.o
 .debug_macro   0x00001878       0x43 ./source/FXOS8700CQ.o
 .debug_macro   0x000018bb       0x20 ./source/FXOS8700CQ.o
 .debug_macro   0x000018db      0x18e ./source/FXOS8700CQ.o
 .debug_macro   0x00001a69       0x10 ./source/FXOS8700CQ.o
 .debug_macro   0x00001a79       0x6a ./source/FXOS8700CQ.o
 .debug_macro   0x00001ae3       0x1c ./source/FXOS8700CQ.o
 .debug_macro   0x00001aff       0x52 ./source/FXOS8700CQ.o
 .debug_macro   0x00001b51       0x40 ./source/FXOS8700CQ.o
 .debug_macro   0x00001b91       0x10 ./source/FXOS8700CQ.o
 .debug_macro   0x00001ba1       0x40 ./source/FXOS8700CQ.o
 .debug_macro   0x00001be1       0xd7 ./source/FXOS8700CQ.o
 .debug_macro   0x00001cb8       0x1c ./source/FXOS8700CQ.o
 .debug_macro   0x00001cd4       0x3d ./source/FXOS8700CQ.o
 .debug_macro   0x00001d11       0x16 ./source/FXOS8700CQ.o
 .debug_macro   0x00001d27      0x16f ./source/FXOS8700CQ.o
 .debug_macro   0x00001e96      0x1e1 ./source/FXOS8700CQ.o
 .debug_macro   0x00002077       0x96 ./source/SysTick.o
 .debug_macro   0x0000210d       0x5c ./source/SysTick.o
 .debug_macro   0x00002169       0x1c ./source/SysTick.o
 .debug_macro   0x00002185       0x22 ./source/SysTick.o
 .debug_macro   0x000021a7       0xdf ./source/SysTick.o
 .debug_macro   0x00002286      0xecf ./source/SysTick.o
 .debug_macro   0x00003155       0x48 ./source/SysTick.o
 .debug_macro   0x0000319d     0xe07b ./source/SysTick.o
 .debug_macro   0x00011218      0x174 ./source/SysTick.o
 .debug_macro   0x0001138c       0x41 ./source/accelerometer.o
 .debug_macro   0x000113cd      0x118 ./source/boardsInterface.o
 .debug_macro   0x000114e5       0x10 ./source/boardsInterface.o
 .debug_macro   0x000114f5     0x122b ./source/boardsInterface.o
 .debug_macro   0x00012720       0x16 ./source/boardsInterface.o
 .debug_macro   0x00012736      0x119 ./source/can.o
 .debug_macro   0x0001284f       0x28 ./source/can.o
 .debug_macro   0x00012877       0x61 ./source/comController2pc.o
 .debug_macro   0x000128d8       0x46 ./source/comController2pc.o
 .debug_macro   0x0001291e       0x77 ./source/coordHAL.o
 .debug_macro   0x00012995       0x90 ./source/i2c.o
 .debug_macro   0x00012a25       0x22 ./source/i2c.o
 .debug_macro   0x00012a47       0x92 ./source/pinsHandler.o
 .debug_macro   0x00012ad9      0x151 ./source/sphericalPos.o
 .debug_macro   0x00012c2a       0x16 ./source/sphericalPos.o
 .debug_macro   0x00012c40      0x10e ./source/sphericalPos.o
 .debug_macro   0x00012d4e       0x8d ./source/sphericalPos.o
 .debug_macro   0x00012ddb       0x16 ./source/sphericalPos.o
 .debug_macro   0x00012df1       0x29 ./source/sphericalPos.o
 .debug_macro   0x00012e1a       0x58 ./source/timer.o
 .debug_macro   0x00012e72       0x10 ./source/timer.o
 .debug_macro   0x00012e82      0x118 ./source/uart.o
 .debug_macro   0x00012f9a       0x40 ./source/uart.o
 .debug_macro   0x00012fda       0x9c ./SDK/startup/hardware.o
 .debug_macro   0x00013076       0x9c ./SDK/startup/main.o
 .debug_macro   0x00013112       0x11 ./SDK/startup/semihost_hardfault.o
 .debug_macro   0x00013123       0x23 ./SDK/startup/startup_mk64f12.o
 .debug_macro   0x00013146       0x80 ./SDK/CMSIS/system_MK64F12.o

.debug_line     0x00000000     0x2cd4
 .debug_line    0x00000000      0x151 ./source/App.o
 .debug_line    0x00000151      0x3ff ./source/FXOS8700CQ.o
 .debug_line    0x00000550      0x163 ./source/SysTick.o
 .debug_line    0x000006b3      0x11a ./source/accelerometer.o
 .debug_line    0x000007cd      0x2c1 ./source/boardsInterface.o
 .debug_line    0x00000a8e      0x3e0 ./source/can.o
 .debug_line    0x00000e6e      0x173 ./source/comController2pc.o
 .debug_line    0x00000fe1      0x148 ./source/coordHAL.o
 .debug_line    0x00001129      0x3c5 ./source/i2c.o
 .debug_line    0x000014ee      0x1b3 ./source/pinsHandler.o
 .debug_line    0x000016a1      0x365 ./source/sphericalPos.o
 .debug_line    0x00001a06      0x178 ./source/timer.o
 .debug_line    0x00001b7e      0x517 ./source/uart.o
 .debug_line    0x00002095      0x1cb ./SDK/startup/hardware.o
 .debug_line    0x00002260      0x175 ./SDK/startup/main.o
 .debug_line    0x000023d5       0x55 ./SDK/startup/semihost_hardfault.o
 .debug_line    0x0000242a      0x6d8 ./SDK/startup/startup_mk64f12.o
 .debug_line    0x00002b02      0x1d2 ./SDK/CMSIS/system_MK64F12.o

.debug_str      0x00000000    0x7ea75
 .debug_str     0x00000000     0x39ea ./source/App.o
                               0x3b5e (size before relaxing)
 .debug_str     0x000039ea     0x50ce ./source/FXOS8700CQ.o
                               0x8a87 (size before relaxing)
 .debug_str     0x00008ab8    0x6d238 ./source/SysTick.o
                              0x70dc2 (size before relaxing)
 .debug_str     0x00075cf0       0x7b ./source/accelerometer.o
                               0x391f (size before relaxing)
 .debug_str     0x00075d6b     0x6e06 ./source/boardsInterface.o
                              0x774e5 (size before relaxing)
 .debug_str     0x0007cb71      0x671 ./source/can.o
                              0x77bbb (size before relaxing)
 .debug_str     0x0007d1e2      0x279 ./source/comController2pc.o
                               0x3b5d (size before relaxing)
 .debug_str     0x0007d45b       0xe6 ./source/coordHAL.o
                               0x39e2 (size before relaxing)
 .debug_str     0x0007d541      0x2e7 ./source/i2c.o
                              0x70eed (size before relaxing)
 .debug_str     0x0007d828       0x78 ./source/pinsHandler.o
                              0x7062b (size before relaxing)
 .debug_str     0x0007d8a0      0x36f ./source/sphericalPos.o
                               0x6e9a (size before relaxing)
 .debug_str     0x0007dc0f      0x116 ./source/timer.o
                               0x39f2 (size before relaxing)
 .debug_str     0x0007dd25      0x481 ./source/uart.o
                              0x77d11 (size before relaxing)
 .debug_str     0x0007e1a6      0x146 ./SDK/startup/hardware.o
                              0x7720b (size before relaxing)
 .debug_str     0x0007e2ec       0x1b ./SDK/startup/main.o
                              0x77021 (size before relaxing)
 .debug_str     0x0007e307       0x36 ./SDK/startup/semihost_hardfault.o
                               0x2d45 (size before relaxing)
 .debug_str     0x0007e33d      0x6e1 ./SDK/startup/startup_mk64f12.o
                               0x35b4 (size before relaxing)
 .debug_str     0x0007ea1e       0x57 ./SDK/CMSIS/system_MK64F12.o
                              0x7711a (size before relaxing)

.comment        0x00000000       0x7e
 .comment       0x00000000       0x7e ./source/App.o
                                 0x7f (size before relaxing)
 .comment       0x0000007e       0x7f ./source/FXOS8700CQ.o
 .comment       0x0000007e       0x7f ./source/SysTick.o
 .comment       0x0000007e       0x7f ./source/accelerometer.o
 .comment       0x0000007e       0x7f ./source/boardsInterface.o
 .comment       0x0000007e       0x7f ./source/can.o
 .comment       0x0000007e       0x7f ./source/comController2pc.o
 .comment       0x0000007e       0x7f ./source/coordHAL.o
 .comment       0x0000007e       0x7f ./source/i2c.o
 .comment       0x0000007e       0x7f ./source/pinsHandler.o
 .comment       0x0000007e       0x7f ./source/sphericalPos.o
 .comment       0x0000007e       0x7f ./source/timer.o
 .comment       0x0000007e       0x7f ./source/uart.o
 .comment       0x0000007e       0x7f ./SDK/startup/hardware.o
 .comment       0x0000007e       0x7f ./SDK/startup/main.o
 .comment       0x0000007e       0x7f ./SDK/startup/semihost_hardfault.o
 .comment       0x0000007e       0x7f ./SDK/startup/startup_mk64f12.o
 .comment       0x0000007e       0x7f ./SDK/CMSIS/system_MK64F12.o
 .comment       0x0000007e       0x7f c:/nxp/mcuxpressoide_10.2.0_759/ide/tools/bin/../lib/gcc/arm-none-eabi/7.2.1/../../../../arm-none-eabi/lib/thumb/v7e-m/fpv4-sp/hard\libcr_c.a(atan2.o)
 .comment       0x0000007e       0x7f c:/nxp/mcuxpressoide_10.2.0_759/ide/tools/bin/../lib/gcc/arm-none-eabi/7.2.1/../../../../arm-none-eabi/lib/thumb/v7e-m/fpv4-sp/hard\libcr_c.a(errno.o)
 .comment       0x0000007e       0x7f c:/nxp/mcuxpressoide_10.2.0_759/ide/tools/bin/../lib/gcc/arm-none-eabi/7.2.1/../../../../arm-none-eabi/lib/thumb/v7e-m/fpv4-sp/hard\libcr_c.a(fabs.o)
 .comment       0x0000007e       0x7f c:/nxp/mcuxpressoide_10.2.0_759/ide/tools/bin/../lib/gcc/arm-none-eabi/7.2.1/../../../../arm-none-eabi/lib/thumb/v7e-m/fpv4-sp/hard\libcr_c.a(pow.o)
 .comment       0x0000007e       0x7f c:/nxp/mcuxpressoide_10.2.0_759/ide/tools/bin/../lib/gcc/arm-none-eabi/7.2.1/../../../../arm-none-eabi/lib/thumb/v7e-m/fpv4-sp/hard\libcr_c.a(sqrt.o)
 .comment       0x0000007e       0x7f c:/nxp/mcuxpressoide_10.2.0_759/ide/tools/bin/../lib/gcc/arm-none-eabi/7.2.1/../../../../arm-none-eabi/lib/thumb/v7e-m/fpv4-sp/hard\libcr_c.a(stdlib.o)
 .comment       0x0000007e       0x7f c:/nxp/mcuxpressoide_10.2.0_759/ide/tools/bin/../lib/gcc/arm-none-eabi/7.2.1/../../../../arm-none-eabi/lib/thumb/v7e-m/fpv4-sp/hard\libcr_c.a(_hugeval.o)
 .comment       0x0000007e       0x7f c:/nxp/mcuxpressoide_10.2.0_759/ide/tools/bin/../lib/gcc/arm-none-eabi/7.2.1/../../../../arm-none-eabi/lib/thumb/v7e-m/fpv4-sp/hard\libcr_c.a(atan.o)
 .comment       0x0000007e       0x7f c:/nxp/mcuxpressoide_10.2.0_759/ide/tools/bin/../lib/gcc/arm-none-eabi/7.2.1/../../../../arm-none-eabi/lib/thumb/v7e-m/fpv4-sp/hard\libcr_c.a(frexp.o)
 .comment       0x0000007e       0x7f c:/nxp/mcuxpressoide_10.2.0_759/ide/tools/bin/../lib/gcc/arm-none-eabi/7.2.1/../../../../arm-none-eabi/lib/thumb/v7e-m/fpv4-sp/hard\libcr_c.a(ldexp.o)
 .comment       0x0000007e       0x7f c:/nxp/mcuxpressoide_10.2.0_759/ide/tools/bin/../lib/gcc/arm-none-eabi/7.2.1/thumb/v7e-m/fpv4-sp/hard\libcr_eabihelpers.a(double.o)
 .comment       0x0000007e       0x7f c:/nxp/mcuxpressoide_10.2.0_759/ide/tools/bin/../lib/gcc/arm-none-eabi/7.2.1/thumb/v7e-m/fpv4-sp/hard\libcr_eabihelpers.a(float.o)

.ARM.attributes
                0x00000000       0x37
 .ARM.attributes
                0x00000000       0x39 ./source/App.o
 .ARM.attributes
                0x00000039       0x39 ./source/FXOS8700CQ.o
 .ARM.attributes
                0x00000072       0x39 ./source/SysTick.o
 .ARM.attributes
                0x000000ab       0x39 ./source/accelerometer.o
 .ARM.attributes
                0x000000e4       0x39 ./source/boardsInterface.o
 .ARM.attributes
                0x0000011d       0x39 ./source/can.o
 .ARM.attributes
                0x00000156       0x39 ./source/comController2pc.o
 .ARM.attributes
                0x0000018f       0x39 ./source/coordHAL.o
 .ARM.attributes
                0x000001c8       0x39 ./source/i2c.o
 .ARM.attributes
                0x00000201       0x39 ./source/pinsHandler.o
 .ARM.attributes
                0x0000023a       0x39 ./source/sphericalPos.o
 .ARM.attributes
                0x00000273       0x39 ./source/timer.o
 .ARM.attributes
                0x000002ac       0x39 ./source/uart.o
 .ARM.attributes
                0x000002e5       0x39 ./SDK/startup/hardware.o
 .ARM.attributes
                0x0000031e       0x39 ./SDK/startup/main.o
 .ARM.attributes
                0x00000357       0x39 ./SDK/startup/semihost_hardfault.o
 .ARM.attributes
                0x00000390       0x39 ./SDK/startup/startup_mk64f12.o
 .ARM.attributes
                0x000003c9       0x39 ./SDK/CMSIS/system_MK64F12.o
 .ARM.attributes
                0x00000402       0x39 c:/nxp/mcuxpressoide_10.2.0_759/ide/tools/bin/../lib/gcc/arm-none-eabi/7.2.1/../../../../arm-none-eabi/lib/thumb/v7e-m/fpv4-sp/hard\libcr_c.a(atan2.o)
 .ARM.attributes
                0x0000043b       0x39 c:/nxp/mcuxpressoide_10.2.0_759/ide/tools/bin/../lib/gcc/arm-none-eabi/7.2.1/../../../../arm-none-eabi/lib/thumb/v7e-m/fpv4-sp/hard\libcr_c.a(errno.o)
 .ARM.attributes
                0x00000474       0x39 c:/nxp/mcuxpressoide_10.2.0_759/ide/tools/bin/../lib/gcc/arm-none-eabi/7.2.1/../../../../arm-none-eabi/lib/thumb/v7e-m/fpv4-sp/hard\libcr_c.a(fabs.o)
 .ARM.attributes
                0x000004ad       0x39 c:/nxp/mcuxpressoide_10.2.0_759/ide/tools/bin/../lib/gcc/arm-none-eabi/7.2.1/../../../../arm-none-eabi/lib/thumb/v7e-m/fpv4-sp/hard\libcr_c.a(pow.o)
 .ARM.attributes
                0x000004e6       0x39 c:/nxp/mcuxpressoide_10.2.0_759/ide/tools/bin/../lib/gcc/arm-none-eabi/7.2.1/../../../../arm-none-eabi/lib/thumb/v7e-m/fpv4-sp/hard\libcr_c.a(sqrt.o)
 .ARM.attributes
                0x0000051f       0x39 c:/nxp/mcuxpressoide_10.2.0_759/ide/tools/bin/../lib/gcc/arm-none-eabi/7.2.1/../../../../arm-none-eabi/lib/thumb/v7e-m/fpv4-sp/hard\libcr_c.a(stdlib.o)
 .ARM.attributes
                0x00000558       0x39 c:/nxp/mcuxpressoide_10.2.0_759/ide/tools/bin/../lib/gcc/arm-none-eabi/7.2.1/../../../../arm-none-eabi/lib/thumb/v7e-m/fpv4-sp/hard\libcr_c.a(_hugeval.o)
 .ARM.attributes
                0x00000591       0x39 c:/nxp/mcuxpressoide_10.2.0_759/ide/tools/bin/../lib/gcc/arm-none-eabi/7.2.1/../../../../arm-none-eabi/lib/thumb/v7e-m/fpv4-sp/hard\libcr_c.a(atan.o)
 .ARM.attributes
                0x000005ca       0x39 c:/nxp/mcuxpressoide_10.2.0_759/ide/tools/bin/../lib/gcc/arm-none-eabi/7.2.1/../../../../arm-none-eabi/lib/thumb/v7e-m/fpv4-sp/hard\libcr_c.a(frexp.o)
 .ARM.attributes
                0x00000603       0x39 c:/nxp/mcuxpressoide_10.2.0_759/ide/tools/bin/../lib/gcc/arm-none-eabi/7.2.1/../../../../arm-none-eabi/lib/thumb/v7e-m/fpv4-sp/hard\libcr_c.a(ldexp.o)
 .ARM.attributes
                0x0000063c       0x39 c:/nxp/mcuxpressoide_10.2.0_759/ide/tools/bin/../lib/gcc/arm-none-eabi/7.2.1/thumb/v7e-m/fpv4-sp/hard\libcr_eabihelpers.a(double.o)
 .ARM.attributes
                0x00000675       0x39 c:/nxp/mcuxpressoide_10.2.0_759/ide/tools/bin/../lib/gcc/arm-none-eabi/7.2.1/thumb/v7e-m/fpv4-sp/hard\libcr_eabihelpers.a(float.o)

.debug_frame    0x00000000     0x16d4
 .debug_frame   0x00000000       0x7c ./source/App.o
 .debug_frame   0x0000007c      0x118 ./source/FXOS8700CQ.o
 .debug_frame   0x00000194       0x38 ./source/SysTick.o
 .debug_frame   0x000001cc       0x70 ./source/accelerometer.o
 .debug_frame   0x0000023c       0xc0 ./source/boardsInterface.o
 .debug_frame   0x000002fc      0x204 ./source/can.o
 .debug_frame   0x00000500       0x88 ./source/comController2pc.o
 .debug_frame   0x00000588       0xa4 ./source/coordHAL.o
 .debug_frame   0x0000062c      0x230 ./source/i2c.o
 .debug_frame   0x0000085c       0x80 ./source/pinsHandler.o
 .debug_frame   0x000008dc       0xcc ./source/sphericalPos.o
 .debug_frame   0x000009a8       0xa4 ./source/timer.o
 .debug_frame   0x00000a4c      0x2b4 ./source/uart.o
 .debug_frame   0x00000d00       0x40 ./SDK/startup/hardware.o
 .debug_frame   0x00000d40       0x28 ./SDK/startup/main.o
 .debug_frame   0x00000d68       0x20 ./SDK/startup/semihost_hardfault.o
 .debug_frame   0x00000d88      0x904 ./SDK/startup/startup_mk64f12.o
 .debug_frame   0x0000168c       0x48 ./SDK/CMSIS/system_MK64F12.o
