
Discarded input sections

 .group         0x00000000        0xc ./source/App.o
 .group         0x00000000        0xc ./source/App.o
 .group         0x00000000        0xc ./source/App.o
 .text          0x00000000        0x0 ./source/App.o
 .data          0x00000000        0x0 ./source/App.o
 .bss           0x00000000        0x0 ./source/App.o
 .group         0x00000000        0xc ./source/SysTick.o
 .group         0x00000000        0xc ./source/SysTick.o
 .group         0x00000000        0xc ./source/SysTick.o
 .group         0x00000000        0xc ./source/SysTick.o
 .group         0x00000000        0xc ./source/SysTick.o
 .group         0x00000000        0xc ./source/SysTick.o
 .group         0x00000000        0xc ./source/SysTick.o
 .group         0x00000000        0xc ./source/SysTick.o
 .group         0x00000000        0xc ./source/SysTick.o
 .group         0x00000000        0xc ./source/SysTick.o
 .group         0x00000000        0xc ./source/SysTick.o
 .text          0x00000000        0x0 ./source/SysTick.o
 .data          0x00000000        0x0 ./source/SysTick.o
 .bss           0x00000000        0x0 ./source/SysTick.o
 .text.__NVIC_EnableIRQ
                0x00000000       0x3c ./source/SysTick.o
 .text.SysTick_Init
                0x00000000       0x50 ./source/SysTick.o
 .debug_macro   0x00000000      0xa5a ./source/SysTick.o
 .debug_macro   0x00000000       0x22 ./source/SysTick.o
 .debug_macro   0x00000000      0x34e ./source/SysTick.o
 .group         0x00000000        0xc ./source/accelerometer.o
 .group         0x00000000        0xc ./source/accelerometer.o
 .group         0x00000000        0xc ./source/accelerometer.o
 .group         0x00000000        0xc ./source/accelerometer.o
 .group         0x00000000        0xc ./source/accelerometer.o
 .group         0x00000000        0xc ./source/accelerometer.o
 .group         0x00000000        0xc ./source/accelerometer.o
 .group         0x00000000        0xc ./source/accelerometer.o
 .group         0x00000000        0xc ./source/accelerometer.o
 .group         0x00000000        0xc ./source/accelerometer.o
 .group         0x00000000        0xc ./source/accelerometer.o
 .group         0x00000000        0xc ./source/accelerometer.o
 .group         0x00000000        0xc ./source/accelerometer.o
 .group         0x00000000        0xc ./source/accelerometer.o
 .group         0x00000000        0xc ./source/accelerometer.o
 .group         0x00000000        0xc ./source/accelerometer.o
 .group         0x00000000        0xc ./source/accelerometer.o
 .group         0x00000000        0xc ./source/accelerometer.o
 .group         0x00000000        0xc ./source/accelerometer.o
 .group         0x00000000        0xc ./source/accelerometer.o
 .group         0x00000000        0xc ./source/accelerometer.o
 .group         0x00000000        0xc ./source/accelerometer.o
 .group         0x00000000        0xc ./source/accelerometer.o
 .group         0x00000000        0xc ./source/accelerometer.o
 .group         0x00000000        0xc ./source/accelerometer.o
 .group         0x00000000        0xc ./source/accelerometer.o
 .group         0x00000000        0xc ./source/accelerometer.o
 .group         0x00000000        0xc ./source/accelerometer.o
 .group         0x00000000        0xc ./source/accelerometer.o
 .group         0x00000000        0xc ./source/accelerometer.o
 .group         0x00000000        0xc ./source/accelerometer.o
 .group         0x00000000        0xc ./source/accelerometer.o
 .text          0x00000000        0x0 ./source/accelerometer.o
 .data          0x00000000        0x0 ./source/accelerometer.o
 .bss           0x00000000        0x0 ./source/accelerometer.o
 .debug_macro   0x00000000      0xa5a ./source/accelerometer.o
 .debug_macro   0x00000000      0x34e ./source/accelerometer.o
 .debug_macro   0x00000000       0x22 ./source/accelerometer.o
 .group         0x00000000        0xc ./source/i2c.o
 .group         0x00000000        0xc ./source/i2c.o
 .group         0x00000000        0xc ./source/i2c.o
 .group         0x00000000        0xc ./source/i2c.o
 .group         0x00000000        0xc ./source/i2c.o
 .group         0x00000000        0xc ./source/i2c.o
 .group         0x00000000        0xc ./source/i2c.o
 .group         0x00000000        0xc ./source/i2c.o
 .group         0x00000000        0xc ./source/i2c.o
 .group         0x00000000        0xc ./source/i2c.o
 .group         0x00000000        0xc ./source/i2c.o
 .group         0x00000000        0xc ./source/i2c.o
 .group         0x00000000        0xc ./source/i2c.o
 .group         0x00000000        0xc ./source/i2c.o
 .group         0x00000000        0xc ./source/i2c.o
 .group         0x00000000        0xc ./source/i2c.o
 .group         0x00000000        0xc ./source/i2c.o
 .group         0x00000000        0xc ./source/i2c.o
 .group         0x00000000        0xc ./source/i2c.o
 .group         0x00000000        0xc ./source/i2c.o
 .group         0x00000000        0xc ./source/i2c.o
 .group         0x00000000        0xc ./source/i2c.o
 .group         0x00000000        0xc ./source/i2c.o
 .group         0x00000000        0xc ./source/i2c.o
 .group         0x00000000        0xc ./source/i2c.o
 .group         0x00000000        0xc ./source/i2c.o
 .group         0x00000000        0xc ./source/i2c.o
 .group         0x00000000        0xc ./source/i2c.o
 .group         0x00000000        0xc ./source/i2c.o
 .group         0x00000000        0xc ./source/i2c.o
 .group         0x00000000        0xc ./source/i2c.o
 .group         0x00000000        0xc ./source/i2c.o
 .text          0x00000000        0x0 ./source/i2c.o
 .data          0x00000000        0x0 ./source/i2c.o
 .bss           0x00000000        0x0 ./source/i2c.o
 .text.getInterruptFlag
                0x00000000       0x20 ./source/i2c.o
 .text.i2cTransferNonBlocking
                0x00000000       0x2a ./source/i2c.o
 .text.resetModule
                0x00000000       0x3c ./source/i2c.o
 .debug_macro   0x00000000      0xa5a ./source/i2c.o
 .debug_macro   0x00000000      0x34e ./source/i2c.o
 .debug_macro   0x00000000       0x22 ./source/i2c.o
 .debug_macro   0x00000000       0x5c ./source/i2c.o
 .debug_macro   0x00000000       0x1c ./source/i2c.o
 .debug_macro   0x00000000       0x22 ./source/i2c.o
 .debug_macro   0x00000000       0xdf ./source/i2c.o
 .debug_macro   0x00000000      0xecf ./source/i2c.o
 .debug_macro   0x00000000       0x48 ./source/i2c.o
 .debug_macro   0x00000000     0xe07b ./source/i2c.o
 .debug_macro   0x00000000       0x17 ./source/i2c.o
 .debug_macro   0x00000000       0x22 ./source/i2c.o
 .debug_macro   0x00000000       0x52 ./source/i2c.o
 .debug_macro   0x00000000       0x8d ./source/i2c.o
 .debug_macro   0x00000000       0x35 ./source/i2c.o
 .debug_macro   0x00000000       0x9c ./source/i2c.o
 .debug_macro   0x00000000       0x57 ./source/i2c.o
 .debug_macro   0x00000000       0x58 ./source/i2c.o
 .debug_macro   0x00000000       0x1f ./source/i2c.o
 .debug_macro   0x00000000       0x43 ./source/i2c.o
 .debug_macro   0x00000000       0x20 ./source/i2c.o
 .debug_macro   0x00000000      0x18e ./source/i2c.o
 .group         0x00000000        0xc ./source/pinsHandler.o
 .group         0x00000000        0xc ./source/pinsHandler.o
 .group         0x00000000        0xc ./source/pinsHandler.o
 .group         0x00000000        0xc ./source/pinsHandler.o
 .group         0x00000000        0xc ./source/pinsHandler.o
 .group         0x00000000        0xc ./source/pinsHandler.o
 .group         0x00000000        0xc ./source/pinsHandler.o
 .group         0x00000000        0xc ./source/pinsHandler.o
 .group         0x00000000        0xc ./source/pinsHandler.o
 .group         0x00000000        0xc ./source/pinsHandler.o
 .group         0x00000000        0xc ./source/pinsHandler.o
 .text          0x00000000        0x0 ./source/pinsHandler.o
 .data          0x00000000        0x0 ./source/pinsHandler.o
 .bss           0x00000000        0x0 ./source/pinsHandler.o
 .text.isPinValid
                0x00000000       0x26 ./source/pinsHandler.o
 .text.setPCRpullDown
                0x00000000       0x32 ./source/pinsHandler.o
 .debug_macro   0x00000000      0xa5a ./source/pinsHandler.o
 .debug_macro   0x00000000       0x5c ./source/pinsHandler.o
 .debug_macro   0x00000000      0x34e ./source/pinsHandler.o
 .debug_macro   0x00000000       0x1c ./source/pinsHandler.o
 .debug_macro   0x00000000       0x22 ./source/pinsHandler.o
 .debug_macro   0x00000000       0xdf ./source/pinsHandler.o
 .debug_macro   0x00000000      0xecf ./source/pinsHandler.o
 .debug_macro   0x00000000       0x48 ./source/pinsHandler.o
 .debug_macro   0x00000000     0xe07b ./source/pinsHandler.o
 .debug_macro   0x00000000       0x22 ./source/pinsHandler.o
 .debug_macro   0x00000000       0x22 ./source/pinsHandler.o
 .group         0x00000000        0xc ./source/spi.o
 .group         0x00000000        0xc ./source/spi.o
 .group         0x00000000        0xc ./source/spi.o
 .group         0x00000000        0xc ./source/spi.o
 .group         0x00000000        0xc ./source/spi.o
 .group         0x00000000        0xc ./source/spi.o
 .group         0x00000000        0xc ./source/spi.o
 .group         0x00000000        0xc ./source/spi.o
 .group         0x00000000        0xc ./source/spi.o
 .group         0x00000000        0xc ./source/spi.o
 .group         0x00000000        0xc ./source/spi.o
 .group         0x00000000        0xc ./source/spi.o
 .text          0x00000000        0x0 ./source/spi.o
 .data          0x00000000        0x0 ./source/spi.o
 .bss           0x00000000        0x0 ./source/spi.o
 .debug_info    0x00000000       0x9a ./source/spi.o
 .debug_abbrev  0x00000000       0x5f ./source/spi.o
 .debug_aranges
                0x00000000       0x18 ./source/spi.o
 .debug_macro   0x00000000       0x8f ./source/spi.o
 .debug_macro   0x00000000      0xa5a ./source/spi.o
 .debug_macro   0x00000000       0x10 ./source/spi.o
 .debug_macro   0x00000000      0x34e ./source/spi.o
 .debug_macro   0x00000000       0x5c ./source/spi.o
 .debug_macro   0x00000000       0x1c ./source/spi.o
 .debug_macro   0x00000000       0x22 ./source/spi.o
 .debug_macro   0x00000000       0xdf ./source/spi.o
 .debug_macro   0x00000000      0xecf ./source/spi.o
 .debug_macro   0x00000000       0x48 ./source/spi.o
 .debug_macro   0x00000000     0xe07b ./source/spi.o
 .debug_macro   0x00000000       0x22 ./source/spi.o
 .debug_macro   0x00000000       0x22 ./source/spi.o
 .debug_line    0x00000000      0x133 ./source/spi.o
 .debug_str     0x00000000    0x7052c ./source/spi.o
 .comment       0x00000000       0x7f ./source/spi.o
 .ARM.attributes
                0x00000000       0x39 ./source/spi.o
 .group         0x00000000        0xc ./source/uart.o
 .group         0x00000000        0xc ./source/uart.o
 .group         0x00000000        0xc ./source/uart.o
 .group         0x00000000        0xc ./source/uart.o
 .group         0x00000000        0xc ./source/uart.o
 .group         0x00000000        0xc ./source/uart.o
 .group         0x00000000        0xc ./source/uart.o
 .group         0x00000000        0xc ./source/uart.o
 .group         0x00000000        0xc ./source/uart.o
 .group         0x00000000        0xc ./source/uart.o
 .group         0x00000000        0xc ./source/uart.o
 .group         0x00000000        0xc ./source/uart.o
 .group         0x00000000        0xc ./source/uart.o
 .group         0x00000000        0xc ./source/uart.o
 .text          0x00000000        0x0 ./source/uart.o
 .data          0x00000000        0x0 ./source/uart.o
 .bss           0x00000000        0x0 ./source/uart.o
 .text.__NVIC_EnableIRQ
                0x00000000       0x3c ./source/uart.o
 .data.uartRXpins
                0x00000000        0x5 ./source/uart.o
 .data.uartTXpins
                0x00000000        0x5 ./source/uart.o
 .data.uartIRQs_TX_RX
                0x00000000        0x6 ./source/uart.o
 .data.uartIRQs_ERR
                0x00000000        0x6 ./source/uart.o
 .data.uartIRQS_LON
                0x00000000        0x6 ./source/uart.o
 .rodata        0x00000000       0x2c ./source/uart.o
 .text.uartInit
                0x00000000      0x174 ./source/uart.o
 .text.uartIsRxMsg
                0x00000000       0x18 ./source/uart.o
 .text.uartGetRxMsgLength
                0x00000000       0x18 ./source/uart.o
 .text.uartReadMsg
                0x00000000       0x1e ./source/uart.o
 .text.uartWriteMsg
                0x00000000       0x1e ./source/uart.o
 .text.uartIsTxMsgComplete
                0x00000000       0x18 ./source/uart.o
 .text.UART_setBaudRate
                0x00000000       0xb0 ./source/uart.o
 .text.UART_clockGating
                0x00000000       0xc4 ./source/uart.o
 .debug_macro   0x00000000      0xa5a ./source/uart.o
 .debug_macro   0x00000000      0x34e ./source/uart.o
 .debug_macro   0x00000000       0x5c ./source/uart.o
 .debug_macro   0x00000000       0x1c ./source/uart.o
 .debug_macro   0x00000000       0x22 ./source/uart.o
 .debug_macro   0x00000000       0xdf ./source/uart.o
 .debug_macro   0x00000000      0xecf ./source/uart.o
 .debug_macro   0x00000000       0x48 ./source/uart.o
 .debug_macro   0x00000000     0xe07b ./source/uart.o
 .debug_macro   0x00000000       0x22 ./source/uart.o
 .debug_macro   0x00000000       0x22 ./source/uart.o
 .debug_macro   0x00000000       0x10 ./source/uart.o
 .debug_macro   0x00000000     0x122b ./source/uart.o
 .debug_macro   0x00000000       0x16 ./source/uart.o
 .group         0x00000000        0xc ./SDK/startup/hardware.o
 .group         0x00000000        0xc ./SDK/startup/hardware.o
 .group         0x00000000        0xc ./SDK/startup/hardware.o
 .group         0x00000000        0xc ./SDK/startup/hardware.o
 .group         0x00000000        0xc ./SDK/startup/hardware.o
 .group         0x00000000        0xc ./SDK/startup/hardware.o
 .group         0x00000000        0xc ./SDK/startup/hardware.o
 .group         0x00000000        0xc ./SDK/startup/hardware.o
 .group         0x00000000        0xc ./SDK/startup/hardware.o
 .group         0x00000000        0xc ./SDK/startup/hardware.o
 .group         0x00000000        0xc ./SDK/startup/hardware.o
 .group         0x00000000        0xc ./SDK/startup/hardware.o
 .group         0x00000000        0xc ./SDK/startup/hardware.o
 .text          0x00000000        0x0 ./SDK/startup/hardware.o
 .data          0x00000000        0x0 ./SDK/startup/hardware.o
 .bss           0x00000000        0x0 ./SDK/startup/hardware.o
 .debug_macro   0x00000000      0xa5a ./SDK/startup/hardware.o
 .debug_macro   0x00000000      0x34e ./SDK/startup/hardware.o
 .debug_macro   0x00000000       0x22 ./SDK/startup/hardware.o
 .debug_macro   0x00000000       0x10 ./SDK/startup/hardware.o
 .debug_macro   0x00000000       0x5c ./SDK/startup/hardware.o
 .debug_macro   0x00000000       0x1c ./SDK/startup/hardware.o
 .debug_macro   0x00000000       0x22 ./SDK/startup/hardware.o
 .debug_macro   0x00000000       0xdf ./SDK/startup/hardware.o
 .debug_macro   0x00000000      0xecf ./SDK/startup/hardware.o
 .debug_macro   0x00000000       0x48 ./SDK/startup/hardware.o
 .debug_macro   0x00000000     0xe07b ./SDK/startup/hardware.o
 .debug_macro   0x00000000     0x122b ./SDK/startup/hardware.o
 .debug_macro   0x00000000       0x16 ./SDK/startup/hardware.o
 .group         0x00000000        0xc ./SDK/startup/main.o
 .group         0x00000000        0xc ./SDK/startup/main.o
 .group         0x00000000        0xc ./SDK/startup/main.o
 .group         0x00000000        0xc ./SDK/startup/main.o
 .group         0x00000000        0xc ./SDK/startup/main.o
 .group         0x00000000        0xc ./SDK/startup/main.o
 .group         0x00000000        0xc ./SDK/startup/main.o
 .group         0x00000000        0xc ./SDK/startup/main.o
 .group         0x00000000        0xc ./SDK/startup/main.o
 .group         0x00000000        0xc ./SDK/startup/main.o
 .group         0x00000000        0xc ./SDK/startup/main.o
 .group         0x00000000        0xc ./SDK/startup/main.o
 .group         0x00000000        0xc ./SDK/startup/main.o
 .text          0x00000000        0x0 ./SDK/startup/main.o
 .data          0x00000000        0x0 ./SDK/startup/main.o
 .bss           0x00000000        0x0 ./SDK/startup/main.o
 .debug_macro   0x00000000      0xa5a ./SDK/startup/main.o
 .debug_macro   0x00000000      0x34e ./SDK/startup/main.o
 .debug_macro   0x00000000       0x22 ./SDK/startup/main.o
 .debug_macro   0x00000000       0x10 ./SDK/startup/main.o
 .debug_macro   0x00000000       0x5c ./SDK/startup/main.o
 .debug_macro   0x00000000       0x1c ./SDK/startup/main.o
 .debug_macro   0x00000000       0x22 ./SDK/startup/main.o
 .debug_macro   0x00000000       0xdf ./SDK/startup/main.o
 .debug_macro   0x00000000      0xecf ./SDK/startup/main.o
 .debug_macro   0x00000000       0x48 ./SDK/startup/main.o
 .debug_macro   0x00000000     0xe07b ./SDK/startup/main.o
 .debug_macro   0x00000000     0x122b ./SDK/startup/main.o
 .debug_macro   0x00000000       0x16 ./SDK/startup/main.o
 .group         0x00000000        0xc ./SDK/startup/semihost_hardfault.o
 .text          0x00000000        0x0 ./SDK/startup/semihost_hardfault.o
 .data          0x00000000        0x0 ./SDK/startup/semihost_hardfault.o
 .bss           0x00000000        0x0 ./SDK/startup/semihost_hardfault.o
 .debug_macro   0x00000000      0xa5a ./SDK/startup/semihost_hardfault.o
 .group         0x00000000        0xc ./SDK/startup/startup_mk64f12.o
 .text          0x00000000        0x0 ./SDK/startup/startup_mk64f12.o
 .data          0x00000000        0x0 ./SDK/startup/startup_mk64f12.o
 .bss           0x00000000        0x0 ./SDK/startup/startup_mk64f12.o
 .text.I2C0_IRQHandler
                0x00000000        0x8 ./SDK/startup/startup_mk64f12.o
 .text.I2C1_IRQHandler
                0x00000000        0x8 ./SDK/startup/startup_mk64f12.o
 .text.UART0_LON_IRQHandler
                0x00000000        0x8 ./SDK/startup/startup_mk64f12.o
 .text.UART0_RX_TX_IRQHandler
                0x00000000        0x8 ./SDK/startup/startup_mk64f12.o
 .text.UART0_ERR_IRQHandler
                0x00000000        0x8 ./SDK/startup/startup_mk64f12.o
 .text.UART1_RX_TX_IRQHandler
                0x00000000        0x8 ./SDK/startup/startup_mk64f12.o
 .text.UART1_ERR_IRQHandler
                0x00000000        0x8 ./SDK/startup/startup_mk64f12.o
 .text.UART2_RX_TX_IRQHandler
                0x00000000        0x8 ./SDK/startup/startup_mk64f12.o
 .text.UART2_ERR_IRQHandler
                0x00000000        0x8 ./SDK/startup/startup_mk64f12.o
 .text.UART3_RX_TX_IRQHandler
                0x00000000        0x8 ./SDK/startup/startup_mk64f12.o
 .text.UART3_ERR_IRQHandler
                0x00000000        0x8 ./SDK/startup/startup_mk64f12.o
 .text.UART4_RX_TX_IRQHandler
                0x00000000        0x8 ./SDK/startup/startup_mk64f12.o
 .text.UART4_ERR_IRQHandler
                0x00000000        0x8 ./SDK/startup/startup_mk64f12.o
 .text.I2C2_IRQHandler
                0x00000000        0x8 ./SDK/startup/startup_mk64f12.o
 .debug_macro   0x00000000      0xa5a ./SDK/startup/startup_mk64f12.o
 .group         0x00000000        0xc ./SDK/CMSIS/system_MK64F12.o
 .group         0x00000000        0xc ./SDK/CMSIS/system_MK64F12.o
 .group         0x00000000        0xc ./SDK/CMSIS/system_MK64F12.o
 .group         0x00000000        0xc ./SDK/CMSIS/system_MK64F12.o
 .group         0x00000000        0xc ./SDK/CMSIS/system_MK64F12.o
 .group         0x00000000        0xc ./SDK/CMSIS/system_MK64F12.o
 .group         0x00000000        0xc ./SDK/CMSIS/system_MK64F12.o
 .group         0x00000000        0xc ./SDK/CMSIS/system_MK64F12.o
 .group         0x00000000        0xc ./SDK/CMSIS/system_MK64F12.o
 .group         0x00000000        0xc ./SDK/CMSIS/system_MK64F12.o
 .group         0x00000000        0xc ./SDK/CMSIS/system_MK64F12.o
 .text          0x00000000        0x0 ./SDK/CMSIS/system_MK64F12.o
 .data          0x00000000        0x0 ./SDK/CMSIS/system_MK64F12.o
 .bss           0x00000000        0x0 ./SDK/CMSIS/system_MK64F12.o
 .data.SystemCoreClock
                0x00000000        0x4 ./SDK/CMSIS/system_MK64F12.o
 .text.SystemCoreClockUpdate
                0x00000000      0x278 ./SDK/CMSIS/system_MK64F12.o
 .debug_macro   0x00000000      0xa5a ./SDK/CMSIS/system_MK64F12.o
 .debug_macro   0x00000000      0x34e ./SDK/CMSIS/system_MK64F12.o
 .debug_macro   0x00000000       0x10 ./SDK/CMSIS/system_MK64F12.o
 .debug_macro   0x00000000       0x5c ./SDK/CMSIS/system_MK64F12.o
 .debug_macro   0x00000000       0x1c ./SDK/CMSIS/system_MK64F12.o
 .debug_macro   0x00000000       0x22 ./SDK/CMSIS/system_MK64F12.o
 .debug_macro   0x00000000       0xdf ./SDK/CMSIS/system_MK64F12.o
 .debug_macro   0x00000000      0xecf ./SDK/CMSIS/system_MK64F12.o
 .debug_macro   0x00000000       0x48 ./SDK/CMSIS/system_MK64F12.o
 .debug_macro   0x00000000     0xe07b ./SDK/CMSIS/system_MK64F12.o
 .debug_macro   0x00000000     0x122b ./SDK/CMSIS/system_MK64F12.o

Memory Configuration

Name             Origin             Length             Attributes
PROGRAM_FLASH    0x00000000         0x00100000         xr
SRAM_UPPER       0x20000000         0x00030000         xrw
SRAM_LOWER       0x1fff0000         0x00010000         xrw
FLEX_RAM         0x14000000         0x00001000         xrw
*default*        0x00000000         0xffffffff

Linker script and memory map

LOAD ./source/App.o
LOAD ./source/SysTick.o
LOAD ./source/accelerometer.o
LOAD ./source/i2c.o
LOAD ./source/pinsHandler.o
LOAD ./source/spi.o
LOAD ./source/uart.o
LOAD ./SDK/startup/hardware.o
LOAD ./SDK/startup/main.o
LOAD ./SDK/startup/semihost_hardfault.o
LOAD ./SDK/startup/startup_mk64f12.o
LOAD ./SDK/CMSIS/system_MK64F12.o
START GROUP
LOAD c:/nxp/mcuxpressoide_10.2.0_759/ide/tools/bin/../lib/gcc/arm-none-eabi/7.2.1/../../../../arm-none-eabi/lib/thumb/v7e-m/fpv4-sp/hard\libcr_c.a
LOAD c:/nxp/mcuxpressoide_10.2.0_759/ide/tools/bin/../lib/gcc/arm-none-eabi/7.2.1/thumb/v7e-m/fpv4-sp/hard\libcr_eabihelpers.a
END GROUP
                0x00000000                __base_PROGRAM_FLASH = 0x0
                0x00000000                __base_Flash = 0x0
                0x00100000                __top_PROGRAM_FLASH = 0x100000
                0x00100000                __top_Flash = 0x100000
                0x20000000                __base_SRAM_UPPER = 0x20000000
                0x20000000                __base_RAM = 0x20000000
                0x20030000                __top_SRAM_UPPER = 0x20030000
                0x20030000                __top_RAM = 0x20030000
                0x1fff0000                __base_SRAM_LOWER = 0x1fff0000
                0x1fff0000                __base_RAM2 = 0x1fff0000
                0x20000000                __top_SRAM_LOWER = 0x20000000
                0x20000000                __top_RAM2 = 0x20000000
                0x14000000                __base_FLEX_RAM = 0x14000000
                0x14000000                __base_RAM3 = 0x14000000
                0x14001000                __top_FLEX_RAM = 0x14001000
                0x14001000                __top_RAM3 = 0x14001000

.text           0x00000000     0x1448
 FILL mask 0xff
                0x00000000                __vectors_start__ = ABSOLUTE (.)
 *(SORT_BY_ALIGNMENT(.isr_vector))
 .isr_vector    0x00000000      0x198 ./SDK/startup/startup_mk64f12.o
                0x00000000                g_pfnVectors
                0x00000000                __Vectors
                0x00000198                . = ALIGN (0x4)
                0x00000198                __section_table_start = .
                0x00000198                __data_section_table = .
                0x00000198        0x4 LONG 0x1448 LOADADDR (.data)
                0x0000019c        0x4 LONG 0x20000000 ADDR (.data)
                0x000001a0        0x4 LONG 0x10 SIZEOF (.data)
                0x000001a4        0x4 LONG 0x1448 LOADADDR (.data_RAM2)
                0x000001a8        0x4 LONG 0x1fff0000 ADDR (.data_RAM2)
                0x000001ac        0x4 LONG 0x0 SIZEOF (.data_RAM2)
                0x000001b0        0x4 LONG 0x1448 LOADADDR (.data_RAM3)
                0x000001b4        0x4 LONG 0x14000000 ADDR (.data_RAM3)
                0x000001b8        0x4 LONG 0x0 SIZEOF (.data_RAM3)
                0x000001bc                __data_section_table_end = .
                0x000001bc                __bss_section_table = .
                0x000001bc        0x4 LONG 0x20000010 ADDR (.bss)
                0x000001c0        0x4 LONG 0x30 SIZEOF (.bss)
                0x000001c4        0x4 LONG 0x1fff0000 ADDR (.bss_RAM2)
                0x000001c8        0x4 LONG 0x0 SIZEOF (.bss_RAM2)
                0x000001cc        0x4 LONG 0x14000000 ADDR (.bss_RAM3)
                0x000001d0        0x4 LONG 0x0 SIZEOF (.bss_RAM3)
                0x000001d4                __bss_section_table_end = .
                0x000001d4                __section_table_end = .
 *(SORT_BY_ALIGNMENT(.after_vectors*))
 .after_vectors.reset
                0x000001d4       0x4c ./SDK/startup/startup_mk64f12.o
                0x000001d4                ResetISR
 .after_vectors.init_data
                0x00000220       0x1e ./SDK/startup/startup_mk64f12.o
                0x00000220                data_init
 .after_vectors.init_bss
                0x0000023e       0x12 ./SDK/startup/startup_mk64f12.o
                0x0000023e                bss_init
 .after_vectors
                0x00000250       0x14 ./SDK/startup/startup_mk64f12.o
                0x00000250                NMI_Handler
                0x00000254                MemManage_Handler
                0x00000256                BusFault_Handler
                0x00000258                UsageFault_Handler
                0x0000025a                SVC_Handler
                0x0000025c                DebugMon_Handler
                0x0000025e                PendSV_Handler
                0x00000262                DMA_Error_DriverIRQHandler
                0x00000262                LPTMR0_DriverIRQHandler
                0x00000262                FTM1_DriverIRQHandler
                0x00000262                FTM2_DriverIRQHandler
                0x00000262                PIT2_DriverIRQHandler
                0x00000262                SDHC_DriverIRQHandler
                0x00000262                I2S0_Tx_DriverIRQHandler
                0x00000262                RTC_Seconds_DriverIRQHandler
                0x00000262                DMA6_DriverIRQHandler
                0x00000262                LLWU_DriverIRQHandler
                0x00000262                MCM_DriverIRQHandler
                0x00000262                MCG_DriverIRQHandler
                0x00000262                ENET_1588_Timer_DriverIRQHandler
                0x00000262                I2C2_DriverIRQHandler
                0x00000262                DAC1_DriverIRQHandler
                0x00000262                SPI1_DriverIRQHandler
                0x00000262                CMP1_DriverIRQHandler
                0x00000262                UART5_RX_TX_DriverIRQHandler
                0x00000262                FTM0_DriverIRQHandler
                0x00000262                IntDefaultHandler
                0x00000262                USB0_DriverIRQHandler
                0x00000262                UART5_ERR_DriverIRQHandler
                0x00000262                PORTC_DriverIRQHandler
                0x00000262                DMA11_DriverIRQHandler
                0x00000262                DAC0_DriverIRQHandler
                0x00000262                DMA10_DriverIRQHandler
                0x00000262                CMP2_DriverIRQHandler
                0x00000262                UART2_ERR_DriverIRQHandler
                0x00000262                SPI2_DriverIRQHandler
                0x00000262                LVD_LVW_DriverIRQHandler
                0x00000262                PIT0_DriverIRQHandler
                0x00000262                RNG_DriverIRQHandler
                0x00000262                DMA5_DriverIRQHandler
                0x00000262                DMA12_DriverIRQHandler
                0x00000262                UART2_RX_TX_DriverIRQHandler
                0x00000262                USBDCD_DriverIRQHandler
                0x00000262                UART3_ERR_DriverIRQHandler
                0x00000262                DMA3_DriverIRQHandler
                0x00000262                DMA8_DriverIRQHandler
                0x00000262                DMA9_DriverIRQHandler
                0x00000262                UART0_ERR_DriverIRQHandler
                0x00000262                CMT_DriverIRQHandler
                0x00000262                Reserved71_DriverIRQHandler
                0x00000262                ADC1_DriverIRQHandler
                0x00000262                PORTA_DriverIRQHandler
                0x00000262                DMA14_DriverIRQHandler
                0x00000262                PIT3_DriverIRQHandler
                0x00000262                PIT1_DriverIRQHandler
                0x00000262                WDOG_EWM_DriverIRQHandler
                0x00000262                PDB0_DriverIRQHandler
                0x00000262                RTC_DriverIRQHandler
                0x00000262                I2S0_Rx_DriverIRQHandler
                0x00000262                Read_Collision_DriverIRQHandler
                0x00000262                SWI_DriverIRQHandler
                0x00000262                UART4_RX_TX_DriverIRQHandler
                0x00000262                UART4_ERR_DriverIRQHandler
                0x00000262                PORTB_DriverIRQHandler
                0x00000262                UART0_LON_DriverIRQHandler
                0x00000262                DMA0_DriverIRQHandler
                0x00000262                DMA1_DriverIRQHandler
                0x00000262                I2C1_DriverIRQHandler
                0x00000262                UART3_RX_TX_DriverIRQHandler
                0x00000262                ENET_Receive_DriverIRQHandler
                0x00000262                DMA13_DriverIRQHandler
                0x00000262                ENET_Error_DriverIRQHandler
                0x00000262                DMA15_DriverIRQHandler
                0x00000262                UART0_RX_TX_DriverIRQHandler
                0x00000262                SPI0_DriverIRQHandler
                0x00000262                ADC0_DriverIRQHandler
                0x00000262                CMP0_DriverIRQHandler
                0x00000262                CAN0_DriverIRQHandler
                0x00000262                FTM3_DriverIRQHandler
                0x00000262                DMA4_DriverIRQHandler
                0x00000262                UART1_ERR_DriverIRQHandler
                0x00000262                DMA2_DriverIRQHandler
                0x00000262                ENET_Transmit_DriverIRQHandler
                0x00000262                PORTD_DriverIRQHandler
                0x00000262                PORTE_DriverIRQHandler
                0x00000262                FTFE_DriverIRQHandler
                0x00000262                I2C0_DriverIRQHandler
                0x00000262                DMA7_DriverIRQHandler
                0x00000262                UART1_RX_TX_DriverIRQHandler
                0x00000400                . = 0x400
 *fill*         0x00000264      0x19c ff
                0x00000400                PROVIDE (__FLASH_CONFIG_START__, .)
 *(SORT_BY_ALIGNMENT(.FlashConfig))
 .FlashConfig   0x00000400       0x10 ./SDK/startup/startup_mk64f12.o
                0x00000400                Flash_Config
                0x00000410                PROVIDE (__FLASH_CONFIG_END__, .)
                0x00000001                ASSERT (! ((__FLASH_CONFIG_START__ == __FLASH_CONFIG_END__)), Linker Flash Config Support Enabled, but no .FlashConfig section provided within application)
 *(SORT_BY_ALIGNMENT(.text*))
 .text.App_Run  0x00000410       0x20 ./source/App.o
                0x00000410                App_Run
 .text.SysTick_Handler
                0x00000430       0x14 ./source/SysTick.o
                0x00000430                SysTick_Handler
 .text.__NVIC_EnableIRQ
                0x00000444       0x3c ./source/i2c.o
 .text.sendStart
                0x00000480       0x28 ./source/i2c.o
 .text.sendStop
                0x000004a8       0x28 ./source/i2c.o
 .text.sendRepeatStart
                0x000004d0       0x28 ./source/i2c.o
 .text.clearInterruptFlag
                0x000004f8       0x28 ./source/i2c.o
 .text.getMode  0x00000520       0x20 ./source/i2c.o
 .text.setModeTX
                0x00000540       0x28 ./source/i2c.o
 .text.setModeRX
                0x00000568       0x28 ./source/i2c.o
 .text.isBusBusy
                0x00000590       0x20 ./source/i2c.o
 .text.setNack  0x000005b0       0x28 ./source/i2c.o
 .text.unsetNack
                0x000005d8       0x28 ./source/i2c.o
 .text.receivedAck
                0x00000600       0x24 ./source/i2c.o
 .text.writeByte
                0x00000624       0x24 ./source/i2c.o
 .text.readByte
                0x00000648       0x1c ./source/i2c.o
 .text.i2cInit  0x00000664       0xa8 ./source/i2c.o
                0x00000664                i2cInit
 .text.i2cTransferInit
                0x0000070c       0x70 ./source/i2c.o
                0x0000070c                i2cTransferInit
 .text.i2cTransferBlocking
                0x0000077c       0x54 ./source/i2c.o
                0x0000077c                i2cTransferBlocking
 .text.isr_routine
                0x000007d0      0x130 ./source/i2c.o
 .text.configurePins
                0x00000900      0x1ac ./source/i2c.o
                0x00000900                configurePins
 .text.clockGating
                0x00000aac       0xc8 ./source/i2c.o
                0x00000aac                clockGating
 .text.hw_Init  0x00000b74      0x10c ./SDK/startup/hardware.o
                0x00000b74                hw_Init
 .text.hw_EnableInterrupts
                0x00000c80       0x30 ./SDK/startup/hardware.o
                0x00000c80                hw_EnableInterrupts
 .text.hw_DisableInterrupts
                0x00000cb0       0x20 ./SDK/startup/hardware.o
                0x00000cb0                hw_DisableInterrupts
 .text.SystemInit
                0x00000cd0       0x3c ./SDK/CMSIS/system_MK64F12.o
                0x00000cd0                SystemInit
 .text.App_Init
                0x00000d0c       0x10 ./source/App.o
                0x00000d0c                App_Init
 .text.accelandMagnetInit
                0x00000d1c       0x20 ./source/accelerometer.o
                0x00000d1c                accelandMagnetInit
 .text.I2C_WriteAccelReg
                0x00000d3c       0x46 ./source/accelerometer.o
 .text.I2C_ReadAccelRegs
                0x00000d82       0x46 ./source/accelerometer.o
 .text._mqx_ints_FXOS8700CQ_start
                0x00000dc8       0xf0 ./source/accelerometer.o
                0x00000dc8                _mqx_ints_FXOS8700CQ_start
 .text.ReadAccelMagnData
                0x00000eb8       0xaa ./source/accelerometer.o
                0x00000eb8                ReadAccelMagnData
 .text.setBaudRate
                0x00000f62       0x1a ./source/i2c.o
                0x00000f62                setBaudRate
 .text.I2C0_IRQHandler
                0x00000f7c        0xc ./source/i2c.o
                0x00000f7c                I2C0_IRQHandler
 .text.I2C1_IRQHandler
                0x00000f88        0xc ./source/i2c.o
                0x00000f88                I2C1_IRQHandler
 .text.I2C2_IRQHandler
                0x00000f94        0xc ./source/i2c.o
                0x00000f94                I2C2_IRQHandler
 .text.setPCRmux
                0x00000fa0       0x46 ./source/pinsHandler.o
                0x00000fa0                setPCRmux
 .text.setPCRpullEnable
                0x00000fe6       0x30 ./source/pinsHandler.o
                0x00000fe6                setPCRpullEnable
 .text.setPCRpullUp
                0x00001016       0x30 ./source/pinsHandler.o
                0x00001016                setPCRpullUp
 .text.setPCRopenDrainEnable
                0x00001046       0x2c ./source/pinsHandler.o
                0x00001046                setPCRopenDrainEnable
 .text.setPCRirqc
                0x00001072       0x46 ./source/pinsHandler.o
                0x00001072                setPCRirqc
 .text.UARTX_LON_IRQHandler
                0x000010b8       0x16 ./source/uart.o
                0x000010b8                UARTX_LON_IRQHandler
 .text.UARTX_RX_TX_IRQHandler
                0x000010ce       0x16 ./source/uart.o
                0x000010ce                UARTX_RX_TX_IRQHandler
 .text.UARTX_ERR_IRQHandler
                0x000010e4       0x16 ./source/uart.o
                0x000010e4                UARTX_ERR_IRQHandler
 .text.UART0_LON_IRQHandler
                0x000010fa        0xe ./source/uart.o
                0x000010fa                UART0_LON_IRQHandler
 .text.UART0_RX_TX_IRQHandler
                0x00001108        0xe ./source/uart.o
                0x00001108                UART0_RX_TX_IRQHandler
 .text.UART0_ERR_IRQHandler
                0x00001116        0xe ./source/uart.o
                0x00001116                UART0_ERR_IRQHandler
 .text.UART1_RX_TX_IRQHandler
                0x00001124        0xe ./source/uart.o
                0x00001124                UART1_RX_TX_IRQHandler
 .text.UART1_ERR_IRQHandler
                0x00001132        0xe ./source/uart.o
                0x00001132                UART1_ERR_IRQHandler
 .text.UART2_RX_TX_IRQHandler
                0x00001140        0xe ./source/uart.o
                0x00001140                UART2_RX_TX_IRQHandler
 .text.UART2_ERR_IRQHandler
                0x0000114e        0xe ./source/uart.o
                0x0000114e                UART2_ERR_IRQHandler
 .text.UART3_RX_TX_IRQHandler
                0x0000115c        0xe ./source/uart.o
                0x0000115c                UART3_RX_TX_IRQHandler
 .text.UART3_ERR_IRQHandler
                0x0000116a        0xe ./source/uart.o
                0x0000116a                UART3_ERR_IRQHandler
 .text.UART4_RX_TX_IRQHandler
                0x00001178        0xe ./source/uart.o
                0x00001178                UART4_RX_TX_IRQHandler
 .text.UART4_ERR_IRQHandler
                0x00001186        0xe ./source/uart.o
                0x00001186                UART4_ERR_IRQHandler
 .text.main     0x00001194       0x1a ./SDK/startup/main.o
                0x00001194                main
 .text.HardFault_Handler
                0x000011ae       0x2c ./SDK/startup/semihost_hardfault.o
                0x000011ae                HardFault_Handler
 .text.DMA0_IRQHandler
                0x000011da        0x8 ./SDK/startup/startup_mk64f12.o
                0x000011da                DMA0_IRQHandler
 .text.DMA1_IRQHandler
                0x000011e2        0x8 ./SDK/startup/startup_mk64f12.o
                0x000011e2                DMA1_IRQHandler
 .text.DMA2_IRQHandler
                0x000011ea        0x8 ./SDK/startup/startup_mk64f12.o
                0x000011ea                DMA2_IRQHandler
 .text.DMA3_IRQHandler
                0x000011f2        0x8 ./SDK/startup/startup_mk64f12.o
                0x000011f2                DMA3_IRQHandler
 .text.DMA4_IRQHandler
                0x000011fa        0x8 ./SDK/startup/startup_mk64f12.o
                0x000011fa                DMA4_IRQHandler
 .text.DMA5_IRQHandler
                0x00001202        0x8 ./SDK/startup/startup_mk64f12.o
                0x00001202                DMA5_IRQHandler
 .text.DMA6_IRQHandler
                0x0000120a        0x8 ./SDK/startup/startup_mk64f12.o
                0x0000120a                DMA6_IRQHandler
 .text.DMA7_IRQHandler
                0x00001212        0x8 ./SDK/startup/startup_mk64f12.o
                0x00001212                DMA7_IRQHandler
 .text.DMA8_IRQHandler
                0x0000121a        0x8 ./SDK/startup/startup_mk64f12.o
                0x0000121a                DMA8_IRQHandler
 .text.DMA9_IRQHandler
                0x00001222        0x8 ./SDK/startup/startup_mk64f12.o
                0x00001222                DMA9_IRQHandler
 .text.DMA10_IRQHandler
                0x0000122a        0x8 ./SDK/startup/startup_mk64f12.o
                0x0000122a                DMA10_IRQHandler
 .text.DMA11_IRQHandler
                0x00001232        0x8 ./SDK/startup/startup_mk64f12.o
                0x00001232                DMA11_IRQHandler
 .text.DMA12_IRQHandler
                0x0000123a        0x8 ./SDK/startup/startup_mk64f12.o
                0x0000123a                DMA12_IRQHandler
 .text.DMA13_IRQHandler
                0x00001242        0x8 ./SDK/startup/startup_mk64f12.o
                0x00001242                DMA13_IRQHandler
 .text.DMA14_IRQHandler
                0x0000124a        0x8 ./SDK/startup/startup_mk64f12.o
                0x0000124a                DMA14_IRQHandler
 .text.DMA15_IRQHandler
                0x00001252        0x8 ./SDK/startup/startup_mk64f12.o
                0x00001252                DMA15_IRQHandler
 .text.DMA_Error_IRQHandler
                0x0000125a        0x8 ./SDK/startup/startup_mk64f12.o
                0x0000125a                DMA_Error_IRQHandler
 .text.MCM_IRQHandler
                0x00001262        0x8 ./SDK/startup/startup_mk64f12.o
                0x00001262                MCM_IRQHandler
 .text.FTFE_IRQHandler
                0x0000126a        0x8 ./SDK/startup/startup_mk64f12.o
                0x0000126a                FTFE_IRQHandler
 .text.Read_Collision_IRQHandler
                0x00001272        0x8 ./SDK/startup/startup_mk64f12.o
                0x00001272                Read_Collision_IRQHandler
 .text.LVD_LVW_IRQHandler
                0x0000127a        0x8 ./SDK/startup/startup_mk64f12.o
                0x0000127a                LVD_LVW_IRQHandler
 .text.LLWU_IRQHandler
                0x00001282        0x8 ./SDK/startup/startup_mk64f12.o
                0x00001282                LLWU_IRQHandler
 .text.WDOG_EWM_IRQHandler
                0x0000128a        0x8 ./SDK/startup/startup_mk64f12.o
                0x0000128a                WDOG_EWM_IRQHandler
 .text.RNG_IRQHandler
                0x00001292        0x8 ./SDK/startup/startup_mk64f12.o
                0x00001292                RNG_IRQHandler
 .text.SPI0_IRQHandler
                0x0000129a        0x8 ./SDK/startup/startup_mk64f12.o
                0x0000129a                SPI0_IRQHandler
 .text.SPI1_IRQHandler
                0x000012a2        0x8 ./SDK/startup/startup_mk64f12.o
                0x000012a2                SPI1_IRQHandler
 .text.I2S0_Tx_IRQHandler
                0x000012aa        0x8 ./SDK/startup/startup_mk64f12.o
                0x000012aa                I2S0_Tx_IRQHandler
 .text.I2S0_Rx_IRQHandler
                0x000012b2        0x8 ./SDK/startup/startup_mk64f12.o
                0x000012b2                I2S0_Rx_IRQHandler
 .text.ADC0_IRQHandler
                0x000012ba        0x8 ./SDK/startup/startup_mk64f12.o
                0x000012ba                ADC0_IRQHandler
 .text.CMP0_IRQHandler
                0x000012c2        0x8 ./SDK/startup/startup_mk64f12.o
                0x000012c2                CMP0_IRQHandler
 .text.CMP1_IRQHandler
                0x000012ca        0x8 ./SDK/startup/startup_mk64f12.o
                0x000012ca                CMP1_IRQHandler
 .text.FTM0_IRQHandler
                0x000012d2        0x8 ./SDK/startup/startup_mk64f12.o
                0x000012d2                FTM0_IRQHandler
 .text.FTM1_IRQHandler
                0x000012da        0x8 ./SDK/startup/startup_mk64f12.o
                0x000012da                FTM1_IRQHandler
 .text.FTM2_IRQHandler
                0x000012e2        0x8 ./SDK/startup/startup_mk64f12.o
                0x000012e2                FTM2_IRQHandler
 .text.CMT_IRQHandler
                0x000012ea        0x8 ./SDK/startup/startup_mk64f12.o
                0x000012ea                CMT_IRQHandler
 .text.RTC_IRQHandler
                0x000012f2        0x8 ./SDK/startup/startup_mk64f12.o
                0x000012f2                RTC_IRQHandler
 .text.RTC_Seconds_IRQHandler
                0x000012fa        0x8 ./SDK/startup/startup_mk64f12.o
                0x000012fa                RTC_Seconds_IRQHandler
 .text.PIT0_IRQHandler
                0x00001302        0x8 ./SDK/startup/startup_mk64f12.o
                0x00001302                PIT0_IRQHandler
 .text.PIT1_IRQHandler
                0x0000130a        0x8 ./SDK/startup/startup_mk64f12.o
                0x0000130a                PIT1_IRQHandler
 .text.PIT2_IRQHandler
                0x00001312        0x8 ./SDK/startup/startup_mk64f12.o
                0x00001312                PIT2_IRQHandler
 .text.PIT3_IRQHandler
                0x0000131a        0x8 ./SDK/startup/startup_mk64f12.o
                0x0000131a                PIT3_IRQHandler
 .text.PDB0_IRQHandler
                0x00001322        0x8 ./SDK/startup/startup_mk64f12.o
                0x00001322                PDB0_IRQHandler
 .text.USB0_IRQHandler
                0x0000132a        0x8 ./SDK/startup/startup_mk64f12.o
                0x0000132a                USB0_IRQHandler
 .text.USBDCD_IRQHandler
                0x00001332        0x8 ./SDK/startup/startup_mk64f12.o
                0x00001332                USBDCD_IRQHandler
 .text.Reserved71_IRQHandler
                0x0000133a        0x8 ./SDK/startup/startup_mk64f12.o
                0x0000133a                Reserved71_IRQHandler
 .text.DAC0_IRQHandler
                0x00001342        0x8 ./SDK/startup/startup_mk64f12.o
                0x00001342                DAC0_IRQHandler
 .text.MCG_IRQHandler
                0x0000134a        0x8 ./SDK/startup/startup_mk64f12.o
                0x0000134a                MCG_IRQHandler
 .text.LPTMR0_IRQHandler
                0x00001352        0x8 ./SDK/startup/startup_mk64f12.o
                0x00001352                LPTMR0_IRQHandler
 .text.PORTA_IRQHandler
                0x0000135a        0x8 ./SDK/startup/startup_mk64f12.o
                0x0000135a                PORTA_IRQHandler
 .text.PORTB_IRQHandler
                0x00001362        0x8 ./SDK/startup/startup_mk64f12.o
                0x00001362                PORTB_IRQHandler
 .text.PORTC_IRQHandler
                0x0000136a        0x8 ./SDK/startup/startup_mk64f12.o
                0x0000136a                PORTC_IRQHandler
 .text.PORTD_IRQHandler
                0x00001372        0x8 ./SDK/startup/startup_mk64f12.o
                0x00001372                PORTD_IRQHandler
 .text.PORTE_IRQHandler
                0x0000137a        0x8 ./SDK/startup/startup_mk64f12.o
                0x0000137a                PORTE_IRQHandler
 .text.SWI_IRQHandler
                0x00001382        0x8 ./SDK/startup/startup_mk64f12.o
                0x00001382                SWI_IRQHandler
 .text.SPI2_IRQHandler
                0x0000138a        0x8 ./SDK/startup/startup_mk64f12.o
                0x0000138a                SPI2_IRQHandler
 .text.UART5_RX_TX_IRQHandler
                0x00001392        0x8 ./SDK/startup/startup_mk64f12.o
                0x00001392                UART5_RX_TX_IRQHandler
 .text.UART5_ERR_IRQHandler
                0x0000139a        0x8 ./SDK/startup/startup_mk64f12.o
                0x0000139a                UART5_ERR_IRQHandler
 .text.CMP2_IRQHandler
                0x000013a2        0x8 ./SDK/startup/startup_mk64f12.o
                0x000013a2                CMP2_IRQHandler
 .text.FTM3_IRQHandler
                0x000013aa        0x8 ./SDK/startup/startup_mk64f12.o
                0x000013aa                FTM3_IRQHandler
 .text.DAC1_IRQHandler
                0x000013b2        0x8 ./SDK/startup/startup_mk64f12.o
                0x000013b2                DAC1_IRQHandler
 .text.ADC1_IRQHandler
                0x000013ba        0x8 ./SDK/startup/startup_mk64f12.o
                0x000013ba                ADC1_IRQHandler
 .text.CAN0_ORed_Message_buffer_IRQHandler
                0x000013c2        0x8 ./SDK/startup/startup_mk64f12.o
                0x000013c2                CAN0_ORed_Message_buffer_IRQHandler
 .text.CAN0_Bus_Off_IRQHandler
                0x000013ca        0x8 ./SDK/startup/startup_mk64f12.o
                0x000013ca                CAN0_Bus_Off_IRQHandler
 .text.CAN0_Error_IRQHandler
                0x000013d2        0x8 ./SDK/startup/startup_mk64f12.o
                0x000013d2                CAN0_Error_IRQHandler
 .text.CAN0_Tx_Warning_IRQHandler
                0x000013da        0x8 ./SDK/startup/startup_mk64f12.o
                0x000013da                CAN0_Tx_Warning_IRQHandler
 .text.CAN0_Rx_Warning_IRQHandler
                0x000013e2        0x8 ./SDK/startup/startup_mk64f12.o
                0x000013e2                CAN0_Rx_Warning_IRQHandler
 .text.CAN0_Wake_Up_IRQHandler
                0x000013ea        0x8 ./SDK/startup/startup_mk64f12.o
                0x000013ea                CAN0_Wake_Up_IRQHandler
 .text.SDHC_IRQHandler
                0x000013f2        0x8 ./SDK/startup/startup_mk64f12.o
                0x000013f2                SDHC_IRQHandler
 .text.ENET_1588_Timer_IRQHandler
                0x000013fa        0x8 ./SDK/startup/startup_mk64f12.o
                0x000013fa                ENET_1588_Timer_IRQHandler
 .text.ENET_Transmit_IRQHandler
                0x00001402        0x8 ./SDK/startup/startup_mk64f12.o
                0x00001402                ENET_Transmit_IRQHandler
 .text.ENET_Receive_IRQHandler
                0x0000140a        0x8 ./SDK/startup/startup_mk64f12.o
                0x0000140a                ENET_Receive_IRQHandler
 .text.ENET_Error_IRQHandler
                0x00001412        0x8 ./SDK/startup/startup_mk64f12.o
                0x00001412                ENET_Error_IRQHandler
 .text.SystemInitHook
                0x0000141a        0xe ./SDK/CMSIS/system_MK64F12.o
                0x0000141a                SystemInitHook
 *(SORT_BY_ALIGNMENT(.rodata) SORT_BY_ALIGNMENT(.rodata.*) SORT_BY_ALIGNMENT(.constdata) SORT_BY_ALIGNMENT(.constdata.*))
 .rodata        0x00001428       0x20 ./source/i2c.o
                0x00001448                . = ALIGN (0x8)

.glue_7         0x00001448        0x0
 .glue_7        0x00001448        0x0 linker stubs

.glue_7t        0x00001448        0x0
 .glue_7t       0x00001448        0x0 linker stubs

.vfp11_veneer   0x00001448        0x0
 .vfp11_veneer  0x00001448        0x0 linker stubs

.v4_bx          0x00001448        0x0
 .v4_bx         0x00001448        0x0 linker stubs

.iplt           0x00001448        0x0
 .iplt          0x00001448        0x0 ./source/App.o

.rel.dyn        0x00001448        0x0
 .rel.iplt      0x00001448        0x0 ./source/App.o

.ARM.extab
 *(SORT_BY_ALIGNMENT(.ARM.extab*) SORT_BY_ALIGNMENT(.gnu.linkonce.armextab.*))
                0x00001448                __exidx_start = .

.ARM.exidx
 *(SORT_BY_ALIGNMENT(.ARM.exidx*) SORT_BY_ALIGNMENT(.gnu.linkonce.armexidx.*))
                0x00001448                __exidx_end = .
                0x00001448                _etext = .

.m_usb_data
 *(SORT_BY_ALIGNMENT(m_usb_bdt))

.data_RAM2      0x1fff0000        0x0 load address 0x00001448
 FILL mask 0xff
                [!provide]                PROVIDE (__start_data_RAM2, .)
 *(SORT_BY_ALIGNMENT(.ramfunc.$RAM2))
 *(SORT_BY_ALIGNMENT(.ramfunc.$SRAM_LOWER))
 *(SORT_BY_ALIGNMENT(.data.$RAM2*))
 *(SORT_BY_ALIGNMENT(.data.$SRAM_LOWER*))
                0x1fff0000                . = ALIGN (0x8)
                [!provide]                PROVIDE (__end_data_RAM2, .)

.data_RAM3      0x14000000        0x0 load address 0x00001448
 FILL mask 0xff
                [!provide]                PROVIDE (__start_data_RAM3, .)
 *(SORT_BY_ALIGNMENT(.ramfunc.$RAM3))
 *(SORT_BY_ALIGNMENT(.ramfunc.$FLEX_RAM))
 *(SORT_BY_ALIGNMENT(.data.$RAM3*))
 *(SORT_BY_ALIGNMENT(.data.$FLEX_RAM*))
                0x14000000                . = ALIGN (0x8)
                [!provide]                PROVIDE (__end_data_RAM3, .)

.uninit_RESERVED
                0x20000000        0x0
 *(SORT_BY_ALIGNMENT(.bss.$RESERVED*))
                0x20000000                . = ALIGN (0x4)
                0x20000000                _end_uninit_RESERVED = .

.data           0x20000000       0x10 load address 0x00001448
 FILL mask 0xff
                0x20000000                _data = .
 *(SORT_BY_ALIGNMENT(vtable))
 *(SORT_BY_ALIGNMENT(.ramfunc*))
 *(SORT_BY_ALIGNMENT(.data*))
 .data.i2cSCLpins
                0x20000000        0x3 ./source/i2c.o
                0x20000000                i2cSCLpins
 *fill*         0x20000003        0x1 ff
 .data.i2cSDApins
                0x20000004        0x3 ./source/i2c.o
                0x20000004                i2cSDApins
 *fill*         0x20000007        0x1 ff
 .data.i2cIRQs  0x20000008        0x3 ./source/i2c.o
                0x20000008                i2cIRQs
                0x20000010                . = ALIGN (0x8)
 *fill*         0x2000000b        0x5 ff
                0x20000010                _edata = .

.igot.plt       0x20000010        0x0 load address 0x00001458
 .igot.plt      0x20000010        0x0 ./source/App.o

.bss_RAM2       0x1fff0000        0x0
                [!provide]                PROVIDE (__start_bss_RAM2, .)
 *(SORT_BY_ALIGNMENT(.bss.$RAM2*))
 *(SORT_BY_ALIGNMENT(.bss.$SRAM_LOWER*))
                0x1fff0000                . = ALIGN ((. != 0x0)?0x8:0x1)
                [!provide]                PROVIDE (__end_bss_RAM2, .)

.bss_RAM3       0x14000000        0x0
                [!provide]                PROVIDE (__start_bss_RAM3, .)
 *(SORT_BY_ALIGNMENT(.bss.$RAM3*))
 *(SORT_BY_ALIGNMENT(.bss.$FLEX_RAM*))
                0x14000000                . = ALIGN ((. != 0x0)?0x8:0x1)
                [!provide]                PROVIDE (__end_bss_RAM3, .)

.bss            0x20000010       0x30
                0x20000010                _bss = .
 *(SORT_BY_ALIGNMENT(.bss*))
 .bss.pAccelData
                0x20000010        0x4 ./source/App.o
                0x20000010                pAccelData
 .bss.pMagnData
                0x20000014        0x4 ./source/App.o
                0x20000014                pMagnData
 .bss.sysTickFun
                0x20000018        0x4 ./source/SysTick.o
                0x20000018                sysTickFun
 .bss.i2c       0x2000001c        0x4 ./source/i2c.o
 .bss.buffer    0x20000020       0x14 ./source/i2c.o
 .bss.__LDM_interruptDisableCount
                0x20000034        0x4 ./SDK/startup/hardware.o
 .bss.init      0x20000038        0x1 ./source/i2c.o
 *(SORT_BY_ALIGNMENT(COMMON))
                0x20000040                . = ALIGN (0x8)
 *fill*         0x20000039        0x7 
                0x20000040                _ebss = .
                [!provide]                PROVIDE (end, .)

.noinit_RAM2    0x1fff0000        0x0
 *(SORT_BY_ALIGNMENT(.noinit.$RAM2*))
 *(SORT_BY_ALIGNMENT(.noinit.$SRAM_LOWER*))
                0x1fff0000                . = ALIGN (0x8)

.noinit_RAM3    0x14000000        0x0
 *(SORT_BY_ALIGNMENT(.noinit.$RAM3*))
 *(SORT_BY_ALIGNMENT(.noinit.$FLEX_RAM*))
                0x14000000                . = ALIGN (0x8)

.noinit         0x20000040        0x0
                0x20000040                _noinit = .
 *(SORT_BY_ALIGNMENT(.noinit*))
                0x20000040                . = ALIGN (0x8)
                0x20000040                _end_noinit = .
                0x00001000                _HeapSize = 0x1000

.heap           0x20000040     0x1000
                0x20000040                _pvHeapStart = .
                0x20001040                . = (. + _HeapSize)
 *fill*         0x20000040     0x1000 
                0x20001040                . = ALIGN (0x8)
                0x20001040                _pvHeapLimit = .
                0x00001000                _StackSize = 0x1000

.heap2stackfill
                0x20001040     0x1000
                0x20002040                . = (. + _StackSize)
 *fill*         0x20001040     0x1000 

.stack          0x2002f000        0x0
                0x2002f000                _vStackBase = .
                0x2002f000                . = ALIGN (0x8)
                0x20030000                _vStackTop = (. + _StackSize)
                0x00000000                _image_start = LOADADDR (.text)
                0x00001458                _image_end = (LOADADDR (.data) + SIZEOF (.data))
                0x00001458                _image_size = (_image_end - _image_start)
OUTPUT(i2c.axf elf32-littlearm)

.debug_info     0x00000000     0x4d0b
 .debug_info    0x00000000       0xf7 ./source/App.o
 .debug_info    0x000000f7      0x522 ./source/SysTick.o
 .debug_info    0x00000619      0xaff ./source/accelerometer.o
 .debug_info    0x00001118     0x150e ./source/i2c.o
 .debug_info    0x00002626      0x375 ./source/pinsHandler.o
 .debug_info    0x0000299b      0xd5d ./source/uart.o
 .debug_info    0x000036f8      0x675 ./SDK/startup/hardware.o
 .debug_info    0x00003d6d       0xb7 ./SDK/startup/main.o
 .debug_info    0x00003e24       0x3b ./SDK/startup/semihost_hardfault.o
 .debug_info    0x00003e5f      0x8b0 ./SDK/startup/startup_mk64f12.o
 .debug_info    0x0000470f      0x5fc ./SDK/CMSIS/system_MK64F12.o

.debug_abbrev   0x00000000      0xfce
 .debug_abbrev  0x00000000       0x88 ./source/App.o
 .debug_abbrev  0x00000088      0x1a5 ./source/SysTick.o
 .debug_abbrev  0x0000022d      0x216 ./source/accelerometer.o
 .debug_abbrev  0x00000443      0x381 ./source/i2c.o
 .debug_abbrev  0x000007c4      0x142 ./source/pinsHandler.o
 .debug_abbrev  0x00000906      0x249 ./source/uart.o
 .debug_abbrev  0x00000b4f      0x138 ./SDK/startup/hardware.o
 .debug_abbrev  0x00000c87       0x7d ./SDK/startup/main.o
 .debug_abbrev  0x00000d04       0x2f ./SDK/startup/semihost_hardfault.o
 .debug_abbrev  0x00000d33      0x15c ./SDK/startup/startup_mk64f12.o
 .debug_abbrev  0x00000e8f      0x13f ./SDK/CMSIS/system_MK64F12.o

.debug_aranges  0x00000000      0x678
 .debug_aranges
                0x00000000       0x28 ./source/App.o
 .debug_aranges
                0x00000028       0x30 ./source/SysTick.o
 .debug_aranges
                0x00000058       0x40 ./source/accelerometer.o
 .debug_aranges
                0x00000098       0xf0 ./source/i2c.o
 .debug_aranges
                0x00000188       0x50 ./source/pinsHandler.o
 .debug_aranges
                0x000001d8       0xd0 ./source/uart.o
 .debug_aranges
                0x000002a8       0x30 ./SDK/startup/hardware.o
 .debug_aranges
                0x000002d8       0x20 ./SDK/startup/main.o
 .debug_aranges
                0x000002f8       0x20 ./SDK/startup/semihost_hardfault.o
 .debug_aranges
                0x00000318      0x330 ./SDK/startup/startup_mk64f12.o
 .debug_aranges
                0x00000648       0x30 ./SDK/CMSIS/system_MK64F12.o

.debug_ranges   0x00000000      0x5c8
 .debug_ranges  0x00000000       0x18 ./source/App.o
 .debug_ranges  0x00000018       0x20 ./source/SysTick.o
 .debug_ranges  0x00000038       0x30 ./source/accelerometer.o
 .debug_ranges  0x00000068       0xe0 ./source/i2c.o
 .debug_ranges  0x00000148       0x40 ./source/pinsHandler.o
 .debug_ranges  0x00000188       0xc0 ./source/uart.o
 .debug_ranges  0x00000248       0x20 ./SDK/startup/hardware.o
 .debug_ranges  0x00000268       0x10 ./SDK/startup/main.o
 .debug_ranges  0x00000278       0x10 ./SDK/startup/semihost_hardfault.o
 .debug_ranges  0x00000288      0x320 ./SDK/startup/startup_mk64f12.o
 .debug_ranges  0x000005a8       0x20 ./SDK/CMSIS/system_MK64F12.o

.debug_macro    0x00000000    0x12d91
 .debug_macro   0x00000000       0x47 ./source/App.o
 .debug_macro   0x00000047      0xa5a ./source/App.o
 .debug_macro   0x00000aa1       0x22 ./source/App.o
 .debug_macro   0x00000ac3      0x34e ./source/App.o
 .debug_macro   0x00000e11       0x96 ./source/SysTick.o
 .debug_macro   0x00000ea7       0x5c ./source/SysTick.o
 .debug_macro   0x00000f03       0x1c ./source/SysTick.o
 .debug_macro   0x00000f1f       0x22 ./source/SysTick.o
 .debug_macro   0x00000f41       0xdf ./source/SysTick.o
 .debug_macro   0x00001020      0xecf ./source/SysTick.o
 .debug_macro   0x00001eef       0x48 ./source/SysTick.o
 .debug_macro   0x00001f37     0xe07b ./source/SysTick.o
 .debug_macro   0x0000ffb2      0x174 ./source/SysTick.o
 .debug_macro   0x00010126      0x220 ./source/accelerometer.o
 .debug_macro   0x00010346       0x22 ./source/accelerometer.o
 .debug_macro   0x00010368       0x52 ./source/accelerometer.o
 .debug_macro   0x000103ba       0x17 ./source/accelerometer.o
 .debug_macro   0x000103d1       0x8d ./source/accelerometer.o
 .debug_macro   0x0001045e       0x35 ./source/accelerometer.o
 .debug_macro   0x00010493       0x9c ./source/accelerometer.o
 .debug_macro   0x0001052f       0x16 ./source/accelerometer.o
 .debug_macro   0x00010545       0x57 ./source/accelerometer.o
 .debug_macro   0x0001059c       0x97 ./source/accelerometer.o
 .debug_macro   0x00010633      0x330 ./source/accelerometer.o
 .debug_macro   0x00010963       0xfd ./source/accelerometer.o
 .debug_macro   0x00010a60       0x10 ./source/accelerometer.o
 .debug_macro   0x00010a70       0x58 ./source/accelerometer.o
 .debug_macro   0x00010ac8       0x1f ./source/accelerometer.o
 .debug_macro   0x00010ae7       0x43 ./source/accelerometer.o
 .debug_macro   0x00010b2a       0x20 ./source/accelerometer.o
 .debug_macro   0x00010b4a      0x18e ./source/accelerometer.o
 .debug_macro   0x00010cd8       0x10 ./source/accelerometer.o
 .debug_macro   0x00010ce8       0x6a ./source/accelerometer.o
 .debug_macro   0x00010d52       0x1c ./source/accelerometer.o
 .debug_macro   0x00010d6e       0x52 ./source/accelerometer.o
 .debug_macro   0x00010dc0       0x40 ./source/accelerometer.o
 .debug_macro   0x00010e00       0x10 ./source/accelerometer.o
 .debug_macro   0x00010e10       0x40 ./source/accelerometer.o
 .debug_macro   0x00010e50       0xd7 ./source/accelerometer.o
 .debug_macro   0x00010f27       0x1c ./source/accelerometer.o
 .debug_macro   0x00010f43       0x3d ./source/accelerometer.o
 .debug_macro   0x00010f80       0x16 ./source/accelerometer.o
 .debug_macro   0x00010f96      0x16f ./source/accelerometer.o
 .debug_macro   0x00011105      0x1aa ./source/i2c.o
 .debug_macro   0x000112af       0x22 ./source/i2c.o
 .debug_macro   0x000112d1       0x10 ./source/i2c.o
 .debug_macro   0x000112e1     0x122b ./source/i2c.o
 .debug_macro   0x0001250c       0x16 ./source/i2c.o
 .debug_macro   0x00012522       0x16 ./source/i2c.o
 .debug_macro   0x00012538      0x10e ./source/i2c.o
 .debug_macro   0x00012646       0x8d ./source/i2c.o
 .debug_macro   0x000126d3      0x32a ./source/i2c.o
 .debug_macro   0x000129fd       0x16 ./source/i2c.o
 .debug_macro   0x00012a13       0x29 ./source/i2c.o
 .debug_macro   0x00012a3c       0x86 ./source/pinsHandler.o
 .debug_macro   0x00012ac2       0xdd ./source/uart.o
 .debug_macro   0x00012b9f       0x9c ./SDK/startup/hardware.o
 .debug_macro   0x00012c3b       0x9c ./SDK/startup/main.o
 .debug_macro   0x00012cd7       0x11 ./SDK/startup/semihost_hardfault.o
 .debug_macro   0x00012ce8       0x29 ./SDK/startup/startup_mk64f12.o
 .debug_macro   0x00012d11       0x80 ./SDK/CMSIS/system_MK64F12.o

.debug_line     0x00000000     0x1d18
 .debug_line    0x00000000       0xea ./source/App.o
 .debug_line    0x000000ea      0x178 ./source/SysTick.o
 .debug_line    0x00000262      0x392 ./source/accelerometer.o
 .debug_line    0x000005f4      0x59c ./source/i2c.o
 .debug_line    0x00000b90      0x1b5 ./source/pinsHandler.o
 .debug_line    0x00000d45      0x392 ./source/uart.o
 .debug_line    0x000010d7      0x1d4 ./SDK/startup/hardware.o
 .debug_line    0x000012ab      0x175 ./SDK/startup/main.o
 .debug_line    0x00001420       0x59 ./SDK/startup/semihost_hardfault.o
 .debug_line    0x00001479      0x6d8 ./SDK/startup/startup_mk64f12.o
 .debug_line    0x00001b51      0x1c7 ./SDK/CMSIS/system_MK64F12.o

.debug_str      0x00000000    0x7cef9
 .debug_str     0x00000000     0x370f ./source/App.o
                               0x387a (size before relaxing)
 .debug_str     0x0000370f    0x6d4b3 ./source/SysTick.o
                              0x70dac (size before relaxing)
 .debug_str     0x00070bc2     0x457e ./source/accelerometer.o
                               0x81ac (size before relaxing)
 .debug_str     0x00075140     0x7051 ./source/i2c.o
                              0x7ae0a (size before relaxing)
 .debug_str     0x0007c191       0xb4 ./source/pinsHandler.o
                              0x70608 (size before relaxing)
 .debug_str     0x0007c245      0x389 ./source/uart.o
                              0x77a30 (size before relaxing)
 .debug_str     0x0007c5ce      0x16f ./SDK/startup/hardware.o
                              0x771f5 (size before relaxing)
 .debug_str     0x0007c73d       0x1b ./SDK/startup/main.o
                              0x76fc9 (size before relaxing)
 .debug_str     0x0007c758       0x36 ./SDK/startup/semihost_hardfault.o
                               0x2d2f (size before relaxing)
 .debug_str     0x0007c78e      0x709 ./SDK/startup/startup_mk64f12.o
                               0x359d (size before relaxing)
 .debug_str     0x0007ce97       0x62 ./SDK/CMSIS/system_MK64F12.o
                              0x77104 (size before relaxing)

.comment        0x00000000       0x7e
 .comment       0x00000000       0x7e ./source/App.o
                                 0x7f (size before relaxing)
 .comment       0x0000007e       0x7f ./source/SysTick.o
 .comment       0x0000007e       0x7f ./source/accelerometer.o
 .comment       0x0000007e       0x7f ./source/i2c.o
 .comment       0x0000007e       0x7f ./source/pinsHandler.o
 .comment       0x0000007e       0x7f ./source/uart.o
 .comment       0x0000007e       0x7f ./SDK/startup/hardware.o
 .comment       0x0000007e       0x7f ./SDK/startup/main.o
 .comment       0x0000007e       0x7f ./SDK/startup/semihost_hardfault.o
 .comment       0x0000007e       0x7f ./SDK/startup/startup_mk64f12.o
 .comment       0x0000007e       0x7f ./SDK/CMSIS/system_MK64F12.o

.ARM.attributes
                0x00000000       0x39
 .ARM.attributes
                0x00000000       0x39 ./source/App.o
 .ARM.attributes
                0x00000039       0x39 ./source/SysTick.o
 .ARM.attributes
                0x00000072       0x39 ./source/accelerometer.o
 .ARM.attributes
                0x000000ab       0x39 ./source/i2c.o
 .ARM.attributes
                0x000000e4       0x39 ./source/pinsHandler.o
 .ARM.attributes
                0x0000011d       0x39 ./source/uart.o
 .ARM.attributes
                0x00000156       0x39 ./SDK/startup/hardware.o
 .ARM.attributes
                0x0000018f       0x39 ./SDK/startup/main.o
 .ARM.attributes
                0x000001c8       0x39 ./SDK/startup/semihost_hardfault.o
 .ARM.attributes
                0x00000201       0x39 ./SDK/startup/startup_mk64f12.o
 .ARM.attributes
                0x0000023a       0x39 ./SDK/CMSIS/system_MK64F12.o

.debug_frame    0x00000000     0x13c4
 .debug_frame   0x00000000       0x48 ./source/App.o
 .debug_frame   0x00000048       0x78 ./source/SysTick.o
 .debug_frame   0x000000c0       0xcc ./source/accelerometer.o
 .debug_frame   0x0000018c      0x3b8 ./source/i2c.o
 .debug_frame   0x00000544      0x128 ./source/pinsHandler.o
 .debug_frame   0x0000066c      0x324 ./source/uart.o
 .debug_frame   0x00000990       0x70 ./SDK/startup/hardware.o
 .debug_frame   0x00000a00       0x2c ./SDK/startup/main.o
 .debug_frame   0x00000a2c       0x20 ./SDK/startup/semihost_hardfault.o
 .debug_frame   0x00000a4c      0x904 ./SDK/startup/startup_mk64f12.o
 .debug_frame   0x00001350       0x74 ./SDK/CMSIS/system_MK64F12.o
