
Discarded input sections

 .group         0x00000000        0xc ./source/App.o
 .group         0x00000000        0xc ./source/App.o
 .text          0x00000000        0x0 ./source/App.o
 .data          0x00000000        0x0 ./source/App.o
 .bss           0x00000000        0x0 ./source/App.o
 .group         0x00000000        0xc ./source/FXOS8700CQ.o
 .group         0x00000000        0xc ./source/FXOS8700CQ.o
 .group         0x00000000        0xc ./source/FXOS8700CQ.o
 .group         0x00000000        0xc ./source/FXOS8700CQ.o
 .group         0x00000000        0xc ./source/FXOS8700CQ.o
 .group         0x00000000        0xc ./source/FXOS8700CQ.o
 .group         0x00000000        0xc ./source/FXOS8700CQ.o
 .group         0x00000000        0xc ./source/FXOS8700CQ.o
 .group         0x00000000        0xc ./source/FXOS8700CQ.o
 .group         0x00000000        0xc ./source/FXOS8700CQ.o
 .group         0x00000000        0xc ./source/FXOS8700CQ.o
 .group         0x00000000        0xc ./source/FXOS8700CQ.o
 .group         0x00000000        0xc ./source/FXOS8700CQ.o
 .group         0x00000000        0xc ./source/FXOS8700CQ.o
 .group         0x00000000        0xc ./source/FXOS8700CQ.o
 .group         0x00000000        0xc ./source/FXOS8700CQ.o
 .group         0x00000000        0xc ./source/FXOS8700CQ.o
 .group         0x00000000        0xc ./source/FXOS8700CQ.o
 .group         0x00000000        0xc ./source/FXOS8700CQ.o
 .group         0x00000000        0xc ./source/FXOS8700CQ.o
 .group         0x00000000        0xc ./source/FXOS8700CQ.o
 .group         0x00000000        0xc ./source/FXOS8700CQ.o
 .group         0x00000000        0xc ./source/FXOS8700CQ.o
 .group         0x00000000        0xc ./source/FXOS8700CQ.o
 .group         0x00000000        0xc ./source/FXOS8700CQ.o
 .group         0x00000000        0xc ./source/FXOS8700CQ.o
 .group         0x00000000        0xc ./source/FXOS8700CQ.o
 .group         0x00000000        0xc ./source/FXOS8700CQ.o
 .group         0x00000000        0xc ./source/FXOS8700CQ.o
 .group         0x00000000        0xc ./source/FXOS8700CQ.o
 .group         0x00000000        0xc ./source/FXOS8700CQ.o
 .group         0x00000000        0xc ./source/FXOS8700CQ.o
 .text          0x00000000        0x0 ./source/FXOS8700CQ.o
 .data          0x00000000        0x0 ./source/FXOS8700CQ.o
 .bss           0x00000000        0x0 ./source/FXOS8700CQ.o
 .debug_macro   0x00000000      0xa5a ./source/FXOS8700CQ.o
 .debug_macro   0x00000000       0x22 ./source/FXOS8700CQ.o
 .group         0x00000000        0xc ./source/SysTick.o
 .group         0x00000000        0xc ./source/SysTick.o
 .group         0x00000000        0xc ./source/SysTick.o
 .group         0x00000000        0xc ./source/SysTick.o
 .group         0x00000000        0xc ./source/SysTick.o
 .group         0x00000000        0xc ./source/SysTick.o
 .group         0x00000000        0xc ./source/SysTick.o
 .group         0x00000000        0xc ./source/SysTick.o
 .group         0x00000000        0xc ./source/SysTick.o
 .group         0x00000000        0xc ./source/SysTick.o
 .group         0x00000000        0xc ./source/SysTick.o
 .text          0x00000000        0x0 ./source/SysTick.o
 .data          0x00000000        0x0 ./source/SysTick.o
 .bss           0x00000000        0x0 ./source/SysTick.o
 .text.__NVIC_EnableIRQ
                0x00000000       0x3c ./source/SysTick.o
 .text.SysTick_Init
                0x00000000       0x50 ./source/SysTick.o
 .debug_macro   0x00000000      0xa5a ./source/SysTick.o
 .debug_macro   0x00000000       0x22 ./source/SysTick.o
 .debug_macro   0x00000000      0x34e ./source/SysTick.o
 .group         0x00000000        0xc ./source/accelerometer.o
 .group         0x00000000        0xc ./source/accelerometer.o
 .group         0x00000000        0xc ./source/accelerometer.o
 .text          0x00000000        0x0 ./source/accelerometer.o
 .data          0x00000000        0x0 ./source/accelerometer.o
 .bss           0x00000000        0x0 ./source/accelerometer.o
 .debug_macro   0x00000000      0xa5a ./source/accelerometer.o
 .debug_macro   0x00000000      0x34e ./source/accelerometer.o
 .debug_macro   0x00000000       0x22 ./source/accelerometer.o
 .group         0x00000000        0xc ./source/i2c.o
 .group         0x00000000        0xc ./source/i2c.o
 .group         0x00000000        0xc ./source/i2c.o
 .group         0x00000000        0xc ./source/i2c.o
 .group         0x00000000        0xc ./source/i2c.o
 .group         0x00000000        0xc ./source/i2c.o
 .group         0x00000000        0xc ./source/i2c.o
 .group         0x00000000        0xc ./source/i2c.o
 .group         0x00000000        0xc ./source/i2c.o
 .group         0x00000000        0xc ./source/i2c.o
 .group         0x00000000        0xc ./source/i2c.o
 .group         0x00000000        0xc ./source/i2c.o
 .group         0x00000000        0xc ./source/i2c.o
 .group         0x00000000        0xc ./source/i2c.o
 .group         0x00000000        0xc ./source/i2c.o
 .group         0x00000000        0xc ./source/i2c.o
 .group         0x00000000        0xc ./source/i2c.o
 .group         0x00000000        0xc ./source/i2c.o
 .group         0x00000000        0xc ./source/i2c.o
 .group         0x00000000        0xc ./source/i2c.o
 .group         0x00000000        0xc ./source/i2c.o
 .group         0x00000000        0xc ./source/i2c.o
 .group         0x00000000        0xc ./source/i2c.o
 .group         0x00000000        0xc ./source/i2c.o
 .group         0x00000000        0xc ./source/i2c.o
 .group         0x00000000        0xc ./source/i2c.o
 .group         0x00000000        0xc ./source/i2c.o
 .group         0x00000000        0xc ./source/i2c.o
 .group         0x00000000        0xc ./source/i2c.o
 .group         0x00000000        0xc ./source/i2c.o
 .group         0x00000000        0xc ./source/i2c.o
 .group         0x00000000        0xc ./source/i2c.o
 .text          0x00000000        0x0 ./source/i2c.o
 .data          0x00000000        0x0 ./source/i2c.o
 .bss           0x00000000        0x0 ./source/i2c.o
 .text.__NVIC_EnableIRQ
                0x00000000       0x3c ./source/i2c.o
 .data.i2cSCLpins
                0x00000000        0x3 ./source/i2c.o
 .data.i2cSDApins
                0x00000000        0x3 ./source/i2c.o
 .data.i2cIRQs  0x00000000        0x3 ./source/i2c.o
 .bss.init      0x00000000        0x1 ./source/i2c.o
 .text.sendStart
                0x00000000       0x30 ./source/i2c.o
 .text.getInterruptFlag
                0x00000000       0x20 ./source/i2c.o
 .text.setModeTX
                0x00000000       0x28 ./source/i2c.o
 .text.isBusBusy
                0x00000000       0x20 ./source/i2c.o
 .rodata        0x00000000       0x20 ./source/i2c.o
 .text.i2cInit  0x00000000       0xb4 ./source/i2c.o
 .text.i2cWriteReg
                0x00000000       0x5c ./source/i2c.o
 .text.i2cReadReg
                0x00000000       0x5c ./source/i2c.o
 .text.setBaudRate
                0x00000000       0x1c ./source/i2c.o
 .text.configurePins
                0x00000000      0x130 ./source/i2c.o
 .text.clockGating
                0x00000000       0xc8 ./source/i2c.o
 .debug_macro   0x00000000      0xa5a ./source/i2c.o
 .debug_macro   0x00000000      0x34e ./source/i2c.o
 .debug_macro   0x00000000       0x22 ./source/i2c.o
 .debug_macro   0x00000000       0x5c ./source/i2c.o
 .debug_macro   0x00000000       0x1c ./source/i2c.o
 .debug_macro   0x00000000       0x22 ./source/i2c.o
 .debug_macro   0x00000000       0xdf ./source/i2c.o
 .debug_macro   0x00000000      0xecf ./source/i2c.o
 .debug_macro   0x00000000       0x48 ./source/i2c.o
 .debug_macro   0x00000000     0xe07b ./source/i2c.o
 .debug_macro   0x00000000       0x17 ./source/i2c.o
 .debug_macro   0x00000000       0x22 ./source/i2c.o
 .debug_macro   0x00000000       0x52 ./source/i2c.o
 .debug_macro   0x00000000       0x8d ./source/i2c.o
 .debug_macro   0x00000000       0x35 ./source/i2c.o
 .debug_macro   0x00000000       0x9c ./source/i2c.o
 .debug_macro   0x00000000       0x57 ./source/i2c.o
 .debug_macro   0x00000000       0x58 ./source/i2c.o
 .debug_macro   0x00000000       0x1f ./source/i2c.o
 .debug_macro   0x00000000       0x43 ./source/i2c.o
 .debug_macro   0x00000000       0x20 ./source/i2c.o
 .debug_macro   0x00000000      0x18e ./source/i2c.o
 .group         0x00000000        0xc ./source/marc.o
 .group         0x00000000        0xc ./source/marc.o
 .group         0x00000000        0xc ./source/marc.o
 .group         0x00000000        0xc ./source/marc.o
 .group         0x00000000        0xc ./source/marc.o
 .group         0x00000000        0xc ./source/marc.o
 .group         0x00000000        0xc ./source/marc.o
 .group         0x00000000        0xc ./source/marc.o
 .group         0x00000000        0xc ./source/marc.o
 .group         0x00000000        0xc ./source/marc.o
 .group         0x00000000        0xc ./source/marc.o
 .group         0x00000000        0xc ./source/marc.o
 .group         0x00000000        0xc ./source/marc.o
 .group         0x00000000        0xc ./source/marc.o
 .group         0x00000000        0xc ./source/marc.o
 .group         0x00000000        0xc ./source/marc.o
 .group         0x00000000        0xc ./source/marc.o
 .group         0x00000000        0xc ./source/marc.o
 .group         0x00000000        0xc ./source/marc.o
 .group         0x00000000        0xc ./source/marc.o
 .group         0x00000000        0xc ./source/marc.o
 .group         0x00000000        0xc ./source/marc.o
 .group         0x00000000        0xc ./source/marc.o
 .group         0x00000000        0xc ./source/marc.o
 .group         0x00000000        0xc ./source/marc.o
 .group         0x00000000        0xc ./source/marc.o
 .group         0x00000000        0xc ./source/marc.o
 .group         0x00000000        0xc ./source/marc.o
 .group         0x00000000        0xc ./source/marc.o
 .group         0x00000000        0xc ./source/marc.o
 .group         0x00000000        0xc ./source/marc.o
 .group         0x00000000        0xc ./source/marc.o
 .text          0x00000000        0x0 ./source/marc.o
 .data          0x00000000        0x0 ./source/marc.o
 .bss           0x00000000        0x0 ./source/marc.o
 .debug_macro   0x00000000      0xa5a ./source/marc.o
 .debug_macro   0x00000000      0x34e ./source/marc.o
 .debug_macro   0x00000000       0x22 ./source/marc.o
 .debug_macro   0x00000000       0x5c ./source/marc.o
 .debug_macro   0x00000000       0x1c ./source/marc.o
 .debug_macro   0x00000000       0x22 ./source/marc.o
 .debug_macro   0x00000000       0xdf ./source/marc.o
 .debug_macro   0x00000000      0xecf ./source/marc.o
 .debug_macro   0x00000000       0x48 ./source/marc.o
 .debug_macro   0x00000000     0xe07b ./source/marc.o
 .debug_macro   0x00000000       0x22 ./source/marc.o
 .debug_macro   0x00000000       0x10 ./source/marc.o
 .debug_macro   0x00000000     0x122b ./source/marc.o
 .debug_macro   0x00000000       0x16 ./source/marc.o
 .debug_macro   0x00000000       0x17 ./source/marc.o
 .debug_macro   0x00000000       0x22 ./source/marc.o
 .debug_macro   0x00000000       0x52 ./source/marc.o
 .debug_macro   0x00000000       0x8d ./source/marc.o
 .debug_macro   0x00000000       0x35 ./source/marc.o
 .debug_macro   0x00000000       0x9c ./source/marc.o
 .debug_macro   0x00000000       0x16 ./source/marc.o
 .debug_macro   0x00000000      0x10e ./source/marc.o
 .debug_macro   0x00000000       0x8d ./source/marc.o
 .debug_macro   0x00000000       0x57 ./source/marc.o
 .debug_macro   0x00000000       0x58 ./source/marc.o
 .debug_macro   0x00000000       0x1f ./source/marc.o
 .debug_macro   0x00000000       0x43 ./source/marc.o
 .debug_macro   0x00000000       0x20 ./source/marc.o
 .debug_macro   0x00000000      0x18e ./source/marc.o
 .debug_macro   0x00000000      0x32a ./source/marc.o
 .debug_macro   0x00000000       0x16 ./source/marc.o
 .debug_macro   0x00000000       0x29 ./source/marc.o
 .group         0x00000000        0xc ./source/pinsHandler.o
 .group         0x00000000        0xc ./source/pinsHandler.o
 .group         0x00000000        0xc ./source/pinsHandler.o
 .group         0x00000000        0xc ./source/pinsHandler.o
 .group         0x00000000        0xc ./source/pinsHandler.o
 .group         0x00000000        0xc ./source/pinsHandler.o
 .group         0x00000000        0xc ./source/pinsHandler.o
 .group         0x00000000        0xc ./source/pinsHandler.o
 .group         0x00000000        0xc ./source/pinsHandler.o
 .group         0x00000000        0xc ./source/pinsHandler.o
 .group         0x00000000        0xc ./source/pinsHandler.o
 .text          0x00000000        0x0 ./source/pinsHandler.o
 .data          0x00000000        0x0 ./source/pinsHandler.o
 .bss           0x00000000        0x0 ./source/pinsHandler.o
 .text.isPinValid
                0x00000000       0x26 ./source/pinsHandler.o
 .text.setPCRmux
                0x00000000       0x46 ./source/pinsHandler.o
 .text.setPCRpullEnable
                0x00000000       0x30 ./source/pinsHandler.o
 .text.setPCRpullUp
                0x00000000       0x30 ./source/pinsHandler.o
 .text.setPCRpullDown
                0x00000000       0x32 ./source/pinsHandler.o
 .text.setPCRopenDrainEnable
                0x00000000       0x2c ./source/pinsHandler.o
 .text.setPCRirqc
                0x00000000       0x46 ./source/pinsHandler.o
 .debug_info    0x00000000      0x375 ./source/pinsHandler.o
 .debug_abbrev  0x00000000      0x142 ./source/pinsHandler.o
 .debug_aranges
                0x00000000       0x50 ./source/pinsHandler.o
 .debug_ranges  0x00000000       0x40 ./source/pinsHandler.o
 .debug_macro   0x00000000       0x86 ./source/pinsHandler.o
 .debug_macro   0x00000000      0xa5a ./source/pinsHandler.o
 .debug_macro   0x00000000       0x5c ./source/pinsHandler.o
 .debug_macro   0x00000000      0x34e ./source/pinsHandler.o
 .debug_macro   0x00000000       0x1c ./source/pinsHandler.o
 .debug_macro   0x00000000       0x22 ./source/pinsHandler.o
 .debug_macro   0x00000000       0xdf ./source/pinsHandler.o
 .debug_macro   0x00000000      0xecf ./source/pinsHandler.o
 .debug_macro   0x00000000       0x48 ./source/pinsHandler.o
 .debug_macro   0x00000000     0xe07b ./source/pinsHandler.o
 .debug_macro   0x00000000       0x22 ./source/pinsHandler.o
 .debug_macro   0x00000000       0x22 ./source/pinsHandler.o
 .debug_line    0x00000000      0x1b5 ./source/pinsHandler.o
 .debug_str     0x00000000    0x70634 ./source/pinsHandler.o
 .comment       0x00000000       0x7f ./source/pinsHandler.o
 .debug_frame   0x00000000      0x128 ./source/pinsHandler.o
 .ARM.attributes
                0x00000000       0x39 ./source/pinsHandler.o
 .group         0x00000000        0xc ./source/spi.o
 .group         0x00000000        0xc ./source/spi.o
 .group         0x00000000        0xc ./source/spi.o
 .group         0x00000000        0xc ./source/spi.o
 .group         0x00000000        0xc ./source/spi.o
 .group         0x00000000        0xc ./source/spi.o
 .group         0x00000000        0xc ./source/spi.o
 .group         0x00000000        0xc ./source/spi.o
 .group         0x00000000        0xc ./source/spi.o
 .group         0x00000000        0xc ./source/spi.o
 .group         0x00000000        0xc ./source/spi.o
 .group         0x00000000        0xc ./source/spi.o
 .text          0x00000000        0x0 ./source/spi.o
 .data          0x00000000        0x0 ./source/spi.o
 .bss           0x00000000        0x0 ./source/spi.o
 .debug_info    0x00000000       0x9a ./source/spi.o
 .debug_abbrev  0x00000000       0x5f ./source/spi.o
 .debug_aranges
                0x00000000       0x18 ./source/spi.o
 .debug_macro   0x00000000       0x8f ./source/spi.o
 .debug_macro   0x00000000      0xa5a ./source/spi.o
 .debug_macro   0x00000000       0x10 ./source/spi.o
 .debug_macro   0x00000000      0x34e ./source/spi.o
 .debug_macro   0x00000000       0x5c ./source/spi.o
 .debug_macro   0x00000000       0x1c ./source/spi.o
 .debug_macro   0x00000000       0x22 ./source/spi.o
 .debug_macro   0x00000000       0xdf ./source/spi.o
 .debug_macro   0x00000000      0xecf ./source/spi.o
 .debug_macro   0x00000000       0x48 ./source/spi.o
 .debug_macro   0x00000000     0xe07b ./source/spi.o
 .debug_macro   0x00000000       0x22 ./source/spi.o
 .debug_macro   0x00000000       0x22 ./source/spi.o
 .debug_line    0x00000000      0x133 ./source/spi.o
 .debug_str     0x00000000    0x70558 ./source/spi.o
 .comment       0x00000000       0x7f ./source/spi.o
 .ARM.attributes
                0x00000000       0x39 ./source/spi.o
 .group         0x00000000        0xc ./source/uart.o
 .group         0x00000000        0xc ./source/uart.o
 .group         0x00000000        0xc ./source/uart.o
 .group         0x00000000        0xc ./source/uart.o
 .group         0x00000000        0xc ./source/uart.o
 .group         0x00000000        0xc ./source/uart.o
 .group         0x00000000        0xc ./source/uart.o
 .group         0x00000000        0xc ./source/uart.o
 .group         0x00000000        0xc ./source/uart.o
 .group         0x00000000        0xc ./source/uart.o
 .group         0x00000000        0xc ./source/uart.o
 .group         0x00000000        0xc ./source/uart.o
 .group         0x00000000        0xc ./source/uart.o
 .group         0x00000000        0xc ./source/uart.o
 .text          0x00000000        0x0 ./source/uart.o
 .data          0x00000000        0x0 ./source/uart.o
 .bss           0x00000000        0x0 ./source/uart.o
 .text.__NVIC_EnableIRQ
                0x00000000       0x3c ./source/uart.o
 .data.uartRXpins
                0x00000000        0x5 ./source/uart.o
 .data.uartTXpins
                0x00000000        0x5 ./source/uart.o
 .data.uartIRQs_TX_RX
                0x00000000        0x6 ./source/uart.o
 .data.uartIRQs_ERR
                0x00000000        0x6 ./source/uart.o
 .data.uartIRQS_LON
                0x00000000        0x6 ./source/uart.o
 .rodata        0x00000000       0x2c ./source/uart.o
 .text.uartInit
                0x00000000      0x174 ./source/uart.o
 .text.uartIsRxMsg
                0x00000000       0x18 ./source/uart.o
 .text.uartGetRxMsgLength
                0x00000000       0x18 ./source/uart.o
 .text.uartReadMsg
                0x00000000       0x1e ./source/uart.o
 .text.uartWriteMsg
                0x00000000       0x1e ./source/uart.o
 .text.uartIsTxMsgComplete
                0x00000000       0x18 ./source/uart.o
 .text.UART_setBaudRate
                0x00000000       0xb0 ./source/uart.o
 .text.UART_clockGating
                0x00000000       0xc4 ./source/uart.o
 .debug_macro   0x00000000      0xa5a ./source/uart.o
 .debug_macro   0x00000000      0x34e ./source/uart.o
 .debug_macro   0x00000000       0x5c ./source/uart.o
 .debug_macro   0x00000000       0x1c ./source/uart.o
 .debug_macro   0x00000000       0x22 ./source/uart.o
 .debug_macro   0x00000000       0xdf ./source/uart.o
 .debug_macro   0x00000000      0xecf ./source/uart.o
 .debug_macro   0x00000000       0x48 ./source/uart.o
 .debug_macro   0x00000000     0xe07b ./source/uart.o
 .debug_macro   0x00000000       0x22 ./source/uart.o
 .debug_macro   0x00000000       0x22 ./source/uart.o
 .debug_macro   0x00000000       0x10 ./source/uart.o
 .debug_macro   0x00000000     0x122b ./source/uart.o
 .debug_macro   0x00000000       0x16 ./source/uart.o
 .group         0x00000000        0xc ./SDK/startup/hardware.o
 .group         0x00000000        0xc ./SDK/startup/hardware.o
 .group         0x00000000        0xc ./SDK/startup/hardware.o
 .group         0x00000000        0xc ./SDK/startup/hardware.o
 .group         0x00000000        0xc ./SDK/startup/hardware.o
 .group         0x00000000        0xc ./SDK/startup/hardware.o
 .group         0x00000000        0xc ./SDK/startup/hardware.o
 .group         0x00000000        0xc ./SDK/startup/hardware.o
 .group         0x00000000        0xc ./SDK/startup/hardware.o
 .group         0x00000000        0xc ./SDK/startup/hardware.o
 .group         0x00000000        0xc ./SDK/startup/hardware.o
 .group         0x00000000        0xc ./SDK/startup/hardware.o
 .group         0x00000000        0xc ./SDK/startup/hardware.o
 .text          0x00000000        0x0 ./SDK/startup/hardware.o
 .data          0x00000000        0x0 ./SDK/startup/hardware.o
 .bss           0x00000000        0x0 ./SDK/startup/hardware.o
 .text.hw_DisableInterrupts
                0x00000000       0x20 ./SDK/startup/hardware.o
 .debug_macro   0x00000000      0xa5a ./SDK/startup/hardware.o
 .debug_macro   0x00000000      0x34e ./SDK/startup/hardware.o
 .debug_macro   0x00000000       0x22 ./SDK/startup/hardware.o
 .debug_macro   0x00000000       0x10 ./SDK/startup/hardware.o
 .debug_macro   0x00000000       0x5c ./SDK/startup/hardware.o
 .debug_macro   0x00000000       0x1c ./SDK/startup/hardware.o
 .debug_macro   0x00000000       0x22 ./SDK/startup/hardware.o
 .debug_macro   0x00000000       0xdf ./SDK/startup/hardware.o
 .debug_macro   0x00000000      0xecf ./SDK/startup/hardware.o
 .debug_macro   0x00000000       0x48 ./SDK/startup/hardware.o
 .debug_macro   0x00000000     0xe07b ./SDK/startup/hardware.o
 .debug_macro   0x00000000     0x122b ./SDK/startup/hardware.o
 .debug_macro   0x00000000       0x16 ./SDK/startup/hardware.o
 .group         0x00000000        0xc ./SDK/startup/main.o
 .group         0x00000000        0xc ./SDK/startup/main.o
 .group         0x00000000        0xc ./SDK/startup/main.o
 .group         0x00000000        0xc ./SDK/startup/main.o
 .group         0x00000000        0xc ./SDK/startup/main.o
 .group         0x00000000        0xc ./SDK/startup/main.o
 .group         0x00000000        0xc ./SDK/startup/main.o
 .group         0x00000000        0xc ./SDK/startup/main.o
 .group         0x00000000        0xc ./SDK/startup/main.o
 .group         0x00000000        0xc ./SDK/startup/main.o
 .group         0x00000000        0xc ./SDK/startup/main.o
 .group         0x00000000        0xc ./SDK/startup/main.o
 .group         0x00000000        0xc ./SDK/startup/main.o
 .text          0x00000000        0x0 ./SDK/startup/main.o
 .data          0x00000000        0x0 ./SDK/startup/main.o
 .bss           0x00000000        0x0 ./SDK/startup/main.o
 .debug_macro   0x00000000      0xa5a ./SDK/startup/main.o
 .debug_macro   0x00000000      0x34e ./SDK/startup/main.o
 .debug_macro   0x00000000       0x22 ./SDK/startup/main.o
 .debug_macro   0x00000000       0x10 ./SDK/startup/main.o
 .debug_macro   0x00000000       0x5c ./SDK/startup/main.o
 .debug_macro   0x00000000       0x1c ./SDK/startup/main.o
 .debug_macro   0x00000000       0x22 ./SDK/startup/main.o
 .debug_macro   0x00000000       0xdf ./SDK/startup/main.o
 .debug_macro   0x00000000      0xecf ./SDK/startup/main.o
 .debug_macro   0x00000000       0x48 ./SDK/startup/main.o
 .debug_macro   0x00000000     0xe07b ./SDK/startup/main.o
 .debug_macro   0x00000000     0x122b ./SDK/startup/main.o
 .debug_macro   0x00000000       0x16 ./SDK/startup/main.o
 .group         0x00000000        0xc ./SDK/startup/semihost_hardfault.o
 .text          0x00000000        0x0 ./SDK/startup/semihost_hardfault.o
 .data          0x00000000        0x0 ./SDK/startup/semihost_hardfault.o
 .bss           0x00000000        0x0 ./SDK/startup/semihost_hardfault.o
 .debug_macro   0x00000000      0xa5a ./SDK/startup/semihost_hardfault.o
 .group         0x00000000        0xc ./SDK/startup/startup_mk64f12.o
 .text          0x00000000        0x0 ./SDK/startup/startup_mk64f12.o
 .data          0x00000000        0x0 ./SDK/startup/startup_mk64f12.o
 .bss           0x00000000        0x0 ./SDK/startup/startup_mk64f12.o
 .text.I2C0_IRQHandler
                0x00000000        0x8 ./SDK/startup/startup_mk64f12.o
 .text.I2C1_IRQHandler
                0x00000000        0x8 ./SDK/startup/startup_mk64f12.o
 .text.UART0_LON_IRQHandler
                0x00000000        0x8 ./SDK/startup/startup_mk64f12.o
 .text.UART0_RX_TX_IRQHandler
                0x00000000        0x8 ./SDK/startup/startup_mk64f12.o
 .text.UART0_ERR_IRQHandler
                0x00000000        0x8 ./SDK/startup/startup_mk64f12.o
 .text.UART1_RX_TX_IRQHandler
                0x00000000        0x8 ./SDK/startup/startup_mk64f12.o
 .text.UART1_ERR_IRQHandler
                0x00000000        0x8 ./SDK/startup/startup_mk64f12.o
 .text.UART2_RX_TX_IRQHandler
                0x00000000        0x8 ./SDK/startup/startup_mk64f12.o
 .text.UART2_ERR_IRQHandler
                0x00000000        0x8 ./SDK/startup/startup_mk64f12.o
 .text.UART3_RX_TX_IRQHandler
                0x00000000        0x8 ./SDK/startup/startup_mk64f12.o
 .text.UART3_ERR_IRQHandler
                0x00000000        0x8 ./SDK/startup/startup_mk64f12.o
 .text.UART4_RX_TX_IRQHandler
                0x00000000        0x8 ./SDK/startup/startup_mk64f12.o
 .text.UART4_ERR_IRQHandler
                0x00000000        0x8 ./SDK/startup/startup_mk64f12.o
 .text.I2C2_IRQHandler
                0x00000000        0x8 ./SDK/startup/startup_mk64f12.o
 .debug_macro   0x00000000      0xa5a ./SDK/startup/startup_mk64f12.o
 .group         0x00000000        0xc ./SDK/CMSIS/system_MK64F12.o
 .group         0x00000000        0xc ./SDK/CMSIS/system_MK64F12.o
 .group         0x00000000        0xc ./SDK/CMSIS/system_MK64F12.o
 .group         0x00000000        0xc ./SDK/CMSIS/system_MK64F12.o
 .group         0x00000000        0xc ./SDK/CMSIS/system_MK64F12.o
 .group         0x00000000        0xc ./SDK/CMSIS/system_MK64F12.o
 .group         0x00000000        0xc ./SDK/CMSIS/system_MK64F12.o
 .group         0x00000000        0xc ./SDK/CMSIS/system_MK64F12.o
 .group         0x00000000        0xc ./SDK/CMSIS/system_MK64F12.o
 .group         0x00000000        0xc ./SDK/CMSIS/system_MK64F12.o
 .group         0x00000000        0xc ./SDK/CMSIS/system_MK64F12.o
 .text          0x00000000        0x0 ./SDK/CMSIS/system_MK64F12.o
 .data          0x00000000        0x0 ./SDK/CMSIS/system_MK64F12.o
 .bss           0x00000000        0x0 ./SDK/CMSIS/system_MK64F12.o
 .data.SystemCoreClock
                0x00000000        0x4 ./SDK/CMSIS/system_MK64F12.o
 .text.SystemCoreClockUpdate
                0x00000000      0x278 ./SDK/CMSIS/system_MK64F12.o
 .debug_macro   0x00000000      0xa5a ./SDK/CMSIS/system_MK64F12.o
 .debug_macro   0x00000000      0x34e ./SDK/CMSIS/system_MK64F12.o
 .debug_macro   0x00000000       0x10 ./SDK/CMSIS/system_MK64F12.o
 .debug_macro   0x00000000       0x5c ./SDK/CMSIS/system_MK64F12.o
 .debug_macro   0x00000000       0x1c ./SDK/CMSIS/system_MK64F12.o
 .debug_macro   0x00000000       0x22 ./SDK/CMSIS/system_MK64F12.o
 .debug_macro   0x00000000       0xdf ./SDK/CMSIS/system_MK64F12.o
 .debug_macro   0x00000000      0xecf ./SDK/CMSIS/system_MK64F12.o
 .debug_macro   0x00000000       0x48 ./SDK/CMSIS/system_MK64F12.o
 .debug_macro   0x00000000     0xe07b ./SDK/CMSIS/system_MK64F12.o
 .debug_macro   0x00000000     0x122b ./SDK/CMSIS/system_MK64F12.o

Memory Configuration

Name             Origin             Length             Attributes
PROGRAM_FLASH    0x00000000         0x00100000         xr
SRAM_UPPER       0x20000000         0x00030000         xrw
SRAM_LOWER       0x1fff0000         0x00010000         xrw
FLEX_RAM         0x14000000         0x00001000         xrw
*default*        0x00000000         0xffffffff

Linker script and memory map

LOAD ./source/App.o
LOAD ./source/FXOS8700CQ.o
LOAD ./source/SysTick.o
LOAD ./source/accelerometer.o
LOAD ./source/i2c.o
LOAD ./source/marc.o
LOAD ./source/pinsHandler.o
LOAD ./source/spi.o
LOAD ./source/uart.o
LOAD ./SDK/startup/hardware.o
LOAD ./SDK/startup/main.o
LOAD ./SDK/startup/semihost_hardfault.o
LOAD ./SDK/startup/startup_mk64f12.o
LOAD ./SDK/CMSIS/system_MK64F12.o
START GROUP
LOAD c:/nxp/mcuxpressoide_10.2.0_759/ide/tools/bin/../lib/gcc/arm-none-eabi/7.2.1/../../../../arm-none-eabi/lib/thumb/v7e-m/fpv4-sp/hard\libcr_c.a
LOAD c:/nxp/mcuxpressoide_10.2.0_759/ide/tools/bin/../lib/gcc/arm-none-eabi/7.2.1/thumb/v7e-m/fpv4-sp/hard\libcr_eabihelpers.a
END GROUP
                0x00000000                __base_PROGRAM_FLASH = 0x0
                0x00000000                __base_Flash = 0x0
                0x00100000                __top_PROGRAM_FLASH = 0x100000
                0x00100000                __top_Flash = 0x100000
                0x20000000                __base_SRAM_UPPER = 0x20000000
                0x20000000                __base_RAM = 0x20000000
                0x20030000                __top_SRAM_UPPER = 0x20030000
                0x20030000                __top_RAM = 0x20030000
                0x1fff0000                __base_SRAM_LOWER = 0x1fff0000
                0x1fff0000                __base_RAM2 = 0x1fff0000
                0x20000000                __top_SRAM_LOWER = 0x20000000
                0x20000000                __top_RAM2 = 0x20000000
                0x14000000                __base_FLEX_RAM = 0x14000000
                0x14000000                __base_RAM3 = 0x14000000
                0x14001000                __top_FLEX_RAM = 0x14001000
                0x14001000                __top_RAM3 = 0x14001000

.text           0x00000000     0x15e0
 FILL mask 0xff
                0x00000000                __vectors_start__ = ABSOLUTE (.)
 *(SORT_BY_ALIGNMENT(.isr_vector))
 .isr_vector    0x00000000      0x198 ./SDK/startup/startup_mk64f12.o
                0x00000000                g_pfnVectors
                0x00000000                __Vectors
                0x00000198                . = ALIGN (0x4)
                0x00000198                __section_table_start = .
                0x00000198                __data_section_table = .
                0x00000198        0x4 LONG 0x15e0 LOADADDR (.data)
                0x0000019c        0x4 LONG 0x20000000 ADDR (.data)
                0x000001a0        0x4 LONG 0x10 SIZEOF (.data)
                0x000001a4        0x4 LONG 0x15e0 LOADADDR (.data_RAM2)
                0x000001a8        0x4 LONG 0x1fff0000 ADDR (.data_RAM2)
                0x000001ac        0x4 LONG 0x0 SIZEOF (.data_RAM2)
                0x000001b0        0x4 LONG 0x15e0 LOADADDR (.data_RAM3)
                0x000001b4        0x4 LONG 0x14000000 ADDR (.data_RAM3)
                0x000001b8        0x4 LONG 0x0 SIZEOF (.data_RAM3)
                0x000001bc                __data_section_table_end = .
                0x000001bc                __bss_section_table = .
                0x000001bc        0x4 LONG 0x20000010 ADDR (.bss)
                0x000001c0        0x4 LONG 0x50 SIZEOF (.bss)
                0x000001c4        0x4 LONG 0x1fff0000 ADDR (.bss_RAM2)
                0x000001c8        0x4 LONG 0x0 SIZEOF (.bss_RAM2)
                0x000001cc        0x4 LONG 0x14000000 ADDR (.bss_RAM3)
                0x000001d0        0x4 LONG 0x0 SIZEOF (.bss_RAM3)
                0x000001d4                __bss_section_table_end = .
                0x000001d4                __section_table_end = .
 *(SORT_BY_ALIGNMENT(.after_vectors*))
 .after_vectors.reset
                0x000001d4       0x4c ./SDK/startup/startup_mk64f12.o
                0x000001d4                ResetISR
 .after_vectors.init_data
                0x00000220       0x1e ./SDK/startup/startup_mk64f12.o
                0x00000220                data_init
 .after_vectors.init_bss
                0x0000023e       0x12 ./SDK/startup/startup_mk64f12.o
                0x0000023e                bss_init
 .after_vectors
                0x00000250       0x14 ./SDK/startup/startup_mk64f12.o
                0x00000250                NMI_Handler
                0x00000254                MemManage_Handler
                0x00000256                BusFault_Handler
                0x00000258                UsageFault_Handler
                0x0000025a                SVC_Handler
                0x0000025c                DebugMon_Handler
                0x0000025e                PendSV_Handler
                0x00000262                DMA_Error_DriverIRQHandler
                0x00000262                LPTMR0_DriverIRQHandler
                0x00000262                FTM1_DriverIRQHandler
                0x00000262                FTM2_DriverIRQHandler
                0x00000262                PIT2_DriverIRQHandler
                0x00000262                SDHC_DriverIRQHandler
                0x00000262                I2S0_Tx_DriverIRQHandler
                0x00000262                RTC_Seconds_DriverIRQHandler
                0x00000262                DMA6_DriverIRQHandler
                0x00000262                LLWU_DriverIRQHandler
                0x00000262                MCM_DriverIRQHandler
                0x00000262                MCG_DriverIRQHandler
                0x00000262                ENET_1588_Timer_DriverIRQHandler
                0x00000262                I2C2_DriverIRQHandler
                0x00000262                DAC1_DriverIRQHandler
                0x00000262                SPI1_DriverIRQHandler
                0x00000262                CMP1_DriverIRQHandler
                0x00000262                UART5_RX_TX_DriverIRQHandler
                0x00000262                FTM0_DriverIRQHandler
                0x00000262                IntDefaultHandler
                0x00000262                USB0_DriverIRQHandler
                0x00000262                UART5_ERR_DriverIRQHandler
                0x00000262                PORTC_DriverIRQHandler
                0x00000262                DMA11_DriverIRQHandler
                0x00000262                DAC0_DriverIRQHandler
                0x00000262                DMA10_DriverIRQHandler
                0x00000262                CMP2_DriverIRQHandler
                0x00000262                UART2_ERR_DriverIRQHandler
                0x00000262                SPI2_DriverIRQHandler
                0x00000262                LVD_LVW_DriverIRQHandler
                0x00000262                PIT0_DriverIRQHandler
                0x00000262                RNG_DriverIRQHandler
                0x00000262                DMA5_DriverIRQHandler
                0x00000262                DMA12_DriverIRQHandler
                0x00000262                UART2_RX_TX_DriverIRQHandler
                0x00000262                USBDCD_DriverIRQHandler
                0x00000262                UART3_ERR_DriverIRQHandler
                0x00000262                DMA3_DriverIRQHandler
                0x00000262                DMA8_DriverIRQHandler
                0x00000262                DMA9_DriverIRQHandler
                0x00000262                UART0_ERR_DriverIRQHandler
                0x00000262                CMT_DriverIRQHandler
                0x00000262                Reserved71_DriverIRQHandler
                0x00000262                ADC1_DriverIRQHandler
                0x00000262                PORTA_DriverIRQHandler
                0x00000262                DMA14_DriverIRQHandler
                0x00000262                PIT3_DriverIRQHandler
                0x00000262                PIT1_DriverIRQHandler
                0x00000262                WDOG_EWM_DriverIRQHandler
                0x00000262                PDB0_DriverIRQHandler
                0x00000262                RTC_DriverIRQHandler
                0x00000262                I2S0_Rx_DriverIRQHandler
                0x00000262                Read_Collision_DriverIRQHandler
                0x00000262                SWI_DriverIRQHandler
                0x00000262                UART4_RX_TX_DriverIRQHandler
                0x00000262                UART4_ERR_DriverIRQHandler
                0x00000262                PORTB_DriverIRQHandler
                0x00000262                UART0_LON_DriverIRQHandler
                0x00000262                DMA0_DriverIRQHandler
                0x00000262                DMA1_DriverIRQHandler
                0x00000262                I2C1_DriverIRQHandler
                0x00000262                UART3_RX_TX_DriverIRQHandler
                0x00000262                ENET_Receive_DriverIRQHandler
                0x00000262                DMA13_DriverIRQHandler
                0x00000262                ENET_Error_DriverIRQHandler
                0x00000262                DMA15_DriverIRQHandler
                0x00000262                UART0_RX_TX_DriverIRQHandler
                0x00000262                SPI0_DriverIRQHandler
                0x00000262                ADC0_DriverIRQHandler
                0x00000262                CMP0_DriverIRQHandler
                0x00000262                CAN0_DriverIRQHandler
                0x00000262                FTM3_DriverIRQHandler
                0x00000262                DMA4_DriverIRQHandler
                0x00000262                UART1_ERR_DriverIRQHandler
                0x00000262                DMA2_DriverIRQHandler
                0x00000262                ENET_Transmit_DriverIRQHandler
                0x00000262                PORTD_DriverIRQHandler
                0x00000262                PORTE_DriverIRQHandler
                0x00000262                FTFE_DriverIRQHandler
                0x00000262                I2C0_DriverIRQHandler
                0x00000262                DMA7_DriverIRQHandler
                0x00000262                UART1_RX_TX_DriverIRQHandler
                0x00000400                . = 0x400
 *fill*         0x00000264      0x19c ff
                0x00000400                PROVIDE (__FLASH_CONFIG_START__, .)
 *(SORT_BY_ALIGNMENT(.FlashConfig))
 .FlashConfig   0x00000400       0x10 ./SDK/startup/startup_mk64f12.o
                0x00000400                Flash_Config
                0x00000410                PROVIDE (__FLASH_CONFIG_END__, .)
                0x00000001                ASSERT (! ((__FLASH_CONFIG_START__ == __FLASH_CONFIG_END__)), Linker Flash Config Support Enabled, but no .FlashConfig section provided within application)
 *(SORT_BY_ALIGNMENT(.text*))
 .text.callback
                0x00000410       0x18 ./source/FXOS8700CQ.o
                0x00000410                callback
 .text.FXOS8700CQConfiguration
                0x00000428      0x11c ./source/FXOS8700CQ.o
 .text.ReadAccelMagnData
                0x00000544       0xf4 ./source/FXOS8700CQ.o
                0x00000544                ReadAccelMagnData
 .text.SysTick_Handler
                0x00000638       0x14 ./source/SysTick.o
                0x00000638                SysTick_Handler
 .text.getAccelAndMagntData
                0x0000064c       0x2c ./source/accelerometer.o
                0x0000064c                getAccelAndMagntData
 .text.sendStop
                0x00000678       0x30 ./source/i2c.o
 .text.sendRepeatStart
                0x000006a8       0x3c ./source/i2c.o
 .text.getStopFlag
                0x000006e4       0x20 ./source/i2c.o
 .text.getStartFlag
                0x00000704       0x20 ./source/i2c.o
 .text.clearInterruptFlag
                0x00000724       0x28 ./source/i2c.o
 .text.clearStopFlag
                0x0000074c       0x28 ./source/i2c.o
 .text.clearStartFlag
                0x00000774       0x28 ./source/i2c.o
 .text.getMode  0x0000079c       0x20 ./source/i2c.o
 .text.setModeRX
                0x000007bc       0x28 ./source/i2c.o
 .text.setNack  0x000007e4       0x28 ./source/i2c.o
 .text.unsetNack
                0x0000080c       0x28 ./source/i2c.o
 .text.receivedAck
                0x00000834       0x24 ./source/i2c.o
 .text.writeByte
                0x00000858       0x24 ./source/i2c.o
 .text.readByte
                0x0000087c       0x1c ./source/i2c.o
 .text.isr_routine
                0x00000898      0x198 ./source/i2c.o
 .text.__NVIC_EnableIRQ
                0x00000a30       0x3c ./source/marc.o
 .text.init_i2c0
                0x00000a6c      0x140 ./source/marc.o
                0x00000a6c                init_i2c0
 .text.i2c0_repeat_start
                0x00000bac       0x28 ./source/marc.o
                0x00000bac                i2c0_repeat_start
 .text.i2c0_start_signal
                0x00000bd4       0x30 ./source/marc.o
                0x00000bd4                i2c0_start_signal
 .text.i2c0_stop_signal
                0x00000c04       0x30 ./source/marc.o
                0x00000c04                i2c0_stop_signal
 .text.i2c0_set_TXAK
                0x00000c34       0x28 ./source/marc.o
                0x00000c34                i2c0_set_TXAK
 .text.i2c0_clean_TXAK
                0x00000c5c       0x28 ./source/marc.o
                0x00000c5c                i2c0_clean_TXAK
 .text.i2c0_set_TX
                0x00000c84       0x28 ./source/marc.o
                0x00000c84                i2c0_set_TX
 .text.i2c0_set_RX
                0x00000cac       0x28 ./source/marc.o
                0x00000cac                i2c0_set_RX
 .text.I2C0_IRQHandler
                0x00000cd4      0x21c ./source/marc.o
                0x00000cd4                I2C0_IRQHandler
 .text.i2c_read_reg
                0x00000ef0       0x78 ./source/marc.o
                0x00000ef0                i2c_read_reg
 .text.i2c_write_reg
                0x00000f68       0x78 ./source/marc.o
                0x00000f68                i2c_write_reg
 .text.i2c0_write_data
                0x00000fe0       0x24 ./source/marc.o
                0x00000fe0                i2c0_write_data
 .text.i2c0_check_RXAK
                0x00001004       0x28 ./source/marc.o
                0x00001004                i2c0_check_RXAK
 .text.hw_Init  0x0000102c      0x10c ./SDK/startup/hardware.o
                0x0000102c                hw_Init
 .text.hw_EnableInterrupts
                0x00001138       0x30 ./SDK/startup/hardware.o
                0x00001138                hw_EnableInterrupts
 .text.SystemInit
                0x00001168       0x3c ./SDK/CMSIS/system_MK64F12.o
                0x00001168                SystemInit
 .text.App_Init
                0x000011a4        0xc ./source/App.o
                0x000011a4                App_Init
 .text.App_Run  0x000011b0        0xc ./source/App.o
                0x000011b0                App_Run
 .text.FXOS8700CQInit
                0x000011bc       0x10 ./source/FXOS8700CQ.o
                0x000011bc                FXOS8700CQInit
 .text.accelandMagnetInit
                0x000011cc        0xc ./source/accelerometer.o
                0x000011cc                accelandMagnetInit
 .text.callback1
                0x000011d8       0x1c ./source/i2c.o
                0x000011d8                callback1
 .text.I2C1_IRQHandler
                0x000011f4        0xc ./source/i2c.o
                0x000011f4                I2C1_IRQHandler
 .text.I2C2_IRQHandler
                0x00001200        0xc ./source/i2c.o
                0x00001200                I2C2_IRQHandler
 .text.set_slave_adress_byte
                0x0000120c       0x3a ./source/marc.o
                0x0000120c                set_slave_adress_byte
 .text.i2c0_switch_to_rx
                0x00001246        0xc ./source/marc.o
                0x00001246                i2c0_switch_to_rx
 .text.UARTX_LON_IRQHandler
                0x00001252       0x16 ./source/uart.o
                0x00001252                UARTX_LON_IRQHandler
 .text.UARTX_RX_TX_IRQHandler
                0x00001268       0x16 ./source/uart.o
                0x00001268                UARTX_RX_TX_IRQHandler
 .text.UARTX_ERR_IRQHandler
                0x0000127e       0x16 ./source/uart.o
                0x0000127e                UARTX_ERR_IRQHandler
 .text.UART0_LON_IRQHandler
                0x00001294        0xe ./source/uart.o
                0x00001294                UART0_LON_IRQHandler
 .text.UART0_RX_TX_IRQHandler
                0x000012a2        0xe ./source/uart.o
                0x000012a2                UART0_RX_TX_IRQHandler
 .text.UART0_ERR_IRQHandler
                0x000012b0        0xe ./source/uart.o
                0x000012b0                UART0_ERR_IRQHandler
 .text.UART1_RX_TX_IRQHandler
                0x000012be        0xe ./source/uart.o
                0x000012be                UART1_RX_TX_IRQHandler
 .text.UART1_ERR_IRQHandler
                0x000012cc        0xe ./source/uart.o
                0x000012cc                UART1_ERR_IRQHandler
 .text.UART2_RX_TX_IRQHandler
                0x000012da        0xe ./source/uart.o
                0x000012da                UART2_RX_TX_IRQHandler
 .text.UART2_ERR_IRQHandler
                0x000012e8        0xe ./source/uart.o
                0x000012e8                UART2_ERR_IRQHandler
 .text.UART3_RX_TX_IRQHandler
                0x000012f6        0xe ./source/uart.o
                0x000012f6                UART3_RX_TX_IRQHandler
 .text.UART3_ERR_IRQHandler
                0x00001304        0xe ./source/uart.o
                0x00001304                UART3_ERR_IRQHandler
 .text.UART4_RX_TX_IRQHandler
                0x00001312        0xe ./source/uart.o
                0x00001312                UART4_RX_TX_IRQHandler
 .text.UART4_ERR_IRQHandler
                0x00001320        0xe ./source/uart.o
                0x00001320                UART4_ERR_IRQHandler
 .text.main     0x0000132e       0x16 ./SDK/startup/main.o
                0x0000132e                main
 .text.HardFault_Handler
                0x00001344       0x2c ./SDK/startup/semihost_hardfault.o
                0x00001344                HardFault_Handler
 .text.DMA0_IRQHandler
                0x00001370        0x8 ./SDK/startup/startup_mk64f12.o
                0x00001370                DMA0_IRQHandler
 .text.DMA1_IRQHandler
                0x00001378        0x8 ./SDK/startup/startup_mk64f12.o
                0x00001378                DMA1_IRQHandler
 .text.DMA2_IRQHandler
                0x00001380        0x8 ./SDK/startup/startup_mk64f12.o
                0x00001380                DMA2_IRQHandler
 .text.DMA3_IRQHandler
                0x00001388        0x8 ./SDK/startup/startup_mk64f12.o
                0x00001388                DMA3_IRQHandler
 .text.DMA4_IRQHandler
                0x00001390        0x8 ./SDK/startup/startup_mk64f12.o
                0x00001390                DMA4_IRQHandler
 .text.DMA5_IRQHandler
                0x00001398        0x8 ./SDK/startup/startup_mk64f12.o
                0x00001398                DMA5_IRQHandler
 .text.DMA6_IRQHandler
                0x000013a0        0x8 ./SDK/startup/startup_mk64f12.o
                0x000013a0                DMA6_IRQHandler
 .text.DMA7_IRQHandler
                0x000013a8        0x8 ./SDK/startup/startup_mk64f12.o
                0x000013a8                DMA7_IRQHandler
 .text.DMA8_IRQHandler
                0x000013b0        0x8 ./SDK/startup/startup_mk64f12.o
                0x000013b0                DMA8_IRQHandler
 .text.DMA9_IRQHandler
                0x000013b8        0x8 ./SDK/startup/startup_mk64f12.o
                0x000013b8                DMA9_IRQHandler
 .text.DMA10_IRQHandler
                0x000013c0        0x8 ./SDK/startup/startup_mk64f12.o
                0x000013c0                DMA10_IRQHandler
 .text.DMA11_IRQHandler
                0x000013c8        0x8 ./SDK/startup/startup_mk64f12.o
                0x000013c8                DMA11_IRQHandler
 .text.DMA12_IRQHandler
                0x000013d0        0x8 ./SDK/startup/startup_mk64f12.o
                0x000013d0                DMA12_IRQHandler
 .text.DMA13_IRQHandler
                0x000013d8        0x8 ./SDK/startup/startup_mk64f12.o
                0x000013d8                DMA13_IRQHandler
 .text.DMA14_IRQHandler
                0x000013e0        0x8 ./SDK/startup/startup_mk64f12.o
                0x000013e0                DMA14_IRQHandler
 .text.DMA15_IRQHandler
                0x000013e8        0x8 ./SDK/startup/startup_mk64f12.o
                0x000013e8                DMA15_IRQHandler
 .text.DMA_Error_IRQHandler
                0x000013f0        0x8 ./SDK/startup/startup_mk64f12.o
                0x000013f0                DMA_Error_IRQHandler
 .text.MCM_IRQHandler
                0x000013f8        0x8 ./SDK/startup/startup_mk64f12.o
                0x000013f8                MCM_IRQHandler
 .text.FTFE_IRQHandler
                0x00001400        0x8 ./SDK/startup/startup_mk64f12.o
                0x00001400                FTFE_IRQHandler
 .text.Read_Collision_IRQHandler
                0x00001408        0x8 ./SDK/startup/startup_mk64f12.o
                0x00001408                Read_Collision_IRQHandler
 .text.LVD_LVW_IRQHandler
                0x00001410        0x8 ./SDK/startup/startup_mk64f12.o
                0x00001410                LVD_LVW_IRQHandler
 .text.LLWU_IRQHandler
                0x00001418        0x8 ./SDK/startup/startup_mk64f12.o
                0x00001418                LLWU_IRQHandler
 .text.WDOG_EWM_IRQHandler
                0x00001420        0x8 ./SDK/startup/startup_mk64f12.o
                0x00001420                WDOG_EWM_IRQHandler
 .text.RNG_IRQHandler
                0x00001428        0x8 ./SDK/startup/startup_mk64f12.o
                0x00001428                RNG_IRQHandler
 .text.SPI0_IRQHandler
                0x00001430        0x8 ./SDK/startup/startup_mk64f12.o
                0x00001430                SPI0_IRQHandler
 .text.SPI1_IRQHandler
                0x00001438        0x8 ./SDK/startup/startup_mk64f12.o
                0x00001438                SPI1_IRQHandler
 .text.I2S0_Tx_IRQHandler
                0x00001440        0x8 ./SDK/startup/startup_mk64f12.o
                0x00001440                I2S0_Tx_IRQHandler
 .text.I2S0_Rx_IRQHandler
                0x00001448        0x8 ./SDK/startup/startup_mk64f12.o
                0x00001448                I2S0_Rx_IRQHandler
 .text.ADC0_IRQHandler
                0x00001450        0x8 ./SDK/startup/startup_mk64f12.o
                0x00001450                ADC0_IRQHandler
 .text.CMP0_IRQHandler
                0x00001458        0x8 ./SDK/startup/startup_mk64f12.o
                0x00001458                CMP0_IRQHandler
 .text.CMP1_IRQHandler
                0x00001460        0x8 ./SDK/startup/startup_mk64f12.o
                0x00001460                CMP1_IRQHandler
 .text.FTM0_IRQHandler
                0x00001468        0x8 ./SDK/startup/startup_mk64f12.o
                0x00001468                FTM0_IRQHandler
 .text.FTM1_IRQHandler
                0x00001470        0x8 ./SDK/startup/startup_mk64f12.o
                0x00001470                FTM1_IRQHandler
 .text.FTM2_IRQHandler
                0x00001478        0x8 ./SDK/startup/startup_mk64f12.o
                0x00001478                FTM2_IRQHandler
 .text.CMT_IRQHandler
                0x00001480        0x8 ./SDK/startup/startup_mk64f12.o
                0x00001480                CMT_IRQHandler
 .text.RTC_IRQHandler
                0x00001488        0x8 ./SDK/startup/startup_mk64f12.o
                0x00001488                RTC_IRQHandler
 .text.RTC_Seconds_IRQHandler
                0x00001490        0x8 ./SDK/startup/startup_mk64f12.o
                0x00001490                RTC_Seconds_IRQHandler
 .text.PIT0_IRQHandler
                0x00001498        0x8 ./SDK/startup/startup_mk64f12.o
                0x00001498                PIT0_IRQHandler
 .text.PIT1_IRQHandler
                0x000014a0        0x8 ./SDK/startup/startup_mk64f12.o
                0x000014a0                PIT1_IRQHandler
 .text.PIT2_IRQHandler
                0x000014a8        0x8 ./SDK/startup/startup_mk64f12.o
                0x000014a8                PIT2_IRQHandler
 .text.PIT3_IRQHandler
                0x000014b0        0x8 ./SDK/startup/startup_mk64f12.o
                0x000014b0                PIT3_IRQHandler
 .text.PDB0_IRQHandler
                0x000014b8        0x8 ./SDK/startup/startup_mk64f12.o
                0x000014b8                PDB0_IRQHandler
 .text.USB0_IRQHandler
                0x000014c0        0x8 ./SDK/startup/startup_mk64f12.o
                0x000014c0                USB0_IRQHandler
 .text.USBDCD_IRQHandler
                0x000014c8        0x8 ./SDK/startup/startup_mk64f12.o
                0x000014c8                USBDCD_IRQHandler
 .text.Reserved71_IRQHandler
                0x000014d0        0x8 ./SDK/startup/startup_mk64f12.o
                0x000014d0                Reserved71_IRQHandler
 .text.DAC0_IRQHandler
                0x000014d8        0x8 ./SDK/startup/startup_mk64f12.o
                0x000014d8                DAC0_IRQHandler
 .text.MCG_IRQHandler
                0x000014e0        0x8 ./SDK/startup/startup_mk64f12.o
                0x000014e0                MCG_IRQHandler
 .text.LPTMR0_IRQHandler
                0x000014e8        0x8 ./SDK/startup/startup_mk64f12.o
                0x000014e8                LPTMR0_IRQHandler
 .text.PORTA_IRQHandler
                0x000014f0        0x8 ./SDK/startup/startup_mk64f12.o
                0x000014f0                PORTA_IRQHandler
 .text.PORTB_IRQHandler
                0x000014f8        0x8 ./SDK/startup/startup_mk64f12.o
                0x000014f8                PORTB_IRQHandler
 .text.PORTC_IRQHandler
                0x00001500        0x8 ./SDK/startup/startup_mk64f12.o
                0x00001500                PORTC_IRQHandler
 .text.PORTD_IRQHandler
                0x00001508        0x8 ./SDK/startup/startup_mk64f12.o
                0x00001508                PORTD_IRQHandler
 .text.PORTE_IRQHandler
                0x00001510        0x8 ./SDK/startup/startup_mk64f12.o
                0x00001510                PORTE_IRQHandler
 .text.SWI_IRQHandler
                0x00001518        0x8 ./SDK/startup/startup_mk64f12.o
                0x00001518                SWI_IRQHandler
 .text.SPI2_IRQHandler
                0x00001520        0x8 ./SDK/startup/startup_mk64f12.o
                0x00001520                SPI2_IRQHandler
 .text.UART5_RX_TX_IRQHandler
                0x00001528        0x8 ./SDK/startup/startup_mk64f12.o
                0x00001528                UART5_RX_TX_IRQHandler
 .text.UART5_ERR_IRQHandler
                0x00001530        0x8 ./SDK/startup/startup_mk64f12.o
                0x00001530                UART5_ERR_IRQHandler
 .text.CMP2_IRQHandler
                0x00001538        0x8 ./SDK/startup/startup_mk64f12.o
                0x00001538                CMP2_IRQHandler
 .text.FTM3_IRQHandler
                0x00001540        0x8 ./SDK/startup/startup_mk64f12.o
                0x00001540                FTM3_IRQHandler
 .text.DAC1_IRQHandler
                0x00001548        0x8 ./SDK/startup/startup_mk64f12.o
                0x00001548                DAC1_IRQHandler
 .text.ADC1_IRQHandler
                0x00001550        0x8 ./SDK/startup/startup_mk64f12.o
                0x00001550                ADC1_IRQHandler
 .text.CAN0_ORed_Message_buffer_IRQHandler
                0x00001558        0x8 ./SDK/startup/startup_mk64f12.o
                0x00001558                CAN0_ORed_Message_buffer_IRQHandler
 .text.CAN0_Bus_Off_IRQHandler
                0x00001560        0x8 ./SDK/startup/startup_mk64f12.o
                0x00001560                CAN0_Bus_Off_IRQHandler
 .text.CAN0_Error_IRQHandler
                0x00001568        0x8 ./SDK/startup/startup_mk64f12.o
                0x00001568                CAN0_Error_IRQHandler
 .text.CAN0_Tx_Warning_IRQHandler
                0x00001570        0x8 ./SDK/startup/startup_mk64f12.o
                0x00001570                CAN0_Tx_Warning_IRQHandler
 .text.CAN0_Rx_Warning_IRQHandler
                0x00001578        0x8 ./SDK/startup/startup_mk64f12.o
                0x00001578                CAN0_Rx_Warning_IRQHandler
 .text.CAN0_Wake_Up_IRQHandler
                0x00001580        0x8 ./SDK/startup/startup_mk64f12.o
                0x00001580                CAN0_Wake_Up_IRQHandler
 .text.SDHC_IRQHandler
                0x00001588        0x8 ./SDK/startup/startup_mk64f12.o
                0x00001588                SDHC_IRQHandler
 .text.ENET_1588_Timer_IRQHandler
                0x00001590        0x8 ./SDK/startup/startup_mk64f12.o
                0x00001590                ENET_1588_Timer_IRQHandler
 .text.ENET_Transmit_IRQHandler
                0x00001598        0x8 ./SDK/startup/startup_mk64f12.o
                0x00001598                ENET_Transmit_IRQHandler
 .text.ENET_Receive_IRQHandler
                0x000015a0        0x8 ./SDK/startup/startup_mk64f12.o
                0x000015a0                ENET_Receive_IRQHandler
 .text.ENET_Error_IRQHandler
                0x000015a8        0x8 ./SDK/startup/startup_mk64f12.o
                0x000015a8                ENET_Error_IRQHandler
 .text.SystemInitHook
                0x000015b0        0xe ./SDK/CMSIS/system_MK64F12.o
                0x000015b0                SystemInitHook
 *(SORT_BY_ALIGNMENT(.rodata) SORT_BY_ALIGNMENT(.rodata.*) SORT_BY_ALIGNMENT(.constdata) SORT_BY_ALIGNMENT(.constdata.*))
 *fill*         0x000015be        0x2 ff
 .rodata        0x000015c0       0x20 ./source/marc.o
                0x000015e0                . = ALIGN (0x8)

.glue_7         0x000015e0        0x0
 .glue_7        0x000015e0        0x0 linker stubs

.glue_7t        0x000015e0        0x0
 .glue_7t       0x000015e0        0x0 linker stubs

.vfp11_veneer   0x000015e0        0x0
 .vfp11_veneer  0x000015e0        0x0 linker stubs

.v4_bx          0x000015e0        0x0
 .v4_bx         0x000015e0        0x0 linker stubs

.iplt           0x000015e0        0x0
 .iplt          0x000015e0        0x0 ./source/App.o

.rel.dyn        0x000015e0        0x0
 .rel.iplt      0x000015e0        0x0 ./source/App.o

.ARM.extab
 *(SORT_BY_ALIGNMENT(.ARM.extab*) SORT_BY_ALIGNMENT(.gnu.linkonce.armextab.*))
                0x000015e0                __exidx_start = .

.ARM.exidx
 *(SORT_BY_ALIGNMENT(.ARM.exidx*) SORT_BY_ALIGNMENT(.gnu.linkonce.armexidx.*))
                0x000015e0                __exidx_end = .
                0x000015e0                _etext = .

.m_usb_data
 *(SORT_BY_ALIGNMENT(m_usb_bdt))

.data_RAM2      0x1fff0000        0x0 load address 0x000015e0
 FILL mask 0xff
                [!provide]                PROVIDE (__start_data_RAM2, .)
 *(SORT_BY_ALIGNMENT(.ramfunc.$RAM2))
 *(SORT_BY_ALIGNMENT(.ramfunc.$SRAM_LOWER))
 *(SORT_BY_ALIGNMENT(.data.$RAM2*))
 *(SORT_BY_ALIGNMENT(.data.$SRAM_LOWER*))
                0x1fff0000                . = ALIGN (0x8)
                [!provide]                PROVIDE (__end_data_RAM2, .)

.data_RAM3      0x14000000        0x0 load address 0x000015e0
 FILL mask 0xff
                [!provide]                PROVIDE (__start_data_RAM3, .)
 *(SORT_BY_ALIGNMENT(.ramfunc.$RAM3))
 *(SORT_BY_ALIGNMENT(.ramfunc.$FLEX_RAM))
 *(SORT_BY_ALIGNMENT(.data.$RAM3*))
 *(SORT_BY_ALIGNMENT(.data.$FLEX_RAM*))
                0x14000000                . = ALIGN (0x8)
                [!provide]                PROVIDE (__end_data_RAM3, .)

.uninit_RESERVED
                0x20000000        0x0
 *(SORT_BY_ALIGNMENT(.bss.$RESERVED*))
                0x20000000                . = ALIGN (0x4)
                0x20000000                _end_uninit_RESERVED = .

.data           0x20000000       0x10 load address 0x000015e0
 FILL mask 0xff
                0x20000000                _data = .
 *(SORT_BY_ALIGNMENT(vtable))
 *(SORT_BY_ALIGNMENT(.ramfunc*))
 *(SORT_BY_ALIGNMENT(.data*))
 .data.i2c_ptr  0x20000000        0xc ./source/marc.o
 .data.sim.7512
                0x2000000c        0x4 ./source/marc.o
                0x20000010                . = ALIGN (0x8)
                0x20000010                _edata = .

.igot.plt       0x20000010        0x0 load address 0x000015f0
 .igot.plt      0x20000010        0x0 ./source/App.o

.bss_RAM2       0x1fff0000        0x0
                [!provide]                PROVIDE (__start_bss_RAM2, .)
 *(SORT_BY_ALIGNMENT(.bss.$RAM2*))
 *(SORT_BY_ALIGNMENT(.bss.$SRAM_LOWER*))
                0x1fff0000                . = ALIGN ((. != 0x0)?0x8:0x1)
                [!provide]                PROVIDE (__end_bss_RAM2, .)

.bss_RAM3       0x14000000        0x0
                [!provide]                PROVIDE (__start_bss_RAM3, .)
 *(SORT_BY_ALIGNMENT(.bss.$RAM3*))
 *(SORT_BY_ALIGNMENT(.bss.$FLEX_RAM*))
                0x14000000                . = ALIGN ((. != 0x0)?0x8:0x1)
                [!provide]                PROVIDE (__end_bss_RAM3, .)

.bss            0x20000010       0x50
                0x20000010                _bss = .
 *(SORT_BY_ALIGNMENT(.bss*))
 .bss.buffer    0x20000010        0xd ./source/FXOS8700CQ.o
 *fill*         0x2000001d        0x3 
 .bss.sysTickFun
                0x20000020        0x4 ./source/SysTick.o
                0x20000020                sysTickFun
 .bss.pAccelData
                0x20000024        0x4 ./source/accelerometer.o
 .bss.pMagnData
                0x20000028        0x4 ./source/accelerometer.o
 .bss.i2c       0x2000002c        0x4 ./source/i2c.o
 .bss.buffer    0x20000030       0x10 ./source/i2c.o
 .bss.i2c_data  0x20000040       0x14 ./source/marc.o
 .bss.__LDM_interruptDisableCount
                0x20000054        0x4 ./SDK/startup/hardware.o
 .bss.finished  0x20000058        0x1 ./source/FXOS8700CQ.o
 .bss.bus_busy  0x20000059        0x1 ./source/i2c.o
 *(SORT_BY_ALIGNMENT(COMMON))
                0x20000060                . = ALIGN (0x8)
 *fill*         0x2000005a        0x6 
                0x20000060                _ebss = .
                [!provide]                PROVIDE (end, .)

.noinit_RAM2    0x1fff0000        0x0
 *(SORT_BY_ALIGNMENT(.noinit.$RAM2*))
 *(SORT_BY_ALIGNMENT(.noinit.$SRAM_LOWER*))
                0x1fff0000                . = ALIGN (0x8)

.noinit_RAM3    0x14000000        0x0
 *(SORT_BY_ALIGNMENT(.noinit.$RAM3*))
 *(SORT_BY_ALIGNMENT(.noinit.$FLEX_RAM*))
                0x14000000                . = ALIGN (0x8)

.noinit         0x20000060        0x0
                0x20000060                _noinit = .
 *(SORT_BY_ALIGNMENT(.noinit*))
                0x20000060                . = ALIGN (0x8)
                0x20000060                _end_noinit = .
                0x00001000                _HeapSize = 0x1000

.heap           0x20000060     0x1000
                0x20000060                _pvHeapStart = .
                0x20001060                . = (. + _HeapSize)
 *fill*         0x20000060     0x1000 
                0x20001060                . = ALIGN (0x8)
                0x20001060                _pvHeapLimit = .
                0x00001000                _StackSize = 0x1000

.heap2stackfill
                0x20001060     0x1000
                0x20002060                . = (. + _StackSize)
 *fill*         0x20001060     0x1000 

.stack          0x2002f000        0x0
                0x2002f000                _vStackBase = .
                0x2002f000                . = ALIGN (0x8)
                0x20030000                _vStackTop = (. + _StackSize)
                0x00000000                _image_start = LOADADDR (.text)
                0x000015f0                _image_end = (LOADADDR (.data) + SIZEOF (.data))
                0x000015f0                _image_size = (_image_end - _image_start)
OUTPUT(marcos.axf elf32-littlearm)

.debug_info     0x00000000     0x5c79
 .debug_info    0x00000000       0x4c ./source/App.o
 .debug_info    0x0000004c      0x9aa ./source/FXOS8700CQ.o
 .debug_info    0x000009f6      0x522 ./source/SysTick.o
 .debug_info    0x00000f18      0x108 ./source/accelerometer.o
 .debug_info    0x00001020     0x154f ./source/i2c.o
 .debug_info    0x0000256f     0x139a ./source/marc.o
 .debug_info    0x00003909      0xd5d ./source/uart.o
 .debug_info    0x00004666      0x675 ./SDK/startup/hardware.o
 .debug_info    0x00004cdb       0xb7 ./SDK/startup/main.o
 .debug_info    0x00004d92       0x3b ./SDK/startup/semihost_hardfault.o
 .debug_info    0x00004dcd      0x8b0 ./SDK/startup/startup_mk64f12.o
 .debug_info    0x0000567d      0x5fc ./SDK/CMSIS/system_MK64F12.o

.debug_abbrev   0x00000000     0x125e
 .debug_abbrev  0x00000000       0x2f ./source/App.o
 .debug_abbrev  0x0000002f      0x210 ./source/FXOS8700CQ.o
 .debug_abbrev  0x0000023f      0x1a5 ./source/SysTick.o
 .debug_abbrev  0x000003e4       0xaf ./source/accelerometer.o
 .debug_abbrev  0x00000493      0x3b6 ./source/i2c.o
 .debug_abbrev  0x00000849      0x34d ./source/marc.o
 .debug_abbrev  0x00000b96      0x249 ./source/uart.o
 .debug_abbrev  0x00000ddf      0x138 ./SDK/startup/hardware.o
 .debug_abbrev  0x00000f17       0x7d ./SDK/startup/main.o
 .debug_abbrev  0x00000f94       0x2f ./SDK/startup/semihost_hardfault.o
 .debug_abbrev  0x00000fc3      0x15c ./SDK/startup/startup_mk64f12.o
 .debug_abbrev  0x0000111f      0x13f ./SDK/CMSIS/system_MK64F12.o

.debug_aranges  0x00000000      0x6f0
 .debug_aranges
                0x00000000       0x28 ./source/App.o
 .debug_aranges
                0x00000028       0x38 ./source/FXOS8700CQ.o
 .debug_aranges
                0x00000060       0x30 ./source/SysTick.o
 .debug_aranges
                0x00000090       0x28 ./source/accelerometer.o
 .debug_aranges
                0x000000b8      0x100 ./source/i2c.o
 .debug_aranges
                0x000001b8       0x98 ./source/marc.o
 .debug_aranges
                0x00000250       0xd0 ./source/uart.o
 .debug_aranges
                0x00000320       0x30 ./SDK/startup/hardware.o
 .debug_aranges
                0x00000350       0x20 ./SDK/startup/main.o
 .debug_aranges
                0x00000370       0x20 ./SDK/startup/semihost_hardfault.o
 .debug_aranges
                0x00000390      0x330 ./SDK/startup/startup_mk64f12.o
 .debug_aranges
                0x000006c0       0x30 ./SDK/CMSIS/system_MK64F12.o

.debug_ranges   0x00000000      0x630
 .debug_ranges  0x00000000       0x18 ./source/App.o
 .debug_ranges  0x00000018       0x28 ./source/FXOS8700CQ.o
 .debug_ranges  0x00000040       0x20 ./source/SysTick.o
 .debug_ranges  0x00000060       0x18 ./source/accelerometer.o
 .debug_ranges  0x00000078       0xf0 ./source/i2c.o
 .debug_ranges  0x00000168       0x88 ./source/marc.o
 .debug_ranges  0x000001f0       0xc0 ./source/uart.o
 .debug_ranges  0x000002b0       0x20 ./SDK/startup/hardware.o
 .debug_ranges  0x000002d0       0x10 ./SDK/startup/main.o
 .debug_ranges  0x000002e0       0x10 ./SDK/startup/semihost_hardfault.o
 .debug_ranges  0x000002f0      0x320 ./SDK/startup/startup_mk64f12.o
 .debug_ranges  0x00000610       0x20 ./SDK/CMSIS/system_MK64F12.o

.debug_macro    0x00000000    0x12eaf
 .debug_macro   0x00000000       0x34 ./source/App.o
 .debug_macro   0x00000034      0xa5a ./source/App.o
 .debug_macro   0x00000a8e       0x22 ./source/App.o
 .debug_macro   0x00000ab0      0x202 ./source/FXOS8700CQ.o
 .debug_macro   0x00000cb2      0x34e ./source/FXOS8700CQ.o
 .debug_macro   0x00001000       0x22 ./source/FXOS8700CQ.o
 .debug_macro   0x00001022       0x52 ./source/FXOS8700CQ.o
 .debug_macro   0x00001074       0x17 ./source/FXOS8700CQ.o
 .debug_macro   0x0000108b       0x8d ./source/FXOS8700CQ.o
 .debug_macro   0x00001118       0x35 ./source/FXOS8700CQ.o
 .debug_macro   0x0000114d       0x9c ./source/FXOS8700CQ.o
 .debug_macro   0x000011e9       0x16 ./source/FXOS8700CQ.o
 .debug_macro   0x000011ff       0x57 ./source/FXOS8700CQ.o
 .debug_macro   0x00001256       0x97 ./source/FXOS8700CQ.o
 .debug_macro   0x000012ed      0x330 ./source/FXOS8700CQ.o
 .debug_macro   0x0000161d       0xfd ./source/FXOS8700CQ.o
 .debug_macro   0x0000171a       0x10 ./source/FXOS8700CQ.o
 .debug_macro   0x0000172a       0x58 ./source/FXOS8700CQ.o
 .debug_macro   0x00001782       0x1f ./source/FXOS8700CQ.o
 .debug_macro   0x000017a1       0x43 ./source/FXOS8700CQ.o
 .debug_macro   0x000017e4       0x20 ./source/FXOS8700CQ.o
 .debug_macro   0x00001804      0x18e ./source/FXOS8700CQ.o
 .debug_macro   0x00001992       0x10 ./source/FXOS8700CQ.o
 .debug_macro   0x000019a2       0x6a ./source/FXOS8700CQ.o
 .debug_macro   0x00001a0c       0x1c ./source/FXOS8700CQ.o
 .debug_macro   0x00001a28       0x52 ./source/FXOS8700CQ.o
 .debug_macro   0x00001a7a       0x40 ./source/FXOS8700CQ.o
 .debug_macro   0x00001aba       0x10 ./source/FXOS8700CQ.o
 .debug_macro   0x00001aca       0x40 ./source/FXOS8700CQ.o
 .debug_macro   0x00001b0a       0xd7 ./source/FXOS8700CQ.o
 .debug_macro   0x00001be1       0x1c ./source/FXOS8700CQ.o
 .debug_macro   0x00001bfd       0x3d ./source/FXOS8700CQ.o
 .debug_macro   0x00001c3a       0x16 ./source/FXOS8700CQ.o
 .debug_macro   0x00001c50      0x16f ./source/FXOS8700CQ.o
 .debug_macro   0x00001dbf       0x96 ./source/SysTick.o
 .debug_macro   0x00001e55       0x5c ./source/SysTick.o
 .debug_macro   0x00001eb1       0x1c ./source/SysTick.o
 .debug_macro   0x00001ecd       0x22 ./source/SysTick.o
 .debug_macro   0x00001eef       0xdf ./source/SysTick.o
 .debug_macro   0x00001fce      0xecf ./source/SysTick.o
 .debug_macro   0x00002e9d       0x48 ./source/SysTick.o
 .debug_macro   0x00002ee5     0xe07b ./source/SysTick.o
 .debug_macro   0x00010f60      0x174 ./source/SysTick.o
 .debug_macro   0x000110d4       0x37 ./source/accelerometer.o
 .debug_macro   0x0001110b      0x1a4 ./source/i2c.o
 .debug_macro   0x000112af       0x22 ./source/i2c.o
 .debug_macro   0x000112d1       0x10 ./source/i2c.o
 .debug_macro   0x000112e1     0x122b ./source/i2c.o
 .debug_macro   0x0001250c       0x16 ./source/i2c.o
 .debug_macro   0x00012522       0x16 ./source/i2c.o
 .debug_macro   0x00012538      0x10e ./source/i2c.o
 .debug_macro   0x00012646       0x8d ./source/i2c.o
 .debug_macro   0x000126d3      0x32a ./source/i2c.o
 .debug_macro   0x000129fd       0x16 ./source/i2c.o
 .debug_macro   0x00012a13       0x29 ./source/i2c.o
 .debug_macro   0x00012a3c      0x1a4 ./source/marc.o
 .debug_macro   0x00012be0       0xdd ./source/uart.o
 .debug_macro   0x00012cbd       0x9c ./SDK/startup/hardware.o
 .debug_macro   0x00012d59       0x9c ./SDK/startup/main.o
 .debug_macro   0x00012df5       0x11 ./SDK/startup/semihost_hardfault.o
 .debug_macro   0x00012e06       0x29 ./SDK/startup/startup_mk64f12.o
 .debug_macro   0x00012e2f       0x80 ./SDK/CMSIS/system_MK64F12.o

.debug_line     0x00000000     0x2152
 .debug_line    0x00000000       0xcd ./source/App.o
 .debug_line    0x000000cd      0x3a4 ./source/FXOS8700CQ.o
 .debug_line    0x00000471      0x178 ./source/SysTick.o
 .debug_line    0x000005e9       0xe4 ./source/accelerometer.o
 .debug_line    0x000006cd      0x5d8 ./source/i2c.o
 .debug_line    0x00000ca5      0x4db ./source/marc.o
 .debug_line    0x00001180      0x392 ./source/uart.o
 .debug_line    0x00001512      0x1d4 ./SDK/startup/hardware.o
 .debug_line    0x000016e6      0x174 ./SDK/startup/main.o
 .debug_line    0x0000185a       0x59 ./SDK/startup/semihost_hardfault.o
 .debug_line    0x000018b3      0x6d8 ./SDK/startup/startup_mk64f12.o
 .debug_line    0x00001f8b      0x1c7 ./SDK/CMSIS/system_MK64F12.o

.debug_str      0x00000000    0x7cfdc
 .debug_str     0x00000000     0x2dc8 ./source/App.o
 .debug_str     0x00002dc8     0x50a2 ./source/FXOS8700CQ.o
                               0x80c2 (size before relaxing)
 .debug_str     0x00007e6a    0x6d20e ./source/SysTick.o
                              0x70dd8 (size before relaxing)
 .debug_str     0x00075078       0x42 ./source/accelerometer.o
                               0x389f (size before relaxing)
 .debug_str     0x000750ba     0x7077 ./source/i2c.o
                              0x7adf0 (size before relaxing)
 .debug_str     0x0007c131      0x1f2 ./source/marc.o
                              0x7acf0 (size before relaxing)
 .debug_str     0x0007c323      0x38e ./source/uart.o
                              0x77a5c (size before relaxing)
 .debug_str     0x0007c6b1      0x16f ./SDK/startup/hardware.o
                              0x77221 (size before relaxing)
 .debug_str     0x0007c820       0x1b ./SDK/startup/main.o
                              0x76ff5 (size before relaxing)
 .debug_str     0x0007c83b       0x36 ./SDK/startup/semihost_hardfault.o
                               0x2d5b (size before relaxing)
 .debug_str     0x0007c871      0x709 ./SDK/startup/startup_mk64f12.o
                               0x35c9 (size before relaxing)
 .debug_str     0x0007cf7a       0x62 ./SDK/CMSIS/system_MK64F12.o
                              0x77130 (size before relaxing)

.comment        0x00000000       0x7e
 .comment       0x00000000       0x7e ./source/App.o
                                 0x7f (size before relaxing)
 .comment       0x0000007e       0x7f ./source/FXOS8700CQ.o
 .comment       0x0000007e       0x7f ./source/SysTick.o
 .comment       0x0000007e       0x7f ./source/accelerometer.o
 .comment       0x0000007e       0x7f ./source/i2c.o
 .comment       0x0000007e       0x7f ./source/marc.o
 .comment       0x0000007e       0x7f ./source/uart.o
 .comment       0x0000007e       0x7f ./SDK/startup/hardware.o
 .comment       0x0000007e       0x7f ./SDK/startup/main.o
 .comment       0x0000007e       0x7f ./SDK/startup/semihost_hardfault.o
 .comment       0x0000007e       0x7f ./SDK/startup/startup_mk64f12.o
 .comment       0x0000007e       0x7f ./SDK/CMSIS/system_MK64F12.o

.ARM.attributes
                0x00000000       0x39
 .ARM.attributes
                0x00000000       0x39 ./source/App.o
 .ARM.attributes
                0x00000039       0x39 ./source/FXOS8700CQ.o
 .ARM.attributes
                0x00000072       0x39 ./source/SysTick.o
 .ARM.attributes
                0x000000ab       0x39 ./source/accelerometer.o
 .ARM.attributes
                0x000000e4       0x39 ./source/i2c.o
 .ARM.attributes
                0x0000011d       0x39 ./source/marc.o
 .ARM.attributes
                0x00000156       0x39 ./source/uart.o
 .ARM.attributes
                0x0000018f       0x39 ./SDK/startup/hardware.o
 .ARM.attributes
                0x000001c8       0x39 ./SDK/startup/main.o
 .ARM.attributes
                0x00000201       0x39 ./SDK/startup/semihost_hardfault.o
 .ARM.attributes
                0x0000023a       0x39 ./SDK/startup/startup_mk64f12.o
 .ARM.attributes
                0x00000273       0x39 ./SDK/CMSIS/system_MK64F12.o

.debug_frame    0x00000000     0x1524
 .debug_frame   0x00000000       0x48 ./source/App.o
 .debug_frame   0x00000048       0x9c ./source/FXOS8700CQ.o
 .debug_frame   0x000000e4       0x78 ./source/SysTick.o
 .debug_frame   0x0000015c       0x50 ./source/accelerometer.o
 .debug_frame   0x000001ac      0x3e4 ./source/i2c.o
 .debug_frame   0x00000590      0x23c ./source/marc.o
 .debug_frame   0x000007cc      0x324 ./source/uart.o
 .debug_frame   0x00000af0       0x70 ./SDK/startup/hardware.o
 .debug_frame   0x00000b60       0x2c ./SDK/startup/main.o
 .debug_frame   0x00000b8c       0x20 ./SDK/startup/semihost_hardfault.o
 .debug_frame   0x00000bac      0x904 ./SDK/startup/startup_mk64f12.o
 .debug_frame   0x000014b0       0x74 ./SDK/CMSIS/system_MK64F12.o
