
Discarded input sections

 .group         0x00000000        0xc ./source/App.o
 .group         0x00000000        0xc ./source/App.o
 .group         0x00000000        0xc ./source/App.o
 .text          0x00000000        0x0 ./source/App.o
 .data          0x00000000        0x0 ./source/App.o
 .bss           0x00000000        0x0 ./source/App.o
 .data.coordArray
                0x00000000        0x4 ./source/App.o
 .group         0x00000000        0xc ./source/can.o
 .group         0x00000000        0xc ./source/can.o
 .group         0x00000000        0xc ./source/can.o
 .group         0x00000000        0xc ./source/can.o
 .group         0x00000000        0xc ./source/can.o
 .group         0x00000000        0xc ./source/can.o
 .group         0x00000000        0xc ./source/can.o
 .group         0x00000000        0xc ./source/can.o
 .group         0x00000000        0xc ./source/can.o
 .group         0x00000000        0xc ./source/can.o
 .group         0x00000000        0xc ./source/can.o
 .group         0x00000000        0xc ./source/can.o
 .group         0x00000000        0xc ./source/can.o
 .group         0x00000000        0xc ./source/can.o
 .text          0x00000000        0x0 ./source/can.o
 .data          0x00000000        0x0 ./source/can.o
 .bss           0x00000000        0x0 ./source/can.o
 .bss.txFrame   0x00000000       0x10 ./source/can.o
 .text.FLEXCANreset
                0x00000000       0x2e ./source/can.o
 .text.FLEXCANwriteTxMb
                0x00000000      0x138 ./source/can.o
 .text.canWriteMsg
                0x00000000       0xac ./source/can.o
 .text.canIsTxMsgComplete
                0x00000000       0x2c ./source/can.o
 .debug_macro   0x00000000      0xa5a ./source/can.o
 .debug_macro   0x00000000      0x34e ./source/can.o
 .debug_macro   0x00000000       0x22 ./source/can.o
 .group         0x00000000        0xc ./source/coordHAL.o
 .group         0x00000000        0xc ./source/coordHAL.o
 .group         0x00000000        0xc ./source/coordHAL.o
 .text          0x00000000        0x0 ./source/coordHAL.o
 .data          0x00000000        0x0 ./source/coordHAL.o
 .bss           0x00000000        0x0 ./source/coordHAL.o
 .text.encodeMsg
                0x00000000       0x58 ./source/coordHAL.o
 .text.sendCoordToAll
                0x00000000       0x50 ./source/coordHAL.o
 .debug_macro   0x00000000      0xa5a ./source/coordHAL.o
 .debug_macro   0x00000000       0x22 ./source/coordHAL.o
 .debug_macro   0x00000000      0x34e ./source/coordHAL.o
 .group         0x00000000        0xc ./source/pinsHandler.o
 .group         0x00000000        0xc ./source/pinsHandler.o
 .group         0x00000000        0xc ./source/pinsHandler.o
 .group         0x00000000        0xc ./source/pinsHandler.o
 .group         0x00000000        0xc ./source/pinsHandler.o
 .group         0x00000000        0xc ./source/pinsHandler.o
 .group         0x00000000        0xc ./source/pinsHandler.o
 .group         0x00000000        0xc ./source/pinsHandler.o
 .group         0x00000000        0xc ./source/pinsHandler.o
 .group         0x00000000        0xc ./source/pinsHandler.o
 .group         0x00000000        0xc ./source/pinsHandler.o
 .text          0x00000000        0x0 ./source/pinsHandler.o
 .data          0x00000000        0x0 ./source/pinsHandler.o
 .bss           0x00000000        0x0 ./source/pinsHandler.o
 .text.isPinValid
                0x00000000       0x26 ./source/pinsHandler.o
 .text.setPCRpullEnable
                0x00000000       0x30 ./source/pinsHandler.o
 .text.setPCRpullUp
                0x00000000       0x30 ./source/pinsHandler.o
 .text.setPCRpullDown
                0x00000000       0x32 ./source/pinsHandler.o
 .debug_macro   0x00000000      0xa5a ./source/pinsHandler.o
 .debug_macro   0x00000000       0x5c ./source/pinsHandler.o
 .debug_macro   0x00000000      0x34e ./source/pinsHandler.o
 .debug_macro   0x00000000       0x1c ./source/pinsHandler.o
 .debug_macro   0x00000000       0x22 ./source/pinsHandler.o
 .debug_macro   0x00000000       0xdf ./source/pinsHandler.o
 .debug_macro   0x00000000      0xecf ./source/pinsHandler.o
 .debug_macro   0x00000000       0x48 ./source/pinsHandler.o
 .debug_macro   0x00000000     0xe07b ./source/pinsHandler.o
 .debug_macro   0x00000000       0x22 ./source/pinsHandler.o
 .group         0x00000000        0xc ./SDK/startup/hardware.o
 .group         0x00000000        0xc ./SDK/startup/hardware.o
 .group         0x00000000        0xc ./SDK/startup/hardware.o
 .group         0x00000000        0xc ./SDK/startup/hardware.o
 .group         0x00000000        0xc ./SDK/startup/hardware.o
 .group         0x00000000        0xc ./SDK/startup/hardware.o
 .group         0x00000000        0xc ./SDK/startup/hardware.o
 .group         0x00000000        0xc ./SDK/startup/hardware.o
 .group         0x00000000        0xc ./SDK/startup/hardware.o
 .group         0x00000000        0xc ./SDK/startup/hardware.o
 .group         0x00000000        0xc ./SDK/startup/hardware.o
 .group         0x00000000        0xc ./SDK/startup/hardware.o
 .group         0x00000000        0xc ./SDK/startup/hardware.o
 .text          0x00000000        0x0 ./SDK/startup/hardware.o
 .data          0x00000000        0x0 ./SDK/startup/hardware.o
 .bss           0x00000000        0x0 ./SDK/startup/hardware.o
 .debug_macro   0x00000000      0xa5a ./SDK/startup/hardware.o
 .debug_macro   0x00000000      0x34e ./SDK/startup/hardware.o
 .debug_macro   0x00000000       0x22 ./SDK/startup/hardware.o
 .debug_macro   0x00000000       0x10 ./SDK/startup/hardware.o
 .debug_macro   0x00000000       0x5c ./SDK/startup/hardware.o
 .debug_macro   0x00000000       0x1c ./SDK/startup/hardware.o
 .debug_macro   0x00000000       0x22 ./SDK/startup/hardware.o
 .debug_macro   0x00000000       0xdf ./SDK/startup/hardware.o
 .debug_macro   0x00000000      0xecf ./SDK/startup/hardware.o
 .debug_macro   0x00000000       0x48 ./SDK/startup/hardware.o
 .debug_macro   0x00000000     0xe07b ./SDK/startup/hardware.o
 .debug_macro   0x00000000     0x122b ./SDK/startup/hardware.o
 .debug_macro   0x00000000       0x16 ./SDK/startup/hardware.o
 .group         0x00000000        0xc ./SDK/startup/main.o
 .group         0x00000000        0xc ./SDK/startup/main.o
 .group         0x00000000        0xc ./SDK/startup/main.o
 .group         0x00000000        0xc ./SDK/startup/main.o
 .group         0x00000000        0xc ./SDK/startup/main.o
 .group         0x00000000        0xc ./SDK/startup/main.o
 .group         0x00000000        0xc ./SDK/startup/main.o
 .group         0x00000000        0xc ./SDK/startup/main.o
 .group         0x00000000        0xc ./SDK/startup/main.o
 .group         0x00000000        0xc ./SDK/startup/main.o
 .group         0x00000000        0xc ./SDK/startup/main.o
 .group         0x00000000        0xc ./SDK/startup/main.o
 .group         0x00000000        0xc ./SDK/startup/main.o
 .text          0x00000000        0x0 ./SDK/startup/main.o
 .data          0x00000000        0x0 ./SDK/startup/main.o
 .bss           0x00000000        0x0 ./SDK/startup/main.o
 .debug_macro   0x00000000      0xa5a ./SDK/startup/main.o
 .debug_macro   0x00000000      0x34e ./SDK/startup/main.o
 .debug_macro   0x00000000       0x22 ./SDK/startup/main.o
 .debug_macro   0x00000000       0x10 ./SDK/startup/main.o
 .debug_macro   0x00000000       0x5c ./SDK/startup/main.o
 .debug_macro   0x00000000       0x1c ./SDK/startup/main.o
 .debug_macro   0x00000000       0x22 ./SDK/startup/main.o
 .debug_macro   0x00000000       0xdf ./SDK/startup/main.o
 .debug_macro   0x00000000      0xecf ./SDK/startup/main.o
 .debug_macro   0x00000000       0x48 ./SDK/startup/main.o
 .debug_macro   0x00000000     0xe07b ./SDK/startup/main.o
 .debug_macro   0x00000000     0x122b ./SDK/startup/main.o
 .debug_macro   0x00000000       0x16 ./SDK/startup/main.o
 .group         0x00000000        0xc ./SDK/startup/semihost_hardfault.o
 .text          0x00000000        0x0 ./SDK/startup/semihost_hardfault.o
 .data          0x00000000        0x0 ./SDK/startup/semihost_hardfault.o
 .bss           0x00000000        0x0 ./SDK/startup/semihost_hardfault.o
 .debug_macro   0x00000000      0xa5a ./SDK/startup/semihost_hardfault.o
 .group         0x00000000        0xc ./SDK/startup/startup_mk64f12.o
 .text          0x00000000        0x0 ./SDK/startup/startup_mk64f12.o
 .data          0x00000000        0x0 ./SDK/startup/startup_mk64f12.o
 .bss           0x00000000        0x0 ./SDK/startup/startup_mk64f12.o
 .text.CAN0_ORed_Message_buffer_IRQHandler
                0x00000000        0x8 ./SDK/startup/startup_mk64f12.o
 .debug_macro   0x00000000      0xa5a ./SDK/startup/startup_mk64f12.o
 .group         0x00000000        0xc ./SDK/CMSIS/system_MK64F12.o
 .group         0x00000000        0xc ./SDK/CMSIS/system_MK64F12.o
 .group         0x00000000        0xc ./SDK/CMSIS/system_MK64F12.o
 .group         0x00000000        0xc ./SDK/CMSIS/system_MK64F12.o
 .group         0x00000000        0xc ./SDK/CMSIS/system_MK64F12.o
 .group         0x00000000        0xc ./SDK/CMSIS/system_MK64F12.o
 .group         0x00000000        0xc ./SDK/CMSIS/system_MK64F12.o
 .group         0x00000000        0xc ./SDK/CMSIS/system_MK64F12.o
 .group         0x00000000        0xc ./SDK/CMSIS/system_MK64F12.o
 .group         0x00000000        0xc ./SDK/CMSIS/system_MK64F12.o
 .group         0x00000000        0xc ./SDK/CMSIS/system_MK64F12.o
 .text          0x00000000        0x0 ./SDK/CMSIS/system_MK64F12.o
 .data          0x00000000        0x0 ./SDK/CMSIS/system_MK64F12.o
 .bss           0x00000000        0x0 ./SDK/CMSIS/system_MK64F12.o
 .data.SystemCoreClock
                0x00000000        0x4 ./SDK/CMSIS/system_MK64F12.o
 .text.SystemCoreClockUpdate
                0x00000000      0x278 ./SDK/CMSIS/system_MK64F12.o
 .debug_macro   0x00000000      0xa5a ./SDK/CMSIS/system_MK64F12.o
 .debug_macro   0x00000000      0x34e ./SDK/CMSIS/system_MK64F12.o
 .debug_macro   0x00000000       0x10 ./SDK/CMSIS/system_MK64F12.o
 .debug_macro   0x00000000       0x5c ./SDK/CMSIS/system_MK64F12.o
 .debug_macro   0x00000000       0x1c ./SDK/CMSIS/system_MK64F12.o
 .debug_macro   0x00000000       0x22 ./SDK/CMSIS/system_MK64F12.o
 .debug_macro   0x00000000       0xdf ./SDK/CMSIS/system_MK64F12.o
 .debug_macro   0x00000000      0xecf ./SDK/CMSIS/system_MK64F12.o
 .debug_macro   0x00000000       0x48 ./SDK/CMSIS/system_MK64F12.o
 .debug_macro   0x00000000     0xe07b ./SDK/CMSIS/system_MK64F12.o
 .debug_macro   0x00000000     0x122b ./SDK/CMSIS/system_MK64F12.o

Memory Configuration

Name             Origin             Length             Attributes
PROGRAM_FLASH    0x00000000         0x00100000         xr
SRAM_UPPER       0x20000000         0x00030000         xrw
SRAM_LOWER       0x1fff0000         0x00010000         xrw
FLEX_RAM         0x14000000         0x00001000         xrw
*default*        0x00000000         0xffffffff

Linker script and memory map

LOAD ./source/App.o
LOAD ./source/can.o
LOAD ./source/coordHAL.o
LOAD ./source/pinsHandler.o
LOAD ./SDK/startup/hardware.o
LOAD ./SDK/startup/main.o
LOAD ./SDK/startup/semihost_hardfault.o
LOAD ./SDK/startup/startup_mk64f12.o
LOAD ./SDK/CMSIS/system_MK64F12.o
START GROUP
LOAD c:/nxp/mcuxpressoide_10.2.0_759/ide/tools/bin/../lib/gcc/arm-none-eabi/7.2.1/../../../../arm-none-eabi/lib/thumb/v7e-m/fpv4-sp/hard\libcr_c.a
LOAD c:/nxp/mcuxpressoide_10.2.0_759/ide/tools/bin/../lib/gcc/arm-none-eabi/7.2.1/thumb/v7e-m/fpv4-sp/hard\libcr_eabihelpers.a
END GROUP
                0x00000000                __base_PROGRAM_FLASH = 0x0
                0x00000000                __base_Flash = 0x0
                0x00100000                __top_PROGRAM_FLASH = 0x100000
                0x00100000                __top_Flash = 0x100000
                0x20000000                __base_SRAM_UPPER = 0x20000000
                0x20000000                __base_RAM = 0x20000000
                0x20030000                __top_SRAM_UPPER = 0x20030000
                0x20030000                __top_RAM = 0x20030000
                0x1fff0000                __base_SRAM_LOWER = 0x1fff0000
                0x1fff0000                __base_RAM2 = 0x1fff0000
                0x20000000                __top_SRAM_LOWER = 0x20000000
                0x20000000                __top_RAM2 = 0x20000000
                0x14000000                __base_FLEX_RAM = 0x14000000
                0x14000000                __base_RAM3 = 0x14000000
                0x14001000                __top_FLEX_RAM = 0x14001000
                0x14001000                __top_RAM3 = 0x14001000

.text           0x00000000     0x1248
 FILL mask 0xff
                0x00000000                __vectors_start__ = ABSOLUTE (.)
 *(SORT_BY_ALIGNMENT(.isr_vector))
 .isr_vector    0x00000000      0x198 ./SDK/startup/startup_mk64f12.o
                0x00000000                g_pfnVectors
                0x00000000                __Vectors
                0x00000198                . = ALIGN (0x4)
                0x00000198                __section_table_start = .
                0x00000198                __data_section_table = .
                0x00000198        0x4 LONG 0x1248 LOADADDR (.data)
                0x0000019c        0x4 LONG 0x20000000 ADDR (.data)
                0x000001a0        0x4 LONG 0x28 SIZEOF (.data)
                0x000001a4        0x4 LONG 0x1248 LOADADDR (.data_RAM2)
                0x000001a8        0x4 LONG 0x1fff0000 ADDR (.data_RAM2)
                0x000001ac        0x4 LONG 0x0 SIZEOF (.data_RAM2)
                0x000001b0        0x4 LONG 0x1248 LOADADDR (.data_RAM3)
                0x000001b4        0x4 LONG 0x14000000 ADDR (.data_RAM3)
                0x000001b8        0x4 LONG 0x0 SIZEOF (.data_RAM3)
                0x000001bc                __data_section_table_end = .
                0x000001bc                __bss_section_table = .
                0x000001bc        0x4 LONG 0x20000028 ADDR (.bss)
                0x000001c0        0x4 LONG 0x220 SIZEOF (.bss)
                0x000001c4        0x4 LONG 0x1fff0000 ADDR (.bss_RAM2)
                0x000001c8        0x4 LONG 0x0 SIZEOF (.bss_RAM2)
                0x000001cc        0x4 LONG 0x14000000 ADDR (.bss_RAM3)
                0x000001d0        0x4 LONG 0x0 SIZEOF (.bss_RAM3)
                0x000001d4                __bss_section_table_end = .
                0x000001d4                __section_table_end = .
 *(SORT_BY_ALIGNMENT(.after_vectors*))
 .after_vectors.reset
                0x000001d4       0x4c ./SDK/startup/startup_mk64f12.o
                0x000001d4                ResetISR
 .after_vectors.init_data
                0x00000220       0x1e ./SDK/startup/startup_mk64f12.o
                0x00000220                data_init
 .after_vectors.init_bss
                0x0000023e       0x12 ./SDK/startup/startup_mk64f12.o
                0x0000023e                bss_init
 .after_vectors
                0x00000250       0x14 ./SDK/startup/startup_mk64f12.o
                0x00000250                NMI_Handler
                0x00000254                MemManage_Handler
                0x00000256                BusFault_Handler
                0x00000258                UsageFault_Handler
                0x0000025a                SVC_Handler
                0x0000025c                DebugMon_Handler
                0x0000025e                PendSV_Handler
                0x00000260                SysTick_Handler
                0x00000262                DMA_Error_DriverIRQHandler
                0x00000262                LPTMR0_DriverIRQHandler
                0x00000262                FTM1_DriverIRQHandler
                0x00000262                FTM2_DriverIRQHandler
                0x00000262                PIT2_DriverIRQHandler
                0x00000262                SDHC_DriverIRQHandler
                0x00000262                I2S0_Tx_DriverIRQHandler
                0x00000262                RTC_Seconds_DriverIRQHandler
                0x00000262                DMA6_DriverIRQHandler
                0x00000262                LLWU_DriverIRQHandler
                0x00000262                MCM_DriverIRQHandler
                0x00000262                MCG_DriverIRQHandler
                0x00000262                ENET_1588_Timer_DriverIRQHandler
                0x00000262                I2C2_DriverIRQHandler
                0x00000262                DAC1_DriverIRQHandler
                0x00000262                SPI1_DriverIRQHandler
                0x00000262                CMP1_DriverIRQHandler
                0x00000262                UART5_RX_TX_DriverIRQHandler
                0x00000262                FTM0_DriverIRQHandler
                0x00000262                IntDefaultHandler
                0x00000262                USB0_DriverIRQHandler
                0x00000262                UART5_ERR_DriverIRQHandler
                0x00000262                PORTC_DriverIRQHandler
                0x00000262                DMA11_DriverIRQHandler
                0x00000262                DAC0_DriverIRQHandler
                0x00000262                DMA10_DriverIRQHandler
                0x00000262                CMP2_DriverIRQHandler
                0x00000262                UART2_ERR_DriverIRQHandler
                0x00000262                SPI2_DriverIRQHandler
                0x00000262                LVD_LVW_DriverIRQHandler
                0x00000262                PIT0_DriverIRQHandler
                0x00000262                RNG_DriverIRQHandler
                0x00000262                DMA12_DriverIRQHandler
                0x00000262                DMA4_DriverIRQHandler
                0x00000262                UART2_RX_TX_DriverIRQHandler
                0x00000262                USBDCD_DriverIRQHandler
                0x00000262                UART3_ERR_DriverIRQHandler
                0x00000262                DMA3_DriverIRQHandler
                0x00000262                DMA8_DriverIRQHandler
                0x00000262                DMA9_DriverIRQHandler
                0x00000262                UART0_ERR_DriverIRQHandler
                0x00000262                CMT_DriverIRQHandler
                0x00000262                Reserved71_DriverIRQHandler
                0x00000262                ADC1_DriverIRQHandler
                0x00000262                PORTA_DriverIRQHandler
                0x00000262                DMA14_DriverIRQHandler
                0x00000262                PIT3_DriverIRQHandler
                0x00000262                PIT1_DriverIRQHandler
                0x00000262                WDOG_EWM_DriverIRQHandler
                0x00000262                PDB0_DriverIRQHandler
                0x00000262                RTC_DriverIRQHandler
                0x00000262                I2S0_Rx_DriverIRQHandler
                0x00000262                Read_Collision_DriverIRQHandler
                0x00000262                SWI_DriverIRQHandler
                0x00000262                UART4_RX_TX_DriverIRQHandler
                0x00000262                UART4_ERR_DriverIRQHandler
                0x00000262                PORTB_DriverIRQHandler
                0x00000262                UART0_LON_DriverIRQHandler
                0x00000262                DMA0_DriverIRQHandler
                0x00000262                DMA1_DriverIRQHandler
                0x00000262                I2C1_DriverIRQHandler
                0x00000262                UART3_RX_TX_DriverIRQHandler
                0x00000262                ENET_Receive_DriverIRQHandler
                0x00000262                DMA13_DriverIRQHandler
                0x00000262                ENET_Error_DriverIRQHandler
                0x00000262                DMA15_DriverIRQHandler
                0x00000262                UART0_RX_TX_DriverIRQHandler
                0x00000262                SPI0_DriverIRQHandler
                0x00000262                ADC0_DriverIRQHandler
                0x00000262                CMP0_DriverIRQHandler
                0x00000262                CAN0_DriverIRQHandler
                0x00000262                FTM3_DriverIRQHandler
                0x00000262                DMA5_DriverIRQHandler
                0x00000262                UART1_ERR_DriverIRQHandler
                0x00000262                DMA2_DriverIRQHandler
                0x00000262                ENET_Transmit_DriverIRQHandler
                0x00000262                PORTD_DriverIRQHandler
                0x00000262                PORTE_DriverIRQHandler
                0x00000262                FTFE_DriverIRQHandler
                0x00000262                I2C0_DriverIRQHandler
                0x00000262                DMA7_DriverIRQHandler
                0x00000262                UART1_RX_TX_DriverIRQHandler
                0x00000400                . = 0x400
 *fill*         0x00000264      0x19c ff
                0x00000400                PROVIDE (__FLASH_CONFIG_START__, .)
 *(SORT_BY_ALIGNMENT(.FlashConfig))
 .FlashConfig   0x00000400       0x10 ./SDK/startup/startup_mk64f12.o
                0x00000400                Flash_Config
                0x00000410                PROVIDE (__FLASH_CONFIG_END__, .)
                0x00000001                ASSERT (! ((__FLASH_CONFIG_START__ == __FLASH_CONFIG_END__)), Linker Flash Config Support Enabled, but no .FlashConfig section provided within application)
 *(SORT_BY_ALIGNMENT(.text*))
 .text.App_Run  0x00000410       0x3c ./source/App.o
                0x00000410                App_Run
 .text.__NVIC_EnableIRQ
                0x0000044c       0x3c ./source/can.o
 .text.FLEXCANinit
                0x00000488       0xdc ./source/can.o
 .text.FLEXCANenableClock
                0x00000564       0x3c ./source/can.o
 .text.FLEXCANsetBaudRate
                0x000005a0       0xb0 ./source/can.o
 .text.FLEXCANsetRxMbConfig
                0x00000650       0x9c ./source/can.o
 .text.FLEXCANTxHandler
                0x000006ec       0x38 ./source/can.o
 .text.FLEXCANRxHandler
                0x00000724       0x5c ./source/can.o
 .text.recursiveStore
                0x00000780       0x60 ./source/can.o
 .text.CAN0_ORed_Message_buffer_IRQHandler
                0x000007e0       0x58 ./source/can.o
                0x000007e0                CAN0_ORed_Message_buffer_IRQHandler
 .text.canInit  0x00000838       0xb8 ./source/can.o
                0x00000838                canInit
 .text.canIsRxMsg
                0x000008f0       0x2c ./source/can.o
                0x000008f0                canIsRxMsg
 .text.canGetRxMsgLength
                0x0000091c       0x30 ./source/can.o
                0x0000091c                canGetRxMsgLength
 .text.canReadMsg
                0x0000094c       0xf4 ./source/can.o
                0x0000094c                canReadMsg
 .text.decodeMsg
                0x00000a40       0x5c ./source/coordHAL.o
 .text.coordHALinit
                0x00000a9c       0x34 ./source/coordHAL.o
                0x00000a9c                coordHALinit
 .text.readCoord
                0x00000ad0       0x58 ./source/coordHAL.o
                0x00000ad0                readCoord
 .text.hw_Init  0x00000b28      0x10c ./SDK/startup/hardware.o
                0x00000b28                hw_Init
 .text.hw_EnableInterrupts
                0x00000c34       0x30 ./SDK/startup/hardware.o
                0x00000c34                hw_EnableInterrupts
 .text.hw_DisableInterrupts
                0x00000c64       0x20 ./SDK/startup/hardware.o
                0x00000c64                hw_DisableInterrupts
 .text.SystemInit
                0x00000c84       0x3c ./SDK/CMSIS/system_MK64F12.o
                0x00000c84                SystemInit
 .text.App_Init
                0x00000cc0        0xc ./source/App.o
                0x00000cc0                App_Init
 .text.FLEXCANenable
                0x00000ccc       0x38 ./source/can.o
 .text.FLEXCANresetRxMbConfig
                0x00000d04       0x52 ./source/can.o
 .text.FLEXCANsetTxMbConfig
                0x00000d56       0x7c ./source/can.o
 .text.FLEXCANresetTxMbConfig
                0x00000dd2       0x52 ./source/can.o
 .text.FLEXCANreadRxMb
                0x00000e24       0x86 ./source/can.o
 .text.setPCRmux
                0x00000eaa       0x46 ./source/pinsHandler.o
                0x00000eaa                setPCRmux
 .text.setPCRirqc
                0x00000ef0       0x46 ./source/pinsHandler.o
                0x00000ef0                setPCRirqc
 .text.main     0x00000f36       0x1a ./SDK/startup/main.o
                0x00000f36                main
 .text.HardFault_Handler
                0x00000f50       0x2c ./SDK/startup/semihost_hardfault.o
                0x00000f50                HardFault_Handler
 .text.DMA0_IRQHandler
                0x00000f7c        0x8 ./SDK/startup/startup_mk64f12.o
                0x00000f7c                DMA0_IRQHandler
 .text.DMA1_IRQHandler
                0x00000f84        0x8 ./SDK/startup/startup_mk64f12.o
                0x00000f84                DMA1_IRQHandler
 .text.DMA2_IRQHandler
                0x00000f8c        0x8 ./SDK/startup/startup_mk64f12.o
                0x00000f8c                DMA2_IRQHandler
 .text.DMA3_IRQHandler
                0x00000f94        0x8 ./SDK/startup/startup_mk64f12.o
                0x00000f94                DMA3_IRQHandler
 .text.DMA4_IRQHandler
                0x00000f9c        0x8 ./SDK/startup/startup_mk64f12.o
                0x00000f9c                DMA4_IRQHandler
 .text.DMA5_IRQHandler
                0x00000fa4        0x8 ./SDK/startup/startup_mk64f12.o
                0x00000fa4                DMA5_IRQHandler
 .text.DMA6_IRQHandler
                0x00000fac        0x8 ./SDK/startup/startup_mk64f12.o
                0x00000fac                DMA6_IRQHandler
 .text.DMA7_IRQHandler
                0x00000fb4        0x8 ./SDK/startup/startup_mk64f12.o
                0x00000fb4                DMA7_IRQHandler
 .text.DMA8_IRQHandler
                0x00000fbc        0x8 ./SDK/startup/startup_mk64f12.o
                0x00000fbc                DMA8_IRQHandler
 .text.DMA9_IRQHandler
                0x00000fc4        0x8 ./SDK/startup/startup_mk64f12.o
                0x00000fc4                DMA9_IRQHandler
 .text.DMA10_IRQHandler
                0x00000fcc        0x8 ./SDK/startup/startup_mk64f12.o
                0x00000fcc                DMA10_IRQHandler
 .text.DMA11_IRQHandler
                0x00000fd4        0x8 ./SDK/startup/startup_mk64f12.o
                0x00000fd4                DMA11_IRQHandler
 .text.DMA12_IRQHandler
                0x00000fdc        0x8 ./SDK/startup/startup_mk64f12.o
                0x00000fdc                DMA12_IRQHandler
 .text.DMA13_IRQHandler
                0x00000fe4        0x8 ./SDK/startup/startup_mk64f12.o
                0x00000fe4                DMA13_IRQHandler
 .text.DMA14_IRQHandler
                0x00000fec        0x8 ./SDK/startup/startup_mk64f12.o
                0x00000fec                DMA14_IRQHandler
 .text.DMA15_IRQHandler
                0x00000ff4        0x8 ./SDK/startup/startup_mk64f12.o
                0x00000ff4                DMA15_IRQHandler
 .text.DMA_Error_IRQHandler
                0x00000ffc        0x8 ./SDK/startup/startup_mk64f12.o
                0x00000ffc                DMA_Error_IRQHandler
 .text.MCM_IRQHandler
                0x00001004        0x8 ./SDK/startup/startup_mk64f12.o
                0x00001004                MCM_IRQHandler
 .text.FTFE_IRQHandler
                0x0000100c        0x8 ./SDK/startup/startup_mk64f12.o
                0x0000100c                FTFE_IRQHandler
 .text.Read_Collision_IRQHandler
                0x00001014        0x8 ./SDK/startup/startup_mk64f12.o
                0x00001014                Read_Collision_IRQHandler
 .text.LVD_LVW_IRQHandler
                0x0000101c        0x8 ./SDK/startup/startup_mk64f12.o
                0x0000101c                LVD_LVW_IRQHandler
 .text.LLWU_IRQHandler
                0x00001024        0x8 ./SDK/startup/startup_mk64f12.o
                0x00001024                LLWU_IRQHandler
 .text.WDOG_EWM_IRQHandler
                0x0000102c        0x8 ./SDK/startup/startup_mk64f12.o
                0x0000102c                WDOG_EWM_IRQHandler
 .text.RNG_IRQHandler
                0x00001034        0x8 ./SDK/startup/startup_mk64f12.o
                0x00001034                RNG_IRQHandler
 .text.I2C0_IRQHandler
                0x0000103c        0x8 ./SDK/startup/startup_mk64f12.o
                0x0000103c                I2C0_IRQHandler
 .text.I2C1_IRQHandler
                0x00001044        0x8 ./SDK/startup/startup_mk64f12.o
                0x00001044                I2C1_IRQHandler
 .text.SPI0_IRQHandler
                0x0000104c        0x8 ./SDK/startup/startup_mk64f12.o
                0x0000104c                SPI0_IRQHandler
 .text.SPI1_IRQHandler
                0x00001054        0x8 ./SDK/startup/startup_mk64f12.o
                0x00001054                SPI1_IRQHandler
 .text.I2S0_Tx_IRQHandler
                0x0000105c        0x8 ./SDK/startup/startup_mk64f12.o
                0x0000105c                I2S0_Tx_IRQHandler
 .text.I2S0_Rx_IRQHandler
                0x00001064        0x8 ./SDK/startup/startup_mk64f12.o
                0x00001064                I2S0_Rx_IRQHandler
 .text.UART0_LON_IRQHandler
                0x0000106c        0x8 ./SDK/startup/startup_mk64f12.o
                0x0000106c                UART0_LON_IRQHandler
 .text.UART0_RX_TX_IRQHandler
                0x00001074        0x8 ./SDK/startup/startup_mk64f12.o
                0x00001074                UART0_RX_TX_IRQHandler
 .text.UART0_ERR_IRQHandler
                0x0000107c        0x8 ./SDK/startup/startup_mk64f12.o
                0x0000107c                UART0_ERR_IRQHandler
 .text.UART1_RX_TX_IRQHandler
                0x00001084        0x8 ./SDK/startup/startup_mk64f12.o
                0x00001084                UART1_RX_TX_IRQHandler
 .text.UART1_ERR_IRQHandler
                0x0000108c        0x8 ./SDK/startup/startup_mk64f12.o
                0x0000108c                UART1_ERR_IRQHandler
 .text.UART2_RX_TX_IRQHandler
                0x00001094        0x8 ./SDK/startup/startup_mk64f12.o
                0x00001094                UART2_RX_TX_IRQHandler
 .text.UART2_ERR_IRQHandler
                0x0000109c        0x8 ./SDK/startup/startup_mk64f12.o
                0x0000109c                UART2_ERR_IRQHandler
 .text.UART3_RX_TX_IRQHandler
                0x000010a4        0x8 ./SDK/startup/startup_mk64f12.o
                0x000010a4                UART3_RX_TX_IRQHandler
 .text.UART3_ERR_IRQHandler
                0x000010ac        0x8 ./SDK/startup/startup_mk64f12.o
                0x000010ac                UART3_ERR_IRQHandler
 .text.ADC0_IRQHandler
                0x000010b4        0x8 ./SDK/startup/startup_mk64f12.o
                0x000010b4                ADC0_IRQHandler
 .text.CMP0_IRQHandler
                0x000010bc        0x8 ./SDK/startup/startup_mk64f12.o
                0x000010bc                CMP0_IRQHandler
 .text.CMP1_IRQHandler
                0x000010c4        0x8 ./SDK/startup/startup_mk64f12.o
                0x000010c4                CMP1_IRQHandler
 .text.FTM0_IRQHandler
                0x000010cc        0x8 ./SDK/startup/startup_mk64f12.o
                0x000010cc                FTM0_IRQHandler
 .text.FTM1_IRQHandler
                0x000010d4        0x8 ./SDK/startup/startup_mk64f12.o
                0x000010d4                FTM1_IRQHandler
 .text.FTM2_IRQHandler
                0x000010dc        0x8 ./SDK/startup/startup_mk64f12.o
                0x000010dc                FTM2_IRQHandler
 .text.CMT_IRQHandler
                0x000010e4        0x8 ./SDK/startup/startup_mk64f12.o
                0x000010e4                CMT_IRQHandler
 .text.RTC_IRQHandler
                0x000010ec        0x8 ./SDK/startup/startup_mk64f12.o
                0x000010ec                RTC_IRQHandler
 .text.RTC_Seconds_IRQHandler
                0x000010f4        0x8 ./SDK/startup/startup_mk64f12.o
                0x000010f4                RTC_Seconds_IRQHandler
 .text.PIT0_IRQHandler
                0x000010fc        0x8 ./SDK/startup/startup_mk64f12.o
                0x000010fc                PIT0_IRQHandler
 .text.PIT1_IRQHandler
                0x00001104        0x8 ./SDK/startup/startup_mk64f12.o
                0x00001104                PIT1_IRQHandler
 .text.PIT2_IRQHandler
                0x0000110c        0x8 ./SDK/startup/startup_mk64f12.o
                0x0000110c                PIT2_IRQHandler
 .text.PIT3_IRQHandler
                0x00001114        0x8 ./SDK/startup/startup_mk64f12.o
                0x00001114                PIT3_IRQHandler
 .text.PDB0_IRQHandler
                0x0000111c        0x8 ./SDK/startup/startup_mk64f12.o
                0x0000111c                PDB0_IRQHandler
 .text.USB0_IRQHandler
                0x00001124        0x8 ./SDK/startup/startup_mk64f12.o
                0x00001124                USB0_IRQHandler
 .text.USBDCD_IRQHandler
                0x0000112c        0x8 ./SDK/startup/startup_mk64f12.o
                0x0000112c                USBDCD_IRQHandler
 .text.Reserved71_IRQHandler
                0x00001134        0x8 ./SDK/startup/startup_mk64f12.o
                0x00001134                Reserved71_IRQHandler
 .text.DAC0_IRQHandler
                0x0000113c        0x8 ./SDK/startup/startup_mk64f12.o
                0x0000113c                DAC0_IRQHandler
 .text.MCG_IRQHandler
                0x00001144        0x8 ./SDK/startup/startup_mk64f12.o
                0x00001144                MCG_IRQHandler
 .text.LPTMR0_IRQHandler
                0x0000114c        0x8 ./SDK/startup/startup_mk64f12.o
                0x0000114c                LPTMR0_IRQHandler
 .text.PORTA_IRQHandler
                0x00001154        0x8 ./SDK/startup/startup_mk64f12.o
                0x00001154                PORTA_IRQHandler
 .text.PORTB_IRQHandler
                0x0000115c        0x8 ./SDK/startup/startup_mk64f12.o
                0x0000115c                PORTB_IRQHandler
 .text.PORTC_IRQHandler
                0x00001164        0x8 ./SDK/startup/startup_mk64f12.o
                0x00001164                PORTC_IRQHandler
 .text.PORTD_IRQHandler
                0x0000116c        0x8 ./SDK/startup/startup_mk64f12.o
                0x0000116c                PORTD_IRQHandler
 .text.PORTE_IRQHandler
                0x00001174        0x8 ./SDK/startup/startup_mk64f12.o
                0x00001174                PORTE_IRQHandler
 .text.SWI_IRQHandler
                0x0000117c        0x8 ./SDK/startup/startup_mk64f12.o
                0x0000117c                SWI_IRQHandler
 .text.SPI2_IRQHandler
                0x00001184        0x8 ./SDK/startup/startup_mk64f12.o
                0x00001184                SPI2_IRQHandler
 .text.UART4_RX_TX_IRQHandler
                0x0000118c        0x8 ./SDK/startup/startup_mk64f12.o
                0x0000118c                UART4_RX_TX_IRQHandler
 .text.UART4_ERR_IRQHandler
                0x00001194        0x8 ./SDK/startup/startup_mk64f12.o
                0x00001194                UART4_ERR_IRQHandler
 .text.UART5_RX_TX_IRQHandler
                0x0000119c        0x8 ./SDK/startup/startup_mk64f12.o
                0x0000119c                UART5_RX_TX_IRQHandler
 .text.UART5_ERR_IRQHandler
                0x000011a4        0x8 ./SDK/startup/startup_mk64f12.o
                0x000011a4                UART5_ERR_IRQHandler
 .text.CMP2_IRQHandler
                0x000011ac        0x8 ./SDK/startup/startup_mk64f12.o
                0x000011ac                CMP2_IRQHandler
 .text.FTM3_IRQHandler
                0x000011b4        0x8 ./SDK/startup/startup_mk64f12.o
                0x000011b4                FTM3_IRQHandler
 .text.DAC1_IRQHandler
                0x000011bc        0x8 ./SDK/startup/startup_mk64f12.o
                0x000011bc                DAC1_IRQHandler
 .text.ADC1_IRQHandler
                0x000011c4        0x8 ./SDK/startup/startup_mk64f12.o
                0x000011c4                ADC1_IRQHandler
 .text.I2C2_IRQHandler
                0x000011cc        0x8 ./SDK/startup/startup_mk64f12.o
                0x000011cc                I2C2_IRQHandler
 .text.CAN0_Bus_Off_IRQHandler
                0x000011d4        0x8 ./SDK/startup/startup_mk64f12.o
                0x000011d4                CAN0_Bus_Off_IRQHandler
 .text.CAN0_Error_IRQHandler
                0x000011dc        0x8 ./SDK/startup/startup_mk64f12.o
                0x000011dc                CAN0_Error_IRQHandler
 .text.CAN0_Tx_Warning_IRQHandler
                0x000011e4        0x8 ./SDK/startup/startup_mk64f12.o
                0x000011e4                CAN0_Tx_Warning_IRQHandler
 .text.CAN0_Rx_Warning_IRQHandler
                0x000011ec        0x8 ./SDK/startup/startup_mk64f12.o
                0x000011ec                CAN0_Rx_Warning_IRQHandler
 .text.CAN0_Wake_Up_IRQHandler
                0x000011f4        0x8 ./SDK/startup/startup_mk64f12.o
                0x000011f4                CAN0_Wake_Up_IRQHandler
 .text.SDHC_IRQHandler
                0x000011fc        0x8 ./SDK/startup/startup_mk64f12.o
                0x000011fc                SDHC_IRQHandler
 .text.ENET_1588_Timer_IRQHandler
                0x00001204        0x8 ./SDK/startup/startup_mk64f12.o
                0x00001204                ENET_1588_Timer_IRQHandler
 .text.ENET_Transmit_IRQHandler
                0x0000120c        0x8 ./SDK/startup/startup_mk64f12.o
                0x0000120c                ENET_Transmit_IRQHandler
 .text.ENET_Receive_IRQHandler
                0x00001214        0x8 ./SDK/startup/startup_mk64f12.o
                0x00001214                ENET_Receive_IRQHandler
 .text.ENET_Error_IRQHandler
                0x0000121c        0x8 ./SDK/startup/startup_mk64f12.o
                0x0000121c                ENET_Error_IRQHandler
 .text.SystemInitHook
                0x00001224        0xe ./SDK/CMSIS/system_MK64F12.o
                0x00001224                SystemInitHook
 *(SORT_BY_ALIGNMENT(.rodata) SORT_BY_ALIGNMENT(.rodata.*) SORT_BY_ALIGNMENT(.constdata) SORT_BY_ALIGNMENT(.constdata.*))
 *fill*         0x00001232        0x2 ff
 .rodata        0x00001234       0x14 ./source/can.o
                0x00001248                . = ALIGN (0x8)

.glue_7         0x00001248        0x0
 .glue_7        0x00001248        0x0 linker stubs

.glue_7t        0x00001248        0x0
 .glue_7t       0x00001248        0x0 linker stubs

.vfp11_veneer   0x00001248        0x0
 .vfp11_veneer  0x00001248        0x0 linker stubs

.v4_bx          0x00001248        0x0
 .v4_bx         0x00001248        0x0 linker stubs

.iplt           0x00001248        0x0
 .iplt          0x00001248        0x0 ./source/App.o

.rel.dyn        0x00001248        0x0
 .rel.iplt      0x00001248        0x0 ./source/App.o

.ARM.extab
 *(SORT_BY_ALIGNMENT(.ARM.extab*) SORT_BY_ALIGNMENT(.gnu.linkonce.armextab.*))
                0x00001248                __exidx_start = .

.ARM.exidx
 *(SORT_BY_ALIGNMENT(.ARM.exidx*) SORT_BY_ALIGNMENT(.gnu.linkonce.armexidx.*))
                0x00001248                __exidx_end = .
                0x00001248                _etext = .

.m_usb_data
 *(SORT_BY_ALIGNMENT(m_usb_bdt))

.data_RAM2      0x1fff0000        0x0 load address 0x00001248
 FILL mask 0xff
                [!provide]                PROVIDE (__start_data_RAM2, .)
 *(SORT_BY_ALIGNMENT(.ramfunc.$RAM2))
 *(SORT_BY_ALIGNMENT(.ramfunc.$SRAM_LOWER))
 *(SORT_BY_ALIGNMENT(.data.$RAM2*))
 *(SORT_BY_ALIGNMENT(.data.$SRAM_LOWER*))
                0x1fff0000                . = ALIGN (0x8)
                [!provide]                PROVIDE (__end_data_RAM2, .)

.data_RAM3      0x14000000        0x0 load address 0x00001248
 FILL mask 0xff
                [!provide]                PROVIDE (__start_data_RAM3, .)
 *(SORT_BY_ALIGNMENT(.ramfunc.$RAM3))
 *(SORT_BY_ALIGNMENT(.ramfunc.$FLEX_RAM))
 *(SORT_BY_ALIGNMENT(.data.$RAM3*))
 *(SORT_BY_ALIGNMENT(.data.$FLEX_RAM*))
                0x14000000                . = ALIGN (0x8)
                [!provide]                PROVIDE (__end_data_RAM3, .)

.uninit_RESERVED
                0x20000000        0x0
 *(SORT_BY_ALIGNMENT(.bss.$RESERVED*))
                0x20000000                . = ALIGN (0x4)
                0x20000000                _end_uninit_RESERVED = .

.data           0x20000000       0x28 load address 0x00001248
 FILL mask 0xff
                0x20000000                _data = .
 *(SORT_BY_ALIGNMENT(vtable))
 *(SORT_BY_ALIGNMENT(.ramfunc*))
 *(SORT_BY_ALIGNMENT(.data*))
 .data.msgAux   0x20000000        0x8 ./source/can.o
 .data.idsArray
                0x20000008       0x1c ./source/coordHAL.o
                0x20000028                . = ALIGN (0x8)
 *fill*         0x20000024        0x4 ff
                0x20000028                _edata = .

.igot.plt       0x20000028        0x0 load address 0x00001270
 .igot.plt      0x20000028        0x0 ./source/App.o

.bss_RAM2       0x1fff0000        0x0
                [!provide]                PROVIDE (__start_bss_RAM2, .)
 *(SORT_BY_ALIGNMENT(.bss.$RAM2*))
 *(SORT_BY_ALIGNMENT(.bss.$SRAM_LOWER*))
                0x1fff0000                . = ALIGN ((. != 0x0)?0x8:0x1)
                [!provide]                PROVIDE (__end_bss_RAM2, .)

.bss_RAM3       0x14000000        0x0
                [!provide]                PROVIDE (__start_bss_RAM3, .)
 *(SORT_BY_ALIGNMENT(.bss.$RAM3*))
 *(SORT_BY_ALIGNMENT(.bss.$FLEX_RAM*))
                0x14000000                . = ALIGN ((. != 0x0)?0x8:0x1)
                [!provide]                PROVIDE (__end_bss_RAM3, .)

.bss            0x20000028      0x220
                0x20000028                _bss = .
 *(SORT_BY_ALIGNMENT(.bss*))
 .bss.i         0x20000028        0x4 ./source/App.o
 .bss.id        0x2000002c        0x4 ./source/App.o
 .bss.coord     0x20000030        0x8 ./source/App.o
 .bss.rxFrame   0x20000038       0x10 ./source/can.o
 .bss.rxBuffer  0x20000048      0x1e4 ./source/can.o
 .bss.srcClockHz
                0x2000022c        0x4 ./source/can.o
 .bss.msg       0x20000230        0x8 ./source/coordHAL.o
 .bss.__LDM_interruptDisableCount
                0x20000238        0x4 ./SDK/startup/hardware.o
 .bss.nameCoord
                0x2000023c        0x1 ./source/App.o
 .bss.coordNum  0x2000023d        0x1 ./source/App.o
 .bss.sendingTx
                0x2000023e        0x1 ./source/can.o
 .bss.MbNum     0x2000023f        0x1 ./source/can.o
 .bss.cant      0x20000240        0x1 ./source/coordHAL.o
 *(SORT_BY_ALIGNMENT(COMMON))
                0x20000248                . = ALIGN (0x8)
 *fill*         0x20000241        0x7 
                0x20000248                _ebss = .
                [!provide]                PROVIDE (end, .)

.noinit_RAM2    0x1fff0000        0x0
 *(SORT_BY_ALIGNMENT(.noinit.$RAM2*))
 *(SORT_BY_ALIGNMENT(.noinit.$SRAM_LOWER*))
                0x1fff0000                . = ALIGN (0x8)

.noinit_RAM3    0x14000000        0x0
 *(SORT_BY_ALIGNMENT(.noinit.$RAM3*))
 *(SORT_BY_ALIGNMENT(.noinit.$FLEX_RAM*))
                0x14000000                . = ALIGN (0x8)

.noinit         0x20000248        0x0
                0x20000248                _noinit = .
 *(SORT_BY_ALIGNMENT(.noinit*))
                0x20000248                . = ALIGN (0x8)
                0x20000248                _end_noinit = .
                0x00001000                _HeapSize = 0x1000

.heap           0x20000248     0x1000
                0x20000248                _pvHeapStart = .
                0x20001248                . = (. + _HeapSize)
 *fill*         0x20000248     0x1000 
                0x20001248                . = ALIGN (0x8)
                0x20001248                _pvHeapLimit = .
                0x00001000                _StackSize = 0x1000

.heap2stackfill
                0x20001248     0x1000
                0x20002248                . = (. + _StackSize)
 *fill*         0x20001248     0x1000 

.stack          0x2002f000        0x0
                0x2002f000                _vStackBase = .
                0x2002f000                . = ALIGN (0x8)
                0x20030000                _vStackTop = (. + _StackSize)
                0x00000000                _image_start = LOADADDR (.text)
                0x00001270                _image_end = (LOADADDR (.data) + SIZEOF (.data))
                0x00001270                _image_size = (_image_end - _image_start)
OUTPUT(CAN.axf elf32-littlearm)

.debug_info     0x00000000     0x2cd9
 .debug_info    0x00000000      0x127 ./source/App.o
 .debug_info    0x00000127      0xf9c ./source/can.o
 .debug_info    0x000010c3      0x2c0 ./source/coordHAL.o
 .debug_info    0x00001383      0x343 ./source/pinsHandler.o
 .debug_info    0x000016c6      0x675 ./SDK/startup/hardware.o
 .debug_info    0x00001d3b       0xb7 ./SDK/startup/main.o
 .debug_info    0x00001df2       0x3b ./SDK/startup/semihost_hardfault.o
 .debug_info    0x00001e2d      0x8b0 ./SDK/startup/startup_mk64f12.o
 .debug_info    0x000026dd      0x5fc ./SDK/CMSIS/system_MK64F12.o

.debug_abbrev   0x00000000      0xa26
 .debug_abbrev  0x00000000       0x82 ./source/App.o
 .debug_abbrev  0x00000082      0x2ba ./source/can.o
 .debug_abbrev  0x0000033c      0x129 ./source/coordHAL.o
 .debug_abbrev  0x00000465      0x142 ./source/pinsHandler.o
 .debug_abbrev  0x000005a7      0x138 ./SDK/startup/hardware.o
 .debug_abbrev  0x000006df       0x7d ./SDK/startup/main.o
 .debug_abbrev  0x0000075c       0x2f ./SDK/startup/semihost_hardfault.o
 .debug_abbrev  0x0000078b      0x15c ./SDK/startup/startup_mk64f12.o
 .debug_abbrev  0x000008e7      0x13f ./SDK/CMSIS/system_MK64F12.o

.debug_aranges  0x00000000      0x548
 .debug_aranges
                0x00000000       0x28 ./source/App.o
 .debug_aranges
                0x00000028       0xc8 ./source/can.o
 .debug_aranges
                0x000000f0       0x40 ./source/coordHAL.o
 .debug_aranges
                0x00000130       0x48 ./source/pinsHandler.o
 .debug_aranges
                0x00000178       0x30 ./SDK/startup/hardware.o
 .debug_aranges
                0x000001a8       0x20 ./SDK/startup/main.o
 .debug_aranges
                0x000001c8       0x20 ./SDK/startup/semihost_hardfault.o
 .debug_aranges
                0x000001e8      0x330 ./SDK/startup/startup_mk64f12.o
 .debug_aranges
                0x00000518       0x30 ./SDK/CMSIS/system_MK64F12.o

.debug_ranges   0x00000000      0x4b8
 .debug_ranges  0x00000000       0x18 ./source/App.o
 .debug_ranges  0x00000018       0xb8 ./source/can.o
 .debug_ranges  0x000000d0       0x30 ./source/coordHAL.o
 .debug_ranges  0x00000100       0x38 ./source/pinsHandler.o
 .debug_ranges  0x00000138       0x20 ./SDK/startup/hardware.o
 .debug_ranges  0x00000158       0x10 ./SDK/startup/main.o
 .debug_ranges  0x00000168       0x10 ./SDK/startup/semihost_hardfault.o
 .debug_ranges  0x00000178      0x320 ./SDK/startup/startup_mk64f12.o
 .debug_ranges  0x00000498       0x20 ./SDK/CMSIS/system_MK64F12.o

.debug_macro    0x00000000    0x115b5
 .debug_macro   0x00000000       0x37 ./source/App.o
 .debug_macro   0x00000037      0xa5a ./source/App.o
 .debug_macro   0x00000a91       0x22 ./source/App.o
 .debug_macro   0x00000ab3      0x34e ./source/App.o
 .debug_macro   0x00000e01      0x119 ./source/can.o
 .debug_macro   0x00000f1a       0x5c ./source/can.o
 .debug_macro   0x00000f76       0x1c ./source/can.o
 .debug_macro   0x00000f92       0x22 ./source/can.o
 .debug_macro   0x00000fb4       0xdf ./source/can.o
 .debug_macro   0x00001093      0xecf ./source/can.o
 .debug_macro   0x00001f62       0x48 ./source/can.o
 .debug_macro   0x00001faa     0xe07b ./source/can.o
 .debug_macro   0x00010025       0x10 ./source/can.o
 .debug_macro   0x00010035     0x122b ./source/can.o
 .debug_macro   0x00011260       0x16 ./source/can.o
 .debug_macro   0x00011276       0x28 ./source/can.o
 .debug_macro   0x0001129e       0x71 ./source/coordHAL.o
 .debug_macro   0x0001130f       0x92 ./source/pinsHandler.o
 .debug_macro   0x000113a1       0x22 ./source/pinsHandler.o
 .debug_macro   0x000113c3       0x9c ./SDK/startup/hardware.o
 .debug_macro   0x0001145f       0x9c ./SDK/startup/main.o
 .debug_macro   0x000114fb       0x11 ./SDK/startup/semihost_hardfault.o
 .debug_macro   0x0001150c       0x29 ./SDK/startup/startup_mk64f12.o
 .debug_macro   0x00011535       0x80 ./SDK/CMSIS/system_MK64F12.o

.debug_line     0x00000000     0x1459
 .debug_line    0x00000000       0xdc ./source/App.o
 .debug_line    0x000000dc      0x445 ./source/can.o
 .debug_line    0x00000521      0x153 ./source/coordHAL.o
 .debug_line    0x00000674      0x1a4 ./source/pinsHandler.o
 .debug_line    0x00000818      0x1d4 ./SDK/startup/hardware.o
 .debug_line    0x000009ec      0x175 ./SDK/startup/main.o
 .debug_line    0x00000b61       0x59 ./SDK/startup/semihost_hardfault.o
 .debug_line    0x00000bba      0x6d8 ./SDK/startup/startup_mk64f12.o
 .debug_line    0x00001292      0x1c7 ./SDK/CMSIS/system_MK64F12.o

.debug_str      0x00000000    0x785f8
 .debug_str     0x00000000     0x36e5 ./source/App.o
                               0x384d (size before relaxing)
 .debug_str     0x000036e5    0x7432e ./source/can.o
                              0x77b94 (size before relaxing)
 .debug_str     0x00077a13       0xf9 ./source/coordHAL.o
                               0x3964 (size before relaxing)
 .debug_str     0x00077b0c       0xab ./source/pinsHandler.o
                              0x705f6 (size before relaxing)
 .debug_str     0x00077bb7      0x178 ./SDK/startup/hardware.o
                              0x771ec (size before relaxing)
 .debug_str     0x00077d2f       0x1b ./SDK/startup/main.o
                              0x76fc0 (size before relaxing)
 .debug_str     0x00077d4a       0x36 ./SDK/startup/semihost_hardfault.o
                               0x2d26 (size before relaxing)
 .debug_str     0x00077d80      0x816 ./SDK/startup/startup_mk64f12.o
                               0x3594 (size before relaxing)
 .debug_str     0x00078596       0x62 ./SDK/CMSIS/system_MK64F12.o
                              0x770fb (size before relaxing)

.comment        0x00000000       0x7e
 .comment       0x00000000       0x7e ./source/App.o
                                 0x7f (size before relaxing)
 .comment       0x0000007e       0x7f ./source/can.o
 .comment       0x0000007e       0x7f ./source/coordHAL.o
 .comment       0x0000007e       0x7f ./source/pinsHandler.o
 .comment       0x0000007e       0x7f ./SDK/startup/hardware.o
 .comment       0x0000007e       0x7f ./SDK/startup/main.o
 .comment       0x0000007e       0x7f ./SDK/startup/semihost_hardfault.o
 .comment       0x0000007e       0x7f ./SDK/startup/startup_mk64f12.o
 .comment       0x0000007e       0x7f ./SDK/CMSIS/system_MK64F12.o

.ARM.attributes
                0x00000000       0x39
 .ARM.attributes
                0x00000000       0x39 ./source/App.o
 .ARM.attributes
                0x00000039       0x39 ./source/can.o
 .ARM.attributes
                0x00000072       0x39 ./source/coordHAL.o
 .ARM.attributes
                0x000000ab       0x39 ./source/pinsHandler.o
 .ARM.attributes
                0x000000e4       0x39 ./SDK/startup/hardware.o
 .ARM.attributes
                0x0000011d       0x39 ./SDK/startup/main.o
 .ARM.attributes
                0x00000156       0x39 ./SDK/startup/semihost_hardfault.o
 .ARM.attributes
                0x0000018f       0x39 ./SDK/startup/startup_mk64f12.o
 .ARM.attributes
                0x000001c8       0x39 ./SDK/CMSIS/system_MK64F12.o

.debug_frame    0x00000000      0xfa4
 .debug_frame   0x00000000       0x48 ./source/App.o
 .debug_frame   0x00000048      0x35c ./source/can.o
 .debug_frame   0x000003a4       0xcc ./source/coordHAL.o
 .debug_frame   0x00000470      0x100 ./source/pinsHandler.o
 .debug_frame   0x00000570       0x70 ./SDK/startup/hardware.o
 .debug_frame   0x000005e0       0x2c ./SDK/startup/main.o
 .debug_frame   0x0000060c       0x20 ./SDK/startup/semihost_hardfault.o
 .debug_frame   0x0000062c      0x904 ./SDK/startup/startup_mk64f12.o
 .debug_frame   0x00000f30       0x74 ./SDK/CMSIS/system_MK64F12.o
