
Discarded input sections

 .group         0x00000000        0xc ./source/App.o
 .group         0x00000000        0xc ./source/App.o
 .group         0x00000000        0xc ./source/App.o
 .text          0x00000000        0x0 ./source/App.o
 .data          0x00000000        0x0 ./source/App.o
 .bss           0x00000000        0x0 ./source/App.o
 .bss.msg       0x00000000        0x8 ./source/App.o
 .bss.id        0x00000000        0x4 ./source/App.o
 .bss.i         0x00000000        0x4 ./source/App.o
 .group         0x00000000        0xc ./source/can.o
 .group         0x00000000        0xc ./source/can.o
 .group         0x00000000        0xc ./source/can.o
 .group         0x00000000        0xc ./source/can.o
 .group         0x00000000        0xc ./source/can.o
 .group         0x00000000        0xc ./source/can.o
 .group         0x00000000        0xc ./source/can.o
 .group         0x00000000        0xc ./source/can.o
 .group         0x00000000        0xc ./source/can.o
 .group         0x00000000        0xc ./source/can.o
 .group         0x00000000        0xc ./source/can.o
 .group         0x00000000        0xc ./source/can.o
 .group         0x00000000        0xc ./source/can.o
 .group         0x00000000        0xc ./source/can.o
 .text          0x00000000        0x0 ./source/can.o
 .data          0x00000000        0x0 ./source/can.o
 .bss           0x00000000        0x0 ./source/can.o
 .bss.txFrame   0x00000000       0x10 ./source/can.o
 .data.msgAux   0x00000000        0x8 ./source/can.o
 .text.FLEXCANreset
                0x00000000       0x2e ./source/can.o
 .text.FLEXCANwriteTxMb
                0x00000000      0x138 ./source/can.o
 .text.canWriteMsg
                0x00000000       0xac ./source/can.o
 .text.canIsTxMsgComplete
                0x00000000       0x2c ./source/can.o
 .text.canGetRxMsgLength
                0x00000000       0x30 ./source/can.o
 .text.canReadMsg
                0x00000000       0xf4 ./source/can.o
 .debug_macro   0x00000000      0xa5a ./source/can.o
 .debug_macro   0x00000000      0x34e ./source/can.o
 .debug_macro   0x00000000       0x22 ./source/can.o
 .group         0x00000000        0xc ./source/pinsHandler.o
 .group         0x00000000        0xc ./source/pinsHandler.o
 .group         0x00000000        0xc ./source/pinsHandler.o
 .group         0x00000000        0xc ./source/pinsHandler.o
 .group         0x00000000        0xc ./source/pinsHandler.o
 .group         0x00000000        0xc ./source/pinsHandler.o
 .group         0x00000000        0xc ./source/pinsHandler.o
 .group         0x00000000        0xc ./source/pinsHandler.o
 .group         0x00000000        0xc ./source/pinsHandler.o
 .group         0x00000000        0xc ./source/pinsHandler.o
 .group         0x00000000        0xc ./source/pinsHandler.o
 .text          0x00000000        0x0 ./source/pinsHandler.o
 .data          0x00000000        0x0 ./source/pinsHandler.o
 .bss           0x00000000        0x0 ./source/pinsHandler.o
 .text.isPinValid
                0x00000000       0x26 ./source/pinsHandler.o
 .text.setPCRpullEnable
                0x00000000       0x30 ./source/pinsHandler.o
 .text.setPCRpullUp
                0x00000000       0x30 ./source/pinsHandler.o
 .text.setPCRpullDown
                0x00000000       0x32 ./source/pinsHandler.o
 .debug_macro   0x00000000      0xa5a ./source/pinsHandler.o
 .debug_macro   0x00000000       0x5c ./source/pinsHandler.o
 .debug_macro   0x00000000      0x34e ./source/pinsHandler.o
 .debug_macro   0x00000000       0x1c ./source/pinsHandler.o
 .debug_macro   0x00000000       0x22 ./source/pinsHandler.o
 .debug_macro   0x00000000       0xdf ./source/pinsHandler.o
 .debug_macro   0x00000000      0xecf ./source/pinsHandler.o
 .debug_macro   0x00000000       0x48 ./source/pinsHandler.o
 .debug_macro   0x00000000     0xe07b ./source/pinsHandler.o
 .debug_macro   0x00000000       0x22 ./source/pinsHandler.o
 .group         0x00000000        0xc ./SDK/startup/hardware.o
 .group         0x00000000        0xc ./SDK/startup/hardware.o
 .group         0x00000000        0xc ./SDK/startup/hardware.o
 .group         0x00000000        0xc ./SDK/startup/hardware.o
 .group         0x00000000        0xc ./SDK/startup/hardware.o
 .group         0x00000000        0xc ./SDK/startup/hardware.o
 .group         0x00000000        0xc ./SDK/startup/hardware.o
 .group         0x00000000        0xc ./SDK/startup/hardware.o
 .group         0x00000000        0xc ./SDK/startup/hardware.o
 .group         0x00000000        0xc ./SDK/startup/hardware.o
 .group         0x00000000        0xc ./SDK/startup/hardware.o
 .group         0x00000000        0xc ./SDK/startup/hardware.o
 .group         0x00000000        0xc ./SDK/startup/hardware.o
 .text          0x00000000        0x0 ./SDK/startup/hardware.o
 .data          0x00000000        0x0 ./SDK/startup/hardware.o
 .bss           0x00000000        0x0 ./SDK/startup/hardware.o
 .debug_macro   0x00000000      0xa5a ./SDK/startup/hardware.o
 .debug_macro   0x00000000      0x34e ./SDK/startup/hardware.o
 .debug_macro   0x00000000       0x22 ./SDK/startup/hardware.o
 .debug_macro   0x00000000       0x10 ./SDK/startup/hardware.o
 .debug_macro   0x00000000       0x5c ./SDK/startup/hardware.o
 .debug_macro   0x00000000       0x1c ./SDK/startup/hardware.o
 .debug_macro   0x00000000       0x22 ./SDK/startup/hardware.o
 .debug_macro   0x00000000       0xdf ./SDK/startup/hardware.o
 .debug_macro   0x00000000      0xecf ./SDK/startup/hardware.o
 .debug_macro   0x00000000       0x48 ./SDK/startup/hardware.o
 .debug_macro   0x00000000     0xe07b ./SDK/startup/hardware.o
 .debug_macro   0x00000000     0x122b ./SDK/startup/hardware.o
 .debug_macro   0x00000000       0x16 ./SDK/startup/hardware.o
 .group         0x00000000        0xc ./SDK/startup/main.o
 .group         0x00000000        0xc ./SDK/startup/main.o
 .group         0x00000000        0xc ./SDK/startup/main.o
 .group         0x00000000        0xc ./SDK/startup/main.o
 .group         0x00000000        0xc ./SDK/startup/main.o
 .group         0x00000000        0xc ./SDK/startup/main.o
 .group         0x00000000        0xc ./SDK/startup/main.o
 .group         0x00000000        0xc ./SDK/startup/main.o
 .group         0x00000000        0xc ./SDK/startup/main.o
 .group         0x00000000        0xc ./SDK/startup/main.o
 .group         0x00000000        0xc ./SDK/startup/main.o
 .group         0x00000000        0xc ./SDK/startup/main.o
 .group         0x00000000        0xc ./SDK/startup/main.o
 .text          0x00000000        0x0 ./SDK/startup/main.o
 .data          0x00000000        0x0 ./SDK/startup/main.o
 .bss           0x00000000        0x0 ./SDK/startup/main.o
 .debug_macro   0x00000000      0xa5a ./SDK/startup/main.o
 .debug_macro   0x00000000      0x34e ./SDK/startup/main.o
 .debug_macro   0x00000000       0x22 ./SDK/startup/main.o
 .debug_macro   0x00000000       0x10 ./SDK/startup/main.o
 .debug_macro   0x00000000       0x5c ./SDK/startup/main.o
 .debug_macro   0x00000000       0x1c ./SDK/startup/main.o
 .debug_macro   0x00000000       0x22 ./SDK/startup/main.o
 .debug_macro   0x00000000       0xdf ./SDK/startup/main.o
 .debug_macro   0x00000000      0xecf ./SDK/startup/main.o
 .debug_macro   0x00000000       0x48 ./SDK/startup/main.o
 .debug_macro   0x00000000     0xe07b ./SDK/startup/main.o
 .debug_macro   0x00000000     0x122b ./SDK/startup/main.o
 .debug_macro   0x00000000       0x16 ./SDK/startup/main.o
 .group         0x00000000        0xc ./SDK/startup/semihost_hardfault.o
 .text          0x00000000        0x0 ./SDK/startup/semihost_hardfault.o
 .data          0x00000000        0x0 ./SDK/startup/semihost_hardfault.o
 .bss           0x00000000        0x0 ./SDK/startup/semihost_hardfault.o
 .debug_macro   0x00000000      0xa5a ./SDK/startup/semihost_hardfault.o
 .group         0x00000000        0xc ./SDK/startup/startup_mk64f12.o
 .text          0x00000000        0x0 ./SDK/startup/startup_mk64f12.o
 .data          0x00000000        0x0 ./SDK/startup/startup_mk64f12.o
 .bss           0x00000000        0x0 ./SDK/startup/startup_mk64f12.o
 .text.CAN0_ORed_Message_buffer_IRQHandler
                0x00000000        0x8 ./SDK/startup/startup_mk64f12.o
 .debug_macro   0x00000000      0xa5a ./SDK/startup/startup_mk64f12.o
 .group         0x00000000        0xc ./SDK/CMSIS/system_MK64F12.o
 .group         0x00000000        0xc ./SDK/CMSIS/system_MK64F12.o
 .group         0x00000000        0xc ./SDK/CMSIS/system_MK64F12.o
 .group         0x00000000        0xc ./SDK/CMSIS/system_MK64F12.o
 .group         0x00000000        0xc ./SDK/CMSIS/system_MK64F12.o
 .group         0x00000000        0xc ./SDK/CMSIS/system_MK64F12.o
 .group         0x00000000        0xc ./SDK/CMSIS/system_MK64F12.o
 .group         0x00000000        0xc ./SDK/CMSIS/system_MK64F12.o
 .group         0x00000000        0xc ./SDK/CMSIS/system_MK64F12.o
 .group         0x00000000        0xc ./SDK/CMSIS/system_MK64F12.o
 .group         0x00000000        0xc ./SDK/CMSIS/system_MK64F12.o
 .text          0x00000000        0x0 ./SDK/CMSIS/system_MK64F12.o
 .data          0x00000000        0x0 ./SDK/CMSIS/system_MK64F12.o
 .bss           0x00000000        0x0 ./SDK/CMSIS/system_MK64F12.o
 .data.SystemCoreClock
                0x00000000        0x4 ./SDK/CMSIS/system_MK64F12.o
 .text.SystemCoreClockUpdate
                0x00000000      0x278 ./SDK/CMSIS/system_MK64F12.o
 .debug_macro   0x00000000      0xa5a ./SDK/CMSIS/system_MK64F12.o
 .debug_macro   0x00000000      0x34e ./SDK/CMSIS/system_MK64F12.o
 .debug_macro   0x00000000       0x10 ./SDK/CMSIS/system_MK64F12.o
 .debug_macro   0x00000000       0x5c ./SDK/CMSIS/system_MK64F12.o
 .debug_macro   0x00000000       0x1c ./SDK/CMSIS/system_MK64F12.o
 .debug_macro   0x00000000       0x22 ./SDK/CMSIS/system_MK64F12.o
 .debug_macro   0x00000000       0xdf ./SDK/CMSIS/system_MK64F12.o
 .debug_macro   0x00000000      0xecf ./SDK/CMSIS/system_MK64F12.o
 .debug_macro   0x00000000       0x48 ./SDK/CMSIS/system_MK64F12.o
 .debug_macro   0x00000000     0xe07b ./SDK/CMSIS/system_MK64F12.o
 .debug_macro   0x00000000     0x122b ./SDK/CMSIS/system_MK64F12.o

Memory Configuration

Name             Origin             Length             Attributes
PROGRAM_FLASH    0x00000000         0x00100000         xr
SRAM_UPPER       0x20000000         0x00030000         xrw
SRAM_LOWER       0x1fff0000         0x00010000         xrw
FLEX_RAM         0x14000000         0x00001000         xrw
*default*        0x00000000         0xffffffff

Linker script and memory map

LOAD ./source/App.o
LOAD ./source/can.o
LOAD ./source/pinsHandler.o
LOAD ./SDK/startup/hardware.o
LOAD ./SDK/startup/main.o
LOAD ./SDK/startup/semihost_hardfault.o
LOAD ./SDK/startup/startup_mk64f12.o
LOAD ./SDK/CMSIS/system_MK64F12.o
START GROUP
LOAD c:/nxp/mcuxpressoide_10.2.0_759/ide/tools/bin/../lib/gcc/arm-none-eabi/7.2.1/../../../../arm-none-eabi/lib/thumb/v7e-m/fpv4-sp/hard\libcr_c.a
LOAD c:/nxp/mcuxpressoide_10.2.0_759/ide/tools/bin/../lib/gcc/arm-none-eabi/7.2.1/thumb/v7e-m/fpv4-sp/hard\libcr_eabihelpers.a
END GROUP
                0x00000000                __base_PROGRAM_FLASH = 0x0
                0x00000000                __base_Flash = 0x0
                0x00100000                __top_PROGRAM_FLASH = 0x100000
                0x00100000                __top_Flash = 0x100000
                0x20000000                __base_SRAM_UPPER = 0x20000000
                0x20000000                __base_RAM = 0x20000000
                0x20030000                __top_SRAM_UPPER = 0x20030000
                0x20030000                __top_RAM = 0x20030000
                0x1fff0000                __base_SRAM_LOWER = 0x1fff0000
                0x1fff0000                __base_RAM2 = 0x1fff0000
                0x20000000                __top_SRAM_LOWER = 0x20000000
                0x20000000                __top_RAM2 = 0x20000000
                0x14000000                __base_FLEX_RAM = 0x14000000
                0x14000000                __base_RAM3 = 0x14000000
                0x14001000                __top_FLEX_RAM = 0x14001000
                0x14001000                __top_RAM3 = 0x14001000

.text           0x00000000     0x1038
 FILL mask 0xff
                0x00000000                __vectors_start__ = ABSOLUTE (.)
 *(SORT_BY_ALIGNMENT(.isr_vector))
 .isr_vector    0x00000000      0x198 ./SDK/startup/startup_mk64f12.o
                0x00000000                g_pfnVectors
                0x00000000                __Vectors
                0x00000198                . = ALIGN (0x4)
                0x00000198                __section_table_start = .
                0x00000198                __data_section_table = .
                0x00000198        0x4 LONG 0x1038 LOADADDR (.data)
                0x0000019c        0x4 LONG 0x20000000 ADDR (.data)
                0x000001a0        0x4 LONG 0x20 SIZEOF (.data)
                0x000001a4        0x4 LONG 0x1038 LOADADDR (.data_RAM2)
                0x000001a8        0x4 LONG 0x1fff0000 ADDR (.data_RAM2)
                0x000001ac        0x4 LONG 0x0 SIZEOF (.data_RAM2)
                0x000001b0        0x4 LONG 0x1038 LOADADDR (.data_RAM3)
                0x000001b4        0x4 LONG 0x14000000 ADDR (.data_RAM3)
                0x000001b8        0x4 LONG 0x0 SIZEOF (.data_RAM3)
                0x000001bc                __data_section_table_end = .
                0x000001bc                __bss_section_table = .
                0x000001bc        0x4 LONG 0x20000020 ADDR (.bss)
                0x000001c0        0x4 LONG 0x200 SIZEOF (.bss)
                0x000001c4        0x4 LONG 0x1fff0000 ADDR (.bss_RAM2)
                0x000001c8        0x4 LONG 0x0 SIZEOF (.bss_RAM2)
                0x000001cc        0x4 LONG 0x14000000 ADDR (.bss_RAM3)
                0x000001d0        0x4 LONG 0x0 SIZEOF (.bss_RAM3)
                0x000001d4                __bss_section_table_end = .
                0x000001d4                __section_table_end = .
 *(SORT_BY_ALIGNMENT(.after_vectors*))
 .after_vectors.reset
                0x000001d4       0x4c ./SDK/startup/startup_mk64f12.o
                0x000001d4                ResetISR
 .after_vectors.init_data
                0x00000220       0x1e ./SDK/startup/startup_mk64f12.o
                0x00000220                data_init
 .after_vectors.init_bss
                0x0000023e       0x12 ./SDK/startup/startup_mk64f12.o
                0x0000023e                bss_init
 .after_vectors
                0x00000250       0x14 ./SDK/startup/startup_mk64f12.o
                0x00000250                NMI_Handler
                0x00000254                MemManage_Handler
                0x00000256                BusFault_Handler
                0x00000258                UsageFault_Handler
                0x0000025a                SVC_Handler
                0x0000025c                DebugMon_Handler
                0x0000025e                PendSV_Handler
                0x00000260                SysTick_Handler
                0x00000262                DMA_Error_DriverIRQHandler
                0x00000262                LPTMR0_DriverIRQHandler
                0x00000262                FTM1_DriverIRQHandler
                0x00000262                FTM2_DriverIRQHandler
                0x00000262                PIT2_DriverIRQHandler
                0x00000262                SDHC_DriverIRQHandler
                0x00000262                I2S0_Tx_DriverIRQHandler
                0x00000262                RTC_Seconds_DriverIRQHandler
                0x00000262                DMA6_DriverIRQHandler
                0x00000262                LLWU_DriverIRQHandler
                0x00000262                MCM_DriverIRQHandler
                0x00000262                MCG_DriverIRQHandler
                0x00000262                ENET_1588_Timer_DriverIRQHandler
                0x00000262                I2C2_DriverIRQHandler
                0x00000262                DAC1_DriverIRQHandler
                0x00000262                SPI1_DriverIRQHandler
                0x00000262                CMP1_DriverIRQHandler
                0x00000262                UART5_RX_TX_DriverIRQHandler
                0x00000262                FTM0_DriverIRQHandler
                0x00000262                IntDefaultHandler
                0x00000262                USB0_DriverIRQHandler
                0x00000262                UART5_ERR_DriverIRQHandler
                0x00000262                PORTC_DriverIRQHandler
                0x00000262                DMA11_DriverIRQHandler
                0x00000262                DAC0_DriverIRQHandler
                0x00000262                DMA10_DriverIRQHandler
                0x00000262                CMP2_DriverIRQHandler
                0x00000262                UART2_ERR_DriverIRQHandler
                0x00000262                SPI2_DriverIRQHandler
                0x00000262                LVD_LVW_DriverIRQHandler
                0x00000262                PIT0_DriverIRQHandler
                0x00000262                RNG_DriverIRQHandler
                0x00000262                DMA12_DriverIRQHandler
                0x00000262                DMA4_DriverIRQHandler
                0x00000262                UART2_RX_TX_DriverIRQHandler
                0x00000262                USBDCD_DriverIRQHandler
                0x00000262                UART3_ERR_DriverIRQHandler
                0x00000262                DMA3_DriverIRQHandler
                0x00000262                DMA8_DriverIRQHandler
                0x00000262                DMA9_DriverIRQHandler
                0x00000262                UART0_ERR_DriverIRQHandler
                0x00000262                CMT_DriverIRQHandler
                0x00000262                Reserved71_DriverIRQHandler
                0x00000262                ADC1_DriverIRQHandler
                0x00000262                PORTA_DriverIRQHandler
                0x00000262                DMA14_DriverIRQHandler
                0x00000262                PIT3_DriverIRQHandler
                0x00000262                PIT1_DriverIRQHandler
                0x00000262                WDOG_EWM_DriverIRQHandler
                0x00000262                PDB0_DriverIRQHandler
                0x00000262                RTC_DriverIRQHandler
                0x00000262                I2S0_Rx_DriverIRQHandler
                0x00000262                Read_Collision_DriverIRQHandler
                0x00000262                SWI_DriverIRQHandler
                0x00000262                UART4_RX_TX_DriverIRQHandler
                0x00000262                UART4_ERR_DriverIRQHandler
                0x00000262                PORTB_DriverIRQHandler
                0x00000262                UART0_LON_DriverIRQHandler
                0x00000262                DMA0_DriverIRQHandler
                0x00000262                DMA1_DriverIRQHandler
                0x00000262                I2C1_DriverIRQHandler
                0x00000262                UART3_RX_TX_DriverIRQHandler
                0x00000262                ENET_Receive_DriverIRQHandler
                0x00000262                DMA13_DriverIRQHandler
                0x00000262                ENET_Error_DriverIRQHandler
                0x00000262                DMA15_DriverIRQHandler
                0x00000262                UART0_RX_TX_DriverIRQHandler
                0x00000262                SPI0_DriverIRQHandler
                0x00000262                ADC0_DriverIRQHandler
                0x00000262                CMP0_DriverIRQHandler
                0x00000262                CAN0_DriverIRQHandler
                0x00000262                FTM3_DriverIRQHandler
                0x00000262                DMA5_DriverIRQHandler
                0x00000262                UART1_ERR_DriverIRQHandler
                0x00000262                DMA2_DriverIRQHandler
                0x00000262                ENET_Transmit_DriverIRQHandler
                0x00000262                PORTD_DriverIRQHandler
                0x00000262                PORTE_DriverIRQHandler
                0x00000262                FTFE_DriverIRQHandler
                0x00000262                I2C0_DriverIRQHandler
                0x00000262                DMA7_DriverIRQHandler
                0x00000262                UART1_RX_TX_DriverIRQHandler
                0x00000400                . = 0x400
 *fill*         0x00000264      0x19c ff
                0x00000400                PROVIDE (__FLASH_CONFIG_START__, .)
 *(SORT_BY_ALIGNMENT(.FlashConfig))
 .FlashConfig   0x00000400       0x10 ./SDK/startup/startup_mk64f12.o
                0x00000400                Flash_Config
                0x00000410                PROVIDE (__FLASH_CONFIG_END__, .)
                0x00000001                ASSERT (! ((__FLASH_CONFIG_START__ == __FLASH_CONFIG_END__)), Linker Flash Config Support Enabled, but no .FlashConfig section provided within application)
 *(SORT_BY_ALIGNMENT(.text*))
 .text.App_Init
                0x00000410       0x34 ./source/App.o
                0x00000410                App_Init
 .text.__NVIC_EnableIRQ
                0x00000444       0x3c ./source/can.o
 .text.FLEXCANinit
                0x00000480       0xdc ./source/can.o
 .text.FLEXCANenableClock
                0x0000055c       0x3c ./source/can.o
 .text.FLEXCANsetBaudRate
                0x00000598       0xb0 ./source/can.o
 .text.FLEXCANsetRxMbConfig
                0x00000648       0x9c ./source/can.o
 .text.FLEXCANTxHandler
                0x000006e4       0x38 ./source/can.o
 .text.FLEXCANRxHandler
                0x0000071c       0x5c ./source/can.o
 .text.recursiveStore
                0x00000778       0x60 ./source/can.o
 .text.CAN0_ORed_Message_buffer_IRQHandler
                0x000007d8       0x58 ./source/can.o
                0x000007d8                CAN0_ORed_Message_buffer_IRQHandler
 .text.canInit  0x00000830       0xb8 ./source/can.o
                0x00000830                canInit
 .text.canIsRxMsg
                0x000008e8       0x2c ./source/can.o
                0x000008e8                canIsRxMsg
 .text.hw_Init  0x00000914      0x10c ./SDK/startup/hardware.o
                0x00000914                hw_Init
 .text.hw_EnableInterrupts
                0x00000a20       0x30 ./SDK/startup/hardware.o
                0x00000a20                hw_EnableInterrupts
 .text.hw_DisableInterrupts
                0x00000a50       0x20 ./SDK/startup/hardware.o
                0x00000a50                hw_DisableInterrupts
 .text.SystemInit
                0x00000a70       0x3c ./SDK/CMSIS/system_MK64F12.o
                0x00000a70                SystemInit
 .text.App_Run  0x00000aac        0xc ./source/App.o
                0x00000aac                App_Run
 .text.FLEXCANenable
                0x00000ab8       0x38 ./source/can.o
 .text.FLEXCANresetRxMbConfig
                0x00000af0       0x52 ./source/can.o
 .text.FLEXCANsetTxMbConfig
                0x00000b42       0x7c ./source/can.o
 .text.FLEXCANresetTxMbConfig
                0x00000bbe       0x52 ./source/can.o
 .text.FLEXCANreadRxMb
                0x00000c10       0x86 ./source/can.o
 .text.setPCRmux
                0x00000c96       0x46 ./source/pinsHandler.o
                0x00000c96                setPCRmux
 .text.setPCRirqc
                0x00000cdc       0x46 ./source/pinsHandler.o
                0x00000cdc                setPCRirqc
 .text.main     0x00000d22       0x1a ./SDK/startup/main.o
                0x00000d22                main
 .text.HardFault_Handler
                0x00000d3c       0x2c ./SDK/startup/semihost_hardfault.o
                0x00000d3c                HardFault_Handler
 .text.DMA0_IRQHandler
                0x00000d68        0x8 ./SDK/startup/startup_mk64f12.o
                0x00000d68                DMA0_IRQHandler
 .text.DMA1_IRQHandler
                0x00000d70        0x8 ./SDK/startup/startup_mk64f12.o
                0x00000d70                DMA1_IRQHandler
 .text.DMA2_IRQHandler
                0x00000d78        0x8 ./SDK/startup/startup_mk64f12.o
                0x00000d78                DMA2_IRQHandler
 .text.DMA3_IRQHandler
                0x00000d80        0x8 ./SDK/startup/startup_mk64f12.o
                0x00000d80                DMA3_IRQHandler
 .text.DMA4_IRQHandler
                0x00000d88        0x8 ./SDK/startup/startup_mk64f12.o
                0x00000d88                DMA4_IRQHandler
 .text.DMA5_IRQHandler
                0x00000d90        0x8 ./SDK/startup/startup_mk64f12.o
                0x00000d90                DMA5_IRQHandler
 .text.DMA6_IRQHandler
                0x00000d98        0x8 ./SDK/startup/startup_mk64f12.o
                0x00000d98                DMA6_IRQHandler
 .text.DMA7_IRQHandler
                0x00000da0        0x8 ./SDK/startup/startup_mk64f12.o
                0x00000da0                DMA7_IRQHandler
 .text.DMA8_IRQHandler
                0x00000da8        0x8 ./SDK/startup/startup_mk64f12.o
                0x00000da8                DMA8_IRQHandler
 .text.DMA9_IRQHandler
                0x00000db0        0x8 ./SDK/startup/startup_mk64f12.o
                0x00000db0                DMA9_IRQHandler
 .text.DMA10_IRQHandler
                0x00000db8        0x8 ./SDK/startup/startup_mk64f12.o
                0x00000db8                DMA10_IRQHandler
 .text.DMA11_IRQHandler
                0x00000dc0        0x8 ./SDK/startup/startup_mk64f12.o
                0x00000dc0                DMA11_IRQHandler
 .text.DMA12_IRQHandler
                0x00000dc8        0x8 ./SDK/startup/startup_mk64f12.o
                0x00000dc8                DMA12_IRQHandler
 .text.DMA13_IRQHandler
                0x00000dd0        0x8 ./SDK/startup/startup_mk64f12.o
                0x00000dd0                DMA13_IRQHandler
 .text.DMA14_IRQHandler
                0x00000dd8        0x8 ./SDK/startup/startup_mk64f12.o
                0x00000dd8                DMA14_IRQHandler
 .text.DMA15_IRQHandler
                0x00000de0        0x8 ./SDK/startup/startup_mk64f12.o
                0x00000de0                DMA15_IRQHandler
 .text.DMA_Error_IRQHandler
                0x00000de8        0x8 ./SDK/startup/startup_mk64f12.o
                0x00000de8                DMA_Error_IRQHandler
 .text.MCM_IRQHandler
                0x00000df0        0x8 ./SDK/startup/startup_mk64f12.o
                0x00000df0                MCM_IRQHandler
 .text.FTFE_IRQHandler
                0x00000df8        0x8 ./SDK/startup/startup_mk64f12.o
                0x00000df8                FTFE_IRQHandler
 .text.Read_Collision_IRQHandler
                0x00000e00        0x8 ./SDK/startup/startup_mk64f12.o
                0x00000e00                Read_Collision_IRQHandler
 .text.LVD_LVW_IRQHandler
                0x00000e08        0x8 ./SDK/startup/startup_mk64f12.o
                0x00000e08                LVD_LVW_IRQHandler
 .text.LLWU_IRQHandler
                0x00000e10        0x8 ./SDK/startup/startup_mk64f12.o
                0x00000e10                LLWU_IRQHandler
 .text.WDOG_EWM_IRQHandler
                0x00000e18        0x8 ./SDK/startup/startup_mk64f12.o
                0x00000e18                WDOG_EWM_IRQHandler
 .text.RNG_IRQHandler
                0x00000e20        0x8 ./SDK/startup/startup_mk64f12.o
                0x00000e20                RNG_IRQHandler
 .text.I2C0_IRQHandler
                0x00000e28        0x8 ./SDK/startup/startup_mk64f12.o
                0x00000e28                I2C0_IRQHandler
 .text.I2C1_IRQHandler
                0x00000e30        0x8 ./SDK/startup/startup_mk64f12.o
                0x00000e30                I2C1_IRQHandler
 .text.SPI0_IRQHandler
                0x00000e38        0x8 ./SDK/startup/startup_mk64f12.o
                0x00000e38                SPI0_IRQHandler
 .text.SPI1_IRQHandler
                0x00000e40        0x8 ./SDK/startup/startup_mk64f12.o
                0x00000e40                SPI1_IRQHandler
 .text.I2S0_Tx_IRQHandler
                0x00000e48        0x8 ./SDK/startup/startup_mk64f12.o
                0x00000e48                I2S0_Tx_IRQHandler
 .text.I2S0_Rx_IRQHandler
                0x00000e50        0x8 ./SDK/startup/startup_mk64f12.o
                0x00000e50                I2S0_Rx_IRQHandler
 .text.UART0_LON_IRQHandler
                0x00000e58        0x8 ./SDK/startup/startup_mk64f12.o
                0x00000e58                UART0_LON_IRQHandler
 .text.UART0_RX_TX_IRQHandler
                0x00000e60        0x8 ./SDK/startup/startup_mk64f12.o
                0x00000e60                UART0_RX_TX_IRQHandler
 .text.UART0_ERR_IRQHandler
                0x00000e68        0x8 ./SDK/startup/startup_mk64f12.o
                0x00000e68                UART0_ERR_IRQHandler
 .text.UART1_RX_TX_IRQHandler
                0x00000e70        0x8 ./SDK/startup/startup_mk64f12.o
                0x00000e70                UART1_RX_TX_IRQHandler
 .text.UART1_ERR_IRQHandler
                0x00000e78        0x8 ./SDK/startup/startup_mk64f12.o
                0x00000e78                UART1_ERR_IRQHandler
 .text.UART2_RX_TX_IRQHandler
                0x00000e80        0x8 ./SDK/startup/startup_mk64f12.o
                0x00000e80                UART2_RX_TX_IRQHandler
 .text.UART2_ERR_IRQHandler
                0x00000e88        0x8 ./SDK/startup/startup_mk64f12.o
                0x00000e88                UART2_ERR_IRQHandler
 .text.UART3_RX_TX_IRQHandler
                0x00000e90        0x8 ./SDK/startup/startup_mk64f12.o
                0x00000e90                UART3_RX_TX_IRQHandler
 .text.UART3_ERR_IRQHandler
                0x00000e98        0x8 ./SDK/startup/startup_mk64f12.o
                0x00000e98                UART3_ERR_IRQHandler
 .text.ADC0_IRQHandler
                0x00000ea0        0x8 ./SDK/startup/startup_mk64f12.o
                0x00000ea0                ADC0_IRQHandler
 .text.CMP0_IRQHandler
                0x00000ea8        0x8 ./SDK/startup/startup_mk64f12.o
                0x00000ea8                CMP0_IRQHandler
 .text.CMP1_IRQHandler
                0x00000eb0        0x8 ./SDK/startup/startup_mk64f12.o
                0x00000eb0                CMP1_IRQHandler
 .text.FTM0_IRQHandler
                0x00000eb8        0x8 ./SDK/startup/startup_mk64f12.o
                0x00000eb8                FTM0_IRQHandler
 .text.FTM1_IRQHandler
                0x00000ec0        0x8 ./SDK/startup/startup_mk64f12.o
                0x00000ec0                FTM1_IRQHandler
 .text.FTM2_IRQHandler
                0x00000ec8        0x8 ./SDK/startup/startup_mk64f12.o
                0x00000ec8                FTM2_IRQHandler
 .text.CMT_IRQHandler
                0x00000ed0        0x8 ./SDK/startup/startup_mk64f12.o
                0x00000ed0                CMT_IRQHandler
 .text.RTC_IRQHandler
                0x00000ed8        0x8 ./SDK/startup/startup_mk64f12.o
                0x00000ed8                RTC_IRQHandler
 .text.RTC_Seconds_IRQHandler
                0x00000ee0        0x8 ./SDK/startup/startup_mk64f12.o
                0x00000ee0                RTC_Seconds_IRQHandler
 .text.PIT0_IRQHandler
                0x00000ee8        0x8 ./SDK/startup/startup_mk64f12.o
                0x00000ee8                PIT0_IRQHandler
 .text.PIT1_IRQHandler
                0x00000ef0        0x8 ./SDK/startup/startup_mk64f12.o
                0x00000ef0                PIT1_IRQHandler
 .text.PIT2_IRQHandler
                0x00000ef8        0x8 ./SDK/startup/startup_mk64f12.o
                0x00000ef8                PIT2_IRQHandler
 .text.PIT3_IRQHandler
                0x00000f00        0x8 ./SDK/startup/startup_mk64f12.o
                0x00000f00                PIT3_IRQHandler
 .text.PDB0_IRQHandler
                0x00000f08        0x8 ./SDK/startup/startup_mk64f12.o
                0x00000f08                PDB0_IRQHandler
 .text.USB0_IRQHandler
                0x00000f10        0x8 ./SDK/startup/startup_mk64f12.o
                0x00000f10                USB0_IRQHandler
 .text.USBDCD_IRQHandler
                0x00000f18        0x8 ./SDK/startup/startup_mk64f12.o
                0x00000f18                USBDCD_IRQHandler
 .text.Reserved71_IRQHandler
                0x00000f20        0x8 ./SDK/startup/startup_mk64f12.o
                0x00000f20                Reserved71_IRQHandler
 .text.DAC0_IRQHandler
                0x00000f28        0x8 ./SDK/startup/startup_mk64f12.o
                0x00000f28                DAC0_IRQHandler
 .text.MCG_IRQHandler
                0x00000f30        0x8 ./SDK/startup/startup_mk64f12.o
                0x00000f30                MCG_IRQHandler
 .text.LPTMR0_IRQHandler
                0x00000f38        0x8 ./SDK/startup/startup_mk64f12.o
                0x00000f38                LPTMR0_IRQHandler
 .text.PORTA_IRQHandler
                0x00000f40        0x8 ./SDK/startup/startup_mk64f12.o
                0x00000f40                PORTA_IRQHandler
 .text.PORTB_IRQHandler
                0x00000f48        0x8 ./SDK/startup/startup_mk64f12.o
                0x00000f48                PORTB_IRQHandler
 .text.PORTC_IRQHandler
                0x00000f50        0x8 ./SDK/startup/startup_mk64f12.o
                0x00000f50                PORTC_IRQHandler
 .text.PORTD_IRQHandler
                0x00000f58        0x8 ./SDK/startup/startup_mk64f12.o
                0x00000f58                PORTD_IRQHandler
 .text.PORTE_IRQHandler
                0x00000f60        0x8 ./SDK/startup/startup_mk64f12.o
                0x00000f60                PORTE_IRQHandler
 .text.SWI_IRQHandler
                0x00000f68        0x8 ./SDK/startup/startup_mk64f12.o
                0x00000f68                SWI_IRQHandler
 .text.SPI2_IRQHandler
                0x00000f70        0x8 ./SDK/startup/startup_mk64f12.o
                0x00000f70                SPI2_IRQHandler
 .text.UART4_RX_TX_IRQHandler
                0x00000f78        0x8 ./SDK/startup/startup_mk64f12.o
                0x00000f78                UART4_RX_TX_IRQHandler
 .text.UART4_ERR_IRQHandler
                0x00000f80        0x8 ./SDK/startup/startup_mk64f12.o
                0x00000f80                UART4_ERR_IRQHandler
 .text.UART5_RX_TX_IRQHandler
                0x00000f88        0x8 ./SDK/startup/startup_mk64f12.o
                0x00000f88                UART5_RX_TX_IRQHandler
 .text.UART5_ERR_IRQHandler
                0x00000f90        0x8 ./SDK/startup/startup_mk64f12.o
                0x00000f90                UART5_ERR_IRQHandler
 .text.CMP2_IRQHandler
                0x00000f98        0x8 ./SDK/startup/startup_mk64f12.o
                0x00000f98                CMP2_IRQHandler
 .text.FTM3_IRQHandler
                0x00000fa0        0x8 ./SDK/startup/startup_mk64f12.o
                0x00000fa0                FTM3_IRQHandler
 .text.DAC1_IRQHandler
                0x00000fa8        0x8 ./SDK/startup/startup_mk64f12.o
                0x00000fa8                DAC1_IRQHandler
 .text.ADC1_IRQHandler
                0x00000fb0        0x8 ./SDK/startup/startup_mk64f12.o
                0x00000fb0                ADC1_IRQHandler
 .text.I2C2_IRQHandler
                0x00000fb8        0x8 ./SDK/startup/startup_mk64f12.o
                0x00000fb8                I2C2_IRQHandler
 .text.CAN0_Bus_Off_IRQHandler
                0x00000fc0        0x8 ./SDK/startup/startup_mk64f12.o
                0x00000fc0                CAN0_Bus_Off_IRQHandler
 .text.CAN0_Error_IRQHandler
                0x00000fc8        0x8 ./SDK/startup/startup_mk64f12.o
                0x00000fc8                CAN0_Error_IRQHandler
 .text.CAN0_Tx_Warning_IRQHandler
                0x00000fd0        0x8 ./SDK/startup/startup_mk64f12.o
                0x00000fd0                CAN0_Tx_Warning_IRQHandler
 .text.CAN0_Rx_Warning_IRQHandler
                0x00000fd8        0x8 ./SDK/startup/startup_mk64f12.o
                0x00000fd8                CAN0_Rx_Warning_IRQHandler
 .text.CAN0_Wake_Up_IRQHandler
                0x00000fe0        0x8 ./SDK/startup/startup_mk64f12.o
                0x00000fe0                CAN0_Wake_Up_IRQHandler
 .text.SDHC_IRQHandler
                0x00000fe8        0x8 ./SDK/startup/startup_mk64f12.o
                0x00000fe8                SDHC_IRQHandler
 .text.ENET_1588_Timer_IRQHandler
                0x00000ff0        0x8 ./SDK/startup/startup_mk64f12.o
                0x00000ff0                ENET_1588_Timer_IRQHandler
 .text.ENET_Transmit_IRQHandler
                0x00000ff8        0x8 ./SDK/startup/startup_mk64f12.o
                0x00000ff8                ENET_Transmit_IRQHandler
 .text.ENET_Receive_IRQHandler
                0x00001000        0x8 ./SDK/startup/startup_mk64f12.o
                0x00001000                ENET_Receive_IRQHandler
 .text.ENET_Error_IRQHandler
                0x00001008        0x8 ./SDK/startup/startup_mk64f12.o
                0x00001008                ENET_Error_IRQHandler
 .text.SystemInitHook
                0x00001010        0xe ./SDK/CMSIS/system_MK64F12.o
                0x00001010                SystemInitHook
 *(SORT_BY_ALIGNMENT(.rodata) SORT_BY_ALIGNMENT(.rodata.*) SORT_BY_ALIGNMENT(.constdata) SORT_BY_ALIGNMENT(.constdata.*))
 *fill*         0x0000101e        0x2 ff
 .rodata        0x00001020       0x14 ./source/can.o
                0x00001038                . = ALIGN (0x8)
 *fill*         0x00001034        0x4 ff

.glue_7         0x00001038        0x0
 .glue_7        0x00001038        0x0 linker stubs

.glue_7t        0x00001038        0x0
 .glue_7t       0x00001038        0x0 linker stubs

.vfp11_veneer   0x00001038        0x0
 .vfp11_veneer  0x00001038        0x0 linker stubs

.v4_bx          0x00001038        0x0
 .v4_bx         0x00001038        0x0 linker stubs

.iplt           0x00001038        0x0
 .iplt          0x00001038        0x0 ./source/App.o

.rel.dyn        0x00001038        0x0
 .rel.iplt      0x00001038        0x0 ./source/App.o

.ARM.extab
 *(SORT_BY_ALIGNMENT(.ARM.extab*) SORT_BY_ALIGNMENT(.gnu.linkonce.armextab.*))
                0x00001038                __exidx_start = .

.ARM.exidx
 *(SORT_BY_ALIGNMENT(.ARM.exidx*) SORT_BY_ALIGNMENT(.gnu.linkonce.armexidx.*))
                0x00001038                __exidx_end = .
                0x00001038                _etext = .

.m_usb_data
 *(SORT_BY_ALIGNMENT(m_usb_bdt))

.data_RAM2      0x1fff0000        0x0 load address 0x00001038
 FILL mask 0xff
                [!provide]                PROVIDE (__start_data_RAM2, .)
 *(SORT_BY_ALIGNMENT(.ramfunc.$RAM2))
 *(SORT_BY_ALIGNMENT(.ramfunc.$SRAM_LOWER))
 *(SORT_BY_ALIGNMENT(.data.$RAM2*))
 *(SORT_BY_ALIGNMENT(.data.$SRAM_LOWER*))
                0x1fff0000                . = ALIGN (0x8)
                [!provide]                PROVIDE (__end_data_RAM2, .)

.data_RAM3      0x14000000        0x0 load address 0x00001038
 FILL mask 0xff
                [!provide]                PROVIDE (__start_data_RAM3, .)
 *(SORT_BY_ALIGNMENT(.ramfunc.$RAM3))
 *(SORT_BY_ALIGNMENT(.ramfunc.$FLEX_RAM))
 *(SORT_BY_ALIGNMENT(.data.$RAM3*))
 *(SORT_BY_ALIGNMENT(.data.$FLEX_RAM*))
                0x14000000                . = ALIGN (0x8)
                [!provide]                PROVIDE (__end_data_RAM3, .)

.uninit_RESERVED
                0x20000000        0x0
 *(SORT_BY_ALIGNMENT(.bss.$RESERVED*))
                0x20000000                . = ALIGN (0x4)
                0x20000000                _end_uninit_RESERVED = .

.data           0x20000000       0x20 load address 0x00001038
 FILL mask 0xff
                0x20000000                _data = .
 *(SORT_BY_ALIGNMENT(vtable))
 *(SORT_BY_ALIGNMENT(.ramfunc*))
 *(SORT_BY_ALIGNMENT(.data*))
 .data.idsArray
                0x20000000       0x1c ./source/App.o
                0x20000020                . = ALIGN (0x8)
 *fill*         0x2000001c        0x4 ff
                0x20000020                _edata = .

.igot.plt       0x20000020        0x0 load address 0x00001058
 .igot.plt      0x20000020        0x0 ./source/App.o

.bss_RAM2       0x1fff0000        0x0
                [!provide]                PROVIDE (__start_bss_RAM2, .)
 *(SORT_BY_ALIGNMENT(.bss.$RAM2*))
 *(SORT_BY_ALIGNMENT(.bss.$SRAM_LOWER*))
                0x1fff0000                . = ALIGN ((. != 0x0)?0x8:0x1)
                [!provide]                PROVIDE (__end_bss_RAM2, .)

.bss_RAM3       0x14000000        0x0
                [!provide]                PROVIDE (__start_bss_RAM3, .)
 *(SORT_BY_ALIGNMENT(.bss.$RAM3*))
 *(SORT_BY_ALIGNMENT(.bss.$FLEX_RAM*))
                0x14000000                . = ALIGN ((. != 0x0)?0x8:0x1)
                [!provide]                PROVIDE (__end_bss_RAM3, .)

.bss            0x20000020      0x200
                0x20000020                _bss = .
 *(SORT_BY_ALIGNMENT(.bss*))
 .bss.rxFrame   0x20000020       0x10 ./source/can.o
 .bss.rxBuffer  0x20000030      0x1e4 ./source/can.o
 .bss.srcClockHz
                0x20000214        0x4 ./source/can.o
 .bss.__LDM_interruptDisableCount
                0x20000218        0x4 ./SDK/startup/hardware.o
 .bss.sendingTx
                0x2000021c        0x1 ./source/can.o
 .bss.MbNum     0x2000021d        0x1 ./source/can.o
 *(SORT_BY_ALIGNMENT(COMMON))
                0x20000220                . = ALIGN (0x8)
 *fill*         0x2000021e        0x2 
                0x20000220                _ebss = .
                [!provide]                PROVIDE (end, .)

.noinit_RAM2    0x1fff0000        0x0
 *(SORT_BY_ALIGNMENT(.noinit.$RAM2*))
 *(SORT_BY_ALIGNMENT(.noinit.$SRAM_LOWER*))
                0x1fff0000                . = ALIGN (0x8)

.noinit_RAM3    0x14000000        0x0
 *(SORT_BY_ALIGNMENT(.noinit.$RAM3*))
 *(SORT_BY_ALIGNMENT(.noinit.$FLEX_RAM*))
                0x14000000                . = ALIGN (0x8)

.noinit         0x20000220        0x0
                0x20000220                _noinit = .
 *(SORT_BY_ALIGNMENT(.noinit*))
                0x20000220                . = ALIGN (0x8)
                0x20000220                _end_noinit = .
                0x00001000                _HeapSize = 0x1000

.heap           0x20000220     0x1000
                0x20000220                _pvHeapStart = .
                0x20001220                . = (. + _HeapSize)
 *fill*         0x20000220     0x1000 
                0x20001220                . = ALIGN (0x8)
                0x20001220                _pvHeapLimit = .
                0x00001000                _StackSize = 0x1000

.heap2stackfill
                0x20001220     0x1000
                0x20002220                . = (. + _StackSize)
 *fill*         0x20001220     0x1000 

.stack          0x2002f000        0x0
                0x2002f000                _vStackBase = .
                0x2002f000                . = ALIGN (0x8)
                0x20030000                _vStackTop = (. + _StackSize)
                0x00000000                _image_start = LOADADDR (.text)
                0x00001058                _image_end = (LOADADDR (.data) + SIZEOF (.data))
                0x00001058                _image_size = (_image_end - _image_start)
OUTPUT(CAN.axf elf32-littlearm)

.debug_info     0x00000000     0x2a67
 .debug_info    0x00000000      0x175 ./source/App.o
 .debug_info    0x00000175      0xf9c ./source/can.o
 .debug_info    0x00001111      0x343 ./source/pinsHandler.o
 .debug_info    0x00001454      0x675 ./SDK/startup/hardware.o
 .debug_info    0x00001ac9       0xb7 ./SDK/startup/main.o
 .debug_info    0x00001b80       0x3b ./SDK/startup/semihost_hardfault.o
 .debug_info    0x00001bbb      0x8b0 ./SDK/startup/startup_mk64f12.o
 .debug_info    0x0000246b      0x5fc ./SDK/CMSIS/system_MK64F12.o

.debug_abbrev   0x00000000      0x949
 .debug_abbrev  0x00000000       0xce ./source/App.o
 .debug_abbrev  0x000000ce      0x2ba ./source/can.o
 .debug_abbrev  0x00000388      0x142 ./source/pinsHandler.o
 .debug_abbrev  0x000004ca      0x138 ./SDK/startup/hardware.o
 .debug_abbrev  0x00000602       0x7d ./SDK/startup/main.o
 .debug_abbrev  0x0000067f       0x2f ./SDK/startup/semihost_hardfault.o
 .debug_abbrev  0x000006ae      0x15c ./SDK/startup/startup_mk64f12.o
 .debug_abbrev  0x0000080a      0x13f ./SDK/CMSIS/system_MK64F12.o

.debug_aranges  0x00000000      0x508
 .debug_aranges
                0x00000000       0x28 ./source/App.o
 .debug_aranges
                0x00000028       0xc8 ./source/can.o
 .debug_aranges
                0x000000f0       0x48 ./source/pinsHandler.o
 .debug_aranges
                0x00000138       0x30 ./SDK/startup/hardware.o
 .debug_aranges
                0x00000168       0x20 ./SDK/startup/main.o
 .debug_aranges
                0x00000188       0x20 ./SDK/startup/semihost_hardfault.o
 .debug_aranges
                0x000001a8      0x330 ./SDK/startup/startup_mk64f12.o
 .debug_aranges
                0x000004d8       0x30 ./SDK/CMSIS/system_MK64F12.o

.debug_ranges   0x00000000      0x488
 .debug_ranges  0x00000000       0x18 ./source/App.o
 .debug_ranges  0x00000018       0xb8 ./source/can.o
 .debug_ranges  0x000000d0       0x38 ./source/pinsHandler.o
 .debug_ranges  0x00000108       0x20 ./SDK/startup/hardware.o
 .debug_ranges  0x00000128       0x10 ./SDK/startup/main.o
 .debug_ranges  0x00000138       0x10 ./SDK/startup/semihost_hardfault.o
 .debug_ranges  0x00000148      0x320 ./SDK/startup/startup_mk64f12.o
 .debug_ranges  0x00000468       0x20 ./SDK/CMSIS/system_MK64F12.o

.debug_macro    0x00000000    0x1155c
 .debug_macro   0x00000000       0x4f ./source/App.o
 .debug_macro   0x0000004f      0xa5a ./source/App.o
 .debug_macro   0x00000aa9      0x34e ./source/App.o
 .debug_macro   0x00000df7       0x22 ./source/App.o
 .debug_macro   0x00000e19      0x119 ./source/can.o
 .debug_macro   0x00000f32       0x5c ./source/can.o
 .debug_macro   0x00000f8e       0x1c ./source/can.o
 .debug_macro   0x00000faa       0x22 ./source/can.o
 .debug_macro   0x00000fcc       0xdf ./source/can.o
 .debug_macro   0x000010ab      0xecf ./source/can.o
 .debug_macro   0x00001f7a       0x48 ./source/can.o
 .debug_macro   0x00001fc2     0xe07b ./source/can.o
 .debug_macro   0x0001003d       0x10 ./source/can.o
 .debug_macro   0x0001004d     0x122b ./source/can.o
 .debug_macro   0x00011278       0x16 ./source/can.o
 .debug_macro   0x0001128e       0x28 ./source/can.o
 .debug_macro   0x000112b6       0x92 ./source/pinsHandler.o
 .debug_macro   0x00011348       0x22 ./source/pinsHandler.o
 .debug_macro   0x0001136a       0x9c ./SDK/startup/hardware.o
 .debug_macro   0x00011406       0x9c ./SDK/startup/main.o
 .debug_macro   0x000114a2       0x11 ./SDK/startup/semihost_hardfault.o
 .debug_macro   0x000114b3       0x29 ./SDK/startup/startup_mk64f12.o
 .debug_macro   0x000114dc       0x80 ./SDK/CMSIS/system_MK64F12.o

.debug_line     0x00000000     0x1301
 .debug_line    0x00000000       0xd7 ./source/App.o
 .debug_line    0x000000d7      0x445 ./source/can.o
 .debug_line    0x0000051c      0x1a4 ./source/pinsHandler.o
 .debug_line    0x000006c0      0x1d4 ./SDK/startup/hardware.o
 .debug_line    0x00000894      0x175 ./SDK/startup/main.o
 .debug_line    0x00000a09       0x59 ./SDK/startup/semihost_hardfault.o
 .debug_line    0x00000a62      0x6d8 ./SDK/startup/startup_mk64f12.o
 .debug_line    0x0000113a      0x1c7 ./SDK/CMSIS/system_MK64F12.o

.debug_str      0x00000000    0x7852b
 .debug_str     0x00000000     0x3750 ./source/App.o
                               0x38b8 (size before relaxing)
 .debug_str     0x00003750    0x742ef ./source/can.o
                              0x77b94 (size before relaxing)
 .debug_str     0x00077a3f       0xab ./source/pinsHandler.o
                              0x705f6 (size before relaxing)
 .debug_str     0x00077aea      0x178 ./SDK/startup/hardware.o
                              0x771ec (size before relaxing)
 .debug_str     0x00077c62       0x1b ./SDK/startup/main.o
                              0x76fc0 (size before relaxing)
 .debug_str     0x00077c7d       0x36 ./SDK/startup/semihost_hardfault.o
                               0x2d26 (size before relaxing)
 .debug_str     0x00077cb3      0x816 ./SDK/startup/startup_mk64f12.o
                               0x3594 (size before relaxing)
 .debug_str     0x000784c9       0x62 ./SDK/CMSIS/system_MK64F12.o
                              0x770fb (size before relaxing)

.comment        0x00000000       0x7e
 .comment       0x00000000       0x7e ./source/App.o
                                 0x7f (size before relaxing)
 .comment       0x0000007e       0x7f ./source/can.o
 .comment       0x0000007e       0x7f ./source/pinsHandler.o
 .comment       0x0000007e       0x7f ./SDK/startup/hardware.o
 .comment       0x0000007e       0x7f ./SDK/startup/main.o
 .comment       0x0000007e       0x7f ./SDK/startup/semihost_hardfault.o
 .comment       0x0000007e       0x7f ./SDK/startup/startup_mk64f12.o
 .comment       0x0000007e       0x7f ./SDK/CMSIS/system_MK64F12.o

.ARM.attributes
                0x00000000       0x39
 .ARM.attributes
                0x00000000       0x39 ./source/App.o
 .ARM.attributes
                0x00000039       0x39 ./source/can.o
 .ARM.attributes
                0x00000072       0x39 ./source/pinsHandler.o
 .ARM.attributes
                0x000000ab       0x39 ./SDK/startup/hardware.o
 .ARM.attributes
                0x000000e4       0x39 ./SDK/startup/main.o
 .ARM.attributes
                0x0000011d       0x39 ./SDK/startup/semihost_hardfault.o
 .ARM.attributes
                0x00000156       0x39 ./SDK/startup/startup_mk64f12.o
 .ARM.attributes
                0x0000018f       0x39 ./SDK/CMSIS/system_MK64F12.o

.debug_frame    0x00000000      0xee0
 .debug_frame   0x00000000       0x50 ./source/App.o
 .debug_frame   0x00000050      0x35c ./source/can.o
 .debug_frame   0x000003ac      0x100 ./source/pinsHandler.o
 .debug_frame   0x000004ac       0x70 ./SDK/startup/hardware.o
 .debug_frame   0x0000051c       0x2c ./SDK/startup/main.o
 .debug_frame   0x00000548       0x20 ./SDK/startup/semihost_hardfault.o
 .debug_frame   0x00000568      0x904 ./SDK/startup/startup_mk64f12.o
 .debug_frame   0x00000e6c       0x74 ./SDK/CMSIS/system_MK64F12.o
