
Discarded input sections

 .group         0x00000000        0xc ./source/App.o
 .group         0x00000000        0xc ./source/App.o
 .group         0x00000000        0xc ./source/App.o
 .group         0x00000000        0xc ./source/App.o
 .group         0x00000000        0xc ./source/App.o
 .group         0x00000000        0xc ./source/App.o
 .group         0x00000000        0xc ./source/App.o
 .group         0x00000000        0xc ./source/App.o
 .group         0x00000000        0xc ./source/App.o
 .group         0x00000000        0xc ./source/App.o
 .group         0x00000000        0xc ./source/App.o
 .text          0x00000000        0x0 ./source/App.o
 .data          0x00000000        0x0 ./source/App.o
 .bss           0x00000000        0x0 ./source/App.o
 .group         0x00000000        0xc ./source/FXOS8700CQ.o
 .group         0x00000000        0xc ./source/FXOS8700CQ.o
 .group         0x00000000        0xc ./source/FXOS8700CQ.o
 .group         0x00000000        0xc ./source/FXOS8700CQ.o
 .group         0x00000000        0xc ./source/FXOS8700CQ.o
 .group         0x00000000        0xc ./source/FXOS8700CQ.o
 .group         0x00000000        0xc ./source/FXOS8700CQ.o
 .group         0x00000000        0xc ./source/FXOS8700CQ.o
 .group         0x00000000        0xc ./source/FXOS8700CQ.o
 .group         0x00000000        0xc ./source/FXOS8700CQ.o
 .text          0x00000000        0x0 ./source/FXOS8700CQ.o
 .data          0x00000000        0x0 ./source/FXOS8700CQ.o
 .bss           0x00000000        0x0 ./source/FXOS8700CQ.o
 .debug_macro   0x00000000      0xa5a ./source/FXOS8700CQ.o
 .debug_macro   0x00000000      0x34e ./source/FXOS8700CQ.o
 .debug_macro   0x00000000       0x22 ./source/FXOS8700CQ.o
 .debug_macro   0x00000000       0x5c ./source/FXOS8700CQ.o
 .debug_macro   0x00000000       0x1c ./source/FXOS8700CQ.o
 .debug_macro   0x00000000       0x22 ./source/FXOS8700CQ.o
 .debug_macro   0x00000000       0xdf ./source/FXOS8700CQ.o
 .debug_macro   0x00000000      0xecf ./source/FXOS8700CQ.o
 .debug_macro   0x00000000       0x48 ./source/FXOS8700CQ.o
 .debug_macro   0x00000000     0xe07b ./source/FXOS8700CQ.o
 .group         0x00000000        0xc ./source/SysTick.o
 .group         0x00000000        0xc ./source/SysTick.o
 .group         0x00000000        0xc ./source/SysTick.o
 .group         0x00000000        0xc ./source/SysTick.o
 .group         0x00000000        0xc ./source/SysTick.o
 .group         0x00000000        0xc ./source/SysTick.o
 .group         0x00000000        0xc ./source/SysTick.o
 .group         0x00000000        0xc ./source/SysTick.o
 .group         0x00000000        0xc ./source/SysTick.o
 .group         0x00000000        0xc ./source/SysTick.o
 .group         0x00000000        0xc ./source/SysTick.o
 .text          0x00000000        0x0 ./source/SysTick.o
 .data          0x00000000        0x0 ./source/SysTick.o
 .bss           0x00000000        0x0 ./source/SysTick.o
 .text.__NVIC_EnableIRQ
                0x00000000       0x3c ./source/SysTick.o
 .text.SysTick_Init
                0x00000000       0x50 ./source/SysTick.o
 .debug_macro   0x00000000      0xa5a ./source/SysTick.o
 .debug_macro   0x00000000       0x22 ./source/SysTick.o
 .debug_macro   0x00000000       0x5c ./source/SysTick.o
 .debug_macro   0x00000000      0x34e ./source/SysTick.o
 .debug_macro   0x00000000       0x1c ./source/SysTick.o
 .debug_macro   0x00000000       0x22 ./source/SysTick.o
 .debug_macro   0x00000000       0xdf ./source/SysTick.o
 .debug_macro   0x00000000      0xecf ./source/SysTick.o
 .debug_macro   0x00000000       0x48 ./source/SysTick.o
 .debug_macro   0x00000000     0xe07b ./source/SysTick.o
 .group         0x00000000        0xc ./source/i2c.o
 .group         0x00000000        0xc ./source/i2c.o
 .group         0x00000000        0xc ./source/i2c.o
 .group         0x00000000        0xc ./source/i2c.o
 .group         0x00000000        0xc ./source/i2c.o
 .group         0x00000000        0xc ./source/i2c.o
 .group         0x00000000        0xc ./source/i2c.o
 .group         0x00000000        0xc ./source/i2c.o
 .group         0x00000000        0xc ./source/i2c.o
 .group         0x00000000        0xc ./source/i2c.o
 .group         0x00000000        0xc ./source/i2c.o
 .group         0x00000000        0xc ./source/i2c.o
 .group         0x00000000        0xc ./source/i2c.o
 .group         0x00000000        0xc ./source/i2c.o
 .group         0x00000000        0xc ./source/i2c.o
 .group         0x00000000        0xc ./source/i2c.o
 .group         0x00000000        0xc ./source/i2c.o
 .group         0x00000000        0xc ./source/i2c.o
 .group         0x00000000        0xc ./source/i2c.o
 .group         0x00000000        0xc ./source/i2c.o
 .group         0x00000000        0xc ./source/i2c.o
 .group         0x00000000        0xc ./source/i2c.o
 .group         0x00000000        0xc ./source/i2c.o
 .group         0x00000000        0xc ./source/i2c.o
 .group         0x00000000        0xc ./source/i2c.o
 .group         0x00000000        0xc ./source/i2c.o
 .group         0x00000000        0xc ./source/i2c.o
 .group         0x00000000        0xc ./source/i2c.o
 .group         0x00000000        0xc ./source/i2c.o
 .group         0x00000000        0xc ./source/i2c.o
 .group         0x00000000        0xc ./source/i2c.o
 .group         0x00000000        0xc ./source/i2c.o
 .group         0x00000000        0xc ./source/i2c.o
 .group         0x00000000        0xc ./source/i2c.o
 .group         0x00000000        0xc ./source/i2c.o
 .group         0x00000000        0xc ./source/i2c.o
 .group         0x00000000        0xc ./source/i2c.o
 .group         0x00000000        0xc ./source/i2c.o
 .group         0x00000000        0xc ./source/i2c.o
 .group         0x00000000        0xc ./source/i2c.o
 .group         0x00000000        0xc ./source/i2c.o
 .group         0x00000000        0xc ./source/i2c.o
 .group         0x00000000        0xc ./source/i2c.o
 .text          0x00000000        0x0 ./source/i2c.o
 .data          0x00000000        0x0 ./source/i2c.o
 .bss           0x00000000        0x0 ./source/i2c.o
 .text.I2C_TXRX_master_non_blocking
                0x00000000       0x22 ./source/i2c.o
 .debug_macro   0x00000000      0xa5a ./source/i2c.o
 .debug_macro   0x00000000      0x34e ./source/i2c.o
 .debug_macro   0x00000000       0x22 ./source/i2c.o
 .debug_macro   0x00000000       0x5c ./source/i2c.o
 .debug_macro   0x00000000       0x1c ./source/i2c.o
 .debug_macro   0x00000000       0x22 ./source/i2c.o
 .debug_macro   0x00000000       0xdf ./source/i2c.o
 .debug_macro   0x00000000      0xecf ./source/i2c.o
 .debug_macro   0x00000000       0x48 ./source/i2c.o
 .debug_macro   0x00000000     0xe07b ./source/i2c.o
 .group         0x00000000        0xc ./source/pinsHandler.o
 .group         0x00000000        0xc ./source/pinsHandler.o
 .group         0x00000000        0xc ./source/pinsHandler.o
 .group         0x00000000        0xc ./source/pinsHandler.o
 .group         0x00000000        0xc ./source/pinsHandler.o
 .group         0x00000000        0xc ./source/pinsHandler.o
 .group         0x00000000        0xc ./source/pinsHandler.o
 .group         0x00000000        0xc ./source/pinsHandler.o
 .group         0x00000000        0xc ./source/pinsHandler.o
 .group         0x00000000        0xc ./source/pinsHandler.o
 .group         0x00000000        0xc ./source/pinsHandler.o
 .text          0x00000000        0x0 ./source/pinsHandler.o
 .data          0x00000000        0x0 ./source/pinsHandler.o
 .bss           0x00000000        0x0 ./source/pinsHandler.o
 .text.isPinValid
                0x00000000       0x26 ./source/pinsHandler.o
 .text.setPCRmux
                0x00000000       0x46 ./source/pinsHandler.o
 .text.setPCRpullEnable
                0x00000000       0x30 ./source/pinsHandler.o
 .text.setPCRpullUp
                0x00000000       0x30 ./source/pinsHandler.o
 .text.setPCRpullDown
                0x00000000       0x32 ./source/pinsHandler.o
 .text.setPCRopenDrainEnable
                0x00000000       0x2c ./source/pinsHandler.o
 .text.setPCRirqc
                0x00000000       0x46 ./source/pinsHandler.o
 .debug_info    0x00000000      0x375 ./source/pinsHandler.o
 .debug_abbrev  0x00000000      0x142 ./source/pinsHandler.o
 .debug_aranges
                0x00000000       0x50 ./source/pinsHandler.o
 .debug_ranges  0x00000000       0x40 ./source/pinsHandler.o
 .debug_macro   0x00000000       0x86 ./source/pinsHandler.o
 .debug_macro   0x00000000      0xa5a ./source/pinsHandler.o
 .debug_macro   0x00000000       0x5c ./source/pinsHandler.o
 .debug_macro   0x00000000      0x34e ./source/pinsHandler.o
 .debug_macro   0x00000000       0x1c ./source/pinsHandler.o
 .debug_macro   0x00000000       0x22 ./source/pinsHandler.o
 .debug_macro   0x00000000       0xdf ./source/pinsHandler.o
 .debug_macro   0x00000000      0xecf ./source/pinsHandler.o
 .debug_macro   0x00000000       0x48 ./source/pinsHandler.o
 .debug_macro   0x00000000     0xe07b ./source/pinsHandler.o
 .debug_macro   0x00000000       0x22 ./source/pinsHandler.o
 .debug_macro   0x00000000       0x22 ./source/pinsHandler.o
 .debug_line    0x00000000      0x1b5 ./source/pinsHandler.o
 .debug_str     0x00000000    0x7060a ./source/pinsHandler.o
 .comment       0x00000000       0x7f ./source/pinsHandler.o
 .debug_frame   0x00000000      0x128 ./source/pinsHandler.o
 .ARM.attributes
                0x00000000       0x39 ./source/pinsHandler.o
 .group         0x00000000        0xc ./source/spi.o
 .group         0x00000000        0xc ./source/spi.o
 .group         0x00000000        0xc ./source/spi.o
 .group         0x00000000        0xc ./source/spi.o
 .group         0x00000000        0xc ./source/spi.o
 .group         0x00000000        0xc ./source/spi.o
 .group         0x00000000        0xc ./source/spi.o
 .group         0x00000000        0xc ./source/spi.o
 .group         0x00000000        0xc ./source/spi.o
 .group         0x00000000        0xc ./source/spi.o
 .group         0x00000000        0xc ./source/spi.o
 .group         0x00000000        0xc ./source/spi.o
 .text          0x00000000        0x0 ./source/spi.o
 .data          0x00000000        0x0 ./source/spi.o
 .bss           0x00000000        0x0 ./source/spi.o
 .debug_info    0x00000000       0x9a ./source/spi.o
 .debug_abbrev  0x00000000       0x5f ./source/spi.o
 .debug_aranges
                0x00000000       0x18 ./source/spi.o
 .debug_macro   0x00000000       0x8f ./source/spi.o
 .debug_macro   0x00000000      0xa5a ./source/spi.o
 .debug_macro   0x00000000       0x10 ./source/spi.o
 .debug_macro   0x00000000      0x34e ./source/spi.o
 .debug_macro   0x00000000       0x5c ./source/spi.o
 .debug_macro   0x00000000       0x1c ./source/spi.o
 .debug_macro   0x00000000       0x22 ./source/spi.o
 .debug_macro   0x00000000       0xdf ./source/spi.o
 .debug_macro   0x00000000      0xecf ./source/spi.o
 .debug_macro   0x00000000       0x48 ./source/spi.o
 .debug_macro   0x00000000     0xe07b ./source/spi.o
 .debug_macro   0x00000000       0x22 ./source/spi.o
 .debug_macro   0x00000000       0x22 ./source/spi.o
 .debug_line    0x00000000      0x133 ./source/spi.o
 .debug_str     0x00000000    0x7052e ./source/spi.o
 .comment       0x00000000       0x7f ./source/spi.o
 .ARM.attributes
                0x00000000       0x39 ./source/spi.o
 .group         0x00000000        0xc ./source/uart.o
 .group         0x00000000        0xc ./source/uart.o
 .group         0x00000000        0xc ./source/uart.o
 .group         0x00000000        0xc ./source/uart.o
 .group         0x00000000        0xc ./source/uart.o
 .group         0x00000000        0xc ./source/uart.o
 .group         0x00000000        0xc ./source/uart.o
 .group         0x00000000        0xc ./source/uart.o
 .group         0x00000000        0xc ./source/uart.o
 .group         0x00000000        0xc ./source/uart.o
 .group         0x00000000        0xc ./source/uart.o
 .group         0x00000000        0xc ./source/uart.o
 .group         0x00000000        0xc ./source/uart.o
 .group         0x00000000        0xc ./source/uart.o
 .text          0x00000000        0x0 ./source/uart.o
 .data          0x00000000        0x0 ./source/uart.o
 .bss           0x00000000        0x0 ./source/uart.o
 .text.__NVIC_EnableIRQ
                0x00000000       0x3c ./source/uart.o
 .data.uartRXpins
                0x00000000        0x5 ./source/uart.o
 .data.uartTXpins
                0x00000000        0x5 ./source/uart.o
 .data.uartIRQs_TX_RX
                0x00000000        0x6 ./source/uart.o
 .data.uartIRQs_ERR
                0x00000000        0x6 ./source/uart.o
 .data.uartIRQS_LON
                0x00000000        0x6 ./source/uart.o
 .rodata        0x00000000       0x2c ./source/uart.o
 .text.uartInit
                0x00000000      0x174 ./source/uart.o
 .text.uartIsRxMsg
                0x00000000       0x18 ./source/uart.o
 .text.uartGetRxMsgLength
                0x00000000       0x18 ./source/uart.o
 .text.uartReadMsg
                0x00000000       0x1e ./source/uart.o
 .text.uartWriteMsg
                0x00000000       0x1e ./source/uart.o
 .text.uartIsTxMsgComplete
                0x00000000       0x18 ./source/uart.o
 .text.UART_setBaudRate
                0x00000000       0xb0 ./source/uart.o
 .text.UART_clockGating
                0x00000000       0xc4 ./source/uart.o
 .debug_macro   0x00000000      0xa5a ./source/uart.o
 .debug_macro   0x00000000      0x34e ./source/uart.o
 .debug_macro   0x00000000       0x5c ./source/uart.o
 .debug_macro   0x00000000       0x1c ./source/uart.o
 .debug_macro   0x00000000       0x22 ./source/uart.o
 .debug_macro   0x00000000       0xdf ./source/uart.o
 .debug_macro   0x00000000      0xecf ./source/uart.o
 .debug_macro   0x00000000       0x48 ./source/uart.o
 .debug_macro   0x00000000     0xe07b ./source/uart.o
 .debug_macro   0x00000000       0x22 ./source/uart.o
 .debug_macro   0x00000000       0x22 ./source/uart.o
 .group         0x00000000        0xc ./SDK/startup/hardware.o
 .group         0x00000000        0xc ./SDK/startup/hardware.o
 .group         0x00000000        0xc ./SDK/startup/hardware.o
 .group         0x00000000        0xc ./SDK/startup/hardware.o
 .group         0x00000000        0xc ./SDK/startup/hardware.o
 .group         0x00000000        0xc ./SDK/startup/hardware.o
 .group         0x00000000        0xc ./SDK/startup/hardware.o
 .group         0x00000000        0xc ./SDK/startup/hardware.o
 .group         0x00000000        0xc ./SDK/startup/hardware.o
 .group         0x00000000        0xc ./SDK/startup/hardware.o
 .group         0x00000000        0xc ./SDK/startup/hardware.o
 .group         0x00000000        0xc ./SDK/startup/hardware.o
 .group         0x00000000        0xc ./SDK/startup/hardware.o
 .text          0x00000000        0x0 ./SDK/startup/hardware.o
 .data          0x00000000        0x0 ./SDK/startup/hardware.o
 .bss           0x00000000        0x0 ./SDK/startup/hardware.o
 .debug_macro   0x00000000      0xa5a ./SDK/startup/hardware.o
 .debug_macro   0x00000000      0x34e ./SDK/startup/hardware.o
 .debug_macro   0x00000000       0x22 ./SDK/startup/hardware.o
 .debug_macro   0x00000000       0x10 ./SDK/startup/hardware.o
 .debug_macro   0x00000000       0x5c ./SDK/startup/hardware.o
 .debug_macro   0x00000000       0x1c ./SDK/startup/hardware.o
 .debug_macro   0x00000000       0x22 ./SDK/startup/hardware.o
 .debug_macro   0x00000000       0xdf ./SDK/startup/hardware.o
 .debug_macro   0x00000000      0xecf ./SDK/startup/hardware.o
 .debug_macro   0x00000000       0x48 ./SDK/startup/hardware.o
 .debug_macro   0x00000000     0xe07b ./SDK/startup/hardware.o
 .debug_macro   0x00000000     0x122b ./SDK/startup/hardware.o
 .debug_macro   0x00000000       0x16 ./SDK/startup/hardware.o
 .group         0x00000000        0xc ./SDK/startup/main.o
 .group         0x00000000        0xc ./SDK/startup/main.o
 .group         0x00000000        0xc ./SDK/startup/main.o
 .group         0x00000000        0xc ./SDK/startup/main.o
 .group         0x00000000        0xc ./SDK/startup/main.o
 .group         0x00000000        0xc ./SDK/startup/main.o
 .group         0x00000000        0xc ./SDK/startup/main.o
 .group         0x00000000        0xc ./SDK/startup/main.o
 .group         0x00000000        0xc ./SDK/startup/main.o
 .group         0x00000000        0xc ./SDK/startup/main.o
 .group         0x00000000        0xc ./SDK/startup/main.o
 .group         0x00000000        0xc ./SDK/startup/main.o
 .group         0x00000000        0xc ./SDK/startup/main.o
 .text          0x00000000        0x0 ./SDK/startup/main.o
 .data          0x00000000        0x0 ./SDK/startup/main.o
 .bss           0x00000000        0x0 ./SDK/startup/main.o
 .debug_macro   0x00000000      0xa5a ./SDK/startup/main.o
 .debug_macro   0x00000000      0x34e ./SDK/startup/main.o
 .debug_macro   0x00000000       0x22 ./SDK/startup/main.o
 .debug_macro   0x00000000       0x10 ./SDK/startup/main.o
 .debug_macro   0x00000000       0x5c ./SDK/startup/main.o
 .debug_macro   0x00000000       0x1c ./SDK/startup/main.o
 .debug_macro   0x00000000       0x22 ./SDK/startup/main.o
 .debug_macro   0x00000000       0xdf ./SDK/startup/main.o
 .debug_macro   0x00000000      0xecf ./SDK/startup/main.o
 .debug_macro   0x00000000       0x48 ./SDK/startup/main.o
 .debug_macro   0x00000000     0xe07b ./SDK/startup/main.o
 .debug_macro   0x00000000     0x122b ./SDK/startup/main.o
 .debug_macro   0x00000000       0x16 ./SDK/startup/main.o
 .group         0x00000000        0xc ./SDK/startup/semihost_hardfault.o
 .text          0x00000000        0x0 ./SDK/startup/semihost_hardfault.o
 .data          0x00000000        0x0 ./SDK/startup/semihost_hardfault.o
 .bss           0x00000000        0x0 ./SDK/startup/semihost_hardfault.o
 .debug_macro   0x00000000      0xa5a ./SDK/startup/semihost_hardfault.o
 .group         0x00000000        0xc ./SDK/startup/startup_mk64f12.o
 .text          0x00000000        0x0 ./SDK/startup/startup_mk64f12.o
 .data          0x00000000        0x0 ./SDK/startup/startup_mk64f12.o
 .bss           0x00000000        0x0 ./SDK/startup/startup_mk64f12.o
 .text.I2C0_IRQHandler
                0x00000000        0x8 ./SDK/startup/startup_mk64f12.o
 .text.I2C1_IRQHandler
                0x00000000        0x8 ./SDK/startup/startup_mk64f12.o
 .text.UART0_LON_IRQHandler
                0x00000000        0x8 ./SDK/startup/startup_mk64f12.o
 .text.UART0_RX_TX_IRQHandler
                0x00000000        0x8 ./SDK/startup/startup_mk64f12.o
 .text.UART0_ERR_IRQHandler
                0x00000000        0x8 ./SDK/startup/startup_mk64f12.o
 .text.UART1_RX_TX_IRQHandler
                0x00000000        0x8 ./SDK/startup/startup_mk64f12.o
 .text.UART1_ERR_IRQHandler
                0x00000000        0x8 ./SDK/startup/startup_mk64f12.o
 .text.UART2_RX_TX_IRQHandler
                0x00000000        0x8 ./SDK/startup/startup_mk64f12.o
 .text.UART2_ERR_IRQHandler
                0x00000000        0x8 ./SDK/startup/startup_mk64f12.o
 .text.UART3_RX_TX_IRQHandler
                0x00000000        0x8 ./SDK/startup/startup_mk64f12.o
 .text.UART3_ERR_IRQHandler
                0x00000000        0x8 ./SDK/startup/startup_mk64f12.o
 .text.UART4_RX_TX_IRQHandler
                0x00000000        0x8 ./SDK/startup/startup_mk64f12.o
 .text.UART4_ERR_IRQHandler
                0x00000000        0x8 ./SDK/startup/startup_mk64f12.o
 .text.I2C2_IRQHandler
                0x00000000        0x8 ./SDK/startup/startup_mk64f12.o
 .debug_macro   0x00000000      0xa5a ./SDK/startup/startup_mk64f12.o
 .group         0x00000000        0xc ./SDK/CMSIS/system_MK64F12.o
 .group         0x00000000        0xc ./SDK/CMSIS/system_MK64F12.o
 .group         0x00000000        0xc ./SDK/CMSIS/system_MK64F12.o
 .group         0x00000000        0xc ./SDK/CMSIS/system_MK64F12.o
 .group         0x00000000        0xc ./SDK/CMSIS/system_MK64F12.o
 .group         0x00000000        0xc ./SDK/CMSIS/system_MK64F12.o
 .group         0x00000000        0xc ./SDK/CMSIS/system_MK64F12.o
 .group         0x00000000        0xc ./SDK/CMSIS/system_MK64F12.o
 .group         0x00000000        0xc ./SDK/CMSIS/system_MK64F12.o
 .group         0x00000000        0xc ./SDK/CMSIS/system_MK64F12.o
 .group         0x00000000        0xc ./SDK/CMSIS/system_MK64F12.o
 .text          0x00000000        0x0 ./SDK/CMSIS/system_MK64F12.o
 .data          0x00000000        0x0 ./SDK/CMSIS/system_MK64F12.o
 .bss           0x00000000        0x0 ./SDK/CMSIS/system_MK64F12.o
 .data.SystemCoreClock
                0x00000000        0x4 ./SDK/CMSIS/system_MK64F12.o
 .text.SystemCoreClockUpdate
                0x00000000      0x278 ./SDK/CMSIS/system_MK64F12.o
 .debug_macro   0x00000000      0xa5a ./SDK/CMSIS/system_MK64F12.o
 .debug_macro   0x00000000      0x34e ./SDK/CMSIS/system_MK64F12.o
 .debug_macro   0x00000000       0x10 ./SDK/CMSIS/system_MK64F12.o
 .debug_macro   0x00000000       0x5c ./SDK/CMSIS/system_MK64F12.o
 .debug_macro   0x00000000       0x1c ./SDK/CMSIS/system_MK64F12.o
 .debug_macro   0x00000000       0x22 ./SDK/CMSIS/system_MK64F12.o
 .debug_macro   0x00000000       0xdf ./SDK/CMSIS/system_MK64F12.o
 .debug_macro   0x00000000      0xecf ./SDK/CMSIS/system_MK64F12.o
 .debug_macro   0x00000000       0x48 ./SDK/CMSIS/system_MK64F12.o
 .debug_macro   0x00000000     0xe07b ./SDK/CMSIS/system_MK64F12.o
 .debug_macro   0x00000000     0x122b ./SDK/CMSIS/system_MK64F12.o

Memory Configuration

Name             Origin             Length             Attributes
PROGRAM_FLASH    0x00000000         0x00100000         xr
SRAM_UPPER       0x20000000         0x00030000         xrw
SRAM_LOWER       0x1fff0000         0x00010000         xrw
FLEX_RAM         0x14000000         0x00001000         xrw
*default*        0x00000000         0xffffffff

Linker script and memory map

LOAD ./source/App.o
LOAD ./source/FXOS8700CQ.o
LOAD ./source/SysTick.o
LOAD ./source/i2c.o
LOAD ./source/pinsHandler.o
LOAD ./source/spi.o
LOAD ./source/uart.o
LOAD ./SDK/startup/hardware.o
LOAD ./SDK/startup/main.o
LOAD ./SDK/startup/semihost_hardfault.o
LOAD ./SDK/startup/startup_mk64f12.o
LOAD ./SDK/CMSIS/system_MK64F12.o
START GROUP
LOAD c:/nxp/mcuxpressoide_10.2.0_759/ide/tools/bin/../lib/gcc/arm-none-eabi/7.2.1/../../../../arm-none-eabi/lib/thumb/v7e-m/fpv4-sp/hard\libcr_c.a
LOAD c:/nxp/mcuxpressoide_10.2.0_759/ide/tools/bin/../lib/gcc/arm-none-eabi/7.2.1/thumb/v7e-m/fpv4-sp/hard\libcr_eabihelpers.a
END GROUP
                0x00000000                __base_PROGRAM_FLASH = 0x0
                0x00000000                __base_Flash = 0x0
                0x00100000                __top_PROGRAM_FLASH = 0x100000
                0x00100000                __top_Flash = 0x100000
                0x20000000                __base_SRAM_UPPER = 0x20000000
                0x20000000                __base_RAM = 0x20000000
                0x20030000                __top_SRAM_UPPER = 0x20030000
                0x20030000                __top_RAM = 0x20030000
                0x1fff0000                __base_SRAM_LOWER = 0x1fff0000
                0x1fff0000                __base_RAM2 = 0x1fff0000
                0x20000000                __top_SRAM_LOWER = 0x20000000
                0x20000000                __top_RAM2 = 0x20000000
                0x14000000                __base_FLEX_RAM = 0x14000000
                0x14000000                __base_RAM3 = 0x14000000
                0x14001000                __top_FLEX_RAM = 0x14001000
                0x14001000                __top_RAM3 = 0x14001000

.text           0x00000000     0x1020
 FILL mask 0xff
                0x00000000                __vectors_start__ = ABSOLUTE (.)
 *(SORT_BY_ALIGNMENT(.isr_vector))
 .isr_vector    0x00000000      0x198 ./SDK/startup/startup_mk64f12.o
                0x00000000                g_pfnVectors
                0x00000000                __Vectors
                0x00000198                . = ALIGN (0x4)
                0x00000198                __section_table_start = .
                0x00000198                __data_section_table = .
                0x00000198        0x4 LONG 0x1020 LOADADDR (.data)
                0x0000019c        0x4 LONG 0x20000000 ADDR (.data)
                0x000001a0        0x4 LONG 0x0 SIZEOF (.data)
                0x000001a4        0x4 LONG 0x1020 LOADADDR (.data_RAM2)
                0x000001a8        0x4 LONG 0x1fff0000 ADDR (.data_RAM2)
                0x000001ac        0x4 LONG 0x0 SIZEOF (.data_RAM2)
                0x000001b0        0x4 LONG 0x1020 LOADADDR (.data_RAM3)
                0x000001b4        0x4 LONG 0x14000000 ADDR (.data_RAM3)
                0x000001b8        0x4 LONG 0x0 SIZEOF (.data_RAM3)
                0x000001bc                __data_section_table_end = .
                0x000001bc                __bss_section_table = .
                0x000001bc        0x4 LONG 0x20000000 ADDR (.bss)
                0x000001c0        0x4 LONG 0x30 SIZEOF (.bss)
                0x000001c4        0x4 LONG 0x1fff0000 ADDR (.bss_RAM2)
                0x000001c8        0x4 LONG 0x0 SIZEOF (.bss_RAM2)
                0x000001cc        0x4 LONG 0x14000000 ADDR (.bss_RAM3)
                0x000001d0        0x4 LONG 0x0 SIZEOF (.bss_RAM3)
                0x000001d4                __bss_section_table_end = .
                0x000001d4                __section_table_end = .
 *(SORT_BY_ALIGNMENT(.after_vectors*))
 .after_vectors.reset
                0x000001d4       0x4c ./SDK/startup/startup_mk64f12.o
                0x000001d4                ResetISR
 .after_vectors.init_data
                0x00000220       0x1e ./SDK/startup/startup_mk64f12.o
                0x00000220                data_init
 .after_vectors.init_bss
                0x0000023e       0x12 ./SDK/startup/startup_mk64f12.o
                0x0000023e                bss_init
 .after_vectors
                0x00000250       0x14 ./SDK/startup/startup_mk64f12.o
                0x00000250                NMI_Handler
                0x00000254                MemManage_Handler
                0x00000256                BusFault_Handler
                0x00000258                UsageFault_Handler
                0x0000025a                SVC_Handler
                0x0000025c                DebugMon_Handler
                0x0000025e                PendSV_Handler
                0x00000262                DMA_Error_DriverIRQHandler
                0x00000262                LPTMR0_DriverIRQHandler
                0x00000262                FTM1_DriverIRQHandler
                0x00000262                FTM2_DriverIRQHandler
                0x00000262                PIT2_DriverIRQHandler
                0x00000262                SDHC_DriverIRQHandler
                0x00000262                I2S0_Tx_DriverIRQHandler
                0x00000262                RTC_Seconds_DriverIRQHandler
                0x00000262                DMA6_DriverIRQHandler
                0x00000262                LLWU_DriverIRQHandler
                0x00000262                MCM_DriverIRQHandler
                0x00000262                MCG_DriverIRQHandler
                0x00000262                ENET_1588_Timer_DriverIRQHandler
                0x00000262                I2C2_DriverIRQHandler
                0x00000262                DAC1_DriverIRQHandler
                0x00000262                SPI1_DriverIRQHandler
                0x00000262                CMP1_DriverIRQHandler
                0x00000262                UART5_RX_TX_DriverIRQHandler
                0x00000262                FTM0_DriverIRQHandler
                0x00000262                IntDefaultHandler
                0x00000262                USB0_DriverIRQHandler
                0x00000262                UART5_ERR_DriverIRQHandler
                0x00000262                PORTC_DriverIRQHandler
                0x00000262                DMA11_DriverIRQHandler
                0x00000262                DAC0_DriverIRQHandler
                0x00000262                DMA10_DriverIRQHandler
                0x00000262                CMP2_DriverIRQHandler
                0x00000262                UART2_ERR_DriverIRQHandler
                0x00000262                SPI2_DriverIRQHandler
                0x00000262                LVD_LVW_DriverIRQHandler
                0x00000262                PIT0_DriverIRQHandler
                0x00000262                RNG_DriverIRQHandler
                0x00000262                DMA5_DriverIRQHandler
                0x00000262                DMA12_DriverIRQHandler
                0x00000262                UART2_RX_TX_DriverIRQHandler
                0x00000262                USBDCD_DriverIRQHandler
                0x00000262                UART3_ERR_DriverIRQHandler
                0x00000262                DMA3_DriverIRQHandler
                0x00000262                DMA8_DriverIRQHandler
                0x00000262                DMA9_DriverIRQHandler
                0x00000262                UART0_ERR_DriverIRQHandler
                0x00000262                CMT_DriverIRQHandler
                0x00000262                Reserved71_DriverIRQHandler
                0x00000262                ADC1_DriverIRQHandler
                0x00000262                PORTA_DriverIRQHandler
                0x00000262                DMA14_DriverIRQHandler
                0x00000262                PIT3_DriverIRQHandler
                0x00000262                PIT1_DriverIRQHandler
                0x00000262                WDOG_EWM_DriverIRQHandler
                0x00000262                PDB0_DriverIRQHandler
                0x00000262                RTC_DriverIRQHandler
                0x00000262                I2S0_Rx_DriverIRQHandler
                0x00000262                Read_Collision_DriverIRQHandler
                0x00000262                SWI_DriverIRQHandler
                0x00000262                UART4_RX_TX_DriverIRQHandler
                0x00000262                UART4_ERR_DriverIRQHandler
                0x00000262                PORTB_DriverIRQHandler
                0x00000262                UART0_LON_DriverIRQHandler
                0x00000262                DMA0_DriverIRQHandler
                0x00000262                DMA1_DriverIRQHandler
                0x00000262                I2C1_DriverIRQHandler
                0x00000262                UART3_RX_TX_DriverIRQHandler
                0x00000262                ENET_Receive_DriverIRQHandler
                0x00000262                DMA13_DriverIRQHandler
                0x00000262                ENET_Error_DriverIRQHandler
                0x00000262                DMA15_DriverIRQHandler
                0x00000262                UART0_RX_TX_DriverIRQHandler
                0x00000262                SPI0_DriverIRQHandler
                0x00000262                ADC0_DriverIRQHandler
                0x00000262                CMP0_DriverIRQHandler
                0x00000262                CAN0_DriverIRQHandler
                0x00000262                FTM3_DriverIRQHandler
                0x00000262                DMA4_DriverIRQHandler
                0x00000262                UART1_ERR_DriverIRQHandler
                0x00000262                DMA2_DriverIRQHandler
                0x00000262                ENET_Transmit_DriverIRQHandler
                0x00000262                PORTD_DriverIRQHandler
                0x00000262                PORTE_DriverIRQHandler
                0x00000262                FTFE_DriverIRQHandler
                0x00000262                I2C0_DriverIRQHandler
                0x00000262                DMA7_DriverIRQHandler
                0x00000262                UART1_RX_TX_DriverIRQHandler
                0x00000400                . = 0x400
 *fill*         0x00000264      0x19c ff
                0x00000400                PROVIDE (__FLASH_CONFIG_START__, .)
 *(SORT_BY_ALIGNMENT(.FlashConfig))
 .FlashConfig   0x00000400       0x10 ./SDK/startup/startup_mk64f12.o
                0x00000400                Flash_Config
                0x00000410                PROVIDE (__FLASH_CONFIG_END__, .)
                0x00000001                ASSERT (! ((__FLASH_CONFIG_START__ == __FLASH_CONFIG_END__)), Linker Flash Config Support Enabled, but no .FlashConfig section provided within application)
 *(SORT_BY_ALIGNMENT(.text*))
 .text.FXOS_init
                0x00000410       0xc8 ./source/FXOS8700CQ.o
                0x00000410                FXOS_init
 .text.FXOS_read_from_register
                0x000004d8       0x34 ./source/FXOS8700CQ.o
                0x000004d8                FXOS_read_from_register
 .text.FXOS_write_to_register
                0x0000050c       0x68 ./source/FXOS8700CQ.o
                0x0000050c                FXOS_write_to_register
 .text.SysTick_Handler
                0x00000574       0x14 ./source/SysTick.o
                0x00000574                SysTick_Handler
 .text.I2C_Init
                0x00000588       0xe8 ./source/i2c.o
                0x00000588                I2C_Init
 .text.I2C_TXRX_master_blocking
                0x00000670      0x280 ./source/i2c.o
                0x00000670                I2C_TXRX_master_blocking
 .text.I2C0_IRQHandler
                0x000008f0       0x1c ./source/i2c.o
                0x000008f0                I2C0_IRQHandler
 .text.I2C1_IRQHandler
                0x0000090c       0x24 ./source/i2c.o
                0x0000090c                I2C1_IRQHandler
 .text.I2C2_IRQHandler
                0x00000930       0x18 ./source/i2c.o
                0x00000930                I2C2_IRQHandler
 .text.hw_Init  0x00000948      0x10c ./SDK/startup/hardware.o
                0x00000948                hw_Init
 .text.hw_EnableInterrupts
                0x00000a54       0x30 ./SDK/startup/hardware.o
                0x00000a54                hw_EnableInterrupts
 .text.hw_DisableInterrupts
                0x00000a84       0x20 ./SDK/startup/hardware.o
                0x00000a84                hw_DisableInterrupts
 .text.SystemInit
                0x00000aa4       0x3c ./SDK/CMSIS/system_MK64F12.o
                0x00000aa4                SystemInit
 .text.App_Init
                0x00000ae0        0xc ./source/App.o
                0x00000ae0                App_Init
 .text.App_Run  0x00000aec       0x16 ./source/App.o
                0x00000aec                App_Run
 .text.FXOS_get_data
                0x00000b02       0xa4 ./source/FXOS8700CQ.o
                0x00000b02                FXOS_get_data
 .text.I2C_get_interrupt_type_blocking
                0x00000ba6       0x28 ./source/i2c.o
 .text.I2C_get_interrupt_type_non_blocking
                0x00000bce       0xdc ./source/i2c.o
 .text.UARTX_LON_IRQHandler
                0x00000caa       0x16 ./source/uart.o
                0x00000caa                UARTX_LON_IRQHandler
 .text.UARTX_RX_TX_IRQHandler
                0x00000cc0       0x16 ./source/uart.o
                0x00000cc0                UARTX_RX_TX_IRQHandler
 .text.UARTX_ERR_IRQHandler
                0x00000cd6       0x16 ./source/uart.o
                0x00000cd6                UARTX_ERR_IRQHandler
 .text.UART0_LON_IRQHandler
                0x00000cec        0xe ./source/uart.o
                0x00000cec                UART0_LON_IRQHandler
 .text.UART0_RX_TX_IRQHandler
                0x00000cfa        0xe ./source/uart.o
                0x00000cfa                UART0_RX_TX_IRQHandler
 .text.UART0_ERR_IRQHandler
                0x00000d08        0xe ./source/uart.o
                0x00000d08                UART0_ERR_IRQHandler
 .text.UART1_RX_TX_IRQHandler
                0x00000d16        0xe ./source/uart.o
                0x00000d16                UART1_RX_TX_IRQHandler
 .text.UART1_ERR_IRQHandler
                0x00000d24        0xe ./source/uart.o
                0x00000d24                UART1_ERR_IRQHandler
 .text.UART2_RX_TX_IRQHandler
                0x00000d32        0xe ./source/uart.o
                0x00000d32                UART2_RX_TX_IRQHandler
 .text.UART2_ERR_IRQHandler
                0x00000d40        0xe ./source/uart.o
                0x00000d40                UART2_ERR_IRQHandler
 .text.UART3_RX_TX_IRQHandler
                0x00000d4e        0xe ./source/uart.o
                0x00000d4e                UART3_RX_TX_IRQHandler
 .text.UART3_ERR_IRQHandler
                0x00000d5c        0xe ./source/uart.o
                0x00000d5c                UART3_ERR_IRQHandler
 .text.UART4_RX_TX_IRQHandler
                0x00000d6a        0xe ./source/uart.o
                0x00000d6a                UART4_RX_TX_IRQHandler
 .text.UART4_ERR_IRQHandler
                0x00000d78        0xe ./source/uart.o
                0x00000d78                UART4_ERR_IRQHandler
 .text.main     0x00000d86       0x1a ./SDK/startup/main.o
                0x00000d86                main
 .text.HardFault_Handler
                0x00000da0       0x2c ./SDK/startup/semihost_hardfault.o
                0x00000da0                HardFault_Handler
 .text.DMA0_IRQHandler
                0x00000dcc        0x8 ./SDK/startup/startup_mk64f12.o
                0x00000dcc                DMA0_IRQHandler
 .text.DMA1_IRQHandler
                0x00000dd4        0x8 ./SDK/startup/startup_mk64f12.o
                0x00000dd4                DMA1_IRQHandler
 .text.DMA2_IRQHandler
                0x00000ddc        0x8 ./SDK/startup/startup_mk64f12.o
                0x00000ddc                DMA2_IRQHandler
 .text.DMA3_IRQHandler
                0x00000de4        0x8 ./SDK/startup/startup_mk64f12.o
                0x00000de4                DMA3_IRQHandler
 .text.DMA4_IRQHandler
                0x00000dec        0x8 ./SDK/startup/startup_mk64f12.o
                0x00000dec                DMA4_IRQHandler
 .text.DMA5_IRQHandler
                0x00000df4        0x8 ./SDK/startup/startup_mk64f12.o
                0x00000df4                DMA5_IRQHandler
 .text.DMA6_IRQHandler
                0x00000dfc        0x8 ./SDK/startup/startup_mk64f12.o
                0x00000dfc                DMA6_IRQHandler
 .text.DMA7_IRQHandler
                0x00000e04        0x8 ./SDK/startup/startup_mk64f12.o
                0x00000e04                DMA7_IRQHandler
 .text.DMA8_IRQHandler
                0x00000e0c        0x8 ./SDK/startup/startup_mk64f12.o
                0x00000e0c                DMA8_IRQHandler
 .text.DMA9_IRQHandler
                0x00000e14        0x8 ./SDK/startup/startup_mk64f12.o
                0x00000e14                DMA9_IRQHandler
 .text.DMA10_IRQHandler
                0x00000e1c        0x8 ./SDK/startup/startup_mk64f12.o
                0x00000e1c                DMA10_IRQHandler
 .text.DMA11_IRQHandler
                0x00000e24        0x8 ./SDK/startup/startup_mk64f12.o
                0x00000e24                DMA11_IRQHandler
 .text.DMA12_IRQHandler
                0x00000e2c        0x8 ./SDK/startup/startup_mk64f12.o
                0x00000e2c                DMA12_IRQHandler
 .text.DMA13_IRQHandler
                0x00000e34        0x8 ./SDK/startup/startup_mk64f12.o
                0x00000e34                DMA13_IRQHandler
 .text.DMA14_IRQHandler
                0x00000e3c        0x8 ./SDK/startup/startup_mk64f12.o
                0x00000e3c                DMA14_IRQHandler
 .text.DMA15_IRQHandler
                0x00000e44        0x8 ./SDK/startup/startup_mk64f12.o
                0x00000e44                DMA15_IRQHandler
 .text.DMA_Error_IRQHandler
                0x00000e4c        0x8 ./SDK/startup/startup_mk64f12.o
                0x00000e4c                DMA_Error_IRQHandler
 .text.MCM_IRQHandler
                0x00000e54        0x8 ./SDK/startup/startup_mk64f12.o
                0x00000e54                MCM_IRQHandler
 .text.FTFE_IRQHandler
                0x00000e5c        0x8 ./SDK/startup/startup_mk64f12.o
                0x00000e5c                FTFE_IRQHandler
 .text.Read_Collision_IRQHandler
                0x00000e64        0x8 ./SDK/startup/startup_mk64f12.o
                0x00000e64                Read_Collision_IRQHandler
 .text.LVD_LVW_IRQHandler
                0x00000e6c        0x8 ./SDK/startup/startup_mk64f12.o
                0x00000e6c                LVD_LVW_IRQHandler
 .text.LLWU_IRQHandler
                0x00000e74        0x8 ./SDK/startup/startup_mk64f12.o
                0x00000e74                LLWU_IRQHandler
 .text.WDOG_EWM_IRQHandler
                0x00000e7c        0x8 ./SDK/startup/startup_mk64f12.o
                0x00000e7c                WDOG_EWM_IRQHandler
 .text.RNG_IRQHandler
                0x00000e84        0x8 ./SDK/startup/startup_mk64f12.o
                0x00000e84                RNG_IRQHandler
 .text.SPI0_IRQHandler
                0x00000e8c        0x8 ./SDK/startup/startup_mk64f12.o
                0x00000e8c                SPI0_IRQHandler
 .text.SPI1_IRQHandler
                0x00000e94        0x8 ./SDK/startup/startup_mk64f12.o
                0x00000e94                SPI1_IRQHandler
 .text.I2S0_Tx_IRQHandler
                0x00000e9c        0x8 ./SDK/startup/startup_mk64f12.o
                0x00000e9c                I2S0_Tx_IRQHandler
 .text.I2S0_Rx_IRQHandler
                0x00000ea4        0x8 ./SDK/startup/startup_mk64f12.o
                0x00000ea4                I2S0_Rx_IRQHandler
 .text.ADC0_IRQHandler
                0x00000eac        0x8 ./SDK/startup/startup_mk64f12.o
                0x00000eac                ADC0_IRQHandler
 .text.CMP0_IRQHandler
                0x00000eb4        0x8 ./SDK/startup/startup_mk64f12.o
                0x00000eb4                CMP0_IRQHandler
 .text.CMP1_IRQHandler
                0x00000ebc        0x8 ./SDK/startup/startup_mk64f12.o
                0x00000ebc                CMP1_IRQHandler
 .text.FTM0_IRQHandler
                0x00000ec4        0x8 ./SDK/startup/startup_mk64f12.o
                0x00000ec4                FTM0_IRQHandler
 .text.FTM1_IRQHandler
                0x00000ecc        0x8 ./SDK/startup/startup_mk64f12.o
                0x00000ecc                FTM1_IRQHandler
 .text.FTM2_IRQHandler
                0x00000ed4        0x8 ./SDK/startup/startup_mk64f12.o
                0x00000ed4                FTM2_IRQHandler
 .text.CMT_IRQHandler
                0x00000edc        0x8 ./SDK/startup/startup_mk64f12.o
                0x00000edc                CMT_IRQHandler
 .text.RTC_IRQHandler
                0x00000ee4        0x8 ./SDK/startup/startup_mk64f12.o
                0x00000ee4                RTC_IRQHandler
 .text.RTC_Seconds_IRQHandler
                0x00000eec        0x8 ./SDK/startup/startup_mk64f12.o
                0x00000eec                RTC_Seconds_IRQHandler
 .text.PIT0_IRQHandler
                0x00000ef4        0x8 ./SDK/startup/startup_mk64f12.o
                0x00000ef4                PIT0_IRQHandler
 .text.PIT1_IRQHandler
                0x00000efc        0x8 ./SDK/startup/startup_mk64f12.o
                0x00000efc                PIT1_IRQHandler
 .text.PIT2_IRQHandler
                0x00000f04        0x8 ./SDK/startup/startup_mk64f12.o
                0x00000f04                PIT2_IRQHandler
 .text.PIT3_IRQHandler
                0x00000f0c        0x8 ./SDK/startup/startup_mk64f12.o
                0x00000f0c                PIT3_IRQHandler
 .text.PDB0_IRQHandler
                0x00000f14        0x8 ./SDK/startup/startup_mk64f12.o
                0x00000f14                PDB0_IRQHandler
 .text.USB0_IRQHandler
                0x00000f1c        0x8 ./SDK/startup/startup_mk64f12.o
                0x00000f1c                USB0_IRQHandler
 .text.USBDCD_IRQHandler
                0x00000f24        0x8 ./SDK/startup/startup_mk64f12.o
                0x00000f24                USBDCD_IRQHandler
 .text.Reserved71_IRQHandler
                0x00000f2c        0x8 ./SDK/startup/startup_mk64f12.o
                0x00000f2c                Reserved71_IRQHandler
 .text.DAC0_IRQHandler
                0x00000f34        0x8 ./SDK/startup/startup_mk64f12.o
                0x00000f34                DAC0_IRQHandler
 .text.MCG_IRQHandler
                0x00000f3c        0x8 ./SDK/startup/startup_mk64f12.o
                0x00000f3c                MCG_IRQHandler
 .text.LPTMR0_IRQHandler
                0x00000f44        0x8 ./SDK/startup/startup_mk64f12.o
                0x00000f44                LPTMR0_IRQHandler
 .text.PORTA_IRQHandler
                0x00000f4c        0x8 ./SDK/startup/startup_mk64f12.o
                0x00000f4c                PORTA_IRQHandler
 .text.PORTB_IRQHandler
                0x00000f54        0x8 ./SDK/startup/startup_mk64f12.o
                0x00000f54                PORTB_IRQHandler
 .text.PORTC_IRQHandler
                0x00000f5c        0x8 ./SDK/startup/startup_mk64f12.o
                0x00000f5c                PORTC_IRQHandler
 .text.PORTD_IRQHandler
                0x00000f64        0x8 ./SDK/startup/startup_mk64f12.o
                0x00000f64                PORTD_IRQHandler
 .text.PORTE_IRQHandler
                0x00000f6c        0x8 ./SDK/startup/startup_mk64f12.o
                0x00000f6c                PORTE_IRQHandler
 .text.SWI_IRQHandler
                0x00000f74        0x8 ./SDK/startup/startup_mk64f12.o
                0x00000f74                SWI_IRQHandler
 .text.SPI2_IRQHandler
                0x00000f7c        0x8 ./SDK/startup/startup_mk64f12.o
                0x00000f7c                SPI2_IRQHandler
 .text.UART5_RX_TX_IRQHandler
                0x00000f84        0x8 ./SDK/startup/startup_mk64f12.o
                0x00000f84                UART5_RX_TX_IRQHandler
 .text.UART5_ERR_IRQHandler
                0x00000f8c        0x8 ./SDK/startup/startup_mk64f12.o
                0x00000f8c                UART5_ERR_IRQHandler
 .text.CMP2_IRQHandler
                0x00000f94        0x8 ./SDK/startup/startup_mk64f12.o
                0x00000f94                CMP2_IRQHandler
 .text.FTM3_IRQHandler
                0x00000f9c        0x8 ./SDK/startup/startup_mk64f12.o
                0x00000f9c                FTM3_IRQHandler
 .text.DAC1_IRQHandler
                0x00000fa4        0x8 ./SDK/startup/startup_mk64f12.o
                0x00000fa4                DAC1_IRQHandler
 .text.ADC1_IRQHandler
                0x00000fac        0x8 ./SDK/startup/startup_mk64f12.o
                0x00000fac                ADC1_IRQHandler
 .text.CAN0_ORed_Message_buffer_IRQHandler
                0x00000fb4        0x8 ./SDK/startup/startup_mk64f12.o
                0x00000fb4                CAN0_ORed_Message_buffer_IRQHandler
 .text.CAN0_Bus_Off_IRQHandler
                0x00000fbc        0x8 ./SDK/startup/startup_mk64f12.o
                0x00000fbc                CAN0_Bus_Off_IRQHandler
 .text.CAN0_Error_IRQHandler
                0x00000fc4        0x8 ./SDK/startup/startup_mk64f12.o
                0x00000fc4                CAN0_Error_IRQHandler
 .text.CAN0_Tx_Warning_IRQHandler
                0x00000fcc        0x8 ./SDK/startup/startup_mk64f12.o
                0x00000fcc                CAN0_Tx_Warning_IRQHandler
 .text.CAN0_Rx_Warning_IRQHandler
                0x00000fd4        0x8 ./SDK/startup/startup_mk64f12.o
                0x00000fd4                CAN0_Rx_Warning_IRQHandler
 .text.CAN0_Wake_Up_IRQHandler
                0x00000fdc        0x8 ./SDK/startup/startup_mk64f12.o
                0x00000fdc                CAN0_Wake_Up_IRQHandler
 .text.SDHC_IRQHandler
                0x00000fe4        0x8 ./SDK/startup/startup_mk64f12.o
                0x00000fe4                SDHC_IRQHandler
 .text.ENET_1588_Timer_IRQHandler
                0x00000fec        0x8 ./SDK/startup/startup_mk64f12.o
                0x00000fec                ENET_1588_Timer_IRQHandler
 .text.ENET_Transmit_IRQHandler
                0x00000ff4        0x8 ./SDK/startup/startup_mk64f12.o
                0x00000ff4                ENET_Transmit_IRQHandler
 .text.ENET_Receive_IRQHandler
                0x00000ffc        0x8 ./SDK/startup/startup_mk64f12.o
                0x00000ffc                ENET_Receive_IRQHandler
 .text.ENET_Error_IRQHandler
                0x00001004        0x8 ./SDK/startup/startup_mk64f12.o
                0x00001004                ENET_Error_IRQHandler
 .text.SystemInitHook
                0x0000100c        0xe ./SDK/CMSIS/system_MK64F12.o
                0x0000100c                SystemInitHook
 *(SORT_BY_ALIGNMENT(.rodata) SORT_BY_ALIGNMENT(.rodata.*) SORT_BY_ALIGNMENT(.constdata) SORT_BY_ALIGNMENT(.constdata.*))
                0x00001020                . = ALIGN (0x8)
 *fill*         0x0000101a        0x6 ff

.glue_7         0x00001020        0x0
 .glue_7        0x00001020        0x0 linker stubs

.glue_7t        0x00001020        0x0
 .glue_7t       0x00001020        0x0 linker stubs

.vfp11_veneer   0x00001020        0x0
 .vfp11_veneer  0x00001020        0x0 linker stubs

.v4_bx          0x00001020        0x0
 .v4_bx         0x00001020        0x0 linker stubs

.iplt           0x00001020        0x0
 .iplt          0x00001020        0x0 ./source/App.o

.rel.dyn        0x00001020        0x0
 .rel.iplt      0x00001020        0x0 ./source/App.o

.ARM.extab
 *(SORT_BY_ALIGNMENT(.ARM.extab*) SORT_BY_ALIGNMENT(.gnu.linkonce.armextab.*))
                0x00001020                __exidx_start = .

.ARM.exidx
 *(SORT_BY_ALIGNMENT(.ARM.exidx*) SORT_BY_ALIGNMENT(.gnu.linkonce.armexidx.*))
                0x00001020                __exidx_end = .
                0x00001020                _etext = .

.m_usb_data
 *(SORT_BY_ALIGNMENT(m_usb_bdt))

.data_RAM2      0x1fff0000        0x0 load address 0x00001020
 FILL mask 0xff
                [!provide]                PROVIDE (__start_data_RAM2, .)
 *(SORT_BY_ALIGNMENT(.ramfunc.$RAM2))
 *(SORT_BY_ALIGNMENT(.ramfunc.$SRAM_LOWER))
 *(SORT_BY_ALIGNMENT(.data.$RAM2*))
 *(SORT_BY_ALIGNMENT(.data.$SRAM_LOWER*))
                0x1fff0000                . = ALIGN (0x8)
                [!provide]                PROVIDE (__end_data_RAM2, .)

.data_RAM3      0x14000000        0x0 load address 0x00001020
 FILL mask 0xff
                [!provide]                PROVIDE (__start_data_RAM3, .)
 *(SORT_BY_ALIGNMENT(.ramfunc.$RAM3))
 *(SORT_BY_ALIGNMENT(.ramfunc.$FLEX_RAM))
 *(SORT_BY_ALIGNMENT(.data.$RAM3*))
 *(SORT_BY_ALIGNMENT(.data.$FLEX_RAM*))
                0x14000000                . = ALIGN (0x8)
                [!provide]                PROVIDE (__end_data_RAM3, .)

.uninit_RESERVED
                0x20000000        0x0
 *(SORT_BY_ALIGNMENT(.bss.$RESERVED*))
                0x20000000                . = ALIGN (0x4)
                0x20000000                _end_uninit_RESERVED = .

.data           0x20000000        0x0 load address 0x00001020
 FILL mask 0xff
                0x20000000                _data = .
 *(SORT_BY_ALIGNMENT(vtable))
 *(SORT_BY_ALIGNMENT(.ramfunc*))
 *(SORT_BY_ALIGNMENT(.data*))
                0x20000000                . = ALIGN (0x8)
                0x20000000                _edata = .

.igot.plt       0x20000000        0x0 load address 0x00001020
 .igot.plt      0x20000000        0x0 ./source/App.o

.bss_RAM2       0x1fff0000        0x0
                [!provide]                PROVIDE (__start_bss_RAM2, .)
 *(SORT_BY_ALIGNMENT(.bss.$RAM2*))
 *(SORT_BY_ALIGNMENT(.bss.$SRAM_LOWER*))
                0x1fff0000                . = ALIGN ((. != 0x0)?0x8:0x1)
                [!provide]                PROVIDE (__end_bss_RAM2, .)

.bss_RAM3       0x14000000        0x0
                [!provide]                PROVIDE (__start_bss_RAM3, .)
 *(SORT_BY_ALIGNMENT(.bss.$RAM3*))
 *(SORT_BY_ALIGNMENT(.bss.$FLEX_RAM*))
                0x14000000                . = ALIGN ((. != 0x0)?0x8:0x1)
                [!provide]                PROVIDE (__end_bss_RAM3, .)

.bss            0x20000000       0x30
                0x20000000                _bss = .
 *(SORT_BY_ALIGNMENT(.bss*))
 .bss.tx_buf_2_write
                0x20000000       0x15 ./source/FXOS8700CQ.o
 *fill*         0x20000015        0x3 
 .bss.sysTickFun
                0x20000018        0x4 ./source/SysTick.o
                0x20000018                sysTickFun
 .bss.i         0x2000001c        0x4 ./source/i2c.o
                0x2000001c                i
 .bss._.8288    0x20000020        0x4 ./source/i2c.o
 .bss.__LDM_interruptDisableCount
                0x20000024        0x4 ./SDK/startup/hardware.o
 .bss.f.8321    0x20000028        0x1 ./source/i2c.o
 *(SORT_BY_ALIGNMENT(COMMON))
                0x20000030                . = ALIGN (0x8)
 *fill*         0x20000029        0x7 
                0x20000030                _ebss = .
                [!provide]                PROVIDE (end, .)

.noinit_RAM2    0x1fff0000        0x0
 *(SORT_BY_ALIGNMENT(.noinit.$RAM2*))
 *(SORT_BY_ALIGNMENT(.noinit.$SRAM_LOWER*))
                0x1fff0000                . = ALIGN (0x8)

.noinit_RAM3    0x14000000        0x0
 *(SORT_BY_ALIGNMENT(.noinit.$RAM3*))
 *(SORT_BY_ALIGNMENT(.noinit.$FLEX_RAM*))
                0x14000000                . = ALIGN (0x8)

.noinit         0x20000030        0x0
                0x20000030                _noinit = .
 *(SORT_BY_ALIGNMENT(.noinit*))
                0x20000030                . = ALIGN (0x8)
                0x20000030                _end_noinit = .
                0x00001000                _HeapSize = 0x1000

.heap           0x20000030     0x1000
                0x20000030                _pvHeapStart = .
                0x20001030                . = (. + _HeapSize)
 *fill*         0x20000030     0x1000 
                0x20001030                . = ALIGN (0x8)
                0x20001030                _pvHeapLimit = .
                0x00001000                _StackSize = 0x1000

.heap2stackfill
                0x20001030     0x1000
                0x20002030                . = (. + _StackSize)
 *fill*         0x20001030     0x1000 

.stack          0x2002f000        0x0
                0x2002f000                _vStackBase = .
                0x2002f000                . = ALIGN (0x8)
                0x20030000                _vStackTop = (. + _StackSize)
                0x00000000                _image_start = LOADADDR (.text)
                0x00001020                _image_end = (LOADADDR (.data) + SIZEOF (.data))
                0x00001020                _image_size = (_image_end - _image_start)
OUTPUT(malu.axf elf32-littlearm)

.debug_info     0x00000000     0x3db5
 .debug_info    0x00000000       0xc4 ./source/App.o
 .debug_info    0x000000c4      0x620 ./source/FXOS8700CQ.o
 .debug_info    0x000006e4      0x522 ./source/SysTick.o
 .debug_info    0x00000c06      0xe3f ./source/i2c.o
 .debug_info    0x00001a45      0xd5d ./source/uart.o
 .debug_info    0x000027a2      0x675 ./SDK/startup/hardware.o
 .debug_info    0x00002e17       0xb7 ./SDK/startup/main.o
 .debug_info    0x00002ece       0x3b ./SDK/startup/semihost_hardfault.o
 .debug_info    0x00002f09      0x8b0 ./SDK/startup/startup_mk64f12.o
 .debug_info    0x000037b9      0x5fc ./SDK/CMSIS/system_MK64F12.o

.debug_abbrev   0x00000000      0xd79
 .debug_abbrev  0x00000000       0x7b ./source/App.o
 .debug_abbrev  0x0000007b      0x1a0 ./source/FXOS8700CQ.o
 .debug_abbrev  0x0000021b      0x1a5 ./source/SysTick.o
 .debug_abbrev  0x000003c0      0x2f1 ./source/i2c.o
 .debug_abbrev  0x000006b1      0x249 ./source/uart.o
 .debug_abbrev  0x000008fa      0x138 ./SDK/startup/hardware.o
 .debug_abbrev  0x00000a32       0x7d ./SDK/startup/main.o
 .debug_abbrev  0x00000aaf       0x2f ./SDK/startup/semihost_hardfault.o
 .debug_abbrev  0x00000ade      0x15c ./SDK/startup/startup_mk64f12.o
 .debug_abbrev  0x00000c3a      0x13f ./SDK/CMSIS/system_MK64F12.o

.debug_aranges  0x00000000      0x588
 .debug_aranges
                0x00000000       0x28 ./source/App.o
 .debug_aranges
                0x00000028       0x38 ./source/FXOS8700CQ.o
 .debug_aranges
                0x00000060       0x30 ./source/SysTick.o
 .debug_aranges
                0x00000090       0x58 ./source/i2c.o
 .debug_aranges
                0x000000e8       0xd0 ./source/uart.o
 .debug_aranges
                0x000001b8       0x30 ./SDK/startup/hardware.o
 .debug_aranges
                0x000001e8       0x20 ./SDK/startup/main.o
 .debug_aranges
                0x00000208       0x20 ./SDK/startup/semihost_hardfault.o
 .debug_aranges
                0x00000228      0x330 ./SDK/startup/startup_mk64f12.o
 .debug_aranges
                0x00000558       0x30 ./SDK/CMSIS/system_MK64F12.o

.debug_ranges   0x00000000      0x4e8
 .debug_ranges  0x00000000       0x18 ./source/App.o
 .debug_ranges  0x00000018       0x28 ./source/FXOS8700CQ.o
 .debug_ranges  0x00000040       0x20 ./source/SysTick.o
 .debug_ranges  0x00000060       0x48 ./source/i2c.o
 .debug_ranges  0x000000a8       0xc0 ./source/uart.o
 .debug_ranges  0x00000168       0x20 ./SDK/startup/hardware.o
 .debug_ranges  0x00000188       0x10 ./SDK/startup/main.o
 .debug_ranges  0x00000198       0x10 ./SDK/startup/semihost_hardfault.o
 .debug_ranges  0x000001a8      0x320 ./SDK/startup/startup_mk64f12.o
 .debug_ranges  0x000004c8       0x20 ./SDK/CMSIS/system_MK64F12.o

.debug_macro    0x00000000    0x127e1
 .debug_macro   0x00000000       0x8a ./source/App.o
 .debug_macro   0x0000008a      0xa5a ./source/App.o
 .debug_macro   0x00000ae4      0x34e ./source/App.o
 .debug_macro   0x00000e32       0x22 ./source/App.o
 .debug_macro   0x00000e54       0x5c ./source/App.o
 .debug_macro   0x00000eb0       0x1c ./source/App.o
 .debug_macro   0x00000ecc       0x22 ./source/App.o
 .debug_macro   0x00000eee       0xdf ./source/App.o
 .debug_macro   0x00000fcd      0xecf ./source/App.o
 .debug_macro   0x00001e9c       0x48 ./source/App.o
 .debug_macro   0x00001ee4     0xe07b ./source/App.o
 .debug_macro   0x0000ff5f       0x10 ./source/App.o
 .debug_macro   0x0000ff6f       0xc7 ./source/FXOS8700CQ.o
 .debug_macro   0x00010036       0x96 ./source/SysTick.o
 .debug_macro   0x000100cc      0x174 ./source/SysTick.o
 .debug_macro   0x00010240      0x23e ./source/i2c.o
 .debug_macro   0x0001047e       0x22 ./source/i2c.o
 .debug_macro   0x000104a0       0x52 ./source/i2c.o
 .debug_macro   0x000104f2       0x17 ./source/i2c.o
 .debug_macro   0x00010509       0x8d ./source/i2c.o
 .debug_macro   0x00010596       0x35 ./source/i2c.o
 .debug_macro   0x000105cb       0x9c ./source/i2c.o
 .debug_macro   0x00010667       0x16 ./source/i2c.o
 .debug_macro   0x0001067d       0x57 ./source/i2c.o
 .debug_macro   0x000106d4       0x97 ./source/i2c.o
 .debug_macro   0x0001076b      0x32a ./source/i2c.o
 .debug_macro   0x00010a95       0xfd ./source/i2c.o
 .debug_macro   0x00010b92       0x10 ./source/i2c.o
 .debug_macro   0x00010ba2       0x58 ./source/i2c.o
 .debug_macro   0x00010bfa       0x1f ./source/i2c.o
 .debug_macro   0x00010c19       0x43 ./source/i2c.o
 .debug_macro   0x00010c5c       0x20 ./source/i2c.o
 .debug_macro   0x00010c7c      0x18e ./source/i2c.o
 .debug_macro   0x00010e0a       0x10 ./source/i2c.o
 .debug_macro   0x00010e1a       0x6a ./source/i2c.o
 .debug_macro   0x00010e84       0x1c ./source/i2c.o
 .debug_macro   0x00010ea0       0x52 ./source/i2c.o
 .debug_macro   0x00010ef2       0x40 ./source/i2c.o
 .debug_macro   0x00010f32       0x10 ./source/i2c.o
 .debug_macro   0x00010f42       0x40 ./source/i2c.o
 .debug_macro   0x00010f82       0xd7 ./source/i2c.o
 .debug_macro   0x00011059       0x1c ./source/i2c.o
 .debug_macro   0x00011075       0x3d ./source/i2c.o
 .debug_macro   0x000110b2       0x16 ./source/i2c.o
 .debug_macro   0x000110c8      0x16f ./source/i2c.o
 .debug_macro   0x00011237       0x16 ./source/i2c.o
 .debug_macro   0x0001124d       0x35 ./source/i2c.o
 .debug_macro   0x00011282       0x16 ./source/i2c.o
 .debug_macro   0x00011298       0x29 ./source/i2c.o
 .debug_macro   0x000112c1       0xdd ./source/uart.o
 .debug_macro   0x0001139e       0x10 ./source/uart.o
 .debug_macro   0x000113ae     0x122b ./source/uart.o
 .debug_macro   0x000125d9       0x16 ./source/uart.o
 .debug_macro   0x000125ef       0x9c ./SDK/startup/hardware.o
 .debug_macro   0x0001268b       0x9c ./SDK/startup/main.o
 .debug_macro   0x00012727       0x11 ./SDK/startup/semihost_hardfault.o
 .debug_macro   0x00012738       0x29 ./SDK/startup/startup_mk64f12.o
 .debug_macro   0x00012761       0x80 ./SDK/CMSIS/system_MK64F12.o

.debug_line     0x00000000     0x19b9
 .debug_line    0x00000000      0x158 ./source/App.o
 .debug_line    0x00000158      0x1b7 ./source/FXOS8700CQ.o
 .debug_line    0x0000030f      0x178 ./source/SysTick.o
 .debug_line    0x00000487      0x55f ./source/i2c.o
 .debug_line    0x000009e6      0x392 ./source/uart.o
 .debug_line    0x00000d78      0x1d4 ./SDK/startup/hardware.o
 .debug_line    0x00000f4c      0x175 ./SDK/startup/main.o
 .debug_line    0x000010c1       0x59 ./SDK/startup/semihost_hardfault.o
 .debug_line    0x0000111a      0x6d8 ./SDK/startup/startup_mk64f12.o
 .debug_line    0x000017f2      0x1c7 ./SDK/CMSIS/system_MK64F12.o

.debug_str      0x00000000    0x7ccab
 .debug_str     0x00000000    0x70359 ./source/App.o
                              0x704d1 (size before relaxing)
 .debug_str     0x00070359      0x330 ./source/FXOS8700CQ.o
                              0x707d7 (size before relaxing)
 .debug_str     0x00070689      0x841 ./source/SysTick.o
                              0x70dae (size before relaxing)
 .debug_str     0x00070eca     0x4558 ./source/i2c.o
                              0x74ee9 (size before relaxing)
 .debug_str     0x00075422     0x6f5e ./source/uart.o
                              0x77a32 (size before relaxing)
 .debug_str     0x0007c380      0x16f ./SDK/startup/hardware.o
                              0x771f7 (size before relaxing)
 .debug_str     0x0007c4ef       0x1b ./SDK/startup/main.o
                              0x76fcb (size before relaxing)
 .debug_str     0x0007c50a       0x36 ./SDK/startup/semihost_hardfault.o
                               0x2d31 (size before relaxing)
 .debug_str     0x0007c540      0x709 ./SDK/startup/startup_mk64f12.o
                               0x359f (size before relaxing)
 .debug_str     0x0007cc49       0x62 ./SDK/CMSIS/system_MK64F12.o
                              0x77106 (size before relaxing)

.comment        0x00000000       0x7e
 .comment       0x00000000       0x7e ./source/App.o
                                 0x7f (size before relaxing)
 .comment       0x0000007e       0x7f ./source/FXOS8700CQ.o
 .comment       0x0000007e       0x7f ./source/SysTick.o
 .comment       0x0000007e       0x7f ./source/i2c.o
 .comment       0x0000007e       0x7f ./source/uart.o
 .comment       0x0000007e       0x7f ./SDK/startup/hardware.o
 .comment       0x0000007e       0x7f ./SDK/startup/main.o
 .comment       0x0000007e       0x7f ./SDK/startup/semihost_hardfault.o
 .comment       0x0000007e       0x7f ./SDK/startup/startup_mk64f12.o
 .comment       0x0000007e       0x7f ./SDK/CMSIS/system_MK64F12.o

.ARM.attributes
                0x00000000       0x39
 .ARM.attributes
                0x00000000       0x39 ./source/App.o
 .ARM.attributes
                0x00000039       0x39 ./source/FXOS8700CQ.o
 .ARM.attributes
                0x00000072       0x39 ./source/SysTick.o
 .ARM.attributes
                0x000000ab       0x39 ./source/i2c.o
 .ARM.attributes
                0x000000e4       0x39 ./source/uart.o
 .ARM.attributes
                0x0000011d       0x39 ./SDK/startup/hardware.o
 .ARM.attributes
                0x00000156       0x39 ./SDK/startup/main.o
 .ARM.attributes
                0x0000018f       0x39 ./SDK/startup/semihost_hardfault.o
 .ARM.attributes
                0x000001c8       0x39 ./SDK/startup/startup_mk64f12.o
 .ARM.attributes
                0x00000201       0x39 ./SDK/CMSIS/system_MK64F12.o

.debug_frame    0x00000000      0xff8
 .debug_frame   0x00000000       0x50 ./source/App.o
 .debug_frame   0x00000050       0xa4 ./source/FXOS8700CQ.o
 .debug_frame   0x000000f4       0x78 ./source/SysTick.o
 .debug_frame   0x0000016c      0x134 ./source/i2c.o
 .debug_frame   0x000002a0      0x324 ./source/uart.o
 .debug_frame   0x000005c4       0x70 ./SDK/startup/hardware.o
 .debug_frame   0x00000634       0x2c ./SDK/startup/main.o
 .debug_frame   0x00000660       0x20 ./SDK/startup/semihost_hardfault.o
 .debug_frame   0x00000680      0x904 ./SDK/startup/startup_mk64f12.o
 .debug_frame   0x00000f84       0x74 ./SDK/CMSIS/system_MK64F12.o
